Java HotSpot(TM) 64-Bit Server VM (25.161-b12) for linux-amd64 JRE (1.8.0_161-b12), built on Dec 19 2017 16:12:43 by "java_re" with gcc 4.3.0 20080428 (Red Hat 4.3.0-8)
Memory: 4k page, physical 16305868k(13638432k free), swap 2097148k(2097148k free)
CommandLine flags: -XX:CMSInitiatingOccupancyFraction=50 -XX:CMSMaxAbortablePrecleanTime=6000 -XX:+CMSParallelRemarkEnabled -XX:+CMSScavengeBeforeRemark -XX:ConcGCThreads=4 -XX:GCLogFileSize=20971520 -XX:InitialHeapSize=536870912 -XX:MaxHeapSize=536870912 -XX:MaxTenuringThreshold=8 -XX:NewRatio=3 -XX:NumberOfGCLogFiles=9 -XX:OldPLABSize=16 -XX:-OmitStackTraceInFastThrow -XX:OnOutOfMemoryError=/home/hongichhan/Projects/CSCE 470/DB-Search-Engine/Solr/bin/oom_solr.sh 8983 /home/hongichhan/Projects/CSCE 470/DB-Search-Engine/Solr/server/logs -XX:ParallelGCThreads=4 -XX:+ParallelRefProcEnabled -XX:PretenureSizeThreshold=67108864 -XX:+PrintGC -XX:+PrintGCApplicationStoppedTime -XX:+PrintGCDateStamps -XX:+PrintGCDetails -XX:+PrintGCTimeStamps -XX:+PrintHeapAtGC -XX:+PrintTenuringDistribution -XX:SurvivorRatio=4 -XX:TargetSurvivorRatio=90 -XX:ThreadStackSize=256 -XX:+UseCMSInitiatingOccupancyOnly -XX:+UseCompressedClassPointers -XX:+UseCompressedOops -XX:+UseConcMarkSweepGC -XX:+UseGCLogFileRotation -XX:+UseParNewGC 
2018-03-21T05:44:24.768-0500: 0.182: Total time for which application threads were stopped: 0.0000972 seconds, Stopping threads took: 0.0000132 seconds
2018-03-21T05:44:24.886-0500: 0.300: Total time for which application threads were stopped: 0.0001207 seconds, Stopping threads took: 0.0000342 seconds
2018-03-21T05:44:25.308-0500: 0.722: Total time for which application threads were stopped: 0.0003173 seconds, Stopping threads took: 0.0000301 seconds
2018-03-21T05:44:25.315-0500: 0.729: Total time for which application threads were stopped: 0.0001725 seconds, Stopping threads took: 0.0000178 seconds
2018-03-21T05:44:25.500-0500: 0.914: Total time for which application threads were stopped: 0.0002119 seconds, Stopping threads took: 0.0000168 seconds
2018-03-21T05:44:25.529-0500: 0.943: Total time for which application threads were stopped: 0.0001952 seconds, Stopping threads took: 0.0000287 seconds
2018-03-21T05:44:25.941-0500: 1.355: Total time for which application threads were stopped: 0.0002341 seconds, Stopping threads took: 0.0000222 seconds
2018-03-21T05:44:26.001-0500: 1.415: Total time for which application threads were stopped: 0.0002054 seconds, Stopping threads took: 0.0000233 seconds
2018-03-21T05:44:26.395-0500: 1.809: Total time for which application threads were stopped: 0.0003182 seconds, Stopping threads took: 0.0000185 seconds
2018-03-21T05:44:26.397-0500: 1.811: Total time for which application threads were stopped: 0.0002105 seconds, Stopping threads took: 0.0000141 seconds
2018-03-21T05:44:26.402-0500: 1.816: Total time for which application threads were stopped: 0.0002921 seconds, Stopping threads took: 0.0000178 seconds
2018-03-21T05:44:26.413-0500: 1.827: Total time for which application threads were stopped: 0.0002779 seconds, Stopping threads took: 0.0000191 seconds
2018-03-21T05:44:26.526-0500: 1.940: Total time for which application threads were stopped: 0.0002930 seconds, Stopping threads took: 0.0000233 seconds
{Heap before GC invocations=0 (full 0):
 par new generation   total 109248K, used 87424K [0x00000000e0000000, 0x00000000e8000000, 0x00000000e8000000)
  eden space 87424K, 100% used [0x00000000e0000000, 0x00000000e5560000, 0x00000000e5560000)
  from space 21824K,   0% used [0x00000000e5560000, 0x00000000e5560000, 0x00000000e6ab0000)
  to   space 21824K,   0% used [0x00000000e6ab0000, 0x00000000e6ab0000, 0x00000000e8000000)
 concurrent mark-sweep generation total 393216K, used 0K [0x00000000e8000000, 0x0000000100000000, 0x0000000100000000)
 Metaspace       used 18387K, capacity 18710K, committed 19200K, reserved 1067008K
  class space    used 2122K, capacity 2231K, committed 2304K, reserved 1048576K
2018-03-21T05:44:26.664-0500: 2.078: [GC (Allocation Failure) 2018-03-21T05:44:26.664-0500: 2.078: [ParNew
Desired survivor size 20112992 bytes, new threshold 8 (max 8)
- age   1:   11493960 bytes,   11493960 total
: 87424K->11342K(109248K), 0.0355296 secs] 87424K->11342K(502464K), 0.0356650 secs] [Times: user=0.06 sys=0.00, real=0.04 secs] 
Heap after GC invocations=1 (full 0):
 par new generation   total 109248K, used 11342K [0x00000000e0000000, 0x00000000e8000000, 0x00000000e8000000)
  eden space 87424K,   0% used [0x00000000e0000000, 0x00000000e0000000, 0x00000000e5560000)
  from space 21824K,  51% used [0x00000000e6ab0000, 0x00000000e75c3988, 0x00000000e8000000)
  to   space 21824K,   0% used [0x00000000e5560000, 0x00000000e5560000, 0x00000000e6ab0000)
 concurrent mark-sweep generation total 393216K, used 0K [0x00000000e8000000, 0x0000000100000000, 0x0000000100000000)
 Metaspace       used 18387K, capacity 18710K, committed 19200K, reserved 1067008K
  class space    used 2122K, capacity 2231K, committed 2304K, reserved 1048576K
}
2018-03-21T05:44:26.700-0500: 2.114: Total time for which application threads were stopped: 0.0358920 seconds, Stopping threads took: 0.0000283 seconds
2018-03-21T05:44:26.775-0500: 2.189: Total time for which application threads were stopped: 0.0004189 seconds, Stopping threads took: 0.0000285 seconds
2018-03-21T05:44:27.114-0500: 2.528: Total time for which application threads were stopped: 0.0004481 seconds, Stopping threads took: 0.0000384 seconds
2018-03-21T05:44:27.318-0500: 2.732: Total time for which application threads were stopped: 0.0001306 seconds, Stopping threads took: 0.0000193 seconds
2018-03-21T05:44:27.420-0500: 2.834: Total time for which application threads were stopped: 0.0001258 seconds, Stopping threads took: 0.0000190 seconds
2018-03-21T05:44:27.421-0500: 2.835: Total time for which application threads were stopped: 0.0006155 seconds, Stopping threads took: 0.0005773 seconds
2018-03-21T05:44:27.422-0500: 2.836: Total time for which application threads were stopped: 0.0002862 seconds, Stopping threads took: 0.0000476 seconds
2018-03-21T05:44:27.470-0500: 2.884: Total time for which application threads were stopped: 0.0001324 seconds, Stopping threads took: 0.0000261 seconds
2018-03-21T05:44:27.538-0500: 2.953: Total time for which application threads were stopped: 0.0001330 seconds, Stopping threads took: 0.0000302 seconds
2018-03-21T05:44:27.627-0500: 3.041: Total time for which application threads were stopped: 0.0001755 seconds, Stopping threads took: 0.0000465 seconds
2018-03-21T05:44:27.748-0500: 3.162: Total time for which application threads were stopped: 0.0001165 seconds, Stopping threads took: 0.0000225 seconds
2018-03-21T05:44:27.783-0500: 3.197: Total time for which application threads were stopped: 0.0000868 seconds, Stopping threads took: 0.0000185 seconds
2018-03-21T05:44:27.824-0500: 3.238: Total time for which application threads were stopped: 0.0001235 seconds, Stopping threads took: 0.0000207 seconds
2018-03-21T05:44:27.949-0500: 3.363: Total time for which application threads were stopped: 0.0001600 seconds, Stopping threads took: 0.0000475 seconds
2018-03-21T05:44:28.011-0500: 3.425: Total time for which application threads were stopped: 0.0003850 seconds, Stopping threads took: 0.0000391 seconds
2018-03-21T05:44:28.043-0500: 3.457: Total time for which application threads were stopped: 0.0001564 seconds, Stopping threads took: 0.0000479 seconds
2018-03-21T05:44:28.131-0500: 3.545: Total time for which application threads were stopped: 0.0004288 seconds, Stopping threads took: 0.0000279 seconds
{Heap before GC invocations=1 (full 0):
 par new generation   total 109248K, used 98766K [0x00000000e0000000, 0x00000000e8000000, 0x00000000e8000000)
  eden space 87424K, 100% used [0x00000000e0000000, 0x00000000e5560000, 0x00000000e5560000)
  from space 21824K,  51% used [0x00000000e6ab0000, 0x00000000e75c3988, 0x00000000e8000000)
  to   space 21824K,   0% used [0x00000000e5560000, 0x00000000e5560000, 0x00000000e6ab0000)
 concurrent mark-sweep generation total 393216K, used 0K [0x00000000e8000000, 0x0000000100000000, 0x0000000100000000)
 Metaspace       used 23704K, capacity 24236K, committed 24540K, reserved 1071104K
  class space    used 2858K, capacity 3054K, committed 3120K, reserved 1048576K
2018-03-21T05:44:28.146-0500: 3.560: [GC (Allocation Failure) 2018-03-21T05:44:28.146-0500: 3.560: [ParNew
Desired survivor size 20112992 bytes, new threshold 8 (max 8)
- age   1:    7188208 bytes,    7188208 total
- age   2:    5614752 bytes,   12802960 total
: 98766K->16402K(109248K), 0.0369639 secs] 98766K->16402K(502464K), 0.0370686 secs] [Times: user=0.07 sys=0.01, real=0.04 secs] 
Heap after GC invocations=2 (full 0):
 par new generation   total 109248K, used 16402K [0x00000000e0000000, 0x00000000e8000000, 0x00000000e8000000)
  eden space 87424K,   0% used [0x00000000e0000000, 0x00000000e0000000, 0x00000000e5560000)
  from space 21824K,  75% used [0x00000000e5560000, 0x00000000e6564bf8, 0x00000000e6ab0000)
  to   space 21824K,   0% used [0x00000000e6ab0000, 0x00000000e6ab0000, 0x00000000e8000000)
 concurrent mark-sweep generation total 393216K, used 0K [0x00000000e8000000, 0x0000000100000000, 0x0000000100000000)
 Metaspace       used 23704K, capacity 24236K, committed 24540K, reserved 1071104K
  class space    used 2858K, capacity 3054K, committed 3120K, reserved 1048576K
}
2018-03-21T05:44:28.183-0500: 3.597: Total time for which application threads were stopped: 0.0460020 seconds, Stopping threads took: 0.0086525 seconds
2018-03-21T05:44:28.183-0500: 3.597: [GC (CMS Initial Mark) [1 CMS-initial-mark: 0K(393216K)] 16403K(502464K), 0.0090581 secs] [Times: user=0.01 sys=0.00, real=0.01 secs] 
2018-03-21T05:44:28.193-0500: 3.607: Total time for which application threads were stopped: 0.0092195 seconds, Stopping threads took: 0.0000200 seconds
2018-03-21T05:44:28.194-0500: 3.608: [CMS-concurrent-mark-start]
2018-03-21T05:44:28.195-0500: 3.609: [CMS-concurrent-mark: 0.000/0.000 secs] [Times: user=0.00 sys=0.00, real=0.00 secs] 
2018-03-21T05:44:28.195-0500: 3.609: [CMS-concurrent-preclean-start]
2018-03-21T05:44:28.196-0500: 3.610: [CMS-concurrent-preclean: 0.001/0.001 secs] [Times: user=0.00 sys=0.00, real=0.00 secs] 
2018-03-21T05:44:28.197-0500: 3.611: [GC (CMS Final Remark) [YG occupancy: 17798 K (109248 K)]{Heap before GC invocations=2 (full 1):
 par new generation   total 109248K, used 17798K [0x00000000e0000000, 0x00000000e8000000, 0x00000000e8000000)
  eden space 87424K,   1% used [0x00000000e0000000, 0x00000000e015cd38, 0x00000000e5560000)
  from space 21824K,  75% used [0x00000000e5560000, 0x00000000e6564bf8, 0x00000000e6ab0000)
  to   space 21824K,   0% used [0x00000000e6ab0000, 0x00000000e6ab0000, 0x00000000e8000000)
 concurrent mark-sweep generation total 393216K, used 0K [0x00000000e8000000, 0x0000000100000000, 0x0000000100000000)
 Metaspace       used 23704K, capacity 24236K, committed 24540K, reserved 1071104K
  class space    used 2858K, capacity 3054K, committed 3120K, reserved 1048576K
2018-03-21T05:44:28.197-0500: 3.611: [GC (CMS Final Remark) 2018-03-21T05:44:28.197-0500: 3.611: [ParNew
Desired survivor size 20112992 bytes, new threshold 8 (max 8)
- age   1:     139344 bytes,     139344 total
- age   2:    7027504 bytes,    7166848 total
- age   3:    5614488 bytes,   12781336 total
: 17798K->16277K(109248K), 0.0212980 secs] 17798K->16277K(502464K), 0.0213750 secs] [Times: user=0.05 sys=0.00, real=0.02 secs] 
Heap after GC invocations=3 (full 1):
 par new generation   total 109248K, used 16277K [0x00000000e0000000, 0x00000000e8000000, 0x00000000e8000000)
  eden space 87424K,   0% used [0x00000000e0000000, 0x00000000e0000000, 0x00000000e5560000)
  from space 21824K,  74% used [0x00000000e6ab0000, 0x00000000e7a95600, 0x00000000e8000000)
  to   space 21824K,   0% used [0x00000000e5560000, 0x00000000e5560000, 0x00000000e6ab0000)
 concurrent mark-sweep generation total 393216K, used 0K [0x00000000e8000000, 0x0000000100000000, 0x0000000100000000)
 Metaspace       used 23704K, capacity 24236K, committed 24540K, reserved 1071104K
  class space    used 2858K, capacity 3054K, committed 3120K, reserved 1048576K
}
2018-03-21T05:44:28.218-0500: 3.632: [Rescan (parallel) , 0.0084967 secs]2018-03-21T05:44:28.227-0500: 3.641: [weak refs processing, 0.0020159 secs]2018-03-21T05:44:28.229-0500: 3.643: [class unloading, 0.0043227 secs]2018-03-21T05:44:28.233-0500: 3.647: [scrub symbol table, 0.0046983 secs]2018-03-21T05:44:28.238-0500: 3.652: [scrub string table, 0.0006397 secs][1 CMS-remark: 0K(393216K)] 16277K(502464K), 0.0427159 secs] [Times: user=0.08 sys=0.00, real=0.04 secs] 
2018-03-21T05:44:28.239-0500: 3.653: Total time for which application threads were stopped: 0.0430007 seconds, Stopping threads took: 0.0001518 seconds
2018-03-21T05:44:28.239-0500: 3.653: [CMS-concurrent-sweep-start]
2018-03-21T05:44:28.239-0500: 3.653: [CMS-concurrent-sweep: 0.000/0.000 secs] [Times: user=0.00 sys=0.00, real=0.00 secs] 
2018-03-21T05:44:28.240-0500: 3.654: [CMS-concurrent-reset-start]
2018-03-21T05:44:28.243-0500: 3.657: [CMS-concurrent-reset: 0.003/0.003 secs] [Times: user=0.01 sys=0.00, real=0.00 secs] 
2018-03-21T05:44:28.297-0500: 3.712: Total time for which application threads were stopped: 0.0007438 seconds, Stopping threads took: 0.0003632 seconds
2018-03-21T05:44:28.694-0500: 4.108: Total time for which application threads were stopped: 0.0004604 seconds, Stopping threads took: 0.0000355 seconds
2018-03-21T05:44:29.130-0500: 4.544: Total time for which application threads were stopped: 0.0001820 seconds, Stopping threads took: 0.0000509 seconds
{Heap before GC invocations=3 (full 1):
 par new generation   total 109248K, used 103701K [0x00000000e0000000, 0x00000000e8000000, 0x00000000e8000000)
  eden space 87424K, 100% used [0x00000000e0000000, 0x00000000e5560000, 0x00000000e5560000)
  from space 21824K,  74% used [0x00000000e6ab0000, 0x00000000e7a95600, 0x00000000e8000000)
  to   space 21824K,   0% used [0x00000000e5560000, 0x00000000e5560000, 0x00000000e6ab0000)
 concurrent mark-sweep generation total 393216K, used 0K [0x00000000e8000000, 0x0000000100000000, 0x0000000100000000)
 Metaspace       used 26018K, capacity 26566K, committed 26928K, reserved 1073152K
  class space    used 3163K, capacity 3361K, committed 3376K, reserved 1048576K
2018-03-21T05:44:29.161-0500: 4.575: [GC (Allocation Failure) 2018-03-21T05:44:29.162-0500: 4.576: [ParNew
Desired survivor size 20112992 bytes, new threshold 8 (max 8)
- age   1:    3112608 bytes,    3112608 total
- age   2:        792 bytes,    3113400 total
- age   3:    2837208 bytes,    5950608 total
- age   4:    5592136 bytes,   11542744 total
: 103701K->14193K(109248K), 0.0400759 secs] 103701K->14193K(502464K), 0.0401788 secs] [Times: user=0.05 sys=0.00, real=0.04 secs] 
Heap after GC invocations=4 (full 1):
 par new generation   total 109248K, used 14193K [0x00000000e0000000, 0x00000000e8000000, 0x00000000e8000000)
  eden space 87424K,   0% used [0x00000000e0000000, 0x00000000e0000000, 0x00000000e5560000)
  from space 21824K,  65% used [0x00000000e5560000, 0x00000000e633c760, 0x00000000e6ab0000)
  to   space 21824K,   0% used [0x00000000e6ab0000, 0x00000000e6ab0000, 0x00000000e8000000)
 concurrent mark-sweep generation total 393216K, used 0K [0x00000000e8000000, 0x0000000100000000, 0x0000000100000000)
 Metaspace       used 26018K, capacity 26566K, committed 26928K, reserved 1073152K
  class space    used 3163K, capacity 3361K, committed 3376K, reserved 1048576K
}
2018-03-21T05:44:29.202-0500: 4.616: Total time for which application threads were stopped: 0.0442101 seconds, Stopping threads took: 0.0038272 seconds
2018-03-21T05:44:29.211-0500: 4.625: Total time for which application threads were stopped: 0.0049462 seconds, Stopping threads took: 0.0048172 seconds
2018-03-21T05:44:29.597-0500: 5.011: Total time for which application threads were stopped: 0.0004190 seconds, Stopping threads took: 0.0002737 seconds
2018-03-21T05:44:29.648-0500: 5.062: Total time for which application threads were stopped: 0.0002547 seconds, Stopping threads took: 0.0000570 seconds
2018-03-21T05:44:29.654-0500: 5.068: Total time for which application threads were stopped: 0.0001598 seconds, Stopping threads took: 0.0000539 seconds
2018-03-21T05:44:29.675-0500: 5.089: Total time for which application threads were stopped: 0.0122831 seconds, Stopping threads took: 0.0121725 seconds
2018-03-21T05:44:29.683-0500: 5.097: Total time for which application threads were stopped: 0.0005611 seconds, Stopping threads took: 0.0004474 seconds
2018-03-21T05:44:29.687-0500: 5.101: Total time for which application threads were stopped: 0.0006382 seconds, Stopping threads took: 0.0004821 seconds
2018-03-21T05:44:29.687-0500: 5.101: Total time for which application threads were stopped: 0.0000886 seconds, Stopping threads took: 0.0000141 seconds
2018-03-21T05:44:29.688-0500: 5.102: Total time for which application threads were stopped: 0.0000739 seconds, Stopping threads took: 0.0000113 seconds
2018-03-21T05:44:29.688-0500: 5.102: Total time for which application threads were stopped: 0.0000654 seconds, Stopping threads took: 0.0000096 seconds
2018-03-21T05:44:29.688-0500: 5.102: Total time for which application threads were stopped: 0.0000676 seconds, Stopping threads took: 0.0000096 seconds
2018-03-21T05:44:29.713-0500: 5.127: Total time for which application threads were stopped: 0.0019950 seconds, Stopping threads took: 0.0015386 seconds
2018-03-21T05:44:29.718-0500: 5.132: Total time for which application threads were stopped: 0.0013803 seconds, Stopping threads took: 0.0012403 seconds
2018-03-21T05:44:29.719-0500: 5.133: Total time for which application threads were stopped: 0.0006055 seconds, Stopping threads took: 0.0004984 seconds
2018-03-21T05:44:29.727-0500: 5.141: Total time for which application threads were stopped: 0.0001976 seconds, Stopping threads took: 0.0000785 seconds
2018-03-21T05:44:29.740-0500: 5.154: Total time for which application threads were stopped: 0.0018859 seconds, Stopping threads took: 0.0017798 seconds
2018-03-21T05:44:29.742-0500: 5.156: Total time for which application threads were stopped: 0.0022884 seconds, Stopping threads took: 0.0021991 seconds
2018-03-21T05:44:29.743-0500: 5.157: Total time for which application threads were stopped: 0.0001085 seconds, Stopping threads took: 0.0000339 seconds
2018-03-21T05:44:29.743-0500: 5.157: Total time for which application threads were stopped: 0.0000938 seconds, Stopping threads took: 0.0000294 seconds
2018-03-21T05:44:29.743-0500: 5.157: Total time for which application threads were stopped: 0.0000758 seconds, Stopping threads took: 0.0000136 seconds
2018-03-21T05:44:29.755-0500: 5.169: Total time for which application threads were stopped: 0.0001024 seconds, Stopping threads took: 0.0000304 seconds
2018-03-21T05:44:29.755-0500: 5.169: Total time for which application threads were stopped: 0.0000826 seconds, Stopping threads took: 0.0000378 seconds
2018-03-21T05:44:29.755-0500: 5.169: Total time for which application threads were stopped: 0.0000716 seconds, Stopping threads took: 0.0000132 seconds
2018-03-21T05:44:29.755-0500: 5.169: Total time for which application threads were stopped: 0.0000598 seconds, Stopping threads took: 0.0000101 seconds
2018-03-21T05:44:29.755-0500: 5.169: Total time for which application threads were stopped: 0.0000623 seconds, Stopping threads took: 0.0000115 seconds
2018-03-21T05:44:29.757-0500: 5.171: Total time for which application threads were stopped: 0.0001919 seconds, Stopping threads took: 0.0000483 seconds
2018-03-21T05:44:29.757-0500: 5.171: Total time for which application threads were stopped: 0.0001016 seconds, Stopping threads took: 0.0000404 seconds
2018-03-21T05:44:29.757-0500: 5.171: Total time for which application threads were stopped: 0.0000500 seconds, Stopping threads took: 0.0000139 seconds
2018-03-21T05:44:29.757-0500: 5.171: Total time for which application threads were stopped: 0.0000649 seconds, Stopping threads took: 0.0000293 seconds
2018-03-21T05:44:29.757-0500: 5.171: Total time for which application threads were stopped: 0.0000518 seconds, Stopping threads took: 0.0000158 seconds
2018-03-21T05:44:29.758-0500: 5.172: Total time for which application threads were stopped: 0.0000751 seconds, Stopping threads took: 0.0000286 seconds
2018-03-21T05:44:29.758-0500: 5.172: Total time for which application threads were stopped: 0.0000614 seconds, Stopping threads took: 0.0000264 seconds
2018-03-21T05:44:29.758-0500: 5.172: Total time for which application threads were stopped: 0.0000574 seconds, Stopping threads took: 0.0000259 seconds
2018-03-21T05:44:29.759-0500: 5.173: Total time for which application threads were stopped: 0.0000949 seconds, Stopping threads took: 0.0000399 seconds
2018-03-21T05:44:29.759-0500: 5.173: Total time for which application threads were stopped: 0.0000583 seconds, Stopping threads took: 0.0000253 seconds
2018-03-21T05:44:29.761-0500: 5.175: Total time for which application threads were stopped: 0.0001078 seconds, Stopping threads took: 0.0000378 seconds
2018-03-21T05:44:29.761-0500: 5.175: Total time for which application threads were stopped: 0.0000678 seconds, Stopping threads took: 0.0000155 seconds
2018-03-21T05:44:29.761-0500: 5.175: Total time for which application threads were stopped: 0.0001023 seconds, Stopping threads took: 0.0000521 seconds
2018-03-21T05:44:29.761-0500: 5.175: Total time for which application threads were stopped: 0.0000775 seconds, Stopping threads took: 0.0000311 seconds
2018-03-21T05:44:29.762-0500: 5.176: Total time for which application threads were stopped: 0.0004790 seconds, Stopping threads took: 0.0004019 seconds
2018-03-21T05:44:29.764-0500: 5.178: Total time for which application threads were stopped: 0.0001285 seconds, Stopping threads took: 0.0000467 seconds
2018-03-21T05:44:29.764-0500: 5.178: Total time for which application threads were stopped: 0.0000886 seconds, Stopping threads took: 0.0000175 seconds
2018-03-21T05:44:29.764-0500: 5.178: Total time for which application threads were stopped: 0.0000819 seconds, Stopping threads took: 0.0000327 seconds
2018-03-21T05:44:29.764-0500: 5.178: Total time for which application threads were stopped: 0.0000723 seconds, Stopping threads took: 0.0000168 seconds
2018-03-21T05:44:29.764-0500: 5.178: Total time for which application threads were stopped: 0.0000692 seconds, Stopping threads took: 0.0000140 seconds
{Heap before GC invocations=4 (full 1):
 par new generation   total 109248K, used 101617K [0x00000000e0000000, 0x00000000e8000000, 0x00000000e8000000)
  eden space 87424K, 100% used [0x00000000e0000000, 0x00000000e5560000, 0x00000000e5560000)
  from space 21824K,  65% used [0x00000000e5560000, 0x00000000e633c760, 0x00000000e6ab0000)
  to   space 21824K,   0% used [0x00000000e6ab0000, 0x00000000e6ab0000, 0x00000000e8000000)
 concurrent mark-sweep generation total 393216K, used 0K [0x00000000e8000000, 0x0000000100000000, 0x0000000100000000)
 Metaspace       used 27936K, capacity 28530K, committed 28720K, reserved 1075200K
  class space    used 3397K, capacity 3603K, committed 3632K, reserved 1048576K
2018-03-21T05:44:29.846-0500: 5.260: [GC (Allocation Failure) 2018-03-21T05:44:29.846-0500: 5.260: [ParNew
Desired survivor size 20112992 bytes, new threshold 8 (max 8)
- age   1:    2326112 bytes,    2326112 total
- age   2:    1369744 bytes,    3695856 total
- age   3:        792 bytes,    3696648 total
- age   4:    2670112 bytes,    6366760 total
- age   5:    5591408 bytes,   11958168 total
: 101617K->20062K(109248K), 0.0197535 secs] 101617K->20062K(502464K), 0.0198253 secs] [Times: user=0.08 sys=0.00, real=0.02 secs] 
Heap after GC invocations=5 (full 1):
 par new generation   total 109248K, used 20062K [0x00000000e0000000, 0x00000000e8000000, 0x00000000e8000000)
  eden space 87424K,   0% used [0x00000000e0000000, 0x00000000e0000000, 0x00000000e5560000)
  from space 21824K,  91% used [0x00000000e6ab0000, 0x00000000e7e47a40, 0x00000000e8000000)
  to   space 21824K,   0% used [0x00000000e5560000, 0x00000000e5560000, 0x00000000e6ab0000)
 concurrent mark-sweep generation total 393216K, used 0K [0x00000000e8000000, 0x0000000100000000, 0x0000000100000000)
 Metaspace       used 27936K, capacity 28530K, committed 28720K, reserved 1075200K
  class space    used 3397K, capacity 3603K, committed 3632K, reserved 1048576K
}
2018-03-21T05:44:29.865-0500: 5.279: Total time for which application threads were stopped: 0.0201286 seconds, Stopping threads took: 0.0000554 seconds
2018-03-21T05:44:29.868-0500: 5.282: Total time for which application threads were stopped: 0.0005724 seconds, Stopping threads took: 0.0004844 seconds
2018-03-21T05:44:29.868-0500: 5.282: Total time for which application threads were stopped: 0.0000786 seconds, Stopping threads took: 0.0000327 seconds
2018-03-21T05:44:29.870-0500: 5.285: Total time for which application threads were stopped: 0.0001101 seconds, Stopping threads took: 0.0000292 seconds
2018-03-21T05:44:29.871-0500: 5.285: Total time for which application threads were stopped: 0.0000667 seconds, Stopping threads took: 0.0000211 seconds
2018-03-21T05:44:29.871-0500: 5.285: Total time for which application threads were stopped: 0.0001805 seconds, Stopping threads took: 0.0000146 seconds
2018-03-21T05:44:29.978-0500: 5.392: Total time for which application threads were stopped: 0.0002129 seconds, Stopping threads took: 0.0000345 seconds
2018-03-21T05:44:29.994-0500: 5.408: Total time for which application threads were stopped: 0.0004270 seconds, Stopping threads took: 0.0000329 seconds
2018-03-21T05:44:30.036-0500: 5.450: Total time for which application threads were stopped: 0.0001330 seconds, Stopping threads took: 0.0000462 seconds
2018-03-21T05:44:30.037-0500: 5.451: Total time for which application threads were stopped: 0.0000812 seconds, Stopping threads took: 0.0000239 seconds
2018-03-21T05:44:30.101-0500: 5.515: Total time for which application threads were stopped: 0.0000959 seconds, Stopping threads took: 0.0000248 seconds
2018-03-21T05:44:30.128-0500: 5.542: Total time for which application threads were stopped: 0.0001397 seconds, Stopping threads took: 0.0000505 seconds
2018-03-21T05:44:30.196-0500: 5.610: Total time for which application threads were stopped: 0.0001175 seconds, Stopping threads took: 0.0000372 seconds
2018-03-21T05:44:30.239-0500: 5.653: Total time for which application threads were stopped: 0.0001731 seconds, Stopping threads took: 0.0000528 seconds
2018-03-21T05:44:30.360-0500: 5.774: Total time for which application threads were stopped: 0.0001698 seconds, Stopping threads took: 0.0000281 seconds
2018-03-21T05:44:30.455-0500: 5.869: Total time for which application threads were stopped: 0.0001213 seconds, Stopping threads took: 0.0000311 seconds
2018-03-21T05:44:30.473-0500: 5.887: Total time for which application threads were stopped: 0.0001611 seconds, Stopping threads took: 0.0000430 seconds
2018-03-21T05:44:30.543-0500: 5.957: Total time for which application threads were stopped: 0.0001570 seconds, Stopping threads took: 0.0000459 seconds
2018-03-21T05:44:30.544-0500: 5.958: Total time for which application threads were stopped: 0.0001352 seconds, Stopping threads took: 0.0000572 seconds
2018-03-21T05:44:30.576-0500: 5.990: Total time for which application threads were stopped: 0.0004611 seconds, Stopping threads took: 0.0000311 seconds
2018-03-21T05:44:30.685-0500: 6.099: Total time for which application threads were stopped: 0.0005251 seconds, Stopping threads took: 0.0000444 seconds
2018-03-21T05:44:30.864-0500: 6.278: Total time for which application threads were stopped: 0.0004009 seconds, Stopping threads took: 0.0000262 seconds
{Heap before GC invocations=5 (full 1):
 par new generation   total 109248K, used 107486K [0x00000000e0000000, 0x00000000e8000000, 0x00000000e8000000)
  eden space 87424K, 100% used [0x00000000e0000000, 0x00000000e5560000, 0x00000000e5560000)
  from space 21824K,  91% used [0x00000000e6ab0000, 0x00000000e7e47a40, 0x00000000e8000000)
  to   space 21824K,   0% used [0x00000000e5560000, 0x00000000e5560000, 0x00000000e6ab0000)
 concurrent mark-sweep generation total 393216K, used 0K [0x00000000e8000000, 0x0000000100000000, 0x0000000100000000)
 Metaspace       used 32473K, capacity 33250K, committed 33456K, reserved 1079296K
  class space    used 3949K, capacity 4177K, committed 4272K, reserved 1048576K
2018-03-21T05:44:30.871-0500: 6.285: [GC (Allocation Failure) 2018-03-21T05:44:30.871-0500: 6.285: [ParNew
Desired survivor size 20112992 bytes, new threshold 8 (max 8)
- age   1:    8359784 bytes,    8359784 total
- age   2:     537080 bytes,    8896864 total
- age   3:     793840 bytes,    9690704 total
- age   4:        792 bytes,    9691496 total
- age   5:    2652128 bytes,   12343624 total
- age   6:    5543160 bytes,   17886784 total
: 107486K->20608K(109248K), 0.0419047 secs] 107486K->20608K(502464K), 0.0419810 secs] [Times: user=0.16 sys=0.00, real=0.04 secs] 
Heap after GC invocations=6 (full 1):
 par new generation   total 109248K, used 20608K [0x00000000e0000000, 0x00000000e8000000, 0x00000000e8000000)
  eden space 87424K,   0% used [0x00000000e0000000, 0x00000000e0000000, 0x00000000e5560000)
  from space 21824K,  94% used [0x00000000e5560000, 0x00000000e6980148, 0x00000000e6ab0000)
  to   space 21824K,   0% used [0x00000000e6ab0000, 0x00000000e6ab0000, 0x00000000e8000000)
 concurrent mark-sweep generation total 393216K, used 0K [0x00000000e8000000, 0x0000000100000000, 0x0000000100000000)
 Metaspace       used 32473K, capacity 33250K, committed 33456K, reserved 1079296K
  class space    used 3949K, capacity 4177K, committed 4272K, reserved 1048576K
}
2018-03-21T05:44:30.913-0500: 6.327: Total time for which application threads were stopped: 0.0421892 seconds, Stopping threads took: 0.0000254 seconds
2018-03-21T05:44:30.914-0500: 6.328: Total time for which application threads were stopped: 0.0001582 seconds, Stopping threads took: 0.0000669 seconds
2018-03-21T05:44:29.496-0500: 6.386: Total time for which application threads were stopped: 0.0001051 seconds, Stopping threads took: 0.0000279 seconds
2018-03-21T05:44:29.559-0500: 6.449: Total time for which application threads were stopped: 0.0001422 seconds, Stopping threads took: 0.0000664 seconds
2018-03-21T05:44:29.560-0500: 6.450: Total time for which application threads were stopped: 0.0001683 seconds, Stopping threads took: 0.0000638 seconds
2018-03-21T05:44:29.560-0500: 6.451: Total time for which application threads were stopped: 0.0001294 seconds, Stopping threads took: 0.0000448 seconds
2018-03-21T05:44:29.560-0500: 6.451: Total time for which application threads were stopped: 0.0000947 seconds, Stopping threads took: 0.0000397 seconds
2018-03-21T05:44:29.561-0500: 6.451: Total time for which application threads were stopped: 0.0002680 seconds, Stopping threads took: 0.0000445 seconds
2018-03-21T05:44:29.562-0500: 6.452: Total time for which application threads were stopped: 0.0001191 seconds, Stopping threads took: 0.0000527 seconds
2018-03-21T05:44:29.572-0500: 6.462: Total time for which application threads were stopped: 0.0009694 seconds, Stopping threads took: 0.0008871 seconds
2018-03-21T05:44:29.605-0500: 6.495: Total time for which application threads were stopped: 0.0001503 seconds, Stopping threads took: 0.0000548 seconds
2018-03-21T05:44:29.610-0500: 6.500: Total time for which application threads were stopped: 0.0028364 seconds, Stopping threads took: 0.0027451 seconds
2018-03-21T05:44:29.618-0500: 6.508: Total time for which application threads were stopped: 0.0000867 seconds, Stopping threads took: 0.0000273 seconds
2018-03-21T05:44:29.622-0500: 6.513: Total time for which application threads were stopped: 0.0000761 seconds, Stopping threads took: 0.0000251 seconds
2018-03-21T05:44:29.623-0500: 6.513: Total time for which application threads were stopped: 0.0000414 seconds, Stopping threads took: 0.0000132 seconds
2018-03-21T05:44:29.627-0500: 6.517: Total time for which application threads were stopped: 0.0001303 seconds, Stopping threads took: 0.0000474 seconds
2018-03-21T05:44:29.629-0500: 6.519: Total time for which application threads were stopped: 0.0001079 seconds, Stopping threads took: 0.0000549 seconds
2018-03-21T05:44:29.629-0500: 6.519: Total time for which application threads were stopped: 0.0000380 seconds, Stopping threads took: 0.0000124 seconds
2018-03-21T05:44:29.629-0500: 6.520: Total time for which application threads were stopped: 0.0000606 seconds, Stopping threads took: 0.0000172 seconds
2018-03-21T05:44:29.637-0500: 6.527: Total time for which application threads were stopped: 0.0001111 seconds, Stopping threads took: 0.0000557 seconds
2018-03-21T05:44:29.649-0500: 6.540: Total time for which application threads were stopped: 0.0001456 seconds, Stopping threads took: 0.0000667 seconds
2018-03-21T05:44:29.649-0500: 6.540: Total time for which application threads were stopped: 0.0000693 seconds, Stopping threads took: 0.0000349 seconds
2018-03-21T05:44:29.663-0500: 6.554: Total time for which application threads were stopped: 0.0000814 seconds, Stopping threads took: 0.0000281 seconds
2018-03-21T05:44:29.663-0500: 6.554: Total time for which application threads were stopped: 0.0000571 seconds, Stopping threads took: 0.0000208 seconds
2018-03-21T05:44:29.664-0500: 6.554: Total time for which application threads were stopped: 0.0000405 seconds, Stopping threads took: 0.0000128 seconds
2018-03-21T05:44:29.666-0500: 6.556: Total time for which application threads were stopped: 0.0000827 seconds, Stopping threads took: 0.0000268 seconds
2018-03-21T05:44:29.687-0500: 6.578: Total time for which application threads were stopped: 0.0001303 seconds, Stopping threads took: 0.0000314 seconds
2018-03-21T05:44:29.688-0500: 6.579: Total time for which application threads were stopped: 0.0001169 seconds, Stopping threads took: 0.0000457 seconds
2018-03-21T05:44:29.703-0500: 6.593: Total time for which application threads were stopped: 0.0001204 seconds, Stopping threads took: 0.0000464 seconds
2018-03-21T05:44:29.707-0500: 6.597: Total time for which application threads were stopped: 0.0001062 seconds, Stopping threads took: 0.0000455 seconds
2018-03-21T05:44:29.712-0500: 6.602: Total time for which application threads were stopped: 0.0001276 seconds, Stopping threads took: 0.0000467 seconds
2018-03-21T05:44:29.715-0500: 6.605: Total time for which application threads were stopped: 0.0001239 seconds, Stopping threads took: 0.0000483 seconds
2018-03-21T05:44:29.720-0500: 6.611: Total time for which application threads were stopped: 0.0001300 seconds, Stopping threads took: 0.0000611 seconds
2018-03-21T05:44:29.723-0500: 6.614: Total time for which application threads were stopped: 0.0001160 seconds, Stopping threads took: 0.0000481 seconds
2018-03-21T05:44:29.727-0500: 6.617: Total time for which application threads were stopped: 0.0001212 seconds, Stopping threads took: 0.0000498 seconds
2018-03-21T05:44:29.729-0500: 6.620: Total time for which application threads were stopped: 0.0001064 seconds, Stopping threads took: 0.0000444 seconds
2018-03-21T05:44:29.732-0500: 6.623: Total time for which application threads were stopped: 0.0001210 seconds, Stopping threads took: 0.0000496 seconds
2018-03-21T05:44:29.734-0500: 6.625: Total time for which application threads were stopped: 0.0001095 seconds, Stopping threads took: 0.0000480 seconds
2018-03-21T05:44:29.737-0500: 6.628: Total time for which application threads were stopped: 0.0001192 seconds, Stopping threads took: 0.0000461 seconds
2018-03-21T05:44:29.740-0500: 6.631: Total time for which application threads were stopped: 0.0001260 seconds, Stopping threads took: 0.0000534 seconds
2018-03-21T05:44:29.743-0500: 6.634: Total time for which application threads were stopped: 0.0001226 seconds, Stopping threads took: 0.0000460 seconds
2018-03-21T05:44:29.746-0500: 6.636: Total time for which application threads were stopped: 0.0001149 seconds, Stopping threads took: 0.0000508 seconds
2018-03-21T05:44:29.748-0500: 6.638: Total time for which application threads were stopped: 0.0001323 seconds, Stopping threads took: 0.0000698 seconds
2018-03-21T05:44:29.750-0500: 6.641: Total time for which application threads were stopped: 0.0001068 seconds, Stopping threads took: 0.0000500 seconds
2018-03-21T05:44:29.754-0500: 6.644: Total time for which application threads were stopped: 0.0001119 seconds, Stopping threads took: 0.0000456 seconds
2018-03-21T05:44:29.756-0500: 6.647: Total time for which application threads were stopped: 0.0002166 seconds, Stopping threads took: 0.0000512 seconds
2018-03-21T05:44:29.797-0500: 6.688: Total time for which application threads were stopped: 0.0002330 seconds, Stopping threads took: 0.0000534 seconds
2018-03-21T05:44:30.099-0500: 6.990: Total time for which application threads were stopped: 0.0002503 seconds, Stopping threads took: 0.0000535 seconds
2018-03-21T05:44:30.340-0500: 7.231: Total time for which application threads were stopped: 0.0002608 seconds, Stopping threads took: 0.0000729 seconds
{Heap before GC invocations=6 (full 1):
 par new generation   total 109248K, used 108032K [0x00000000e0000000, 0x00000000e8000000, 0x00000000e8000000)
  eden space 87424K, 100% used [0x00000000e0000000, 0x00000000e5560000, 0x00000000e5560000)
  from space 21824K,  94% used [0x00000000e5560000, 0x00000000e6980148, 0x00000000e6ab0000)
  to   space 21824K,   0% used [0x00000000e6ab0000, 0x00000000e6ab0000, 0x00000000e8000000)
 concurrent mark-sweep generation total 393216K, used 0K [0x00000000e8000000, 0x0000000100000000, 0x0000000100000000)
 Metaspace       used 35164K, capacity 36146K, committed 36272K, reserved 1081344K
  class space    used 4267K, capacity 4525K, committed 4528K, reserved 1048576K
2018-03-21T05:44:30.902-0500: 7.793: [GC (Allocation Failure) 2018-03-21T05:44:30.902-0500: 7.793: [ParNew
Desired survivor size 20112992 bytes, new threshold 8 (max 8)
- age   1:    6840776 bytes,    6840776 total
- age   2:    3877192 bytes,   10717968 total
- age   3:     487464 bytes,   11205432 total
- age   4:     750432 bytes,   11955864 total
- age   5:        792 bytes,   11956656 total
- age   6:    2505152 bytes,   14461808 total
- age   7:    5485856 bytes,   19947664 total
: 108032K->21824K(109248K), 0.0440058 secs] 108032K->23156K(502464K), 0.0440998 secs] [Times: user=0.12 sys=0.00, real=0.04 secs] 
Heap after GC invocations=7 (full 1):
 par new generation   total 109248K, used 21824K [0x00000000e0000000, 0x00000000e8000000, 0x00000000e8000000)
  eden space 87424K,   0% used [0x00000000e0000000, 0x00000000e0000000, 0x00000000e5560000)
  from space 21824K, 100% used [0x00000000e6ab0000, 0x00000000e8000000, 0x00000000e8000000)
  to   space 21824K,   0% used [0x00000000e5560000, 0x00000000e5560000, 0x00000000e6ab0000)
 concurrent mark-sweep generation total 393216K, used 1332K [0x00000000e8000000, 0x0000000100000000, 0x0000000100000000)
 Metaspace       used 35164K, capacity 36146K, committed 36272K, reserved 1081344K
  class space    used 4267K, capacity 4525K, committed 4528K, reserved 1048576K
}
2018-03-21T05:44:30.946-0500: 7.837: Total time for which application threads were stopped: 0.0444950 seconds, Stopping threads took: 0.0000505 seconds
2018-03-21T05:44:30.947-0500: 7.838: Total time for which application threads were stopped: 0.0001264 seconds, Stopping threads took: 0.0000483 seconds
2018-03-21T05:44:30.951-0500: 7.842: Total time for which application threads were stopped: 0.0039588 seconds, Stopping threads took: 0.0038581 seconds
2018-03-21T05:44:30.952-0500: 7.842: Total time for which application threads were stopped: 0.0000824 seconds, Stopping threads took: 0.0000405 seconds
2018-03-21T05:44:30.952-0500: 7.842: Total time for which application threads were stopped: 0.0000664 seconds, Stopping threads took: 0.0000255 seconds
2018-03-21T05:44:30.952-0500: 7.842: Total time for which application threads were stopped: 0.0001022 seconds, Stopping threads took: 0.0000556 seconds
2018-03-21T05:44:30.952-0500: 7.842: Total time for which application threads were stopped: 0.0000973 seconds, Stopping threads took: 0.0000520 seconds
2018-03-21T05:44:30.952-0500: 7.843: Total time for which application threads were stopped: 0.0002099 seconds, Stopping threads took: 0.0000141 seconds
2018-03-21T05:44:30.952-0500: 7.843: Total time for which application threads were stopped: 0.0000765 seconds, Stopping threads took: 0.0000314 seconds
2018-03-21T05:44:30.952-0500: 7.843: Total time for which application threads were stopped: 0.0000826 seconds, Stopping threads took: 0.0000430 seconds
2018-03-21T05:44:30.952-0500: 7.843: Total time for which application threads were stopped: 0.0000876 seconds, Stopping threads took: 0.0000494 seconds
2018-03-21T05:44:30.957-0500: 7.848: Total time for which application threads were stopped: 0.0006155 seconds, Stopping threads took: 0.0005260 seconds
2018-03-21T05:44:30.958-0500: 7.849: Total time for which application threads were stopped: 0.0005247 seconds, Stopping threads took: 0.0004441 seconds
2018-03-21T05:44:30.958-0500: 7.849: Total time for which application threads were stopped: 0.0001311 seconds, Stopping threads took: 0.0000761 seconds
2018-03-21T05:44:30.959-0500: 7.849: Total time for which application threads were stopped: 0.0000708 seconds, Stopping threads took: 0.0000278 seconds
2018-03-21T05:44:30.959-0500: 7.849: Total time for which application threads were stopped: 0.0000560 seconds, Stopping threads took: 0.0000150 seconds
2018-03-21T05:44:30.959-0500: 7.849: Total time for which application threads were stopped: 0.0000545 seconds, Stopping threads took: 0.0000146 seconds
2018-03-21T05:44:30.959-0500: 7.849: Total time for which application threads were stopped: 0.0000537 seconds, Stopping threads took: 0.0000146 seconds
2018-03-21T05:44:30.959-0500: 7.849: Total time for which application threads were stopped: 0.0000686 seconds, Stopping threads took: 0.0000278 seconds
2018-03-21T05:44:30.959-0500: 7.850: Total time for which application threads were stopped: 0.0004068 seconds, Stopping threads took: 0.0000391 seconds
2018-03-21T05:44:31.305-0500: 8.195: Total time for which application threads were stopped: 0.0009370 seconds, Stopping threads took: 0.0006624 seconds
{Heap before GC invocations=7 (full 1):
 par new generation   total 109248K, used 109248K [0x00000000e0000000, 0x00000000e8000000, 0x00000000e8000000)
  eden space 87424K, 100% used [0x00000000e0000000, 0x00000000e5560000, 0x00000000e5560000)
  from space 21824K, 100% used [0x00000000e6ab0000, 0x00000000e8000000, 0x00000000e8000000)
  to   space 21824K,   0% used [0x00000000e5560000, 0x00000000e5560000, 0x00000000e6ab0000)
 concurrent mark-sweep generation total 393216K, used 1332K [0x00000000e8000000, 0x0000000100000000, 0x0000000100000000)
 Metaspace       used 35201K, capacity 36146K, committed 36272K, reserved 1081344K
  class space    used 4267K, capacity 4525K, committed 4528K, reserved 1048576K
2018-03-21T05:44:31.544-0500: 8.435: [GC (Allocation Failure) 2018-03-21T05:44:31.545-0500: 8.435: [ParNew
Desired survivor size 20112992 bytes, new threshold 8 (max 8)
- age   1:    2709096 bytes,    2709096 total
- age   2:    4483480 bytes,    7192576 total
- age   3:    3355712 bytes,   10548288 total
- age   4:     406376 bytes,   10954664 total
- age   5:     608864 bytes,   11563528 total
- age   6:        792 bytes,   11564320 total
- age   7:    2246472 bytes,   13810792 total
- age   8:    3928568 bytes,   17739360 total
: 109248K->21824K(109248K), 0.0469686 secs] 110580K->25754K(502464K), 0.0470467 secs] [Times: user=0.12 sys=0.01, real=0.05 secs] 
Heap after GC invocations=8 (full 1):
 par new generation   total 109248K, used 21824K [0x00000000e0000000, 0x00000000e8000000, 0x00000000e8000000)
  eden space 87424K,   0% used [0x00000000e0000000, 0x00000000e0000000, 0x00000000e5560000)
  from space 21824K, 100% used [0x00000000e5560000, 0x00000000e6ab0000, 0x00000000e6ab0000)
  to   space 21824K,   0% used [0x00000000e6ab0000, 0x00000000e6ab0000, 0x00000000e8000000)
 concurrent mark-sweep generation total 393216K, used 3930K [0x00000000e8000000, 0x0000000100000000, 0x0000000100000000)
 Metaspace       used 35201K, capacity 36146K, committed 36272K, reserved 1081344K
  class space    used 4267K, capacity 4525K, committed 4528K, reserved 1048576K
}
2018-03-21T05:44:31.592-0500: 8.482: Total time for which application threads were stopped: 0.0474347 seconds, Stopping threads took: 0.0000507 seconds
{Heap before GC invocations=8 (full 1):
 par new generation   total 109248K, used 109248K [0x00000000e0000000, 0x00000000e8000000, 0x00000000e8000000)
  eden space 87424K, 100% used [0x00000000e0000000, 0x00000000e5560000, 0x00000000e5560000)
  from space 21824K, 100% used [0x00000000e5560000, 0x00000000e6ab0000, 0x00000000e6ab0000)
  to   space 21824K,   0% used [0x00000000e6ab0000, 0x00000000e6ab0000, 0x00000000e8000000)
 concurrent mark-sweep generation total 393216K, used 3930K [0x00000000e8000000, 0x0000000100000000, 0x0000000100000000)
 Metaspace       used 35209K, capacity 36146K, committed 36272K, reserved 1081344K
  class space    used 4267K, capacity 4525K, committed 4528K, reserved 1048576K
2018-03-21T05:44:32.123-0500: 9.014: [GC (Allocation Failure) 2018-03-21T05:44:32.123-0500: 9.014: [ParNew
Desired survivor size 20112992 bytes, new threshold 8 (max 8)
- age   1:    2831176 bytes,    2831176 total
- age   2:    1876184 bytes,    4707360 total
- age   3:    4483232 bytes,    9190592 total
- age   4:    3330992 bytes,   12521584 total
- age   5:     406072 bytes,   12927656 total
- age   6:     608832 bytes,   13536488 total
- age   7:        792 bytes,   13537280 total
- age   8:    2246472 bytes,   15783752 total
: 109248K->21411K(109248K), 0.0804264 secs] 113178K->29488K(502464K), 0.0805377 secs] [Times: user=0.12 sys=0.00, real=0.08 secs] 
Heap after GC invocations=9 (full 1):
 par new generation   total 109248K, used 21411K [0x00000000e0000000, 0x00000000e8000000, 0x00000000e8000000)
  eden space 87424K,   0% used [0x00000000e0000000, 0x00000000e0000000, 0x00000000e5560000)
  from space 21824K,  98% used [0x00000000e6ab0000, 0x00000000e7f98c10, 0x00000000e8000000)
  to   space 21824K,   0% used [0x00000000e5560000, 0x00000000e5560000, 0x00000000e6ab0000)
 concurrent mark-sweep generation total 393216K, used 8077K [0x00000000e8000000, 0x0000000100000000, 0x0000000100000000)
 Metaspace       used 35209K, capacity 36146K, committed 36272K, reserved 1081344K
  class space    used 4267K, capacity 4525K, committed 4528K, reserved 1048576K
}
2018-03-21T05:44:32.204-0500: 9.094: Total time for which application threads were stopped: 0.0808634 seconds, Stopping threads took: 0.0000406 seconds
{Heap before GC invocations=9 (full 1):
 par new generation   total 109248K, used 108835K [0x00000000e0000000, 0x00000000e8000000, 0x00000000e8000000)
  eden space 87424K, 100% used [0x00000000e0000000, 0x00000000e5560000, 0x00000000e5560000)
  from space 21824K,  98% used [0x00000000e6ab0000, 0x00000000e7f98c10, 0x00000000e8000000)
  to   space 21824K,   0% used [0x00000000e5560000, 0x00000000e5560000, 0x00000000e6ab0000)
 concurrent mark-sweep generation total 393216K, used 8077K [0x00000000e8000000, 0x0000000100000000, 0x0000000100000000)
 Metaspace       used 35212K, capacity 36146K, committed 36272K, reserved 1081344K
  class space    used 4267K, capacity 4525K, committed 4528K, reserved 1048576K
2018-03-21T05:44:32.683-0500: 9.573: [GC (Allocation Failure) 2018-03-21T05:44:32.683-0500: 9.573: [ParNew
Desired survivor size 20112992 bytes, new threshold 8 (max 8)
- age   1:    3656360 bytes,    3656360 total
- age   2:    1820384 bytes,    5476744 total
- age   3:    1564744 bytes,    7041488 total
- age   4:    4483040 bytes,   11524528 total
- age   5:    3303944 bytes,   14828472 total
- age   6:     406072 bytes,   15234544 total
- age   7:     608832 bytes,   15843376 total
- age   8:        792 bytes,   15844168 total
: 108835K->21824K(109248K), 0.0234710 secs] 116912K->32142K(502464K), 0.0235662 secs] [Times: user=0.06 sys=0.00, real=0.02 secs] 
Heap after GC invocations=10 (full 1):
 par new generation   total 109248K, used 21824K [0x00000000e0000000, 0x00000000e8000000, 0x00000000e8000000)
  eden space 87424K,   0% used [0x00000000e0000000, 0x00000000e0000000, 0x00000000e5560000)
  from space 21824K, 100% used [0x00000000e5560000, 0x00000000e6ab0000, 0x00000000e6ab0000)
  to   space 21824K,   0% used [0x00000000e6ab0000, 0x00000000e6ab0000, 0x00000000e8000000)
 concurrent mark-sweep generation total 393216K, used 10318K [0x00000000e8000000, 0x0000000100000000, 0x0000000100000000)
 Metaspace       used 35212K, capacity 36146K, committed 36272K, reserved 1081344K
  class space    used 4267K, capacity 4525K, committed 4528K, reserved 1048576K
}
2018-03-21T05:44:32.706-0500: 9.597: Total time for which application threads were stopped: 0.0238059 seconds, Stopping threads took: 0.0000238 seconds
{Heap before GC invocations=10 (full 1):
 par new generation   total 109248K, used 109248K [0x00000000e0000000, 0x00000000e8000000, 0x00000000e8000000)
  eden space 87424K, 100% used [0x00000000e0000000, 0x00000000e5560000, 0x00000000e5560000)
  from space 21824K, 100% used [0x00000000e5560000, 0x00000000e6ab0000, 0x00000000e6ab0000)
  to   space 21824K,   0% used [0x00000000e6ab0000, 0x00000000e6ab0000, 0x00000000e8000000)
 concurrent mark-sweep generation total 393216K, used 10318K [0x00000000e8000000, 0x0000000100000000, 0x0000000100000000)
 Metaspace       used 35212K, capacity 36146K, committed 36272K, reserved 1081344K
  class space    used 4267K, capacity 4525K, committed 4528K, reserved 1048576K
2018-03-21T05:44:33.067-0500: 9.958: [GC (Allocation Failure) 2018-03-21T05:44:33.067-0500: 9.958: [ParNew
Desired survivor size 20112992 bytes, new threshold 8 (max 8)
- age   1:    3657888 bytes,    3657888 total
- age   2:    2314224 bytes,    5972112 total
- age   3:    1672848 bytes,    7644960 total
- age   4:    1564592 bytes,    9209552 total
- age   5:    4482984 bytes,   13692536 total
- age   6:    3278408 bytes,   16970944 total
- age   7:     406072 bytes,   17377016 total
- age   8:     608832 bytes,   17985848 total
: 109248K->20891K(109248K), 0.0205925 secs] 119566K->31211K(502464K), 0.0207033 secs] [Times: user=0.05 sys=0.00, real=0.02 secs] 
Heap after GC invocations=11 (full 1):
 par new generation   total 109248K, used 20891K [0x00000000e0000000, 0x00000000e8000000, 0x00000000e8000000)
  eden space 87424K,   0% used [0x00000000e0000000, 0x00000000e0000000, 0x00000000e5560000)
  from space 21824K,  95% used [0x00000000e6ab0000, 0x00000000e7f16d38, 0x00000000e8000000)
  to   space 21824K,   0% used [0x00000000e5560000, 0x00000000e5560000, 0x00000000e6ab0000)
 concurrent mark-sweep generation total 393216K, used 10319K [0x00000000e8000000, 0x0000000100000000, 0x0000000100000000)
 Metaspace       used 35212K, capacity 36146K, committed 36272K, reserved 1081344K
  class space    used 4267K, capacity 4525K, committed 4528K, reserved 1048576K
}
2018-03-21T05:44:33.088-0500: 9.978: Total time for which application threads were stopped: 0.0209728 seconds, Stopping threads took: 0.0000536 seconds
2018-03-21T05:44:33.324-0500: 10.215: Total time for which application threads were stopped: 0.0023106 seconds, Stopping threads took: 0.0021484 seconds
2018-03-21T05:44:33.324-0500: 10.215: Total time for which application threads were stopped: 0.0001152 seconds, Stopping threads took: 0.0000471 seconds
2018-03-21T05:44:33.325-0500: 10.215: Total time for which application threads were stopped: 0.0001953 seconds, Stopping threads took: 0.0000546 seconds
2018-03-21T05:44:33.326-0500: 10.217: Total time for which application threads were stopped: 0.0001163 seconds, Stopping threads took: 0.0000292 seconds
2018-03-21T05:44:33.326-0500: 10.217: Total time for which application threads were stopped: 0.0001414 seconds, Stopping threads took: 0.0000892 seconds
2018-03-21T05:44:33.327-0500: 10.217: Total time for which application threads were stopped: 0.0000621 seconds, Stopping threads took: 0.0000139 seconds
2018-03-21T05:44:33.327-0500: 10.217: Total time for which application threads were stopped: 0.0001079 seconds, Stopping threads took: 0.0000225 seconds
2018-03-21T05:44:33.327-0500: 10.217: Total time for which application threads were stopped: 0.0000618 seconds, Stopping threads took: 0.0000151 seconds
2018-03-21T05:44:33.327-0500: 10.218: Total time for which application threads were stopped: 0.0000595 seconds, Stopping threads took: 0.0000141 seconds
2018-03-21T05:44:33.327-0500: 10.218: Total time for which application threads were stopped: 0.0000880 seconds, Stopping threads took: 0.0000226 seconds
{Heap before GC invocations=11 (full 1):
 par new generation   total 109248K, used 108315K [0x00000000e0000000, 0x00000000e8000000, 0x00000000e8000000)
  eden space 87424K, 100% used [0x00000000e0000000, 0x00000000e5560000, 0x00000000e5560000)
  from space 21824K,  95% used [0x00000000e6ab0000, 0x00000000e7f16d38, 0x00000000e8000000)
  to   space 21824K,   0% used [0x00000000e5560000, 0x00000000e5560000, 0x00000000e6ab0000)
 concurrent mark-sweep generation total 393216K, used 10319K [0x00000000e8000000, 0x0000000100000000, 0x0000000100000000)
 Metaspace       used 35236K, capacity 36146K, committed 36272K, reserved 1081344K
  class space    used 4269K, capacity 4525K, committed 4528K, reserved 1048576K
2018-03-21T05:44:33.357-0500: 10.247: [GC (Allocation Failure) 2018-03-21T05:44:33.357-0500: 10.247: [ParNew
Desired survivor size 20112992 bytes, new threshold 8 (max 8)
- age   1:    4446272 bytes,    4446272 total
- age   2:    1699128 bytes,    6145400 total
- age   3:    1517496 bytes,    7662896 total
- age   4:    1313088 bytes,    8975984 total
- age   5:    1301280 bytes,   10277264 total
- age   6:    4053544 bytes,   14330808 total
- age   7:    3254000 bytes,   17584808 total
- age   8:     405824 bytes,   17990632 total
: 108315K->21824K(109248K), 0.0336544 secs] 118635K->34674K(502464K), 0.0337624 secs] [Times: user=0.07 sys=0.00, real=0.04 secs] 
Heap after GC invocations=12 (full 1):
 par new generation   total 109248K, used 21824K [0x00000000e0000000, 0x00000000e8000000, 0x00000000e8000000)
  eden space 87424K,   0% used [0x00000000e0000000, 0x00000000e0000000, 0x00000000e5560000)
  from space 21824K, 100% used [0x00000000e5560000, 0x00000000e6ab0000, 0x00000000e6ab0000)
  to   space 21824K,   0% used [0x00000000e6ab0000, 0x00000000e6ab0000, 0x00000000e8000000)
 concurrent mark-sweep generation total 393216K, used 12850K [0x00000000e8000000, 0x0000000100000000, 0x0000000100000000)
 Metaspace       used 35236K, capacity 36146K, committed 36272K, reserved 1081344K
  class space    used 4269K, capacity 4525K, committed 4528K, reserved 1048576K
}
2018-03-21T05:44:33.390-0500: 10.281: Total time for which application threads were stopped: 0.0340232 seconds, Stopping threads took: 0.0000482 seconds
2018-03-21T05:44:33.394-0500: 10.285: Total time for which application threads were stopped: 0.0032328 seconds, Stopping threads took: 0.0031510 seconds
2018-03-21T05:44:33.394-0500: 10.285: Total time for which application threads were stopped: 0.0000629 seconds, Stopping threads took: 0.0000153 seconds
2018-03-21T05:44:33.394-0500: 10.285: Total time for which application threads were stopped: 0.0000870 seconds, Stopping threads took: 0.0000427 seconds
2018-03-21T05:44:33.394-0500: 10.285: Total time for which application threads were stopped: 0.0000732 seconds, Stopping threads took: 0.0000137 seconds
2018-03-21T05:44:33.395-0500: 10.285: Total time for which application threads were stopped: 0.0001945 seconds, Stopping threads took: 0.0001463 seconds
2018-03-21T05:44:33.396-0500: 10.286: Total time for which application threads were stopped: 0.0001257 seconds, Stopping threads took: 0.0000422 seconds
2018-03-21T05:44:33.396-0500: 10.287: Total time for which application threads were stopped: 0.0002775 seconds, Stopping threads took: 0.0002093 seconds
2018-03-21T05:44:33.396-0500: 10.287: Total time for which application threads were stopped: 0.0001266 seconds, Stopping threads took: 0.0000675 seconds
2018-03-21T05:44:33.396-0500: 10.287: Total time for which application threads were stopped: 0.0000764 seconds, Stopping threads took: 0.0000177 seconds
2018-03-21T05:44:33.396-0500: 10.287: Total time for which application threads were stopped: 0.0000735 seconds, Stopping threads took: 0.0000132 seconds
2018-03-21T05:44:33.423-0500: 10.314: Total time for which application threads were stopped: 0.0021372 seconds, Stopping threads took: 0.0019429 seconds
2018-03-21T05:44:33.424-0500: 10.314: Total time for which application threads were stopped: 0.0001203 seconds, Stopping threads took: 0.0000242 seconds
2018-03-21T05:44:33.424-0500: 10.314: Total time for which application threads were stopped: 0.0000986 seconds, Stopping threads took: 0.0000188 seconds
2018-03-21T05:44:33.429-0500: 10.319: Total time for which application threads were stopped: 0.0001434 seconds, Stopping threads took: 0.0000483 seconds
2018-03-21T05:44:33.430-0500: 10.320: Total time for which application threads were stopped: 0.0001594 seconds, Stopping threads took: 0.0000745 seconds
2018-03-21T05:44:33.430-0500: 10.320: Total time for which application threads were stopped: 0.0000656 seconds, Stopping threads took: 0.0000304 seconds
2018-03-21T05:44:33.430-0500: 10.320: Total time for which application threads were stopped: 0.0000577 seconds, Stopping threads took: 0.0000204 seconds
2018-03-21T05:44:33.432-0500: 10.323: Total time for which application threads were stopped: 0.0001427 seconds, Stopping threads took: 0.0000550 seconds
2018-03-21T05:44:33.433-0500: 10.323: Total time for which application threads were stopped: 0.0001624 seconds, Stopping threads took: 0.0000125 seconds
2018-03-21T05:44:33.433-0500: 10.323: Total time for which application threads were stopped: 0.0000917 seconds, Stopping threads took: 0.0000393 seconds
2018-03-21T05:44:33.549-0500: 10.440: Total time for which application threads were stopped: 0.0001089 seconds, Stopping threads took: 0.0000245 seconds
2018-03-21T05:44:33.550-0500: 10.440: Total time for which application threads were stopped: 0.0000620 seconds, Stopping threads took: 0.0000156 seconds
2018-03-21T05:44:33.550-0500: 10.440: Total time for which application threads were stopped: 0.0000426 seconds, Stopping threads took: 0.0000144 seconds
2018-03-21T05:44:34.258-0500: 11.148: Total time for which application threads were stopped: 0.0007903 seconds, Stopping threads took: 0.0000479 seconds
{Heap before GC invocations=12 (full 1):
 par new generation   total 109248K, used 109248K [0x00000000e0000000, 0x00000000e8000000, 0x00000000e8000000)
  eden space 87424K, 100% used [0x00000000e0000000, 0x00000000e5560000, 0x00000000e5560000)
  from space 21824K, 100% used [0x00000000e5560000, 0x00000000e6ab0000, 0x00000000e6ab0000)
  to   space 21824K,   0% used [0x00000000e6ab0000, 0x00000000e6ab0000, 0x00000000e8000000)
 concurrent mark-sweep generation total 393216K, used 12850K [0x00000000e8000000, 0x0000000100000000, 0x0000000100000000)
 Metaspace       used 35923K, capacity 36854K, committed 37168K, reserved 1081344K
  class space    used 4324K, capacity 4591K, committed 4656K, reserved 1048576K
2018-03-21T05:44:34.851-0500: 11.742: [GC (Allocation Failure) 2018-03-21T05:44:34.851-0500: 11.742: [ParNew
Desired survivor size 20112992 bytes, new threshold 8 (max 8)
- age   1:    2589024 bytes,    2589024 total
- age   2:    2146736 bytes,    4735760 total
- age   3:    1401816 bytes,    6137576 total
- age   4:    1171408 bytes,    7308984 total
- age   5:    1089656 bytes,    8398640 total
- age   6:    1099680 bytes,    9498320 total
- age   7:    3381016 bytes,   12879336 total
- age   8:    3243704 bytes,   16123040 total
: 109248K->21824K(109248K), 0.0424914 secs] 122098K->35075K(502464K), 0.0425937 secs] [Times: user=0.09 sys=0.01, real=0.04 secs] 
Heap after GC invocations=13 (full 1):
 par new generation   total 109248K, used 21824K [0x00000000e0000000, 0x00000000e8000000, 0x00000000e8000000)
  eden space 87424K,   0% used [0x00000000e0000000, 0x00000000e0000000, 0x00000000e5560000)
  from space 21824K, 100% used [0x00000000e6ab0000, 0x00000000e8000000, 0x00000000e8000000)
  to   space 21824K,   0% used [0x00000000e5560000, 0x00000000e5560000, 0x00000000e6ab0000)
 concurrent mark-sweep generation total 393216K, used 13251K [0x00000000e8000000, 0x0000000100000000, 0x0000000100000000)
 Metaspace       used 35923K, capacity 36854K, committed 37168K, reserved 1081344K
  class space    used 4324K, capacity 4591K, committed 4656K, reserved 1048576K
}
2018-03-21T05:44:34.894-0500: 11.785: Total time for which application threads were stopped: 0.0429644 seconds, Stopping threads took: 0.0000504 seconds
2018-03-21T05:44:35.036-0500: 11.927: Total time for which application threads were stopped: 0.0001476 seconds, Stopping threads took: 0.0000534 seconds
2018-03-21T05:44:35.039-0500: 11.930: Total time for which application threads were stopped: 0.0001275 seconds, Stopping threads took: 0.0000519 seconds
2018-03-21T05:44:35.039-0500: 11.930: Total time for which application threads were stopped: 0.0000701 seconds, Stopping threads took: 0.0000299 seconds
2018-03-21T05:44:35.039-0500: 11.930: Total time for which application threads were stopped: 0.0000760 seconds, Stopping threads took: 0.0000321 seconds
2018-03-21T05:44:35.040-0500: 11.930: Total time for which application threads were stopped: 0.0000906 seconds, Stopping threads took: 0.0000301 seconds
2018-03-21T05:44:35.040-0500: 11.930: Total time for which application threads were stopped: 0.0000668 seconds, Stopping threads took: 0.0000295 seconds
2018-03-21T05:44:35.040-0500: 11.930: Total time for which application threads were stopped: 0.0000778 seconds, Stopping threads took: 0.0000312 seconds
2018-03-21T05:44:35.040-0500: 11.930: Total time for which application threads were stopped: 0.0000708 seconds, Stopping threads took: 0.0000308 seconds
2018-03-21T05:44:35.040-0500: 11.931: Total time for which application threads were stopped: 0.0000663 seconds, Stopping threads took: 0.0000289 seconds
2018-03-21T05:44:35.040-0500: 11.931: Total time for which application threads were stopped: 0.0000674 seconds, Stopping threads took: 0.0000301 seconds
2018-03-21T05:44:35.244-0500: 12.135: Total time for which application threads were stopped: 0.0001458 seconds, Stopping threads took: 0.0000412 seconds
2018-03-21T05:44:35.247-0500: 12.137: Total time for which application threads were stopped: 0.0001155 seconds, Stopping threads took: 0.0000321 seconds
2018-03-21T05:44:35.247-0500: 12.137: Total time for which application threads were stopped: 0.0000652 seconds, Stopping threads took: 0.0000165 seconds
2018-03-21T05:44:35.247-0500: 12.138: Total time for which application threads were stopped: 0.0000723 seconds, Stopping threads took: 0.0000148 seconds
2018-03-21T05:44:35.252-0500: 12.143: Total time for which application threads were stopped: 0.0001670 seconds, Stopping threads took: 0.0000600 seconds
2018-03-21T05:44:35.255-0500: 12.145: Total time for which application threads were stopped: 0.0001565 seconds, Stopping threads took: 0.0000478 seconds
2018-03-21T05:44:35.262-0500: 12.152: Total time for which application threads were stopped: 0.0053813 seconds, Stopping threads took: 0.0051883 seconds
2018-03-21T05:44:35.264-0500: 12.154: Total time for which application threads were stopped: 0.0001718 seconds, Stopping threads took: 0.0000624 seconds
2018-03-21T05:44:35.267-0500: 12.158: Total time for which application threads were stopped: 0.0001288 seconds, Stopping threads took: 0.0000347 seconds
2018-03-21T05:44:35.267-0500: 12.158: Total time for which application threads were stopped: 0.0001211 seconds, Stopping threads took: 0.0000434 seconds
2018-03-21T05:44:35.268-0500: 12.158: Total time for which application threads were stopped: 0.0000968 seconds, Stopping threads took: 0.0000276 seconds
2018-03-21T05:44:35.268-0500: 12.158: Total time for which application threads were stopped: 0.0001373 seconds, Stopping threads took: 0.0000303 seconds
2018-03-21T05:44:35.268-0500: 12.159: Total time for which application threads were stopped: 0.0001112 seconds, Stopping threads took: 0.0000375 seconds
2018-03-21T05:44:35.272-0500: 12.163: Total time for which application threads were stopped: 0.0004355 seconds, Stopping threads took: 0.0001808 seconds
2018-03-21T05:44:35.283-0500: 12.174: Total time for which application threads were stopped: 0.0002859 seconds, Stopping threads took: 0.0001768 seconds
2018-03-21T05:44:35.286-0500: 12.176: Total time for which application threads were stopped: 0.0001355 seconds, Stopping threads took: 0.0000269 seconds
2018-03-21T05:44:35.286-0500: 12.177: Total time for which application threads were stopped: 0.0000917 seconds, Stopping threads took: 0.0000244 seconds
2018-03-21T05:44:35.294-0500: 12.185: Total time for which application threads were stopped: 0.0001328 seconds, Stopping threads took: 0.0000475 seconds
2018-03-21T05:44:35.294-0500: 12.185: Total time for which application threads were stopped: 0.0000877 seconds, Stopping threads took: 0.0000356 seconds
2018-03-21T05:44:35.305-0500: 12.196: Total time for which application threads were stopped: 0.0001023 seconds, Stopping threads took: 0.0000282 seconds
2018-03-21T05:44:35.307-0500: 12.197: Total time for which application threads were stopped: 0.0000991 seconds, Stopping threads took: 0.0000297 seconds
2018-03-21T05:44:35.307-0500: 12.197: Total time for which application threads were stopped: 0.0000546 seconds, Stopping threads took: 0.0000155 seconds
2018-03-21T05:44:35.307-0500: 12.197: Total time for which application threads were stopped: 0.0000491 seconds, Stopping threads took: 0.0000148 seconds
2018-03-21T05:44:35.307-0500: 12.197: Total time for which application threads were stopped: 0.0000528 seconds, Stopping threads took: 0.0000149 seconds
2018-03-21T05:44:35.307-0500: 12.198: Total time for which application threads were stopped: 0.0000570 seconds, Stopping threads took: 0.0000149 seconds
2018-03-21T05:44:35.307-0500: 12.198: Total time for which application threads were stopped: 0.0000540 seconds, Stopping threads took: 0.0000156 seconds
2018-03-21T05:44:35.338-0500: 12.228: Total time for which application threads were stopped: 0.0003088 seconds, Stopping threads took: 0.0000611 seconds
2018-03-21T05:44:35.338-0500: 12.228: Total time for which application threads were stopped: 0.0000660 seconds, Stopping threads took: 0.0000205 seconds
2018-03-21T05:44:35.338-0500: 12.228: Total time for which application threads were stopped: 0.0000614 seconds, Stopping threads took: 0.0000242 seconds
2018-03-21T05:44:35.338-0500: 12.229: Total time for which application threads were stopped: 0.0000756 seconds, Stopping threads took: 0.0000179 seconds
2018-03-21T05:44:35.338-0500: 12.229: Total time for which application threads were stopped: 0.0000967 seconds, Stopping threads took: 0.0000312 seconds
2018-03-21T05:44:35.338-0500: 12.229: Total time for which application threads were stopped: 0.0000519 seconds, Stopping threads took: 0.0000145 seconds
2018-03-21T05:44:35.338-0500: 12.229: Total time for which application threads were stopped: 0.0000492 seconds, Stopping threads took: 0.0000131 seconds
2018-03-21T05:44:35.339-0500: 12.229: Total time for which application threads were stopped: 0.0000516 seconds, Stopping threads took: 0.0000144 seconds
2018-03-21T05:44:35.339-0500: 12.229: Total time for which application threads were stopped: 0.0000497 seconds, Stopping threads took: 0.0000135 seconds
2018-03-21T05:44:35.339-0500: 12.229: Total time for which application threads were stopped: 0.0000495 seconds, Stopping threads took: 0.0000135 seconds
2018-03-21T05:44:35.339-0500: 12.229: Total time for which application threads were stopped: 0.0000530 seconds, Stopping threads took: 0.0000146 seconds
2018-03-21T05:44:35.339-0500: 12.229: Total time for which application threads were stopped: 0.0000513 seconds, Stopping threads took: 0.0000140 seconds
2018-03-21T05:44:35.339-0500: 12.230: Total time for which application threads were stopped: 0.0000505 seconds, Stopping threads took: 0.0000141 seconds
2018-03-21T05:44:35.339-0500: 12.230: Total time for which application threads were stopped: 0.0000477 seconds, Stopping threads took: 0.0000133 seconds
2018-03-21T05:44:35.339-0500: 12.230: Total time for which application threads were stopped: 0.0000469 seconds, Stopping threads took: 0.0000135 seconds
2018-03-21T05:44:35.339-0500: 12.230: Total time for which application threads were stopped: 0.0000505 seconds, Stopping threads took: 0.0000138 seconds
2018-03-21T05:44:35.340-0500: 12.230: Total time for which application threads were stopped: 0.0000761 seconds, Stopping threads took: 0.0000216 seconds
2018-03-21T05:44:35.340-0500: 12.231: Total time for which application threads were stopped: 0.0000859 seconds, Stopping threads took: 0.0000304 seconds
2018-03-21T05:44:35.340-0500: 12.231: Total time for which application threads were stopped: 0.0000546 seconds, Stopping threads took: 0.0000150 seconds
2018-03-21T05:44:35.340-0500: 12.231: Total time for which application threads were stopped: 0.0002068 seconds, Stopping threads took: 0.0000156 seconds
2018-03-21T05:44:35.341-0500: 12.231: Total time for which application threads were stopped: 0.0000817 seconds, Stopping threads took: 0.0000218 seconds
2018-03-21T05:44:36.341-0500: 13.232: Total time for which application threads were stopped: 0.0002667 seconds, Stopping threads took: 0.0000648 seconds
2018-03-21T05:44:41.305-0500: 18.195: Total time for which application threads were stopped: 0.0001213 seconds, Stopping threads took: 0.0000341 seconds
2018-03-21T05:44:41.306-0500: 18.196: Total time for which application threads were stopped: 0.0001120 seconds, Stopping threads took: 0.0000193 seconds
2018-03-21T05:44:41.306-0500: 18.197: Total time for which application threads were stopped: 0.0000549 seconds, Stopping threads took: 0.0000110 seconds
2018-03-21T05:44:41.306-0500: 18.197: Total time for which application threads were stopped: 0.0000546 seconds, Stopping threads took: 0.0000104 seconds
2018-03-21T05:44:41.306-0500: 18.197: Total time for which application threads were stopped: 0.0000551 seconds, Stopping threads took: 0.0000116 seconds
2018-03-21T05:44:41.306-0500: 18.197: Total time for which application threads were stopped: 0.0000930 seconds, Stopping threads took: 0.0000415 seconds
2018-03-21T05:44:41.307-0500: 18.197: Total time for which application threads were stopped: 0.0001014 seconds, Stopping threads took: 0.0000150 seconds
2018-03-21T05:44:41.307-0500: 18.197: Total time for which application threads were stopped: 0.0000574 seconds, Stopping threads took: 0.0000115 seconds
2018-03-21T05:44:41.307-0500: 18.198: Total time for which application threads were stopped: 0.0000611 seconds, Stopping threads took: 0.0000123 seconds
2018-03-21T05:44:41.309-0500: 18.199: Total time for which application threads were stopped: 0.0001147 seconds, Stopping threads took: 0.0000389 seconds
2018-03-21T05:44:41.309-0500: 18.200: Total time for which application threads were stopped: 0.0000741 seconds, Stopping threads took: 0.0000276 seconds
2018-03-21T05:44:41.318-0500: 18.209: Total time for which application threads were stopped: 0.0001165 seconds, Stopping threads took: 0.0000448 seconds
2018-03-21T05:44:41.319-0500: 18.210: Total time for which application threads were stopped: 0.0001354 seconds, Stopping threads took: 0.0000289 seconds
2018-03-21T05:44:41.319-0500: 18.210: Total time for which application threads were stopped: 0.0000789 seconds, Stopping threads took: 0.0000126 seconds
2018-03-21T05:44:41.327-0500: 18.217: Total time for which application threads were stopped: 0.0049588 seconds, Stopping threads took: 0.0043856 seconds
2018-03-21T05:44:41.330-0500: 18.220: Total time for which application threads were stopped: 0.0029748 seconds, Stopping threads took: 0.0028903 seconds
2018-03-21T05:44:41.330-0500: 18.221: Total time for which application threads were stopped: 0.0000858 seconds, Stopping threads took: 0.0000407 seconds
2018-03-21T05:44:42.330-0500: 19.221: Total time for which application threads were stopped: 0.0002572 seconds, Stopping threads took: 0.0000457 seconds
2018-03-21T05:45:35.264-0500: 72.155: Total time for which application threads were stopped: 0.0001378 seconds, Stopping threads took: 0.0000268 seconds
2018-03-21T05:45:41.330-0500: 78.221: Total time for which application threads were stopped: 0.0000794 seconds, Stopping threads took: 0.0000203 seconds
2018-03-21T05:45:42.145-0500: 79.036: Total time for which application threads were stopped: 0.0001543 seconds, Stopping threads took: 0.0000289 seconds
2018-03-21T05:45:42.150-0500: 79.041: Total time for which application threads were stopped: 0.0005860 seconds, Stopping threads took: 0.0000461 seconds
2018-03-21T05:45:42.156-0500: 79.046: Total time for which application threads were stopped: 0.0001658 seconds, Stopping threads took: 0.0000659 seconds
2018-03-21T05:45:42.157-0500: 79.048: Total time for which application threads were stopped: 0.0001298 seconds, Stopping threads took: 0.0000478 seconds
2018-03-21T05:45:42.166-0500: 79.056: Total time for which application threads were stopped: 0.0001562 seconds, Stopping threads took: 0.0000671 seconds
2018-03-21T05:45:42.171-0500: 79.062: Total time for which application threads were stopped: 0.0048971 seconds, Stopping threads took: 0.0048214 seconds
2018-03-21T05:45:42.221-0500: 79.112: Total time for which application threads were stopped: 0.0001536 seconds, Stopping threads took: 0.0000533 seconds
{Heap before GC invocations=13 (full 1):
 par new generation   total 109248K, used 109248K [0x00000000e0000000, 0x00000000e8000000, 0x00000000e8000000)
  eden space 87424K, 100% used [0x00000000e0000000, 0x00000000e5560000, 0x00000000e5560000)
  from space 21824K, 100% used [0x00000000e6ab0000, 0x00000000e8000000, 0x00000000e8000000)
  to   space 21824K,   0% used [0x00000000e5560000, 0x00000000e5560000, 0x00000000e6ab0000)
 concurrent mark-sweep generation total 393216K, used 13251K [0x00000000e8000000, 0x0000000100000000, 0x0000000100000000)
 Metaspace       used 37005K, capacity 37938K, committed 38320K, reserved 1083392K
  class space    used 4435K, capacity 4691K, committed 4784K, reserved 1048576K
2018-03-21T05:45:42.969-0500: 79.859: [GC (Allocation Failure) 2018-03-21T05:45:42.969-0500: 79.859: [ParNew
Desired survivor size 20112992 bytes, new threshold 8 (max 8)
- age   1:    3182592 bytes,    3182592 total
- age   2:    1888576 bytes,    5071168 total
- age   3:    1555144 bytes,    6626312 total
- age   4:     697072 bytes,    7323384 total
- age   5:     540152 bytes,    7863536 total
- age   6:     504432 bytes,    8367968 total
- age   7:     518336 bytes,    8886304 total
- age   8:    2950768 bytes,   11837072 total
: 109248K->17584K(109248K), 0.0260254 secs] 122499K->34123K(502464K), 0.0261455 secs] [Times: user=0.07 sys=0.00, real=0.03 secs] 
Heap after GC invocations=14 (full 1):
 par new generation   total 109248K, used 17584K [0x00000000e0000000, 0x00000000e8000000, 0x00000000e8000000)
  eden space 87424K,   0% used [0x00000000e0000000, 0x00000000e0000000, 0x00000000e5560000)
  from space 21824K,  80% used [0x00000000e5560000, 0x00000000e668c000, 0x00000000e6ab0000)
  to   space 21824K,   0% used [0x00000000e6ab0000, 0x00000000e6ab0000, 0x00000000e8000000)
 concurrent mark-sweep generation total 393216K, used 16539K [0x00000000e8000000, 0x0000000100000000, 0x0000000100000000)
 Metaspace       used 37005K, capacity 37938K, committed 38320K, reserved 1083392K
  class space    used 4435K, capacity 4691K, committed 4784K, reserved 1048576K
}
2018-03-21T05:45:42.995-0500: 79.885: Total time for which application threads were stopped: 0.0264886 seconds, Stopping threads took: 0.0000561 seconds
2018-03-21T05:45:43.178-0500: 80.068: Total time for which application threads were stopped: 0.0062200 seconds, Stopping threads took: 0.0060807 seconds
2018-03-21T05:45:43.187-0500: 80.078: Total time for which application threads were stopped: 0.0002095 seconds, Stopping threads took: 0.0000555 seconds
2018-03-21T05:45:43.283-0500: 80.174: Total time for which application threads were stopped: 0.0012024 seconds, Stopping threads took: 0.0010328 seconds
2018-03-21T05:45:43.285-0500: 80.176: Total time for which application threads were stopped: 0.0015160 seconds, Stopping threads took: 0.0013684 seconds
2018-03-21T05:45:43.446-0500: 80.337: Total time for which application threads were stopped: 0.0040645 seconds, Stopping threads took: 0.0039027 seconds
2018-03-21T05:45:43.459-0500: 80.350: Total time for which application threads were stopped: 0.0001691 seconds, Stopping threads took: 0.0000942 seconds
2018-03-21T05:45:43.467-0500: 80.357: Total time for which application threads were stopped: 0.0001574 seconds, Stopping threads took: 0.0000754 seconds
{Heap before GC invocations=14 (full 1):
 par new generation   total 109248K, used 105008K [0x00000000e0000000, 0x00000000e8000000, 0x00000000e8000000)
  eden space 87424K, 100% used [0x00000000e0000000, 0x00000000e5560000, 0x00000000e5560000)
  from space 21824K,  80% used [0x00000000e5560000, 0x00000000e668c000, 0x00000000e6ab0000)
  to   space 21824K,   0% used [0x00000000e6ab0000, 0x00000000e6ab0000, 0x00000000e8000000)
 concurrent mark-sweep generation total 393216K, used 16539K [0x00000000e8000000, 0x0000000100000000, 0x0000000100000000)
 Metaspace       used 37036K, capacity 38002K, committed 38320K, reserved 1083392K
  class space    used 4436K, capacity 4691K, committed 4784K, reserved 1048576K
2018-03-21T05:45:43.654-0500: 80.545: [GC (Allocation Failure) 2018-03-21T05:45:43.654-0500: 80.545: [ParNew
Desired survivor size 20112992 bytes, new threshold 8 (max 8)
- age   1:    2906416 bytes,    2906416 total
- age   2:     502680 bytes,    3409096 total
- age   3:    1888528 bytes,    5297624 total
- age   4:    1555144 bytes,    6852768 total
- age   5:     697072 bytes,    7549840 total
- age   6:     540152 bytes,    8089992 total
- age   7:     504432 bytes,    8594424 total
- age   8:     518336 bytes,    9112760 total
: 105008K->13504K(109248K), 0.0125821 secs] 121547K->32931K(502464K), 0.0126762 secs] [Times: user=0.03 sys=0.00, real=0.01 secs] 
Heap after GC invocations=15 (full 1):
 par new generation   total 109248K, used 13504K [0x00000000e0000000, 0x00000000e8000000, 0x00000000e8000000)
  eden space 87424K,   0% used [0x00000000e0000000, 0x00000000e0000000, 0x00000000e5560000)
  from space 21824K,  61% used [0x00000000e6ab0000, 0x00000000e77e0310, 0x00000000e8000000)
  to   space 21824K,   0% used [0x00000000e5560000, 0x00000000e5560000, 0x00000000e6ab0000)
 concurrent mark-sweep generation total 393216K, used 19426K [0x00000000e8000000, 0x0000000100000000, 0x0000000100000000)
 Metaspace       used 37036K, capacity 38002K, committed 38320K, reserved 1083392K
  class space    used 4436K, capacity 4691K, committed 4784K, reserved 1048576K
}
2018-03-21T05:45:43.667-0500: 80.557: Total time for which application threads were stopped: 0.0128944 seconds, Stopping threads took: 0.0000267 seconds
2018-03-21T05:45:44.202-0500: 81.092: Total time for which application threads were stopped: 0.0002150 seconds, Stopping threads took: 0.0000479 seconds
2018-03-21T05:45:44.208-0500: 81.099: Total time for which application threads were stopped: 0.0002614 seconds, Stopping threads took: 0.0000400 seconds
2018-03-21T05:45:44.363-0500: 81.253: Total time for which application threads were stopped: 0.0002623 seconds, Stopping threads took: 0.0000703 seconds
2018-03-21T05:45:44.370-0500: 81.261: Total time for which application threads were stopped: 0.0002317 seconds, Stopping threads took: 0.0000705 seconds
2018-03-21T05:45:44.376-0500: 81.267: Total time for which application threads were stopped: 0.0001713 seconds, Stopping threads took: 0.0000578 seconds
{Heap before GC invocations=15 (full 1):
 par new generation   total 109248K, used 100928K [0x00000000e0000000, 0x00000000e8000000, 0x00000000e8000000)
  eden space 87424K, 100% used [0x00000000e0000000, 0x00000000e5560000, 0x00000000e5560000)
  from space 21824K,  61% used [0x00000000e6ab0000, 0x00000000e77e0310, 0x00000000e8000000)
  to   space 21824K,   0% used [0x00000000e5560000, 0x00000000e5560000, 0x00000000e6ab0000)
 concurrent mark-sweep generation total 393216K, used 19426K [0x00000000e8000000, 0x0000000100000000, 0x0000000100000000)
 Metaspace       used 37053K, capacity 38002K, committed 38320K, reserved 1083392K
  class space    used 4436K, capacity 4691K, committed 4784K, reserved 1048576K
2018-03-21T05:45:44.420-0500: 81.311: [GC (Allocation Failure) 2018-03-21T05:45:44.420-0500: 81.311: [ParNew
Desired survivor size 20112992 bytes, new threshold 8 (max 8)
- age   1:    3775432 bytes,    3775432 total
- age   2:    1473552 bytes,    5248984 total
- age   3:     501736 bytes,    5750720 total
- age   4:    1888528 bytes,    7639248 total
- age   5:    1555144 bytes,    9194392 total
- age   6:     697072 bytes,    9891464 total
- age   7:     540152 bytes,   10431616 total
- age   8:     504432 bytes,   10936048 total
: 100928K->13534K(109248K), 0.0245998 secs] 120355K->33467K(502464K), 0.0246941 secs] [Times: user=0.07 sys=0.00, real=0.02 secs] 
Heap after GC invocations=16 (full 1):
 par new generation   total 109248K, used 13534K [0x00000000e0000000, 0x00000000e8000000, 0x00000000e8000000)
  eden space 87424K,   0% used [0x00000000e0000000, 0x00000000e0000000, 0x00000000e5560000)
  from space 21824K,  62% used [0x00000000e5560000, 0x00000000e6297988, 0x00000000e6ab0000)
  to   space 21824K,   0% used [0x00000000e6ab0000, 0x00000000e6ab0000, 0x00000000e8000000)
 concurrent mark-sweep generation total 393216K, used 19932K [0x00000000e8000000, 0x0000000100000000, 0x0000000100000000)
 Metaspace       used 37053K, capacity 38002K, committed 38320K, reserved 1083392K
  class space    used 4436K, capacity 4691K, committed 4784K, reserved 1048576K
}
2018-03-21T05:45:44.445-0500: 81.335: Total time for which application threads were stopped: 0.0249689 seconds, Stopping threads took: 0.0000494 seconds
2018-03-21T05:45:44.580-0500: 81.471: Total time for which application threads were stopped: 0.0001900 seconds, Stopping threads took: 0.0000599 seconds
2018-03-21T05:45:44.581-0500: 81.471: Total time for which application threads were stopped: 0.0001008 seconds, Stopping threads took: 0.0000429 seconds
2018-03-21T05:45:44.581-0500: 81.471: Total time for which application threads were stopped: 0.0001089 seconds, Stopping threads took: 0.0000493 seconds
2018-03-21T05:45:44.581-0500: 81.471: Total time for which application threads were stopped: 0.0000795 seconds, Stopping threads took: 0.0000178 seconds
2018-03-21T05:45:44.581-0500: 81.471: Total time for which application threads were stopped: 0.0001010 seconds, Stopping threads took: 0.0000393 seconds
2018-03-21T05:45:44.581-0500: 81.472: Total time for which application threads were stopped: 0.0000995 seconds, Stopping threads took: 0.0000312 seconds
2018-03-21T05:45:44.581-0500: 81.472: Total time for which application threads were stopped: 0.0000926 seconds, Stopping threads took: 0.0000276 seconds
2018-03-21T05:45:44.581-0500: 81.472: Total time for which application threads were stopped: 0.0000827 seconds, Stopping threads took: 0.0000145 seconds
2018-03-21T05:45:44.581-0500: 81.472: Total time for which application threads were stopped: 0.0000970 seconds, Stopping threads took: 0.0000341 seconds
2018-03-21T05:45:44.582-0500: 81.472: Total time for which application threads were stopped: 0.0004692 seconds, Stopping threads took: 0.0003933 seconds
2018-03-21T05:45:44.582-0500: 81.473: Total time for which application threads were stopped: 0.0001057 seconds, Stopping threads took: 0.0000387 seconds
2018-03-21T05:45:44.582-0500: 81.473: Total time for which application threads were stopped: 0.0000915 seconds, Stopping threads took: 0.0000241 seconds
2018-03-21T05:45:44.582-0500: 81.473: Total time for which application threads were stopped: 0.0000838 seconds, Stopping threads took: 0.0000151 seconds
2018-03-21T05:45:44.582-0500: 81.473: Total time for which application threads were stopped: 0.0000794 seconds, Stopping threads took: 0.0000147 seconds
2018-03-21T05:45:44.583-0500: 81.473: Total time for which application threads were stopped: 0.0000781 seconds, Stopping threads took: 0.0000145 seconds
2018-03-21T05:45:44.583-0500: 81.473: Total time for which application threads were stopped: 0.0000774 seconds, Stopping threads took: 0.0000140 seconds
2018-03-21T05:45:44.583-0500: 81.473: Total time for which application threads were stopped: 0.0000886 seconds, Stopping threads took: 0.0000173 seconds
2018-03-21T05:45:44.583-0500: 81.474: Total time for which application threads were stopped: 0.0002380 seconds, Stopping threads took: 0.0000139 seconds
{Heap before GC invocations=16 (full 1):
 par new generation   total 109248K, used 100958K [0x00000000e0000000, 0x00000000e8000000, 0x00000000e8000000)
  eden space 87424K, 100% used [0x00000000e0000000, 0x00000000e5560000, 0x00000000e5560000)
  from space 21824K,  62% used [0x00000000e5560000, 0x00000000e6297988, 0x00000000e6ab0000)
  to   space 21824K,   0% used [0x00000000e6ab0000, 0x00000000e6ab0000, 0x00000000e8000000)
 concurrent mark-sweep generation total 393216K, used 19932K [0x00000000e8000000, 0x0000000100000000, 0x0000000100000000)
 Metaspace       used 37062K, capacity 38002K, committed 38320K, reserved 1083392K
  class space    used 4436K, capacity 4691K, committed 4784K, reserved 1048576K
2018-03-21T05:45:45.072-0500: 81.962: [GC (Allocation Failure) 2018-03-21T05:45:45.072-0500: 81.962: [ParNew
Desired survivor size 20112992 bytes, new threshold 8 (max 8)
- age   1:    3071416 bytes,    3071416 total
- age   2:    1894880 bytes,    4966296 total
- age   3:     825456 bytes,    5791752 total
- age   4:     501736 bytes,    6293488 total
- age   5:    1888528 bytes,    8182016 total
- age   6:    1555144 bytes,    9737160 total
- age   7:     697072 bytes,   10434232 total
- age   8:     540152 bytes,   10974384 total
: 100958K->13139K(109248K), 0.0177043 secs] 120891K->33564K(502464K), 0.0177983 secs] [Times: user=0.05 sys=0.00, real=0.01 secs] 
Heap after GC invocations=17 (full 1):
 par new generation   total 109248K, used 13139K [0x00000000e0000000, 0x00000000e8000000, 0x00000000e8000000)
  eden space 87424K,   0% used [0x00000000e0000000, 0x00000000e0000000, 0x00000000e5560000)
  from space 21824K,  60% used [0x00000000e6ab0000, 0x00000000e7784d60, 0x00000000e8000000)
  to   space 21824K,   0% used [0x00000000e5560000, 0x00000000e5560000, 0x00000000e6ab0000)
 concurrent mark-sweep generation total 393216K, used 20425K [0x00000000e8000000, 0x0000000100000000, 0x0000000100000000)
 Metaspace       used 37062K, capacity 38002K, committed 38320K, reserved 1083392K
  class space    used 4436K, capacity 4691K, committed 4784K, reserved 1048576K
}
2018-03-21T05:45:45.090-0500: 81.980: Total time for which application threads were stopped: 0.0181052 seconds, Stopping threads took: 0.0000522 seconds
2018-03-21T05:45:45.354-0500: 82.245: Total time for which application threads were stopped: 0.0002970 seconds, Stopping threads took: 0.0000730 seconds
2018-03-21T05:45:45.354-0500: 82.245: Total time for which application threads were stopped: 0.0001069 seconds, Stopping threads took: 0.0000416 seconds
2018-03-21T05:45:45.508-0500: 82.399: Total time for which application threads were stopped: 0.0003761 seconds, Stopping threads took: 0.0001886 seconds
2018-03-21T05:45:45.538-0500: 82.428: Total time for which application threads were stopped: 0.0097965 seconds, Stopping threads took: 0.0096771 seconds
{Heap before GC invocations=17 (full 1):
 par new generation   total 109248K, used 100563K [0x00000000e0000000, 0x00000000e8000000, 0x00000000e8000000)
  eden space 87424K, 100% used [0x00000000e0000000, 0x00000000e5560000, 0x00000000e5560000)
  from space 21824K,  60% used [0x00000000e6ab0000, 0x00000000e7784d60, 0x00000000e8000000)
  to   space 21824K,   0% used [0x00000000e5560000, 0x00000000e5560000, 0x00000000e6ab0000)
 concurrent mark-sweep generation total 393216K, used 20425K [0x00000000e8000000, 0x0000000100000000, 0x0000000100000000)
 Metaspace       used 37196K, capacity 38130K, committed 38320K, reserved 1083392K
  class space    used 4451K, capacity 4691K, committed 4784K, reserved 1048576K
2018-03-21T05:45:45.636-0500: 82.526: [GC (Allocation Failure) 2018-03-21T05:45:45.636-0500: 82.526: [ParNew
Desired survivor size 20112992 bytes, new threshold 8 (max 8)
- age   1:    3673688 bytes,    3673688 total
- age   2:     715576 bytes,    4389264 total
- age   3:     759520 bytes,    5148784 total
- age   4:     824408 bytes,    5973192 total
- age   5:     501736 bytes,    6474928 total
- age   6:    1888528 bytes,    8363456 total
- age   7:    1555144 bytes,    9918600 total
- age   8:     697072 bytes,   10615672 total
: 100563K->17898K(109248K), 0.0319133 secs] 120988K->38851K(502464K), 0.0320336 secs] [Times: user=0.12 sys=0.00, real=0.03 secs] 
Heap after GC invocations=18 (full 1):
 par new generation   total 109248K, used 17898K [0x00000000e0000000, 0x00000000e8000000, 0x00000000e8000000)
  eden space 87424K,   0% used [0x00000000e0000000, 0x00000000e0000000, 0x00000000e5560000)
  from space 21824K,  82% used [0x00000000e5560000, 0x00000000e66daa78, 0x00000000e6ab0000)
  to   space 21824K,   0% used [0x00000000e6ab0000, 0x00000000e6ab0000, 0x00000000e8000000)
 concurrent mark-sweep generation total 393216K, used 20952K [0x00000000e8000000, 0x0000000100000000, 0x0000000100000000)
 Metaspace       used 37196K, capacity 38130K, committed 38320K, reserved 1083392K
  class space    used 4451K, capacity 4691K, committed 4784K, reserved 1048576K
}
2018-03-21T05:45:45.668-0500: 82.558: Total time for which application threads were stopped: 0.0324241 seconds, Stopping threads took: 0.0000869 seconds
2018-03-21T05:45:45.968-0500: 82.859: Total time for which application threads were stopped: 0.0008452 seconds, Stopping threads took: 0.0001288 seconds
2018-03-21T05:45:45.972-0500: 82.862: Total time for which application threads were stopped: 0.0002104 seconds, Stopping threads took: 0.0000895 seconds
2018-03-21T05:45:45.981-0500: 82.872: Total time for which application threads were stopped: 0.0001385 seconds, Stopping threads took: 0.0000483 seconds
2018-03-21T05:45:45.982-0500: 82.872: Total time for which application threads were stopped: 0.0001583 seconds, Stopping threads took: 0.0000703 seconds
2018-03-21T05:45:45.996-0500: 82.887: Total time for which application threads were stopped: 0.0023201 seconds, Stopping threads took: 0.0021977 seconds
2018-03-21T05:45:46.017-0500: 82.907: Total time for which application threads were stopped: 0.0001463 seconds, Stopping threads took: 0.0000519 seconds
2018-03-21T05:45:46.018-0500: 82.908: Total time for which application threads were stopped: 0.0001585 seconds, Stopping threads took: 0.0000674 seconds
2018-03-21T05:45:46.019-0500: 82.909: Total time for which application threads were stopped: 0.0001279 seconds, Stopping threads took: 0.0000470 seconds
2018-03-21T05:45:46.019-0500: 82.910: Total time for which application threads were stopped: 0.0000895 seconds, Stopping threads took: 0.0000327 seconds
2018-03-21T05:45:46.024-0500: 82.915: Total time for which application threads were stopped: 0.0001631 seconds, Stopping threads took: 0.0000654 seconds
2018-03-21T05:45:46.029-0500: 82.919: Total time for which application threads were stopped: 0.0001539 seconds, Stopping threads took: 0.0000514 seconds
2018-03-21T05:45:46.203-0500: 83.093: Total time for which application threads were stopped: 0.0002243 seconds, Stopping threads took: 0.0000670 seconds
2018-03-21T05:45:46.210-0500: 83.101: Total time for which application threads were stopped: 0.0027268 seconds, Stopping threads took: 0.0025845 seconds
2018-03-21T05:45:46.215-0500: 83.106: Total time for which application threads were stopped: 0.0001713 seconds, Stopping threads took: 0.0000758 seconds
2018-03-21T05:45:46.216-0500: 83.107: Total time for which application threads were stopped: 0.0001511 seconds, Stopping threads took: 0.0000514 seconds
2018-03-21T05:45:46.224-0500: 83.114: Total time for which application threads were stopped: 0.0016642 seconds, Stopping threads took: 0.0015221 seconds
2018-03-21T05:45:46.224-0500: 83.115: Total time for which application threads were stopped: 0.0001413 seconds, Stopping threads took: 0.0000518 seconds
2018-03-21T05:45:46.225-0500: 83.116: Total time for which application threads were stopped: 0.0002858 seconds, Stopping threads took: 0.0000803 seconds
2018-03-21T05:45:46.225-0500: 83.116: Total time for which application threads were stopped: 0.0001310 seconds, Stopping threads took: 0.0000441 seconds
2018-03-21T05:45:46.228-0500: 83.118: Total time for which application threads were stopped: 0.0006690 seconds, Stopping threads took: 0.0005464 seconds
2018-03-21T05:45:46.228-0500: 83.118: Total time for which application threads were stopped: 0.0001117 seconds, Stopping threads took: 0.0000465 seconds
2018-03-21T05:45:46.230-0500: 83.121: Total time for which application threads were stopped: 0.0002327 seconds, Stopping threads took: 0.0000606 seconds
2018-03-21T05:45:46.246-0500: 83.136: Total time for which application threads were stopped: 0.0040831 seconds, Stopping threads took: 0.0039199 seconds
2018-03-21T05:45:46.250-0500: 83.141: Total time for which application threads were stopped: 0.0001944 seconds, Stopping threads took: 0.0000716 seconds
2018-03-21T05:45:46.279-0500: 83.170: Total time for which application threads were stopped: 0.0002719 seconds, Stopping threads took: 0.0001097 seconds
2018-03-21T05:45:46.286-0500: 83.177: Total time for which application threads were stopped: 0.0001805 seconds, Stopping threads took: 0.0000738 seconds
{Heap before GC invocations=18 (full 1):
 par new generation   total 109248K, used 105322K [0x00000000e0000000, 0x00000000e8000000, 0x00000000e8000000)
  eden space 87424K, 100% used [0x00000000e0000000, 0x00000000e5560000, 0x00000000e5560000)
  from space 21824K,  82% used [0x00000000e5560000, 0x00000000e66daa78, 0x00000000e6ab0000)
  to   space 21824K,   0% used [0x00000000e6ab0000, 0x00000000e6ab0000, 0x00000000e8000000)
 concurrent mark-sweep generation total 393216K, used 20952K [0x00000000e8000000, 0x0000000100000000, 0x0000000100000000)
 Metaspace       used 37336K, capacity 38290K, committed 38576K, reserved 1083392K
  class space    used 4469K, capacity 4723K, committed 4784K, reserved 1048576K
2018-03-21T05:45:46.405-0500: 83.296: [GC (Allocation Failure) 2018-03-21T05:45:46.405-0500: 83.296: [ParNew
Desired survivor size 20112992 bytes, new threshold 8 (max 8)
- age   1:    3981376 bytes,    3981376 total
- age   2:    2006072 bytes,    5987448 total
- age   3:     714632 bytes,    6702080 total
- age   4:     759216 bytes,    7461296 total
- age   5:     824344 bytes,    8285640 total
- age   6:     501736 bytes,    8787376 total
- age   7:    1888528 bytes,   10675904 total
- age   8:    1555144 bytes,   12231048 total
: 105322K->14158K(109248K), 0.0147136 secs] 126275K->35792K(502464K), 0.0148097 secs] [Times: user=0.05 sys=0.00, real=0.02 secs] 
Heap after GC invocations=19 (full 1):
 par new generation   total 109248K, used 14158K [0x00000000e0000000, 0x00000000e8000000, 0x00000000e8000000)
  eden space 87424K,   0% used [0x00000000e0000000, 0x00000000e0000000, 0x00000000e5560000)
  from space 21824K,  64% used [0x00000000e6ab0000, 0x00000000e7883b38, 0x00000000e8000000)
  to   space 21824K,   0% used [0x00000000e5560000, 0x00000000e5560000, 0x00000000e6ab0000)
 concurrent mark-sweep generation total 393216K, used 21633K [0x00000000e8000000, 0x0000000100000000, 0x0000000100000000)
 Metaspace       used 37336K, capacity 38290K, committed 38576K, reserved 1083392K
  class space    used 4469K, capacity 4723K, committed 4784K, reserved 1048576K
}
2018-03-21T05:45:46.420-0500: 83.310: Total time for which application threads were stopped: 0.0150722 seconds, Stopping threads took: 0.0000673 seconds
2018-03-21T05:45:46.621-0500: 83.511: Total time for which application threads were stopped: 0.0062863 seconds, Stopping threads took: 0.0061045 seconds
2018-03-21T05:45:46.622-0500: 83.513: Total time for which application threads were stopped: 0.0006482 seconds, Stopping threads took: 0.0005451 seconds
2018-03-21T05:45:46.623-0500: 83.513: Total time for which application threads were stopped: 0.0000912 seconds, Stopping threads took: 0.0000293 seconds
2018-03-21T05:45:46.623-0500: 83.513: Total time for which application threads were stopped: 0.0000994 seconds, Stopping threads took: 0.0000429 seconds
2018-03-21T05:45:46.623-0500: 83.513: Total time for which application threads were stopped: 0.0001740 seconds, Stopping threads took: 0.0001128 seconds
2018-03-21T05:45:46.623-0500: 83.514: Total time for which application threads were stopped: 0.0000830 seconds, Stopping threads took: 0.0000295 seconds
2018-03-21T05:45:46.626-0500: 83.517: Total time for which application threads were stopped: 0.0001598 seconds, Stopping threads took: 0.0000533 seconds
2018-03-21T05:45:46.630-0500: 83.521: Total time for which application threads were stopped: 0.0001591 seconds, Stopping threads took: 0.0000705 seconds
2018-03-21T05:45:46.630-0500: 83.521: Total time for which application threads were stopped: 0.0000838 seconds, Stopping threads took: 0.0000393 seconds
2018-03-21T05:45:46.630-0500: 83.521: Total time for which application threads were stopped: 0.0000768 seconds, Stopping threads took: 0.0000336 seconds
2018-03-21T05:45:46.630-0500: 83.521: Total time for which application threads were stopped: 0.0000816 seconds, Stopping threads took: 0.0000349 seconds
2018-03-21T05:45:46.631-0500: 83.521: Total time for which application threads were stopped: 0.0000756 seconds, Stopping threads took: 0.0000331 seconds
2018-03-21T05:45:46.631-0500: 83.521: Total time for which application threads were stopped: 0.0000749 seconds, Stopping threads took: 0.0000277 seconds
2018-03-21T05:45:46.631-0500: 83.521: Total time for which application threads were stopped: 0.0001655 seconds, Stopping threads took: 0.0001168 seconds
2018-03-21T05:45:46.631-0500: 83.522: Total time for which application threads were stopped: 0.0000767 seconds, Stopping threads took: 0.0000341 seconds
2018-03-21T05:45:46.631-0500: 83.522: Total time for which application threads were stopped: 0.0000779 seconds, Stopping threads took: 0.0000343 seconds
2018-03-21T05:45:46.631-0500: 83.522: Total time for which application threads were stopped: 0.0000776 seconds, Stopping threads took: 0.0000351 seconds
2018-03-21T05:45:46.631-0500: 83.522: Total time for which application threads were stopped: 0.0000737 seconds, Stopping threads took: 0.0000326 seconds
2018-03-21T05:45:46.632-0500: 83.522: Total time for which application threads were stopped: 0.0001950 seconds, Stopping threads took: 0.0000335 seconds
{Heap before GC invocations=19 (full 1):
 par new generation   total 109248K, used 101582K [0x00000000e0000000, 0x00000000e8000000, 0x00000000e8000000)
  eden space 87424K, 100% used [0x00000000e0000000, 0x00000000e5560000, 0x00000000e5560000)
  from space 21824K,  64% used [0x00000000e6ab0000, 0x00000000e7883b38, 0x00000000e8000000)
  to   space 21824K,   0% used [0x00000000e5560000, 0x00000000e5560000, 0x00000000e6ab0000)
 concurrent mark-sweep generation total 393216K, used 21633K [0x00000000e8000000, 0x0000000100000000, 0x0000000100000000)
 Metaspace       used 37348K, capacity 38296K, committed 38576K, reserved 1083392K
  class space    used 4469K, capacity 4724K, committed 4784K, reserved 1048576K
2018-03-21T05:45:47.078-0500: 83.969: [GC (Allocation Failure) 2018-03-21T05:45:47.078-0500: 83.969: [ParNew
Desired survivor size 20112992 bytes, new threshold 8 (max 8)
- age   1:    2092096 bytes,    2092096 total
- age   2:    2203584 bytes,    4295680 total
- age   3:    1258472 bytes,    5554152 total
- age   4:     714440 bytes,    6268592 total
- age   5:     759216 bytes,    7027808 total
- age   6:     824344 bytes,    7852152 total
- age   7:     501736 bytes,    8353888 total
- age   8:    1888528 bytes,   10242416 total
: 101582K->15368K(109248K), 0.0306209 secs] 123216K->38520K(502464K), 0.0307013 secs] [Times: user=0.10 sys=0.00, real=0.02 secs] 
Heap after GC invocations=20 (full 1):
 par new generation   total 109248K, used 15368K [0x00000000e0000000, 0x00000000e8000000, 0x00000000e8000000)
  eden space 87424K,   0% used [0x00000000e0000000, 0x00000000e0000000, 0x00000000e5560000)
  from space 21824K,  70% used [0x00000000e5560000, 0x00000000e64620d0, 0x00000000e6ab0000)
  to   space 21824K,   0% used [0x00000000e6ab0000, 0x00000000e6ab0000, 0x00000000e8000000)
 concurrent mark-sweep generation total 393216K, used 23152K [0x00000000e8000000, 0x0000000100000000, 0x0000000100000000)
 Metaspace       used 37348K, capacity 38296K, committed 38576K, reserved 1083392K
  class space    used 4469K, capacity 4724K, committed 4784K, reserved 1048576K
}
2018-03-21T05:45:47.109-0500: 84.000: Total time for which application threads were stopped: 0.0310878 seconds, Stopping threads took: 0.0000704 seconds
2018-03-21T05:45:47.274-0500: 84.164: Total time for which application threads were stopped: 0.0002625 seconds, Stopping threads took: 0.0001023 seconds
2018-03-21T05:45:47.280-0500: 84.170: Total time for which application threads were stopped: 0.0016245 seconds, Stopping threads took: 0.0014896 seconds
2018-03-21T05:45:47.363-0500: 84.253: Total time for which application threads were stopped: 0.0001538 seconds, Stopping threads took: 0.0000667 seconds
2018-03-21T05:45:47.421-0500: 84.311: Total time for which application threads were stopped: 0.0002615 seconds, Stopping threads took: 0.0000470 seconds
2018-03-21T05:45:47.446-0500: 84.336: Total time for which application threads were stopped: 0.0001287 seconds, Stopping threads took: 0.0000482 seconds
2018-03-21T05:45:47.466-0500: 84.357: Total time for which application threads were stopped: 0.0002921 seconds, Stopping threads took: 0.0000482 seconds
2018-03-21T05:45:47.512-0500: 84.403: Total time for which application threads were stopped: 0.0007576 seconds, Stopping threads took: 0.0000505 seconds
2018-03-21T05:45:47.855-0500: 84.745: Total time for which application threads were stopped: 0.0003034 seconds, Stopping threads took: 0.0000556 seconds
{Heap before GC invocations=20 (full 1):
 par new generation   total 109248K, used 102792K [0x00000000e0000000, 0x00000000e8000000, 0x00000000e8000000)
  eden space 87424K, 100% used [0x00000000e0000000, 0x00000000e5560000, 0x00000000e5560000)
  from space 21824K,  70% used [0x00000000e5560000, 0x00000000e64620d0, 0x00000000e6ab0000)
  to   space 21824K,   0% used [0x00000000e6ab0000, 0x00000000e6ab0000, 0x00000000e8000000)
 concurrent mark-sweep generation total 393216K, used 23152K [0x00000000e8000000, 0x0000000100000000, 0x0000000100000000)
 Metaspace       used 37570K, capacity 38424K, committed 38576K, reserved 1083392K
  class space    used 4493K, capacity 4724K, committed 4784K, reserved 1048576K
2018-03-21T05:45:47.971-0500: 84.862: [GC (Allocation Failure) 2018-03-21T05:45:47.971-0500: 84.862: [ParNew
Desired survivor size 20112992 bytes, new threshold 8 (max 8)
- age   1:    2620968 bytes,    2620968 total
- age   2:     430792 bytes,    3051760 total
- age   3:    1006528 bytes,    4058288 total
- age   4:    1257168 bytes,    5315456 total
- age   5:     714440 bytes,    6029896 total
- age   6:     759176 bytes,    6789072 total
- age   7:     824304 bytes,    7613376 total
- age   8:     471184 bytes,    8084560 total
: 102792K->11389K(109248K), 0.0187284 secs] 125944K->36387K(502464K), 0.0188292 secs] [Times: user=0.05 sys=0.02, real=0.02 secs] 
Heap after GC invocations=21 (full 1):
 par new generation   total 109248K, used 11389K [0x00000000e0000000, 0x00000000e8000000, 0x00000000e8000000)
  eden space 87424K,   0% used [0x00000000e0000000, 0x00000000e0000000, 0x00000000e5560000)
  from space 21824K,  52% used [0x00000000e6ab0000, 0x00000000e75cf570, 0x00000000e8000000)
  to   space 21824K,   0% used [0x00000000e5560000, 0x00000000e5560000, 0x00000000e6ab0000)
 concurrent mark-sweep generation total 393216K, used 24997K [0x00000000e8000000, 0x0000000100000000, 0x0000000100000000)
 Metaspace       used 37570K, capacity 38424K, committed 38576K, reserved 1083392K
  class space    used 4493K, capacity 4724K, committed 4784K, reserved 1048576K
}
2018-03-21T05:45:47.990-0500: 84.881: Total time for which application threads were stopped: 0.0191280 seconds, Stopping threads took: 0.0000461 seconds
2018-03-21T05:45:48.164-0500: 85.055: Total time for which application threads were stopped: 0.0002277 seconds, Stopping threads took: 0.0000566 seconds
2018-03-21T05:45:48.265-0500: 85.156: Total time for which application threads were stopped: 0.0001871 seconds, Stopping threads took: 0.0000280 seconds
2018-03-21T05:45:49.266-0500: 86.156: Total time for which application threads were stopped: 0.0002737 seconds, Stopping threads took: 0.0000556 seconds
2018-03-21T05:45:57.167-0500: 94.058: Total time for which application threads were stopped: 0.0001837 seconds, Stopping threads took: 0.0000473 seconds
2018-03-21T05:45:57.168-0500: 94.058: Total time for which application threads were stopped: 0.0001155 seconds, Stopping threads took: 0.0000286 seconds
2018-03-21T05:45:57.177-0500: 94.067: Total time for which application threads were stopped: 0.0002932 seconds, Stopping threads took: 0.0001276 seconds
2018-03-21T05:45:57.177-0500: 94.068: Total time for which application threads were stopped: 0.0001164 seconds, Stopping threads took: 0.0000224 seconds
2018-03-21T05:45:57.178-0500: 94.068: Total time for which application threads were stopped: 0.0001249 seconds, Stopping threads took: 0.0000196 seconds
2018-03-21T05:45:57.178-0500: 94.069: Total time for which application threads were stopped: 0.0000731 seconds, Stopping threads took: 0.0000317 seconds
2018-03-21T05:45:57.178-0500: 94.069: Total time for which application threads were stopped: 0.0000471 seconds, Stopping threads took: 0.0000123 seconds
2018-03-21T05:45:57.179-0500: 94.069: Total time for which application threads were stopped: 0.0001078 seconds, Stopping threads took: 0.0000295 seconds
2018-03-21T05:45:57.180-0500: 94.070: Total time for which application threads were stopped: 0.0001789 seconds, Stopping threads took: 0.0000370 seconds
2018-03-21T05:45:57.180-0500: 94.071: Total time for which application threads were stopped: 0.0001044 seconds, Stopping threads took: 0.0000297 seconds
2018-03-21T05:45:57.180-0500: 94.071: Total time for which application threads were stopped: 0.0001035 seconds, Stopping threads took: 0.0000265 seconds
2018-03-21T05:45:57.181-0500: 94.071: Total time for which application threads were stopped: 0.0001679 seconds, Stopping threads took: 0.0000654 seconds
2018-03-21T05:45:57.181-0500: 94.072: Total time for which application threads were stopped: 0.0001168 seconds, Stopping threads took: 0.0000283 seconds
2018-03-21T05:45:57.182-0500: 94.073: Total time for which application threads were stopped: 0.0001349 seconds, Stopping threads took: 0.0000302 seconds
2018-03-21T05:45:57.183-0500: 94.073: Total time for which application threads were stopped: 0.0001293 seconds, Stopping threads took: 0.0000282 seconds
2018-03-21T05:45:57.185-0500: 94.076: Total time for which application threads were stopped: 0.0001976 seconds, Stopping threads took: 0.0000310 seconds
2018-03-21T05:45:57.187-0500: 94.078: Total time for which application threads were stopped: 0.0001485 seconds, Stopping threads took: 0.0000523 seconds
2018-03-21T05:45:57.188-0500: 94.079: Total time for which application threads were stopped: 0.0001117 seconds, Stopping threads took: 0.0000304 seconds
2018-03-21T05:45:57.189-0500: 94.079: Total time for which application threads were stopped: 0.0001703 seconds, Stopping threads took: 0.0000658 seconds
2018-03-21T05:45:57.189-0500: 94.080: Total time for which application threads were stopped: 0.0001437 seconds, Stopping threads took: 0.0000680 seconds
2018-03-21T05:45:57.190-0500: 94.080: Total time for which application threads were stopped: 0.0001612 seconds, Stopping threads took: 0.0000851 seconds
2018-03-21T05:45:57.190-0500: 94.081: Total time for which application threads were stopped: 0.0001152 seconds, Stopping threads took: 0.0000542 seconds
2018-03-21T05:45:57.191-0500: 94.082: Total time for which application threads were stopped: 0.0000988 seconds, Stopping threads took: 0.0000260 seconds
2018-03-21T05:45:57.357-0500: 94.248: Total time for which application threads were stopped: 0.0001784 seconds, Stopping threads took: 0.0000517 seconds
2018-03-21T05:45:57.357-0500: 94.248: Total time for which application threads were stopped: 0.0001084 seconds, Stopping threads took: 0.0000466 seconds
2018-03-21T05:45:57.358-0500: 94.248: Total time for which application threads were stopped: 0.0000992 seconds, Stopping threads took: 0.0000445 seconds
2018-03-21T05:45:57.362-0500: 94.253: Total time for which application threads were stopped: 0.0001441 seconds, Stopping threads took: 0.0000458 seconds
2018-03-21T05:45:57.362-0500: 94.253: Total time for which application threads were stopped: 0.0001039 seconds, Stopping threads took: 0.0000281 seconds
2018-03-21T05:45:57.363-0500: 94.253: Total time for which application threads were stopped: 0.0001012 seconds, Stopping threads took: 0.0000266 seconds
2018-03-21T05:45:57.363-0500: 94.254: Total time for which application threads were stopped: 0.0000986 seconds, Stopping threads took: 0.0000284 seconds
2018-03-21T05:45:58.364-0500: 95.254: Total time for which application threads were stopped: 0.0002250 seconds, Stopping threads took: 0.0000537 seconds
{Heap before GC invocations=21 (full 1):
 par new generation   total 109248K, used 98813K [0x00000000e0000000, 0x00000000e8000000, 0x00000000e8000000)
  eden space 87424K, 100% used [0x00000000e0000000, 0x00000000e5560000, 0x00000000e5560000)
  from space 21824K,  52% used [0x00000000e6ab0000, 0x00000000e75cf570, 0x00000000e8000000)
  to   space 21824K,   0% used [0x00000000e5560000, 0x00000000e5560000, 0x00000000e6ab0000)
 concurrent mark-sweep generation total 393216K, used 24997K [0x00000000e8000000, 0x0000000100000000, 0x0000000100000000)
 Metaspace       used 37657K, capacity 38622K, committed 38832K, reserved 1083392K
  class space    used 4499K, capacity 4725K, committed 4784K, reserved 1048576K
2018-03-21T05:46:09.163-0500: 106.054: [GC (Allocation Failure) 2018-03-21T05:46:09.163-0500: 106.054: [ParNew
Desired survivor size 20112992 bytes, new threshold 8 (max 8)
- age   1:    3032360 bytes,    3032360 total
- age   2:     743144 bytes,    3775504 total
- age   3:     422904 bytes,    4198408 total
- age   4:     818672 bytes,    5017080 total
- age   5:    1198840 bytes,    6215920 total
- age   6:     714200 bytes,    6930120 total
- age   7:     759032 bytes,    7689152 total
- age   8:     823936 bytes,    8513088 total
: 98813K->10565K(109248K), 0.0095171 secs] 123811K->36019K(502464K), 0.0096385 secs] [Times: user=0.03 sys=0.00, real=0.01 secs] 
Heap after GC invocations=22 (full 1):
 par new generation   total 109248K, used 10565K [0x00000000e0000000, 0x00000000e8000000, 0x00000000e8000000)
  eden space 87424K,   0% used [0x00000000e0000000, 0x00000000e0000000, 0x00000000e5560000)
  from space 21824K,  48% used [0x00000000e5560000, 0x00000000e5fb1590, 0x00000000e6ab0000)
  to   space 21824K,   0% used [0x00000000e6ab0000, 0x00000000e6ab0000, 0x00000000e8000000)
 concurrent mark-sweep generation total 393216K, used 25454K [0x00000000e8000000, 0x0000000100000000, 0x0000000100000000)
 Metaspace       used 37657K, capacity 38622K, committed 38832K, reserved 1083392K
  class space    used 4499K, capacity 4725K, committed 4784K, reserved 1048576K
}
2018-03-21T05:46:09.173-0500: 106.063: Total time for which application threads were stopped: 0.0098529 seconds, Stopping threads took: 0.0000280 seconds
{Heap before GC invocations=22 (full 1):
 par new generation   total 109248K, used 97989K [0x00000000e0000000, 0x00000000e8000000, 0x00000000e8000000)
  eden space 87424K, 100% used [0x00000000e0000000, 0x00000000e5560000, 0x00000000e5560000)
  from space 21824K,  48% used [0x00000000e5560000, 0x00000000e5fb1590, 0x00000000e6ab0000)
  to   space 21824K,   0% used [0x00000000e6ab0000, 0x00000000e6ab0000, 0x00000000e8000000)
 concurrent mark-sweep generation total 393216K, used 25454K [0x00000000e8000000, 0x0000000100000000, 0x0000000100000000)
 Metaspace       used 37659K, capacity 38622K, committed 38832K, reserved 1083392K
  class space    used 4499K, capacity 4725K, committed 4784K, reserved 1048576K
2018-03-21T05:46:09.729-0500: 106.620: [GC (Allocation Failure) 2018-03-21T05:46:09.729-0500: 106.620: [ParNew
Desired survivor size 20112992 bytes, new threshold 8 (max 8)
- age   1:    4209448 bytes,    4209448 total
- age   2:    2253968 bytes,    6463416 total
- age   3:     742208 bytes,    7205624 total
- age   4:     422904 bytes,    7628528 total
- age   5:     818672 bytes,    8447200 total
- age   6:    1198704 bytes,    9645904 total
- age   7:     714200 bytes,   10360104 total
- age   8:     758968 bytes,   11119072 total
: 97989K->14439K(109248K), 0.0177923 secs] 123443K->40698K(502464K), 0.0178831 secs] [Times: user=0.06 sys=0.00, real=0.02 secs] 
Heap after GC invocations=23 (full 1):
 par new generation   total 109248K, used 14439K [0x00000000e0000000, 0x00000000e8000000, 0x00000000e8000000)
  eden space 87424K,   0% used [0x00000000e0000000, 0x00000000e0000000, 0x00000000e5560000)
  from space 21824K,  66% used [0x00000000e6ab0000, 0x00000000e78c9d80, 0x00000000e8000000)
  to   space 21824K,   0% used [0x00000000e5560000, 0x00000000e5560000, 0x00000000e6ab0000)
 concurrent mark-sweep generation total 393216K, used 26259K [0x00000000e8000000, 0x0000000100000000, 0x0000000100000000)
 Metaspace       used 37659K, capacity 38622K, committed 38832K, reserved 1083392K
  class space    used 4499K, capacity 4725K, committed 4784K, reserved 1048576K
}
2018-03-21T05:46:09.747-0500: 106.638: Total time for which application threads were stopped: 0.0181055 seconds, Stopping threads took: 0.0000251 seconds
2018-03-21T05:46:09.805-0500: 106.696: Total time for which application threads were stopped: 0.0063771 seconds, Stopping threads took: 0.0062143 seconds
2018-03-21T05:46:09.806-0500: 106.696: Total time for which application threads were stopped: 0.0001648 seconds, Stopping threads took: 0.0000426 seconds
2018-03-21T05:46:09.965-0500: 106.856: Total time for which application threads were stopped: 0.0001442 seconds, Stopping threads took: 0.0000576 seconds
2018-03-21T05:46:09.983-0500: 106.873: Total time for which application threads were stopped: 0.0001874 seconds, Stopping threads took: 0.0000682 seconds
2018-03-21T05:46:09.983-0500: 106.873: Total time for which application threads were stopped: 0.0000742 seconds, Stopping threads took: 0.0000174 seconds
2018-03-21T05:46:09.983-0500: 106.873: Total time for which application threads were stopped: 0.0001101 seconds, Stopping threads took: 0.0000528 seconds
2018-03-21T05:46:09.983-0500: 106.874: Total time for which application threads were stopped: 0.0000878 seconds, Stopping threads took: 0.0000319 seconds
2018-03-21T05:46:09.983-0500: 106.874: Total time for which application threads were stopped: 0.0000644 seconds, Stopping threads took: 0.0000137 seconds
2018-03-21T05:46:09.983-0500: 106.874: Total time for which application threads were stopped: 0.0000889 seconds, Stopping threads took: 0.0000356 seconds
2018-03-21T05:46:09.989-0500: 106.879: Total time for which application threads were stopped: 0.0001555 seconds, Stopping threads took: 0.0000488 seconds
2018-03-21T05:46:09.989-0500: 106.880: Total time for which application threads were stopped: 0.0000852 seconds, Stopping threads took: 0.0000366 seconds
2018-03-21T05:46:09.990-0500: 106.880: Total time for which application threads were stopped: 0.0000888 seconds, Stopping threads took: 0.0000361 seconds
2018-03-21T05:46:09.991-0500: 106.881: Total time for which application threads were stopped: 0.0001162 seconds, Stopping threads took: 0.0000464 seconds
2018-03-21T05:46:09.997-0500: 106.888: Total time for which application threads were stopped: 0.0001736 seconds, Stopping threads took: 0.0000514 seconds
{Heap before GC invocations=23 (full 1):
 par new generation   total 109248K, used 101863K [0x00000000e0000000, 0x00000000e8000000, 0x00000000e8000000)
  eden space 87424K, 100% used [0x00000000e0000000, 0x00000000e5560000, 0x00000000e5560000)
  from space 21824K,  66% used [0x00000000e6ab0000, 0x00000000e78c9d80, 0x00000000e8000000)
  to   space 21824K,   0% used [0x00000000e5560000, 0x00000000e5560000, 0x00000000e6ab0000)
 concurrent mark-sweep generation total 393216K, used 26259K [0x00000000e8000000, 0x0000000100000000, 0x0000000100000000)
 Metaspace       used 37678K, capacity 38624K, committed 38832K, reserved 1083392K
  class space    used 4500K, capacity 4726K, committed 4784K, reserved 1048576K
2018-03-21T05:46:10.171-0500: 107.062: [GC (Allocation Failure) 2018-03-21T05:46:10.172-0500: 107.062: [ParNew
Desired survivor size 20112992 bytes, new threshold 8 (max 8)
- age   1:    3077208 bytes,    3077208 total
- age   2:    1423800 bytes,    4501008 total
- age   3:     577384 bytes,    5078392 total
- age   4:     741720 bytes,    5820112 total
- age   5:     422904 bytes,    6243016 total
- age   6:     818608 bytes,    7061624 total
- age   7:     420216 bytes,    7481840 total
- age   8:       4056 bytes,    7485896 total
: 101863K->10284K(109248K), 0.0256323 secs] 128122K->36749K(502464K), 0.0257280 secs] [Times: user=0.10 sys=0.00, real=0.02 secs] 
Heap after GC invocations=24 (full 1):
 par new generation   total 109248K, used 10284K [0x00000000e0000000, 0x00000000e8000000, 0x00000000e8000000)
  eden space 87424K,   0% used [0x00000000e0000000, 0x00000000e0000000, 0x00000000e5560000)
  from space 21824K,  47% used [0x00000000e5560000, 0x00000000e5f6b1e8, 0x00000000e6ab0000)
  to   space 21824K,   0% used [0x00000000e6ab0000, 0x00000000e6ab0000, 0x00000000e8000000)
 concurrent mark-sweep generation total 393216K, used 26465K [0x00000000e8000000, 0x0000000100000000, 0x0000000100000000)
 Metaspace       used 37678K, capacity 38624K, committed 38832K, reserved 1083392K
  class space    used 4500K, capacity 4726K, committed 4784K, reserved 1048576K
}
2018-03-21T05:46:10.197-0500: 107.088: Total time for which application threads were stopped: 0.0259102 seconds, Stopping threads took: 0.0000266 seconds
{Heap before GC invocations=24 (full 1):
 par new generation   total 109248K, used 97708K [0x00000000e0000000, 0x00000000e8000000, 0x00000000e8000000)
  eden space 87424K, 100% used [0x00000000e0000000, 0x00000000e5560000, 0x00000000e5560000)
  from space 21824K,  47% used [0x00000000e5560000, 0x00000000e5f6b1e8, 0x00000000e6ab0000)
  to   space 21824K,   0% used [0x00000000e6ab0000, 0x00000000e6ab0000, 0x00000000e8000000)
 concurrent mark-sweep generation total 393216K, used 26465K [0x00000000e8000000, 0x0000000100000000, 0x0000000100000000)
 Metaspace       used 37683K, capacity 38624K, committed 38832K, reserved 1083392K
  class space    used 4500K, capacity 4726K, committed 4784K, reserved 1048576K
2018-03-21T05:46:10.721-0500: 107.611: [GC (Allocation Failure) 2018-03-21T05:46:10.721-0500: 107.611: [ParNew
Desired survivor size 20112992 bytes, new threshold 8 (max 8)
- age   1:    4440992 bytes,    4440992 total
- age   2:    2344920 bytes,    6785912 total
- age   3:    1262928 bytes,    8048840 total
- age   4:     576440 bytes,    8625280 total
- age   5:     741720 bytes,    9367000 total
- age   6:     422904 bytes,    9789904 total
- age   7:     818608 bytes,   10608512 total
- age   8:     420216 bytes,   11028728 total
: 97708K->11579K(109248K), 0.0192527 secs] 124173K->38048K(502464K), 0.0193378 secs] [Times: user=0.05 sys=0.00, real=0.02 secs] 
Heap after GC invocations=25 (full 1):
 par new generation   total 109248K, used 11579K [0x00000000e0000000, 0x00000000e8000000, 0x00000000e8000000)
  eden space 87424K,   0% used [0x00000000e0000000, 0x00000000e0000000, 0x00000000e5560000)
  from space 21824K,  53% used [0x00000000e6ab0000, 0x00000000e75fece0, 0x00000000e8000000)
  to   space 21824K,   0% used [0x00000000e5560000, 0x00000000e5560000, 0x00000000e6ab0000)
 concurrent mark-sweep generation total 393216K, used 26469K [0x00000000e8000000, 0x0000000100000000, 0x0000000100000000)
 Metaspace       used 37683K, capacity 38624K, committed 38832K, reserved 1083392K
  class space    used 4500K, capacity 4726K, committed 4784K, reserved 1048576K
}
2018-03-21T05:46:10.740-0500: 107.631: Total time for which application threads were stopped: 0.0197210 seconds, Stopping threads took: 0.0000767 seconds
2018-03-21T05:46:10.806-0500: 107.696: Total time for which application threads were stopped: 0.0001931 seconds, Stopping threads took: 0.0000515 seconds
2018-03-21T05:46:10.806-0500: 107.697: Total time for which application threads were stopped: 0.0002521 seconds, Stopping threads took: 0.0000575 seconds
{Heap before GC invocations=25 (full 1):
 par new generation   total 109248K, used 99003K [0x00000000e0000000, 0x00000000e8000000, 0x00000000e8000000)
  eden space 87424K, 100% used [0x00000000e0000000, 0x00000000e5560000, 0x00000000e5560000)
  from space 21824K,  53% used [0x00000000e6ab0000, 0x00000000e75fece0, 0x00000000e8000000)
  to   space 21824K,   0% used [0x00000000e5560000, 0x00000000e5560000, 0x00000000e6ab0000)
 concurrent mark-sweep generation total 393216K, used 26469K [0x00000000e8000000, 0x0000000100000000, 0x0000000100000000)
 Metaspace       used 37690K, capacity 38624K, committed 38832K, reserved 1083392K
  class space    used 4500K, capacity 4726K, committed 4784K, reserved 1048576K
2018-03-21T05:46:11.156-0500: 108.046: [GC (Allocation Failure) 2018-03-21T05:46:11.156-0500: 108.046: [ParNew
Desired survivor size 20112992 bytes, new threshold 8 (max 8)
- age   1:    2037912 bytes,    2037912 total
- age   2:    1348280 bytes,    3386192 total
- age   3:    1325320 bytes,    4711512 total
- age   4:     405344 bytes,    5116856 total
- age   5:     576088 bytes,    5692944 total
- age   6:     741720 bytes,    6434664 total
- age   7:     422904 bytes,    6857568 total
- age   8:     818608 bytes,    7676176 total
: 99003K->11412K(109248K), 0.0358663 secs] 125472K->38293K(502464K), 0.0359782 secs] [Times: user=0.09 sys=0.00, real=0.04 secs] 
Heap after GC invocations=26 (full 1):
 par new generation   total 109248K, used 11412K [0x00000000e0000000, 0x00000000e8000000, 0x00000000e8000000)
  eden space 87424K,   0% used [0x00000000e0000000, 0x00000000e0000000, 0x00000000e5560000)
  from space 21824K,  52% used [0x00000000e5560000, 0x00000000e60853b8, 0x00000000e6ab0000)
  to   space 21824K,   0% used [0x00000000e6ab0000, 0x00000000e6ab0000, 0x00000000e8000000)
 concurrent mark-sweep generation total 393216K, used 26880K [0x00000000e8000000, 0x0000000100000000, 0x0000000100000000)
 Metaspace       used 37690K, capacity 38624K, committed 38832K, reserved 1083392K
  class space    used 4500K, capacity 4726K, committed 4784K, reserved 1048576K
}
2018-03-21T05:46:11.192-0500: 108.082: Total time for which application threads were stopped: 0.0362524 seconds, Stopping threads took: 0.0000502 seconds
{Heap before GC invocations=26 (full 1):
 par new generation   total 109248K, used 98836K [0x00000000e0000000, 0x00000000e8000000, 0x00000000e8000000)
  eden space 87424K, 100% used [0x00000000e0000000, 0x00000000e5560000, 0x00000000e5560000)
  from space 21824K,  52% used [0x00000000e5560000, 0x00000000e60853b8, 0x00000000e6ab0000)
  to   space 21824K,   0% used [0x00000000e6ab0000, 0x00000000e6ab0000, 0x00000000e8000000)
 concurrent mark-sweep generation total 393216K, used 26880K [0x00000000e8000000, 0x0000000100000000, 0x0000000100000000)
 Metaspace       used 37690K, capacity 38624K, committed 38832K, reserved 1083392K
  class space    used 4500K, capacity 4726K, committed 4784K, reserved 1048576K
2018-03-21T05:46:11.676-0500: 108.567: [GC (Allocation Failure) 2018-03-21T05:46:11.677-0500: 108.567: [ParNew
Desired survivor size 20112992 bytes, new threshold 8 (max 8)
- age   1:    3621768 bytes,    3621768 total
- age   2:    1352648 bytes,    4974416 total
- age   3:    1315448 bytes,    6289864 total
- age   4:    1324408 bytes,    7614272 total
- age   5:     405344 bytes,    8019616 total
- age   6:     576088 bytes,    8595704 total
- age   7:     741720 bytes,    9337424 total
- age   8:     422904 bytes,    9760328 total
: 98836K->11408K(109248K), 0.0066049 secs] 125717K->39088K(502464K), 0.0066854 secs] [Times: user=0.02 sys=0.00, real=0.01 secs] 
Heap after GC invocations=27 (full 1):
 par new generation   total 109248K, used 11408K [0x00000000e0000000, 0x00000000e8000000, 0x00000000e8000000)
  eden space 87424K,   0% used [0x00000000e0000000, 0x00000000e0000000, 0x00000000e5560000)
  from space 21824K,  52% used [0x00000000e6ab0000, 0x00000000e75d4338, 0x00000000e8000000)
  to   space 21824K,   0% used [0x00000000e5560000, 0x00000000e5560000, 0x00000000e6ab0000)
 concurrent mark-sweep generation total 393216K, used 27680K [0x00000000e8000000, 0x0000000100000000, 0x0000000100000000)
 Metaspace       used 37690K, capacity 38624K, committed 38832K, reserved 1083392K
  class space    used 4500K, capacity 4726K, committed 4784K, reserved 1048576K
}
2018-03-21T05:46:11.683-0500: 108.574: Total time for which application threads were stopped: 0.0068626 seconds, Stopping threads took: 0.0000220 seconds
2018-03-21T05:46:11.890-0500: 108.781: Total time for which application threads were stopped: 0.0002494 seconds, Stopping threads took: 0.0000487 seconds
2018-03-21T05:46:11.890-0500: 108.781: Total time for which application threads were stopped: 0.0001115 seconds, Stopping threads took: 0.0000424 seconds
2018-03-21T05:46:11.891-0500: 108.781: Total time for which application threads were stopped: 0.0001007 seconds, Stopping threads took: 0.0000398 seconds
2018-03-21T05:46:11.891-0500: 108.781: Total time for which application threads were stopped: 0.0000884 seconds, Stopping threads took: 0.0000288 seconds
2018-03-21T05:46:11.891-0500: 108.781: Total time for which application threads were stopped: 0.0000848 seconds, Stopping threads took: 0.0000286 seconds
2018-03-21T05:46:12.891-0500: 109.782: Total time for which application threads were stopped: 0.0001985 seconds, Stopping threads took: 0.0000822 seconds
2018-03-21T05:46:23.700-0500: 120.591: Total time for which application threads were stopped: 0.0002178 seconds, Stopping threads took: 0.0000655 seconds
2018-03-21T05:46:23.712-0500: 120.603: Total time for which application threads were stopped: 0.0001182 seconds, Stopping threads took: 0.0000265 seconds
2018-03-21T05:46:23.713-0500: 120.604: Total time for which application threads were stopped: 0.0000921 seconds, Stopping threads took: 0.0000312 seconds
2018-03-21T05:46:23.714-0500: 120.605: Total time for which application threads were stopped: 0.0001123 seconds, Stopping threads took: 0.0000477 seconds
2018-03-21T05:46:23.716-0500: 120.606: Total time for which application threads were stopped: 0.0001091 seconds, Stopping threads took: 0.0000465 seconds
2018-03-21T05:46:23.719-0500: 120.609: Total time for which application threads were stopped: 0.0001886 seconds, Stopping threads took: 0.0000724 seconds
2018-03-21T05:46:23.833-0500: 120.724: Total time for which application threads were stopped: 0.0006632 seconds, Stopping threads took: 0.0005933 seconds
2018-03-21T05:46:23.836-0500: 120.726: Total time for which application threads were stopped: 0.0001068 seconds, Stopping threads took: 0.0000301 seconds
2018-03-21T05:46:23.836-0500: 120.727: Total time for which application threads were stopped: 0.0001811 seconds, Stopping threads took: 0.0001386 seconds
2018-03-21T05:46:23.836-0500: 120.727: Total time for which application threads were stopped: 0.0000878 seconds, Stopping threads took: 0.0000348 seconds
2018-03-21T05:46:24.837-0500: 121.727: Total time for which application threads were stopped: 0.0002539 seconds, Stopping threads took: 0.0000529 seconds
2018-03-21T05:46:30.838-0500: 127.729: Total time for which application threads were stopped: 0.0009405 seconds, Stopping threads took: 0.0008425 seconds
{Heap before GC invocations=27 (full 1):
 par new generation   total 109248K, used 98832K [0x00000000e0000000, 0x00000000e8000000, 0x00000000e8000000)
  eden space 87424K, 100% used [0x00000000e0000000, 0x00000000e5560000, 0x00000000e5560000)
  from space 21824K,  52% used [0x00000000e6ab0000, 0x00000000e75d4338, 0x00000000e8000000)
  to   space 21824K,   0% used [0x00000000e5560000, 0x00000000e5560000, 0x00000000e6ab0000)
 concurrent mark-sweep generation total 393216K, used 27680K [0x00000000e8000000, 0x0000000100000000, 0x0000000100000000)
 Metaspace       used 37710K, capacity 38624K, committed 38832K, reserved 1083392K
  class space    used 4501K, capacity 4726K, committed 4784K, reserved 1048576K
2018-03-21T05:46:30.906-0500: 127.797: [GC (Allocation Failure) 2018-03-21T05:46:30.906-0500: 127.797: [ParNew
Desired survivor size 20112992 bytes, new threshold 8 (max 8)
- age   1:    2637624 bytes,    2637624 total
- age   2:     313496 bytes,    2951120 total
- age   3:     242976 bytes,    3194096 total
- age   4:     300848 bytes,    3494944 total
- age   5:    1308128 bytes,    4803072 total
- age   6:     401208 bytes,    5204280 total
- age   7:     298496 bytes,    5502776 total
- age   8:      68424 bytes,    5571200 total
: 98832K->12278K(109248K), 0.0052865 secs] 126512K->40328K(502464K), 0.0053627 secs] [Times: user=0.02 sys=0.00, real=0.01 secs] 
Heap after GC invocations=28 (full 1):
 par new generation   total 109248K, used 12278K [0x00000000e0000000, 0x00000000e8000000, 0x00000000e8000000)
  eden space 87424K,   0% used [0x00000000e0000000, 0x00000000e0000000, 0x00000000e5560000)
  from space 21824K,  56% used [0x00000000e5560000, 0x00000000e615db10, 0x00000000e6ab0000)
  to   space 21824K,   0% used [0x00000000e6ab0000, 0x00000000e6ab0000, 0x00000000e8000000)
 concurrent mark-sweep generation total 393216K, used 28049K [0x00000000e8000000, 0x0000000100000000, 0x0000000100000000)
 Metaspace       used 37710K, capacity 38624K, committed 38832K, reserved 1083392K
  class space    used 4501K, capacity 4726K, committed 4784K, reserved 1048576K
}
2018-03-21T05:46:30.911-0500: 127.802: Total time for which application threads were stopped: 0.0056256 seconds, Stopping threads took: 0.0000461 seconds
{Heap before GC invocations=28 (full 1):
 par new generation   total 109248K, used 99702K [0x00000000e0000000, 0x00000000e8000000, 0x00000000e8000000)
  eden space 87424K, 100% used [0x00000000e0000000, 0x00000000e5560000, 0x00000000e5560000)
  from space 21824K,  56% used [0x00000000e5560000, 0x00000000e615db10, 0x00000000e6ab0000)
  to   space 21824K,   0% used [0x00000000e6ab0000, 0x00000000e6ab0000, 0x00000000e8000000)
 concurrent mark-sweep generation total 393216K, used 28049K [0x00000000e8000000, 0x0000000100000000, 0x0000000100000000)
 Metaspace       used 37711K, capacity 38624K, committed 38832K, reserved 1083392K
  class space    used 4501K, capacity 4726K, committed 4784K, reserved 1048576K
2018-03-21T05:46:31.312-0500: 128.202: [GC (Allocation Failure) 2018-03-21T05:46:31.312-0500: 128.202: [ParNew
Desired survivor size 20112992 bytes, new threshold 8 (max 8)
- age   1:    3289600 bytes,    3289600 total
- age   2:    2174336 bytes,    5463936 total
- age   3:     313496 bytes,    5777432 total
- age   4:     242064 bytes,    6019496 total
- age   5:     300848 bytes,    6320344 total
- age   6:    1308128 bytes,    7628472 total
- age   7:     401208 bytes,    8029680 total
- age   8:     298296 bytes,    8327976 total
: 99702K->10732K(109248K), 0.0060239 secs] 127752K->38849K(502464K), 0.0061192 secs] [Times: user=0.02 sys=0.01, real=0.01 secs] 
Heap after GC invocations=29 (full 1):
 par new generation   total 109248K, used 10732K [0x00000000e0000000, 0x00000000e8000000, 0x00000000e8000000)
  eden space 87424K,   0% used [0x00000000e0000000, 0x00000000e0000000, 0x00000000e5560000)
  from space 21824K,  49% used [0x00000000e6ab0000, 0x00000000e752b3e0, 0x00000000e8000000)
  to   space 21824K,   0% used [0x00000000e5560000, 0x00000000e5560000, 0x00000000e6ab0000)
 concurrent mark-sweep generation total 393216K, used 28116K [0x00000000e8000000, 0x0000000100000000, 0x0000000100000000)
 Metaspace       used 37711K, capacity 38624K, committed 38832K, reserved 1083392K
  class space    used 4501K, capacity 4726K, committed 4784K, reserved 1048576K
}
2018-03-21T05:46:31.318-0500: 128.208: Total time for which application threads were stopped: 0.0062906 seconds, Stopping threads took: 0.0000210 seconds
{Heap before GC invocations=29 (full 1):
 par new generation   total 109248K, used 97733K [0x00000000e0000000, 0x00000000e8000000, 0x00000000e8000000)
  eden space 87424K,  99% used [0x00000000e0000000, 0x00000000e54f6170, 0x00000000e5560000)
  from space 21824K,  49% used [0x00000000e6ab0000, 0x00000000e752b3e0, 0x00000000e8000000)
  to   space 21824K,   0% used [0x00000000e5560000, 0x00000000e5560000, 0x00000000e6ab0000)
 concurrent mark-sweep generation total 393216K, used 28116K [0x00000000e8000000, 0x0000000100000000, 0x0000000100000000)
 Metaspace       used 37712K, capacity 38624K, committed 38832K, reserved 1083392K
  class space    used 4501K, capacity 4726K, committed 4784K, reserved 1048576K
2018-03-21T05:46:31.711-0500: 128.601: [GC (Allocation Failure) 2018-03-21T05:46:31.711-0500: 128.601: [ParNew
Desired survivor size 20112992 bytes, new threshold 8 (max 8)
- age   1:    5007264 bytes,    5007264 total
- age   2:    1961136 bytes,    6968400 total
- age   3:    1968808 bytes,    8937208 total
- age   4:     313496 bytes,    9250704 total
- age   5:     242064 bytes,    9492768 total
- age   6:     300848 bytes,    9793616 total
- age   7:    1308128 bytes,   11101744 total
- age   8:     401184 bytes,   11502928 total
: 97733K->12396K(109248K), 0.0068740 secs] 125849K->40803K(502464K), 0.0069576 secs] [Times: user=0.03 sys=0.00, real=0.00 secs] 
Heap after GC invocations=30 (full 1):
 par new generation   total 109248K, used 12396K [0x00000000e0000000, 0x00000000e8000000, 0x00000000e8000000)
  eden space 87424K,   0% used [0x00000000e0000000, 0x00000000e0000000, 0x00000000e5560000)
  from space 21824K,  56% used [0x00000000e5560000, 0x00000000e617b278, 0x00000000e6ab0000)
  to   space 21824K,   0% used [0x00000000e6ab0000, 0x00000000e6ab0000, 0x00000000e8000000)
 concurrent mark-sweep generation total 393216K, used 28407K [0x00000000e8000000, 0x0000000100000000, 0x0000000100000000)
 Metaspace       used 37712K, capacity 38624K, committed 38832K, reserved 1083392K
  class space    used 4501K, capacity 4726K, committed 4784K, reserved 1048576K
}
2018-03-21T05:46:31.718-0500: 128.608: Total time for which application threads were stopped: 0.0071811 seconds, Stopping threads took: 0.0000566 seconds
{Heap before GC invocations=30 (full 1):
 par new generation   total 109248K, used 99820K [0x00000000e0000000, 0x00000000e8000000, 0x00000000e8000000)
  eden space 87424K, 100% used [0x00000000e0000000, 0x00000000e5560000, 0x00000000e5560000)
  from space 21824K,  56% used [0x00000000e5560000, 0x00000000e617b278, 0x00000000e6ab0000)
  to   space 21824K,   0% used [0x00000000e6ab0000, 0x00000000e6ab0000, 0x00000000e8000000)
 concurrent mark-sweep generation total 393216K, used 28407K [0x00000000e8000000, 0x0000000100000000, 0x0000000100000000)
 Metaspace       used 37714K, capacity 38624K, committed 38832K, reserved 1083392K
  class space    used 4501K, capacity 4726K, committed 4784K, reserved 1048576K
2018-03-21T05:46:32.074-0500: 128.965: [GC (Allocation Failure) 2018-03-21T05:46:32.074-0500: 128.965: [ParNew
Desired survivor size 20112992 bytes, new threshold 8 (max 8)
- age   1:    1729192 bytes,    1729192 total
- age   2:    1649152 bytes,    3378344 total
- age   3:     565008 bytes,    3943352 total
- age   4:     538696 bytes,    4482048 total
- age   5:     313496 bytes,    4795544 total
- age   6:     242064 bytes,    5037608 total
- age   7:     300848 bytes,    5338456 total
- age   8:    1308128 bytes,    6646584 total
: 99820K->11723K(109248K), 0.0258164 secs] 128227K->40522K(502464K), 0.0259164 secs] [Times: user=0.07 sys=0.00, real=0.03 secs] 
Heap after GC invocations=31 (full 1):
 par new generation   total 109248K, used 11723K [0x00000000e0000000, 0x00000000e8000000, 0x00000000e8000000)
  eden space 87424K,   0% used [0x00000000e0000000, 0x00000000e0000000, 0x00000000e5560000)
  from space 21824K,  53% used [0x00000000e6ab0000, 0x00000000e7622cf8, 0x00000000e8000000)
  to   space 21824K,   0% used [0x00000000e5560000, 0x00000000e5560000, 0x00000000e6ab0000)
 concurrent mark-sweep generation total 393216K, used 28798K [0x00000000e8000000, 0x0000000100000000, 0x0000000100000000)
 Metaspace       used 37714K, capacity 38624K, committed 38832K, reserved 1083392K
  class space    used 4501K, capacity 4726K, committed 4784K, reserved 1048576K
}
2018-03-21T05:46:32.100-0500: 128.991: Total time for which application threads were stopped: 0.0314967 seconds, Stopping threads took: 0.0053375 seconds
{Heap before GC invocations=31 (full 1):
 par new generation   total 109248K, used 99147K [0x00000000e0000000, 0x00000000e8000000, 0x00000000e8000000)
  eden space 87424K, 100% used [0x00000000e0000000, 0x00000000e5560000, 0x00000000e5560000)
  from space 21824K,  53% used [0x00000000e6ab0000, 0x00000000e7622cf8, 0x00000000e8000000)
  to   space 21824K,   0% used [0x00000000e5560000, 0x00000000e5560000, 0x00000000e6ab0000)
 concurrent mark-sweep generation total 393216K, used 28798K [0x00000000e8000000, 0x0000000100000000, 0x0000000100000000)
 Metaspace       used 37722K, capacity 38624K, committed 38832K, reserved 1083392K
  class space    used 4501K, capacity 4726K, committed 4784K, reserved 1048576K
2018-03-21T05:46:32.568-0500: 129.459: [GC (Allocation Failure) 2018-03-21T05:46:32.569-0500: 129.459: [ParNew
Desired survivor size 20112992 bytes, new threshold 8 (max 8)
- age   1:    3662616 bytes,    3662616 total
- age   2:    1072352 bytes,    4734968 total
- age   3:    1355312 bytes,    6090280 total
- age   4:     307360 bytes,    6397640 total
- age   5:     339608 bytes,    6737248 total
- age   6:     313496 bytes,    7050744 total
- age   7:     242064 bytes,    7292808 total
- age   8:     300848 bytes,    7593656 total
: 99147K->9794K(109248K), 0.0064285 secs] 127946K->39871K(502464K), 0.0065335 secs] [Times: user=0.02 sys=0.00, real=0.01 secs] 
Heap after GC invocations=32 (full 1):
 par new generation   total 109248K, used 9794K [0x00000000e0000000, 0x00000000e8000000, 0x00000000e8000000)
  eden space 87424K,   0% used [0x00000000e0000000, 0x00000000e0000000, 0x00000000e5560000)
  from space 21824K,  44% used [0x00000000e5560000, 0x00000000e5ef0a38, 0x00000000e6ab0000)
  to   space 21824K,   0% used [0x00000000e6ab0000, 0x00000000e6ab0000, 0x00000000e8000000)
 concurrent mark-sweep generation total 393216K, used 30076K [0x00000000e8000000, 0x0000000100000000, 0x0000000100000000)
 Metaspace       used 37722K, capacity 38624K, committed 38832K, reserved 1083392K
  class space    used 4501K, capacity 4726K, committed 4784K, reserved 1048576K
}
2018-03-21T05:46:32.575-0500: 129.466: Total time for which application threads were stopped: 0.0067466 seconds, Stopping threads took: 0.0000261 seconds
2018-03-21T05:46:32.575-0500: 129.466: Total time for which application threads were stopped: 0.0001861 seconds, Stopping threads took: 0.0000270 seconds
{Heap before GC invocations=32 (full 1):
 par new generation   total 109248K, used 97218K [0x00000000e0000000, 0x00000000e8000000, 0x00000000e8000000)
  eden space 87424K, 100% used [0x00000000e0000000, 0x00000000e5560000, 0x00000000e5560000)
  from space 21824K,  44% used [0x00000000e5560000, 0x00000000e5ef0a38, 0x00000000e6ab0000)
  to   space 21824K,   0% used [0x00000000e6ab0000, 0x00000000e6ab0000, 0x00000000e8000000)
 concurrent mark-sweep generation total 393216K, used 30076K [0x00000000e8000000, 0x0000000100000000, 0x0000000100000000)
 Metaspace       used 37722K, capacity 38624K, committed 38832K, reserved 1083392K
  class space    used 4501K, capacity 4726K, committed 4784K, reserved 1048576K
2018-03-21T05:46:32.872-0500: 129.763: [GC (Allocation Failure) 2018-03-21T05:46:32.873-0500: 129.763: [ParNew
Desired survivor size 20112992 bytes, new threshold 8 (max 8)
- age   1:    3337344 bytes,    3337344 total
- age   2:    2006672 bytes,    5344016 total
- age   3:     823352 bytes,    6167368 total
- age   4:     459184 bytes,    6626552 total
- age   5:     307360 bytes,    6933912 total
- age   6:     338664 bytes,    7272576 total
- age   7:     313496 bytes,    7586072 total
- age   8:     242064 bytes,    7828136 total
: 97218K->9178K(109248K), 0.0167278 secs] 127295K->39548K(502464K), 0.0168133 secs] [Times: user=0.05 sys=0.00, real=0.01 secs] 
Heap after GC invocations=33 (full 1):
 par new generation   total 109248K, used 9178K [0x00000000e0000000, 0x00000000e8000000, 0x00000000e8000000)
  eden space 87424K,   0% used [0x00000000e0000000, 0x00000000e0000000, 0x00000000e5560000)
  from space 21824K,  42% used [0x00000000e6ab0000, 0x00000000e73a68d0, 0x00000000e8000000)
  to   space 21824K,   0% used [0x00000000e5560000, 0x00000000e5560000, 0x00000000e6ab0000)
 concurrent mark-sweep generation total 393216K, used 30370K [0x00000000e8000000, 0x0000000100000000, 0x0000000100000000)
 Metaspace       used 37722K, capacity 38624K, committed 38832K, reserved 1083392K
  class space    used 4501K, capacity 4726K, committed 4784K, reserved 1048576K
}
2018-03-21T05:46:32.889-0500: 129.780: Total time for which application threads were stopped: 0.0170903 seconds, Stopping threads took: 0.0000719 seconds
2018-03-21T05:46:32.912-0500: 129.802: Total time for which application threads were stopped: 0.0002954 seconds, Stopping threads took: 0.0000555 seconds
2018-03-21T05:46:32.917-0500: 129.807: Total time for which application threads were stopped: 0.0001751 seconds, Stopping threads took: 0.0000683 seconds
2018-03-21T05:46:32.919-0500: 129.809: Total time for which application threads were stopped: 0.0001578 seconds, Stopping threads took: 0.0000671 seconds
2018-03-21T05:46:33.688-0500: 130.578: Total time for which application threads were stopped: 0.0002498 seconds, Stopping threads took: 0.0000186 seconds
2018-03-21T05:46:33.694-0500: 130.585: Total time for which application threads were stopped: 0.0002553 seconds, Stopping threads took: 0.0000179 seconds
2018-03-21T05:46:33.754-0500: 130.645: Total time for which application threads were stopped: 0.0001541 seconds, Stopping threads took: 0.0000305 seconds
2018-03-21T05:46:34.754-0500: 131.645: Total time for which application threads were stopped: 0.0001456 seconds, Stopping threads took: 0.0000294 seconds
2018-03-21T05:46:40.976-0500: 137.866: Total time for which application threads were stopped: 0.0001497 seconds, Stopping threads took: 0.0000304 seconds
2018-03-21T05:46:41.018-0500: 137.908: Total time for which application threads were stopped: 0.0001075 seconds, Stopping threads took: 0.0000269 seconds
2018-03-21T05:46:41.018-0500: 137.908: Total time for which application threads were stopped: 0.0000472 seconds, Stopping threads took: 0.0000109 seconds
{Heap before GC invocations=33 (full 1):
 par new generation   total 109248K, used 96602K [0x00000000e0000000, 0x00000000e8000000, 0x00000000e8000000)
  eden space 87424K, 100% used [0x00000000e0000000, 0x00000000e5560000, 0x00000000e5560000)
  from space 21824K,  42% used [0x00000000e6ab0000, 0x00000000e73a68d0, 0x00000000e8000000)
  to   space 21824K,   0% used [0x00000000e5560000, 0x00000000e5560000, 0x00000000e6ab0000)
 concurrent mark-sweep generation total 393216K, used 30370K [0x00000000e8000000, 0x0000000100000000, 0x0000000100000000)
 Metaspace       used 37735K, capacity 38624K, committed 38832K, reserved 1083392K
  class space    used 4501K, capacity 4726K, committed 4784K, reserved 1048576K
2018-03-21T05:46:41.247-0500: 138.137: [GC (Allocation Failure) 2018-03-21T05:46:41.247-0500: 138.137: [ParNew
Desired survivor size 20112992 bytes, new threshold 8 (max 8)
- age   1:    2959672 bytes,    2959672 total
- age   2:     172320 bytes,    3131992 total
- age   3:     364296 bytes,    3496288 total
- age   4:     173912 bytes,    3670200 total
- age   5:     289728 bytes,    3959928 total
- age   6:     307360 bytes,    4267288 total
- age   7:     256496 bytes,    4523784 total
- age   8:     313496 bytes,    4837280 total
: 96602K->9976K(109248K), 0.0072977 secs] 126972K->40535K(502464K), 0.0074068 secs] [Times: user=0.02 sys=0.00, real=0.01 secs] 
Heap after GC invocations=34 (full 1):
 par new generation   total 109248K, used 9976K [0x00000000e0000000, 0x00000000e8000000, 0x00000000e8000000)
  eden space 87424K,   0% used [0x00000000e0000000, 0x00000000e0000000, 0x00000000e5560000)
  from space 21824K,  45% used [0x00000000e5560000, 0x00000000e5f1e3e0, 0x00000000e6ab0000)
  to   space 21824K,   0% used [0x00000000e6ab0000, 0x00000000e6ab0000, 0x00000000e8000000)
 concurrent mark-sweep generation total 393216K, used 30558K [0x00000000e8000000, 0x0000000100000000, 0x0000000100000000)
 Metaspace       used 37735K, capacity 38624K, committed 38832K, reserved 1083392K
  class space    used 4501K, capacity 4726K, committed 4784K, reserved 1048576K
}
2018-03-21T05:46:41.254-0500: 138.145: Total time for which application threads were stopped: 0.0075977 seconds, Stopping threads took: 0.0000275 seconds
{Heap before GC invocations=34 (full 1):
 par new generation   total 109248K, used 97400K [0x00000000e0000000, 0x00000000e8000000, 0x00000000e8000000)
  eden space 87424K, 100% used [0x00000000e0000000, 0x00000000e5560000, 0x00000000e5560000)
  from space 21824K,  45% used [0x00000000e5560000, 0x00000000e5f1e3e0, 0x00000000e6ab0000)
  to   space 21824K,   0% used [0x00000000e6ab0000, 0x00000000e6ab0000, 0x00000000e8000000)
 concurrent mark-sweep generation total 393216K, used 30558K [0x00000000e8000000, 0x0000000100000000, 0x0000000100000000)
 Metaspace       used 37735K, capacity 38624K, committed 38832K, reserved 1083392K
  class space    used 4501K, capacity 4726K, committed 4784K, reserved 1048576K
2018-03-21T05:46:41.663-0500: 138.554: [GC (Allocation Failure) 2018-03-21T05:46:41.663-0500: 138.554: [ParNew
Desired survivor size 20112992 bytes, new threshold 8 (max 8)
- age   1:    3301440 bytes,    3301440 total
- age   2:    2514472 bytes,    5815912 total
- age   3:     172320 bytes,    5988232 total
- age   4:     363368 bytes,    6351600 total
- age   5:     173912 bytes,    6525512 total
- age   6:     289248 bytes,    6814760 total
- age   7:     307360 bytes,    7122120 total
- age   8:     256184 bytes,    7378304 total
: 97400K->8282K(109248K), 0.0093185 secs] 127959K->39147K(502464K), 0.0094262 secs] [Times: user=0.03 sys=0.00, real=0.01 secs] 
Heap after GC invocations=35 (full 1):
 par new generation   total 109248K, used 8282K [0x00000000e0000000, 0x00000000e8000000, 0x00000000e8000000)
  eden space 87424K,   0% used [0x00000000e0000000, 0x00000000e0000000, 0x00000000e5560000)
  from space 21824K,  37% used [0x00000000e6ab0000, 0x00000000e72c6ae8, 0x00000000e8000000)
  to   space 21824K,   0% used [0x00000000e5560000, 0x00000000e5560000, 0x00000000e6ab0000)
 concurrent mark-sweep generation total 393216K, used 30864K [0x00000000e8000000, 0x0000000100000000, 0x0000000100000000)
 Metaspace       used 37735K, capacity 38624K, committed 38832K, reserved 1083392K
  class space    used 4501K, capacity 4726K, committed 4784K, reserved 1048576K
}
2018-03-21T05:46:41.673-0500: 138.563: Total time for which application threads were stopped: 0.0096325 seconds, Stopping threads took: 0.0000271 seconds
{Heap before GC invocations=35 (full 1):
 par new generation   total 109248K, used 95510K [0x00000000e0000000, 0x00000000e8000000, 0x00000000e8000000)
  eden space 87424K,  99% used [0x00000000e0000000, 0x00000000e552ed38, 0x00000000e5560000)
  from space 21824K,  37% used [0x00000000e6ab0000, 0x00000000e72c6ae8, 0x00000000e8000000)
  to   space 21824K,   0% used [0x00000000e5560000, 0x00000000e5560000, 0x00000000e6ab0000)
 concurrent mark-sweep generation total 393216K, used 30864K [0x00000000e8000000, 0x0000000100000000, 0x0000000100000000)
 Metaspace       used 37737K, capacity 38624K, committed 38832K, reserved 1083392K
  class space    used 4501K, capacity 4726K, committed 4784K, reserved 1048576K
2018-03-21T05:46:42.027-0500: 138.917: [GC (Allocation Failure) 2018-03-21T05:46:42.027-0500: 138.917: [ParNew
Desired survivor size 20112992 bytes, new threshold 8 (max 8)
- age   1:    4214168 bytes,    4214168 total
- age   2:    1634640 bytes,    5848808 total
- age   3:    1864136 bytes,    7712944 total
- age   4:     172320 bytes,    7885264 total
- age   5:     363368 bytes,    8248632 total
- age   6:     173912 bytes,    8422544 total
- age   7:     289224 bytes,    8711768 total
- age   8:     307360 bytes,    9019128 total
: 95510K->10572K(109248K), 0.0159004 secs] 126374K->41686K(502464K), 0.0160168 secs] [Times: user=0.05 sys=0.00, real=0.02 secs] 
Heap after GC invocations=36 (full 1):
 par new generation   total 109248K, used 10572K [0x00000000e0000000, 0x00000000e8000000, 0x00000000e8000000)
  eden space 87424K,   0% used [0x00000000e0000000, 0x00000000e0000000, 0x00000000e5560000)
  from space 21824K,  48% used [0x00000000e5560000, 0x00000000e5fb3050, 0x00000000e6ab0000)
  to   space 21824K,   0% used [0x00000000e6ab0000, 0x00000000e6ab0000, 0x00000000e8000000)
 concurrent mark-sweep generation total 393216K, used 31114K [0x00000000e8000000, 0x0000000100000000, 0x0000000100000000)
 Metaspace       used 37737K, capacity 38624K, committed 38832K, reserved 1083392K
  class space    used 4501K, capacity 4726K, committed 4784K, reserved 1048576K
}
2018-03-21T05:46:42.043-0500: 138.933: Total time for which application threads were stopped: 0.0163812 seconds, Stopping threads took: 0.0000927 seconds
{Heap before GC invocations=36 (full 1):
 par new generation   total 109248K, used 97996K [0x00000000e0000000, 0x00000000e8000000, 0x00000000e8000000)
  eden space 87424K, 100% used [0x00000000e0000000, 0x00000000e5560000, 0x00000000e5560000)
  from space 21824K,  48% used [0x00000000e5560000, 0x00000000e5fb3050, 0x00000000e6ab0000)
  to   space 21824K,   0% used [0x00000000e6ab0000, 0x00000000e6ab0000, 0x00000000e8000000)
 concurrent mark-sweep generation total 393216K, used 31114K [0x00000000e8000000, 0x0000000100000000, 0x0000000100000000)
 Metaspace       used 37739K, capacity 38624K, committed 38832K, reserved 1083392K
  class space    used 4501K, capacity 4726K, committed 4784K, reserved 1048576K
2018-03-21T05:46:42.438-0500: 139.329: [GC (Allocation Failure) 2018-03-21T05:46:42.438-0500: 139.329: [ParNew
Desired survivor size 20112992 bytes, new threshold 8 (max 8)
- age   1:    2195816 bytes,    2195816 total
- age   2:    1347904 bytes,    3543720 total
- age   3:     305480 bytes,    3849200 total
- age   4:     782184 bytes,    4631384 total
- age   5:     172320 bytes,    4803704 total
- age   6:     363368 bytes,    5167072 total
- age   7:     173536 bytes,    5340608 total
- age   8:     289224 bytes,    5629832 total
: 97996K->12174K(109248K), 0.0066421 secs] 129110K->43588K(502464K), 0.0067579 secs] [Times: user=0.02 sys=0.00, real=0.00 secs] 
Heap after GC invocations=37 (full 1):
 par new generation   total 109248K, used 12174K [0x00000000e0000000, 0x00000000e8000000, 0x00000000e8000000)
  eden space 87424K,   0% used [0x00000000e0000000, 0x00000000e0000000, 0x00000000e5560000)
  from space 21824K,  55% used [0x00000000e6ab0000, 0x00000000e76938c0, 0x00000000e8000000)
  to   space 21824K,   0% used [0x00000000e5560000, 0x00000000e5560000, 0x00000000e6ab0000)
 concurrent mark-sweep generation total 393216K, used 31414K [0x00000000e8000000, 0x0000000100000000, 0x0000000100000000)
 Metaspace       used 37739K, capacity 38624K, committed 38832K, reserved 1083392K
  class space    used 4501K, capacity 4726K, committed 4784K, reserved 1048576K
}
2018-03-21T05:46:42.445-0500: 139.335: Total time for which application threads were stopped: 0.0070269 seconds, Stopping threads took: 0.0000276 seconds
{Heap before GC invocations=37 (full 1):
 par new generation   total 109248K, used 99598K [0x00000000e0000000, 0x00000000e8000000, 0x00000000e8000000)
  eden space 87424K, 100% used [0x00000000e0000000, 0x00000000e5560000, 0x00000000e5560000)
  from space 21824K,  55% used [0x00000000e6ab0000, 0x00000000e76938c0, 0x00000000e8000000)
  to   space 21824K,   0% used [0x00000000e5560000, 0x00000000e5560000, 0x00000000e6ab0000)
 concurrent mark-sweep generation total 393216K, used 31414K [0x00000000e8000000, 0x0000000100000000, 0x0000000100000000)
 Metaspace       used 37739K, capacity 38624K, committed 38832K, reserved 1083392K
  class space    used 4501K, capacity 4726K, committed 4784K, reserved 1048576K
2018-03-21T05:46:42.830-0500: 139.720: [GC (Allocation Failure) 2018-03-21T05:46:42.830-0500: 139.720: [ParNew
Desired survivor size 20112992 bytes, new threshold 8 (max 8)
- age   1:    3642528 bytes,    3642528 total
- age   2:    1487416 bytes,    5129944 total
- age   3:    1347392 bytes,    6477336 total
- age   4:     305480 bytes,    6782816 total
- age   5:     781272 bytes,    7564088 total
- age   6:     172320 bytes,    7736408 total
- age   7:     363368 bytes,    8099776 total
- age   8:     173536 bytes,    8273312 total
: 99598K->10709K(109248K), 0.0072736 secs] 131012K->42406K(502464K), 0.0073687 secs] [Times: user=0.02 sys=0.01, real=0.01 secs] 
Heap after GC invocations=38 (full 1):
 par new generation   total 109248K, used 10709K [0x00000000e0000000, 0x00000000e8000000, 0x00000000e8000000)
  eden space 87424K,   0% used [0x00000000e0000000, 0x00000000e0000000, 0x00000000e5560000)
  from space 21824K,  49% used [0x00000000e5560000, 0x00000000e5fd5640, 0x00000000e6ab0000)
  to   space 21824K,   0% used [0x00000000e6ab0000, 0x00000000e6ab0000, 0x00000000e8000000)
 concurrent mark-sweep generation total 393216K, used 31696K [0x00000000e8000000, 0x0000000100000000, 0x0000000100000000)
 Metaspace       used 37739K, capacity 38624K, committed 38832K, reserved 1083392K
  class space    used 4501K, capacity 4726K, committed 4784K, reserved 1048576K
}
2018-03-21T05:46:42.837-0500: 139.728: Total time for which application threads were stopped: 0.0075710 seconds, Stopping threads took: 0.0000256 seconds
{Heap before GC invocations=38 (full 1):
 par new generation   total 109248K, used 98133K [0x00000000e0000000, 0x00000000e8000000, 0x00000000e8000000)
  eden space 87424K, 100% used [0x00000000e0000000, 0x00000000e5560000, 0x00000000e5560000)
  from space 21824K,  49% used [0x00000000e5560000, 0x00000000e5fd5640, 0x00000000e6ab0000)
  to   space 21824K,   0% used [0x00000000e6ab0000, 0x00000000e6ab0000, 0x00000000e8000000)
 concurrent mark-sweep generation total 393216K, used 31696K [0x00000000e8000000, 0x0000000100000000, 0x0000000100000000)
 Metaspace       used 37748K, capacity 38624K, committed 38832K, reserved 1083392K
  class space    used 4501K, capacity 4726K, committed 4784K, reserved 1048576K
2018-03-21T05:46:43.126-0500: 140.017: [GC (Allocation Failure) 2018-03-21T05:46:43.126-0500: 140.017: [ParNew
Desired survivor size 20112992 bytes, new threshold 8 (max 8)
- age   1:    3703872 bytes,    3703872 total
- age   2:    1801224 bytes,    5505096 total
- age   3:    1111616 bytes,    6616712 total
- age   4:     449640 bytes,    7066352 total
- age   5:     305480 bytes,    7371832 total
- age   6:     781240 bytes,    8153072 total
- age   7:     172320 bytes,    8325392 total
- age   8:     363368 bytes,    8688760 total
: 98133K->10435K(109248K), 0.0169047 secs] 129830K->42301K(502464K), 0.0169823 secs] [Times: user=0.04 sys=0.00, real=0.02 secs] 
Heap after GC invocations=39 (full 1):
 par new generation   total 109248K, used 10435K [0x00000000e0000000, 0x00000000e8000000, 0x00000000e8000000)
  eden space 87424K,   0% used [0x00000000e0000000, 0x00000000e0000000, 0x00000000e5560000)
  from space 21824K,  47% used [0x00000000e6ab0000, 0x00000000e74e0e40, 0x00000000e8000000)
  to   space 21824K,   0% used [0x00000000e5560000, 0x00000000e5560000, 0x00000000e6ab0000)
 concurrent mark-sweep generation total 393216K, used 31866K [0x00000000e8000000, 0x0000000100000000, 0x0000000100000000)
 Metaspace       used 37748K, capacity 38624K, committed 38832K, reserved 1083392K
  class space    used 4501K, capacity 4726K, committed 4784K, reserved 1048576K
}
2018-03-21T05:46:43.143-0500: 140.034: Total time for which application threads were stopped: 0.0172097 seconds, Stopping threads took: 0.0000592 seconds
2018-03-21T05:46:43.182-0500: 140.073: Total time for which application threads were stopped: 0.0002341 seconds, Stopping threads took: 0.0000529 seconds
2018-03-21T05:46:43.182-0500: 140.073: Total time for which application threads were stopped: 0.0001068 seconds, Stopping threads took: 0.0000429 seconds
2018-03-21T05:46:44.012-0500: 140.902: Total time for which application threads were stopped: 0.0001738 seconds, Stopping threads took: 0.0000644 seconds
2018-03-21T05:46:44.015-0500: 140.906: Total time for which application threads were stopped: 0.0001191 seconds, Stopping threads took: 0.0000297 seconds
2018-03-21T05:46:44.016-0500: 140.906: Total time for which application threads were stopped: 0.0001083 seconds, Stopping threads took: 0.0000442 seconds
2018-03-21T05:46:44.016-0500: 140.906: Total time for which application threads were stopped: 0.0000641 seconds, Stopping threads took: 0.0000156 seconds
2018-03-21T05:46:44.016-0500: 140.907: Total time for which application threads were stopped: 0.0001226 seconds, Stopping threads took: 0.0000573 seconds
2018-03-21T05:46:44.016-0500: 140.907: Total time for which application threads were stopped: 0.0000928 seconds, Stopping threads took: 0.0000378 seconds
2018-03-21T05:46:45.017-0500: 141.907: Total time for which application threads were stopped: 0.0001919 seconds, Stopping threads took: 0.0000428 seconds
2018-03-21T05:46:45.686-0500: 142.576: Total time for which application threads were stopped: 0.0002733 seconds, Stopping threads took: 0.0000911 seconds
2018-03-21T05:46:45.694-0500: 142.585: Total time for which application threads were stopped: 0.0001157 seconds, Stopping threads took: 0.0000294 seconds
2018-03-21T05:46:45.696-0500: 142.586: Total time for which application threads were stopped: 0.0000998 seconds, Stopping threads took: 0.0000262 seconds
2018-03-21T05:46:45.696-0500: 142.587: Total time for which application threads were stopped: 0.0000727 seconds, Stopping threads took: 0.0000279 seconds
2018-03-21T05:46:45.874-0500: 142.764: Total time for which application threads were stopped: 0.0001861 seconds, Stopping threads took: 0.0000632 seconds
2018-03-21T05:46:46.874-0500: 143.765: Total time for which application threads were stopped: 0.0002545 seconds, Stopping threads took: 0.0000606 seconds
{Heap before GC invocations=39 (full 1):
 par new generation   total 109248K, used 97859K [0x00000000e0000000, 0x00000000e8000000, 0x00000000e8000000)
  eden space 87424K, 100% used [0x00000000e0000000, 0x00000000e5560000, 0x00000000e5560000)
  from space 21824K,  47% used [0x00000000e6ab0000, 0x00000000e74e0e40, 0x00000000e8000000)
  to   space 21824K,   0% used [0x00000000e5560000, 0x00000000e5560000, 0x00000000e6ab0000)
 concurrent mark-sweep generation total 393216K, used 31866K [0x00000000e8000000, 0x0000000100000000, 0x0000000100000000)
 Metaspace       used 37783K, capacity 38688K, committed 39088K, reserved 1083392K
  class space    used 4501K, capacity 4726K, committed 4784K, reserved 1048576K
2018-03-21T05:47:00.476-0500: 157.367: [GC (Allocation Failure) 2018-03-21T05:47:00.476-0500: 157.367: [ParNew
Desired survivor size 20112992 bytes, new threshold 8 (max 8)
- age   1:    2822648 bytes,    2822648 total
- age   2:     193160 bytes,    3015808 total
- age   3:     308880 bytes,    3324688 total
- age   4:     250056 bytes,    3574744 total
- age   5:     266240 bytes,    3840984 total
- age   6:     305328 bytes,    4146312 total
- age   7:     181216 bytes,    4327528 total
- age   8:      93656 bytes,    4421184 total
: 97859K->10968K(109248K), 0.0049371 secs] 129725K->43190K(502464K), 0.0050371 secs] [Times: user=0.02 sys=0.00, real=0.01 secs] 
Heap after GC invocations=40 (full 1):
 par new generation   total 109248K, used 10968K [0x00000000e0000000, 0x00000000e8000000, 0x00000000e8000000)
  eden space 87424K,   0% used [0x00000000e0000000, 0x00000000e0000000, 0x00000000e5560000)
  from space 21824K,  50% used [0x00000000e5560000, 0x00000000e6016330, 0x00000000e6ab0000)
  to   space 21824K,   0% used [0x00000000e6ab0000, 0x00000000e6ab0000, 0x00000000e8000000)
 concurrent mark-sweep generation total 393216K, used 32221K [0x00000000e8000000, 0x0000000100000000, 0x0000000100000000)
 Metaspace       used 37783K, capacity 38688K, committed 39088K, reserved 1083392K
  class space    used 4501K, capacity 4726K, committed 4784K, reserved 1048576K
}
2018-03-21T05:47:00.481-0500: 157.372: Total time for which application threads were stopped: 0.0052069 seconds, Stopping threads took: 0.0000208 seconds
{Heap before GC invocations=40 (full 1):
 par new generation   total 109248K, used 98392K [0x00000000e0000000, 0x00000000e8000000, 0x00000000e8000000)
  eden space 87424K, 100% used [0x00000000e0000000, 0x00000000e5560000, 0x00000000e5560000)
  from space 21824K,  50% used [0x00000000e5560000, 0x00000000e6016330, 0x00000000e6ab0000)
  to   space 21824K,   0% used [0x00000000e6ab0000, 0x00000000e6ab0000, 0x00000000e8000000)
 concurrent mark-sweep generation total 393216K, used 32221K [0x00000000e8000000, 0x0000000100000000, 0x0000000100000000)
 Metaspace       used 37783K, capacity 38688K, committed 39088K, reserved 1083392K
  class space    used 4501K, capacity 4726K, committed 4784K, reserved 1048576K
2018-03-21T05:47:00.866-0500: 157.757: [GC (Allocation Failure) 2018-03-21T05:47:00.866-0500: 157.757: [ParNew
Desired survivor size 20112992 bytes, new threshold 8 (max 8)
- age   1:    3276496 bytes,    3276496 total
- age   2:    2405768 bytes,    5682264 total
- age   3:     193160 bytes,    5875424 total
- age   4:     308880 bytes,    6184304 total
- age   5:     249144 bytes,    6433448 total
- age   6:     265760 bytes,    6699208 total
- age   7:     305328 bytes,    7004536 total
- age   8:     181016 bytes,    7185552 total
: 98392K->8665K(109248K), 0.0070200 secs] 130614K->40977K(502464K), 0.0071163 secs] [Times: user=0.02 sys=0.00, real=0.01 secs] 
Heap after GC invocations=41 (full 1):
 par new generation   total 109248K, used 8665K [0x00000000e0000000, 0x00000000e8000000, 0x00000000e8000000)
  eden space 87424K,   0% used [0x00000000e0000000, 0x00000000e0000000, 0x00000000e5560000)
  from space 21824K,  39% used [0x00000000e6ab0000, 0x00000000e7326480, 0x00000000e8000000)
  to   space 21824K,   0% used [0x00000000e5560000, 0x00000000e5560000, 0x00000000e6ab0000)
 concurrent mark-sweep generation total 393216K, used 32312K [0x00000000e8000000, 0x0000000100000000, 0x0000000100000000)
 Metaspace       used 37783K, capacity 38688K, committed 39088K, reserved 1083392K
  class space    used 4501K, capacity 4726K, committed 4784K, reserved 1048576K
}
2018-03-21T05:47:00.873-0500: 157.764: Total time for which application threads were stopped: 0.0072802 seconds, Stopping threads took: 0.0000198 seconds
{Heap before GC invocations=41 (full 1):
 par new generation   total 109248K, used 96089K [0x00000000e0000000, 0x00000000e8000000, 0x00000000e8000000)
  eden space 87424K, 100% used [0x00000000e0000000, 0x00000000e5560000, 0x00000000e5560000)
  from space 21824K,  39% used [0x00000000e6ab0000, 0x00000000e7326480, 0x00000000e8000000)
  to   space 21824K,   0% used [0x00000000e5560000, 0x00000000e5560000, 0x00000000e6ab0000)
 concurrent mark-sweep generation total 393216K, used 32312K [0x00000000e8000000, 0x0000000100000000, 0x0000000100000000)
 Metaspace       used 37783K, capacity 38688K, committed 39088K, reserved 1083392K
  class space    used 4501K, capacity 4726K, committed 4784K, reserved 1048576K
2018-03-21T05:47:01.250-0500: 158.141: [GC (Allocation Failure) 2018-03-21T05:47:01.250-0500: 158.141: [ParNew
Desired survivor size 20112992 bytes, new threshold 8 (max 8)
- age   1:    4144704 bytes,    4144704 total
- age   2:    2095584 bytes,    6240288 total
- age   3:    2405384 bytes,    8645672 total
- age   4:     193160 bytes,    8838832 total
- age   5:     308880 bytes,    9147712 total
- age   6:     249144 bytes,    9396856 total
- age   7:     265760 bytes,    9662616 total
- age   8:     305328 bytes,    9967944 total
: 96089K->11763K(109248K), 0.0089243 secs] 128401K->44251K(502464K), 0.0090112 secs] [Times: user=0.03 sys=0.00, real=0.01 secs] 
Heap after GC invocations=42 (full 1):
 par new generation   total 109248K, used 11763K [0x00000000e0000000, 0x00000000e8000000, 0x00000000e8000000)
  eden space 87424K,   0% used [0x00000000e0000000, 0x00000000e0000000, 0x00000000e5560000)
  from space 21824K,  53% used [0x00000000e5560000, 0x00000000e60dce80, 0x00000000e6ab0000)
  to   space 21824K,   0% used [0x00000000e6ab0000, 0x00000000e6ab0000, 0x00000000e8000000)
 concurrent mark-sweep generation total 393216K, used 32488K [0x00000000e8000000, 0x0000000100000000, 0x0000000100000000)
 Metaspace       used 37783K, capacity 38688K, committed 39088K, reserved 1083392K
  class space    used 4501K, capacity 4726K, committed 4784K, reserved 1048576K
}
2018-03-21T05:47:01.259-0500: 158.150: Total time for which application threads were stopped: 0.0092025 seconds, Stopping threads took: 0.0000204 seconds
{Heap before GC invocations=42 (full 1):
 par new generation   total 109248K, used 99187K [0x00000000e0000000, 0x00000000e8000000, 0x00000000e8000000)
  eden space 87424K, 100% used [0x00000000e0000000, 0x00000000e5560000, 0x00000000e5560000)
  from space 21824K,  53% used [0x00000000e5560000, 0x00000000e60dce80, 0x00000000e6ab0000)
  to   space 21824K,   0% used [0x00000000e6ab0000, 0x00000000e6ab0000, 0x00000000e8000000)
 concurrent mark-sweep generation total 393216K, used 32488K [0x00000000e8000000, 0x0000000100000000, 0x0000000100000000)
 Metaspace       used 37798K, capacity 38688K, committed 39088K, reserved 1083392K
  class space    used 4501K, capacity 4726K, committed 4784K, reserved 1048576K
2018-03-21T05:47:01.547-0500: 158.438: [GC (Allocation Failure) 2018-03-21T05:47:01.547-0500: 158.438: [ParNew
Desired survivor size 20112992 bytes, new threshold 8 (max 8)
- age   1:    2429432 bytes,    2429432 total
- age   2:     317392 bytes,    2746824 total
- age   3:     310480 bytes,    3057304 total
- age   4:     725840 bytes,    3783144 total
- age   5:     193136 bytes,    3976280 total
- age   6:     308880 bytes,    4285160 total
- age   7:     248752 bytes,    4533912 total
- age   8:     265760 bytes,    4799672 total
: 99187K->8771K(109248K), 0.0089606 secs] 131675K->41557K(502464K), 0.0090395 secs] [Times: user=0.03 sys=0.01, real=0.01 secs] 
Heap after GC invocations=43 (full 1):
 par new generation   total 109248K, used 8771K [0x00000000e0000000, 0x00000000e8000000, 0x00000000e8000000)
  eden space 87424K,   0% used [0x00000000e0000000, 0x00000000e0000000, 0x00000000e5560000)
  from space 21824K,  40% used [0x00000000e6ab0000, 0x00000000e7340cc0, 0x00000000e8000000)
  to   space 21824K,   0% used [0x00000000e5560000, 0x00000000e5560000, 0x00000000e6ab0000)
 concurrent mark-sweep generation total 393216K, used 32786K [0x00000000e8000000, 0x0000000100000000, 0x0000000100000000)
 Metaspace       used 37798K, capacity 38688K, committed 39088K, reserved 1083392K
  class space    used 4501K, capacity 4726K, committed 4784K, reserved 1048576K
}
2018-03-21T05:47:01.556-0500: 158.447: Total time for which application threads were stopped: 0.0092563 seconds, Stopping threads took: 0.0000269 seconds
{Heap before GC invocations=43 (full 1):
 par new generation   total 109248K, used 96195K [0x00000000e0000000, 0x00000000e8000000, 0x00000000e8000000)
  eden space 87424K, 100% used [0x00000000e0000000, 0x00000000e5560000, 0x00000000e5560000)
  from space 21824K,  40% used [0x00000000e6ab0000, 0x00000000e7340cc0, 0x00000000e8000000)
  to   space 21824K,   0% used [0x00000000e5560000, 0x00000000e5560000, 0x00000000e6ab0000)
 concurrent mark-sweep generation total 393216K, used 32786K [0x00000000e8000000, 0x0000000100000000, 0x0000000100000000)
 Metaspace       used 37798K, capacity 38688K, committed 39088K, reserved 1083392K
  class space    used 4501K, capacity 4726K, committed 4784K, reserved 1048576K
2018-03-21T05:47:01.930-0500: 158.821: [GC (Allocation Failure) 2018-03-21T05:47:01.930-0500: 158.821: [ParNew
Desired survivor size 20112992 bytes, new threshold 8 (max 8)
- age   1:    3482784 bytes,    3482784 total
- age   2:    2112248 bytes,    5595032 total
- age   3:     317392 bytes,    5912424 total
- age   4:     310480 bytes,    6222904 total
- age   5:     724928 bytes,    6947832 total
- age   6:     193136 bytes,    7140968 total
- age   7:     308880 bytes,    7449848 total
- age   8:     248752 bytes,    7698600 total
: 96195K->9214K(109248K), 0.0057264 secs] 128981K->42260K(502464K), 0.0058071 secs] [Times: user=0.02 sys=0.00, real=0.00 secs] 
Heap after GC invocations=44 (full 1):
 par new generation   total 109248K, used 9214K [0x00000000e0000000, 0x00000000e8000000, 0x00000000e8000000)
  eden space 87424K,   0% used [0x00000000e0000000, 0x00000000e0000000, 0x00000000e5560000)
  from space 21824K,  42% used [0x00000000e5560000, 0x00000000e5e5fb80, 0x00000000e6ab0000)
  to   space 21824K,   0% used [0x00000000e6ab0000, 0x00000000e6ab0000, 0x00000000e8000000)
 concurrent mark-sweep generation total 393216K, used 33046K [0x00000000e8000000, 0x0000000100000000, 0x0000000100000000)
 Metaspace       used 37798K, capacity 38688K, committed 39088K, reserved 1083392K
  class space    used 4501K, capacity 4726K, committed 4784K, reserved 1048576K
}
2018-03-21T05:47:01.936-0500: 158.827: Total time for which application threads were stopped: 0.0059723 seconds, Stopping threads took: 0.0000215 seconds
{Heap before GC invocations=44 (full 1):
 par new generation   total 109248K, used 96256K [0x00000000e0000000, 0x00000000e8000000, 0x00000000e8000000)
  eden space 87424K,  99% used [0x00000000e0000000, 0x00000000e5500678, 0x00000000e5560000)
  from space 21824K,  42% used [0x00000000e5560000, 0x00000000e5e5fb80, 0x00000000e6ab0000)
  to   space 21824K,   0% used [0x00000000e6ab0000, 0x00000000e6ab0000, 0x00000000e8000000)
 concurrent mark-sweep generation total 393216K, used 33046K [0x00000000e8000000, 0x0000000100000000, 0x0000000100000000)
 Metaspace       used 37798K, capacity 38688K, committed 39088K, reserved 1083392K
  class space    used 4501K, capacity 4726K, committed 4784K, reserved 1048576K
2018-03-21T05:47:02.316-0500: 159.206: [GC (Allocation Failure) 2018-03-21T05:47:02.316-0500: 159.206: [ParNew
Desired survivor size 20112992 bytes, new threshold 8 (max 8)
- age   1:    3209048 bytes,    3209048 total
- age   2:    1795320 bytes,    5004368 total
- age   3:    1331072 bytes,    6335440 total
- age   4:     317392 bytes,    6652832 total
- age   5:     310480 bytes,    6963312 total
- age   6:     694280 bytes,    7657592 total
- age   7:     193136 bytes,    7850728 total
- age   8:     308880 bytes,    8159608 total
: 96256K->12598K(109248K), 0.0061513 secs] 129302K->45887K(502464K), 0.0062524 secs] [Times: user=0.02 sys=0.00, real=0.01 secs] 
Heap after GC invocations=45 (full 1):
 par new generation   total 109248K, used 12598K [0x00000000e0000000, 0x00000000e8000000, 0x00000000e8000000)
  eden space 87424K,   0% used [0x00000000e0000000, 0x00000000e0000000, 0x00000000e5560000)
  from space 21824K,  57% used [0x00000000e6ab0000, 0x00000000e76fd900, 0x00000000e8000000)
  to   space 21824K,   0% used [0x00000000e5560000, 0x00000000e5560000, 0x00000000e6ab0000)
 concurrent mark-sweep generation total 393216K, used 33289K [0x00000000e8000000, 0x0000000100000000, 0x0000000100000000)
 Metaspace       used 37798K, capacity 38688K, committed 39088K, reserved 1083392K
  class space    used 4501K, capacity 4726K, committed 4784K, reserved 1048576K
}
2018-03-21T05:47:02.322-0500: 159.213: Total time for which application threads were stopped: 0.0064703 seconds, Stopping threads took: 0.0000330 seconds
2018-03-21T05:47:02.443-0500: 159.334: Total time for which application threads were stopped: 0.0001582 seconds, Stopping threads took: 0.0000457 seconds
2018-03-21T05:47:02.446-0500: 159.337: Total time for which application threads were stopped: 0.0001619 seconds, Stopping threads took: 0.0000794 seconds
2018-03-21T05:47:02.446-0500: 159.337: Total time for which application threads were stopped: 0.0000773 seconds, Stopping threads took: 0.0000210 seconds
2018-03-21T05:47:15.272-0500: 172.162: Total time for which application threads were stopped: 0.0002080 seconds, Stopping threads took: 0.0000641 seconds
2018-03-21T05:47:15.286-0500: 172.177: Total time for which application threads were stopped: 0.0002227 seconds, Stopping threads took: 0.0000469 seconds
2018-03-21T05:47:15.387-0500: 172.277: Total time for which application threads were stopped: 0.0001560 seconds, Stopping threads took: 0.0000266 seconds
2018-03-21T05:47:15.387-0500: 172.278: Total time for which application threads were stopped: 0.0001466 seconds, Stopping threads took: 0.0000409 seconds
2018-03-21T05:47:15.387-0500: 172.278: Total time for which application threads were stopped: 0.0001718 seconds, Stopping threads took: 0.0000802 seconds
2018-03-21T05:47:15.388-0500: 172.278: Total time for which application threads were stopped: 0.0001159 seconds, Stopping threads took: 0.0000354 seconds
2018-03-21T05:47:16.388-0500: 173.279: Total time for which application threads were stopped: 0.0002090 seconds, Stopping threads took: 0.0000488 seconds
2018-03-21T05:47:20.389-0500: 177.279: Total time for which application threads were stopped: 0.0001437 seconds, Stopping threads took: 0.0000513 seconds
{Heap before GC invocations=45 (full 1):
 par new generation   total 109248K, used 100022K [0x00000000e0000000, 0x00000000e8000000, 0x00000000e8000000)
  eden space 87424K, 100% used [0x00000000e0000000, 0x00000000e5560000, 0x00000000e5560000)
  from space 21824K,  57% used [0x00000000e6ab0000, 0x00000000e76fd900, 0x00000000e8000000)
  to   space 21824K,   0% used [0x00000000e5560000, 0x00000000e5560000, 0x00000000e6ab0000)
 concurrent mark-sweep generation total 393216K, used 33289K [0x00000000e8000000, 0x0000000100000000, 0x0000000100000000)
 Metaspace       used 37812K, capacity 38688K, committed 39088K, reserved 1083392K
  class space    used 4501K, capacity 4726K, committed 4784K, reserved 1048576K
2018-03-21T05:47:20.649-0500: 177.539: [GC (Allocation Failure) 2018-03-21T05:47:20.649-0500: 177.539: [ParNew
Desired survivor size 20112992 bytes, new threshold 8 (max 8)
- age   1:    2873608 bytes,    2873608 total
- age   2:     270008 bytes,    3143616 total
- age   3:     310960 bytes,    3454576 total
- age   4:     197904 bytes,    3652480 total
- age   5:     317392 bytes,    3969872 total
- age   6:     310480 bytes,    4280352 total
- age   7:     215384 bytes,    4495736 total
- age   8:     114312 bytes,    4610048 total
: 100022K->6242K(109248K), 0.0145962 secs] 133311K->39833K(502464K), 0.0147016 secs] [Times: user=0.04 sys=0.00, real=0.02 secs] 
Heap after GC invocations=46 (full 1):
 par new generation   total 109248K, used 6242K [0x00000000e0000000, 0x00000000e8000000, 0x00000000e8000000)
  eden space 87424K,   0% used [0x00000000e0000000, 0x00000000e0000000, 0x00000000e5560000)
  from space 21824K,  28% used [0x00000000e5560000, 0x00000000e5b78820, 0x00000000e6ab0000)
  to   space 21824K,   0% used [0x00000000e6ab0000, 0x00000000e6ab0000, 0x00000000e8000000)
 concurrent mark-sweep generation total 393216K, used 33591K [0x00000000e8000000, 0x0000000100000000, 0x0000000100000000)
 Metaspace       used 37812K, capacity 38688K, committed 39088K, reserved 1083392K
  class space    used 4501K, capacity 4726K, committed 4784K, reserved 1048576K
}
2018-03-21T05:47:20.663-0500: 177.554: Total time for which application threads were stopped: 0.0149368 seconds, Stopping threads took: 0.0000286 seconds
{Heap before GC invocations=46 (full 1):
 par new generation   total 109248K, used 93666K [0x00000000e0000000, 0x00000000e8000000, 0x00000000e8000000)
  eden space 87424K, 100% used [0x00000000e0000000, 0x00000000e5560000, 0x00000000e5560000)
  from space 21824K,  28% used [0x00000000e5560000, 0x00000000e5b78820, 0x00000000e6ab0000)
  to   space 21824K,   0% used [0x00000000e6ab0000, 0x00000000e6ab0000, 0x00000000e8000000)
 concurrent mark-sweep generation total 393216K, used 33591K [0x00000000e8000000, 0x0000000100000000, 0x0000000100000000)
 Metaspace       used 37812K, capacity 38688K, committed 39088K, reserved 1083392K
  class space    used 4501K, capacity 4726K, committed 4784K, reserved 1048576K
2018-03-21T05:47:21.075-0500: 177.965: [GC (Allocation Failure) 2018-03-21T05:47:21.075-0500: 177.965: [ParNew
Desired survivor size 20112992 bytes, new threshold 8 (max 8)
- age   1:    3349720 bytes,    3349720 total
- age   2:    2330528 bytes,    5680248 total
- age   3:     270008 bytes,    5950256 total
- age   4:     310960 bytes,    6261216 total
- age   5:     196992 bytes,    6458208 total
- age   6:     317392 bytes,    6775600 total
- age   7:     310480 bytes,    7086080 total
- age   8:     214032 bytes,    7300112 total
: 93666K->8384K(109248K), 0.0100583 secs] 127257K->42087K(502464K), 0.0101472 secs] [Times: user=0.03 sys=0.00, real=0.01 secs] 
Heap after GC invocations=47 (full 1):
 par new generation   total 109248K, used 8384K [0x00000000e0000000, 0x00000000e8000000, 0x00000000e8000000)
  eden space 87424K,   0% used [0x00000000e0000000, 0x00000000e0000000, 0x00000000e5560000)
  from space 21824K,  38% used [0x00000000e6ab0000, 0x00000000e72e0398, 0x00000000e8000000)
  to   space 21824K,   0% used [0x00000000e5560000, 0x00000000e5560000, 0x00000000e6ab0000)
 concurrent mark-sweep generation total 393216K, used 33702K [0x00000000e8000000, 0x0000000100000000, 0x0000000100000000)
 Metaspace       used 37812K, capacity 38688K, committed 39088K, reserved 1083392K
  class space    used 4501K, capacity 4726K, committed 4784K, reserved 1048576K
}
2018-03-21T05:47:21.085-0500: 177.975: Total time for which application threads were stopped: 0.0103449 seconds, Stopping threads took: 0.0000234 seconds
{Heap before GC invocations=47 (full 1):
 par new generation   total 109248K, used 95431K [0x00000000e0000000, 0x00000000e8000000, 0x00000000e8000000)
  eden space 87424K,  99% used [0x00000000e0000000, 0x00000000e55019e0, 0x00000000e5560000)
  from space 21824K,  38% used [0x00000000e6ab0000, 0x00000000e72e0398, 0x00000000e8000000)
  to   space 21824K,   0% used [0x00000000e5560000, 0x00000000e5560000, 0x00000000e6ab0000)
 concurrent mark-sweep generation total 393216K, used 33702K [0x00000000e8000000, 0x0000000100000000, 0x0000000100000000)
 Metaspace       used 37824K, capacity 38688K, committed 39088K, reserved 1083392K
  class space    used 4501K, capacity 4726K, committed 4784K, reserved 1048576K
2018-03-21T05:47:21.450-0500: 178.340: [GC (Allocation Failure) 2018-03-21T05:47:21.450-0500: 178.340: [ParNew
Desired survivor size 20112992 bytes, new threshold 8 (max 8)
- age   1:    4848056 bytes,    4848056 total
- age   2:    2010000 bytes,    6858056 total
- age   3:    2035248 bytes,    8893304 total
- age   4:     270008 bytes,    9163312 total
- age   5:     310960 bytes,    9474272 total
- age   6:     196968 bytes,    9671240 total
- age   7:     317392 bytes,    9988632 total
- age   8:     310480 bytes,   10299112 total
: 95431K->13427K(109248K), 0.0106714 secs] 129134K->47339K(502464K), 0.0107706 secs] [Times: user=0.03 sys=0.01, real=0.02 secs] 
Heap after GC invocations=48 (full 1):
 par new generation   total 109248K, used 13427K [0x00000000e0000000, 0x00000000e8000000, 0x00000000e8000000)
  eden space 87424K,   0% used [0x00000000e0000000, 0x00000000e0000000, 0x00000000e5560000)
  from space 21824K,  61% used [0x00000000e5560000, 0x00000000e627cdc0, 0x00000000e6ab0000)
  to   space 21824K,   0% used [0x00000000e6ab0000, 0x00000000e6ab0000, 0x00000000e8000000)
 concurrent mark-sweep generation total 393216K, used 33911K [0x00000000e8000000, 0x0000000100000000, 0x0000000100000000)
 Metaspace       used 37824K, capacity 38688K, committed 39088K, reserved 1083392K
  class space    used 4501K, capacity 4726K, committed 4784K, reserved 1048576K
}
2018-03-21T05:47:21.461-0500: 178.351: Total time for which application threads were stopped: 0.0110167 seconds, Stopping threads took: 0.0000553 seconds
{Heap before GC invocations=48 (full 1):
 par new generation   total 109248K, used 100851K [0x00000000e0000000, 0x00000000e8000000, 0x00000000e8000000)
  eden space 87424K, 100% used [0x00000000e0000000, 0x00000000e5560000, 0x00000000e5560000)
  from space 21824K,  61% used [0x00000000e5560000, 0x00000000e627cdc0, 0x00000000e6ab0000)
  to   space 21824K,   0% used [0x00000000e6ab0000, 0x00000000e6ab0000, 0x00000000e8000000)
 concurrent mark-sweep generation total 393216K, used 33911K [0x00000000e8000000, 0x0000000100000000, 0x0000000100000000)
 Metaspace       used 37843K, capacity 38688K, committed 39088K, reserved 1083392K
  class space    used 4501K, capacity 4726K, committed 4784K, reserved 1048576K
2018-03-21T05:47:21.748-0500: 178.639: [GC (Allocation Failure) 2018-03-21T05:47:21.748-0500: 178.639: [ParNew
Desired survivor size 20112992 bytes, new threshold 8 (max 8)
- age   1:    1726744 bytes,    1726744 total
- age   2:    1353224 bytes,    3079968 total
- age   3:     313040 bytes,    3393008 total
- age   4:     341840 bytes,    3734848 total
- age   5:     269792 bytes,    4004640 total
- age   6:     310960 bytes,    4315600 total
- age   7:     195352 bytes,    4510952 total
- age   8:     317392 bytes,    4828344 total
: 100851K->7895K(109248K), 0.0063469 secs] 134763K->42110K(502464K), 0.0064263 secs] [Times: user=0.02 sys=0.00, real=0.01 secs] 
Heap after GC invocations=49 (full 1):
 par new generation   total 109248K, used 7895K [0x00000000e0000000, 0x00000000e8000000, 0x00000000e8000000)
  eden space 87424K,   0% used [0x00000000e0000000, 0x00000000e0000000, 0x00000000e5560000)
  from space 21824K,  36% used [0x00000000e6ab0000, 0x00000000e7265d90, 0x00000000e8000000)
  to   space 21824K,   0% used [0x00000000e5560000, 0x00000000e5560000, 0x00000000e6ab0000)
 concurrent mark-sweep generation total 393216K, used 34215K [0x00000000e8000000, 0x0000000100000000, 0x0000000100000000)
 Metaspace       used 37843K, capacity 38688K, committed 39088K, reserved 1083392K
  class space    used 4501K, capacity 4726K, committed 4784K, reserved 1048576K
}
2018-03-21T05:47:21.755-0500: 178.645: Total time for which application threads were stopped: 0.0066205 seconds, Stopping threads took: 0.0000212 seconds
{Heap before GC invocations=49 (full 1):
 par new generation   total 109248K, used 95319K [0x00000000e0000000, 0x00000000e8000000, 0x00000000e8000000)
  eden space 87424K, 100% used [0x00000000e0000000, 0x00000000e5560000, 0x00000000e5560000)
  from space 21824K,  36% used [0x00000000e6ab0000, 0x00000000e7265d90, 0x00000000e8000000)
  to   space 21824K,   0% used [0x00000000e5560000, 0x00000000e5560000, 0x00000000e6ab0000)
 concurrent mark-sweep generation total 393216K, used 34215K [0x00000000e8000000, 0x0000000100000000, 0x0000000100000000)
 Metaspace       used 37843K, capacity 38688K, committed 39088K, reserved 1083392K
  class space    used 4501K, capacity 4726K, committed 4784K, reserved 1048576K
2018-03-21T05:47:22.126-0500: 179.016: [GC (Allocation Failure) 2018-03-21T05:47:22.126-0500: 179.016: [ParNew
Desired survivor size 20112992 bytes, new threshold 8 (max 8)
- age   1:    3615392 bytes,    3615392 total
- age   2:    1125480 bytes,    4740872 total
- age   3:    1352768 bytes,    6093640 total
- age   4:     313040 bytes,    6406680 total
- age   5:     340928 bytes,    6747608 total
- age   6:     269792 bytes,    7017400 total
- age   7:     310960 bytes,    7328360 total
- age   8:     195352 bytes,    7523712 total
: 95319K->9354K(109248K), 0.0119089 secs] 129534K->43879K(502464K), 0.0120132 secs] [Times: user=0.03 sys=0.01, real=0.02 secs] 
Heap after GC invocations=50 (full 1):
 par new generation   total 109248K, used 9354K [0x00000000e0000000, 0x00000000e8000000, 0x00000000e8000000)
  eden space 87424K,   0% used [0x00000000e0000000, 0x00000000e0000000, 0x00000000e5560000)
  from space 21824K,  42% used [0x00000000e5560000, 0x00000000e5e82818, 0x00000000e6ab0000)
  to   space 21824K,   0% used [0x00000000e6ab0000, 0x00000000e6ab0000, 0x00000000e8000000)
 concurrent mark-sweep generation total 393216K, used 34524K [0x00000000e8000000, 0x0000000100000000, 0x0000000100000000)
 Metaspace       used 37843K, capacity 38688K, committed 39088K, reserved 1083392K
  class space    used 4501K, capacity 4726K, committed 4784K, reserved 1048576K
}
2018-03-21T05:47:22.138-0500: 179.028: Total time for which application threads were stopped: 0.0122156 seconds, Stopping threads took: 0.0000186 seconds
{Heap before GC invocations=50 (full 1):
 par new generation   total 109248K, used 96778K [0x00000000e0000000, 0x00000000e8000000, 0x00000000e8000000)
  eden space 87424K, 100% used [0x00000000e0000000, 0x00000000e5560000, 0x00000000e5560000)
  from space 21824K,  42% used [0x00000000e5560000, 0x00000000e5e82818, 0x00000000e6ab0000)
  to   space 21824K,   0% used [0x00000000e6ab0000, 0x00000000e6ab0000, 0x00000000e8000000)
 concurrent mark-sweep generation total 393216K, used 34524K [0x00000000e8000000, 0x0000000100000000, 0x0000000100000000)
 Metaspace       used 37847K, capacity 38688K, committed 39088K, reserved 1083392K
  class space    used 4501K, capacity 4726K, committed 4784K, reserved 1048576K
2018-03-21T05:47:22.508-0500: 179.399: [GC (Allocation Failure) 2018-03-21T05:47:22.508-0500: 179.399: [ParNew
Desired survivor size 20112992 bytes, new threshold 8 (max 8)
- age   1:    2568432 bytes,    2568432 total
- age   2:    1771536 bytes,    4339968 total
- age   3:     915496 bytes,    5255464 total
- age   4:     458936 bytes,    5714400 total
- age   5:     313040 bytes,    6027440 total
- age   6:     310344 bytes,    6337784 total
- age   7:     269728 bytes,    6607512 total
- age   8:     310960 bytes,    6918472 total
: 96778K->10734K(109248K), 0.0133185 secs] 131303K->45450K(502464K), 0.0134004 secs] [Times: user=0.03 sys=0.01, real=0.02 secs] 
Heap after GC invocations=51 (full 1):
 par new generation   total 109248K, used 10734K [0x00000000e0000000, 0x00000000e8000000, 0x00000000e8000000)
  eden space 87424K,   0% used [0x00000000e0000000, 0x00000000e0000000, 0x00000000e5560000)
  from space 21824K,  49% used [0x00000000e6ab0000, 0x00000000e752bb18, 0x00000000e8000000)
  to   space 21824K,   0% used [0x00000000e5560000, 0x00000000e5560000, 0x00000000e6ab0000)
 concurrent mark-sweep generation total 393216K, used 34716K [0x00000000e8000000, 0x0000000100000000, 0x0000000100000000)
 Metaspace       used 37847K, capacity 38688K, committed 39088K, reserved 1083392K
  class space    used 4501K, capacity 4726K, committed 4784K, reserved 1048576K
}
2018-03-21T05:47:22.522-0500: 179.412: Total time for which application threads were stopped: 0.0136336 seconds, Stopping threads took: 0.0000308 seconds
2018-03-21T05:47:22.570-0500: 179.460: Total time for which application threads were stopped: 0.0001372 seconds, Stopping threads took: 0.0000451 seconds
2018-03-21T05:47:22.570-0500: 179.461: Total time for which application threads were stopped: 0.0001795 seconds, Stopping threads took: 0.0001273 seconds
2018-03-21T05:47:31.979-0500: 188.870: Total time for which application threads were stopped: 0.0001404 seconds, Stopping threads took: 0.0000441 seconds
2018-03-21T05:47:32.014-0500: 188.904: Total time for which application threads were stopped: 0.0001379 seconds, Stopping threads took: 0.0000243 seconds
2018-03-21T05:47:32.014-0500: 188.905: Total time for which application threads were stopped: 0.0000683 seconds, Stopping threads took: 0.0000106 seconds
{Heap before GC invocations=51 (full 1):
 par new generation   total 109248K, used 98158K [0x00000000e0000000, 0x00000000e8000000, 0x00000000e8000000)
  eden space 87424K, 100% used [0x00000000e0000000, 0x00000000e5560000, 0x00000000e5560000)
  from space 21824K,  49% used [0x00000000e6ab0000, 0x00000000e752bb18, 0x00000000e8000000)
  to   space 21824K,   0% used [0x00000000e5560000, 0x00000000e5560000, 0x00000000e6ab0000)
 concurrent mark-sweep generation total 393216K, used 34716K [0x00000000e8000000, 0x0000000100000000, 0x0000000100000000)
 Metaspace       used 37858K, capacity 38816K, committed 39088K, reserved 1083392K
  class space    used 4501K, capacity 4726K, committed 4784K, reserved 1048576K
2018-03-21T05:47:32.281-0500: 189.172: [GC (Allocation Failure) 2018-03-21T05:47:32.281-0500: 189.172: [ParNew
Desired survivor size 20112992 bytes, new threshold 8 (max 8)
- age   1:    3199480 bytes,    3199480 total
- age   2:     238544 bytes,    3438024 total
- age   3:     313040 bytes,    3751064 total
- age   4:     216344 bytes,    3967408 total
- age   5:     295576 bytes,    4262984 total
- age   6:     313040 bytes,    4576024 total
- age   7:     256408 bytes,    4832432 total
- age   8:     269728 bytes,    5102160 total
: 98158K->5639K(109248K), 0.0074751 secs] 132874K->40659K(502464K), 0.0075770 secs] [Times: user=0.02 sys=0.00, real=0.00 secs] 
Heap after GC invocations=52 (full 1):
 par new generation   total 109248K, used 5639K [0x00000000e0000000, 0x00000000e8000000, 0x00000000e8000000)
  eden space 87424K,   0% used [0x00000000e0000000, 0x00000000e0000000, 0x00000000e5560000)
  from space 21824K,  25% used [0x00000000e5560000, 0x00000000e5ae1e60, 0x00000000e6ab0000)
  to   space 21824K,   0% used [0x00000000e6ab0000, 0x00000000e6ab0000, 0x00000000e8000000)
 concurrent mark-sweep generation total 393216K, used 35019K [0x00000000e8000000, 0x0000000100000000, 0x0000000100000000)
 Metaspace       used 37858K, capacity 38816K, committed 39088K, reserved 1083392K
  class space    used 4501K, capacity 4726K, committed 4784K, reserved 1048576K
}
2018-03-21T05:47:32.289-0500: 189.179: Total time for which application threads were stopped: 0.0077704 seconds, Stopping threads took: 0.0000219 seconds
{Heap before GC invocations=52 (full 1):
 par new generation   total 109248K, used 93063K [0x00000000e0000000, 0x00000000e8000000, 0x00000000e8000000)
  eden space 87424K, 100% used [0x00000000e0000000, 0x00000000e5560000, 0x00000000e5560000)
  from space 21824K,  25% used [0x00000000e5560000, 0x00000000e5ae1e60, 0x00000000e6ab0000)
  to   space 21824K,   0% used [0x00000000e6ab0000, 0x00000000e6ab0000, 0x00000000e8000000)
 concurrent mark-sweep generation total 393216K, used 35019K [0x00000000e8000000, 0x0000000100000000, 0x0000000100000000)
 Metaspace       used 37858K, capacity 38816K, committed 39088K, reserved 1083392K
  class space    used 4501K, capacity 4726K, committed 4784K, reserved 1048576K
2018-03-21T05:47:32.671-0500: 189.561: [GC (Allocation Failure) 2018-03-21T05:47:32.671-0500: 189.561: [ParNew
Desired survivor size 20112992 bytes, new threshold 8 (max 8)
- age   1:    3467000 bytes,    3467000 total
- age   2:    2521064 bytes,    5988064 total
- age   3:     238544 bytes,    6226608 total
- age   4:     313040 bytes,    6539648 total
- age   5:     215432 bytes,    6755080 total
- age   6:     295576 bytes,    7050656 total
- age   7:     313040 bytes,    7363696 total
- age   8:     255056 bytes,    7618752 total
: 93063K->10215K(109248K), 0.0058202 secs] 128083K->45498K(502464K), 0.0059305 secs] [Times: user=0.02 sys=0.00, real=0.00 secs] 
Heap after GC invocations=53 (full 1):
 par new generation   total 109248K, used 10215K [0x00000000e0000000, 0x00000000e8000000, 0x00000000e8000000)
  eden space 87424K,   0% used [0x00000000e0000000, 0x00000000e0000000, 0x00000000e5560000)
  from space 21824K,  46% used [0x00000000e6ab0000, 0x00000000e74a9c00, 0x00000000e8000000)
  to   space 21824K,   0% used [0x00000000e5560000, 0x00000000e5560000, 0x00000000e6ab0000)
 concurrent mark-sweep generation total 393216K, used 35283K [0x00000000e8000000, 0x0000000100000000, 0x0000000100000000)
 Metaspace       used 37858K, capacity 38816K, committed 39088K, reserved 1083392K
  class space    used 4501K, capacity 4726K, committed 4784K, reserved 1048576K
}
2018-03-21T05:47:32.677-0500: 189.567: Total time for which application threads were stopped: 0.0061326 seconds, Stopping threads took: 0.0000239 seconds
{Heap before GC invocations=53 (full 1):
 par new generation   total 109248K, used 97639K [0x00000000e0000000, 0x00000000e8000000, 0x00000000e8000000)
  eden space 87424K, 100% used [0x00000000e0000000, 0x00000000e5560000, 0x00000000e5560000)
  from space 21824K,  46% used [0x00000000e6ab0000, 0x00000000e74a9c00, 0x00000000e8000000)
  to   space 21824K,   0% used [0x00000000e5560000, 0x00000000e5560000, 0x00000000e6ab0000)
 concurrent mark-sweep generation total 393216K, used 35283K [0x00000000e8000000, 0x0000000100000000, 0x0000000100000000)
 Metaspace       used 37859K, capacity 38816K, committed 39088K, reserved 1083392K
  class space    used 4501K, capacity 4726K, committed 4784K, reserved 1048576K
2018-03-21T05:47:33.044-0500: 189.934: [GC (Allocation Failure) 2018-03-21T05:47:33.044-0500: 189.934: [ParNew
Desired survivor size 20112992 bytes, new threshold 8 (max 8)
- age   1:    4069944 bytes,    4069944 total
- age   2:    1878280 bytes,    5948224 total
- age   3:    1626568 bytes,    7574792 total
- age   4:     238544 bytes,    7813336 total
- age   5:     313040 bytes,    8126376 total
- age   6:     215432 bytes,    8341808 total
- age   7:     295552 bytes,    8637360 total
- age   8:     313040 bytes,    8950400 total
: 97639K->11775K(109248K), 0.0116984 secs] 132922K->47307K(502464K), 0.0117896 secs] [Times: user=0.03 sys=0.00, real=0.01 secs] 
Heap after GC invocations=54 (full 1):
 par new generation   total 109248K, used 11775K [0x00000000e0000000, 0x00000000e8000000, 0x00000000e8000000)
  eden space 87424K,   0% used [0x00000000e0000000, 0x00000000e0000000, 0x00000000e5560000)
  from space 21824K,  53% used [0x00000000e5560000, 0x00000000e60dfd20, 0x00000000e6ab0000)
  to   space 21824K,   0% used [0x00000000e6ab0000, 0x00000000e6ab0000, 0x00000000e8000000)
 concurrent mark-sweep generation total 393216K, used 35532K [0x00000000e8000000, 0x0000000100000000, 0x0000000100000000)
 Metaspace       used 37859K, capacity 38816K, committed 39088K, reserved 1083392K
  class space    used 4501K, capacity 4726K, committed 4784K, reserved 1048576K
}
2018-03-21T05:47:33.055-0500: 189.946: Total time for which application threads were stopped: 0.0120709 seconds, Stopping threads took: 0.0000518 seconds
{Heap before GC invocations=54 (full 1):
 par new generation   total 109248K, used 99199K [0x00000000e0000000, 0x00000000e8000000, 0x00000000e8000000)
  eden space 87424K, 100% used [0x00000000e0000000, 0x00000000e5560000, 0x00000000e5560000)
  from space 21824K,  53% used [0x00000000e5560000, 0x00000000e60dfd20, 0x00000000e6ab0000)
  to   space 21824K,   0% used [0x00000000e6ab0000, 0x00000000e6ab0000, 0x00000000e8000000)
 concurrent mark-sweep generation total 393216K, used 35532K [0x00000000e8000000, 0x0000000100000000, 0x0000000100000000)
 Metaspace       used 37869K, capacity 38820K, committed 39088K, reserved 1083392K
  class space    used 4501K, capacity 4726K, committed 4784K, reserved 1048576K
2018-03-21T05:47:33.338-0500: 190.228: [GC (Allocation Failure) 2018-03-21T05:47:33.338-0500: 190.228: [ParNew
Desired survivor size 20112992 bytes, new threshold 8 (max 8)
- age   1:    2229016 bytes,    2229016 total
- age   2:    1384424 bytes,    3613440 total
- age   3:     306800 bytes,    3920240 total
- age   4:     313840 bytes,    4234080 total
- age   5:     237776 bytes,    4471856 total
- age   6:     313040 bytes,    4784896 total
- age   7:     213176 bytes,    4998072 total
- age   8:     295552 bytes,    5293624 total
: 99199K->7453K(109248K), 0.0117562 secs] 134731K->43291K(502464K), 0.0118759 secs] [Times: user=0.04 sys=0.00, real=0.01 secs] 
Heap after GC invocations=55 (full 1):
 par new generation   total 109248K, used 7453K [0x00000000e0000000, 0x00000000e8000000, 0x00000000e8000000)
  eden space 87424K,   0% used [0x00000000e0000000, 0x00000000e0000000, 0x00000000e5560000)
  from space 21824K,  34% used [0x00000000e6ab0000, 0x00000000e71f7538, 0x00000000e8000000)
  to   space 21824K,   0% used [0x00000000e5560000, 0x00000000e5560000, 0x00000000e6ab0000)
 concurrent mark-sweep generation total 393216K, used 35838K [0x00000000e8000000, 0x0000000100000000, 0x0000000100000000)
 Metaspace       used 37869K, capacity 38820K, committed 39088K, reserved 1083392K
  class space    used 4501K, capacity 4726K, committed 4784K, reserved 1048576K
}
2018-03-21T05:47:33.350-0500: 190.240: Total time for which application threads were stopped: 0.0120944 seconds, Stopping threads took: 0.0000312 seconds
{Heap before GC invocations=55 (full 1):
 par new generation   total 109248K, used 94877K [0x00000000e0000000, 0x00000000e8000000, 0x00000000e8000000)
  eden space 87424K, 100% used [0x00000000e0000000, 0x00000000e5560000, 0x00000000e5560000)
  from space 21824K,  34% used [0x00000000e6ab0000, 0x00000000e71f7538, 0x00000000e8000000)
  to   space 21824K,   0% used [0x00000000e5560000, 0x00000000e5560000, 0x00000000e6ab0000)
 concurrent mark-sweep generation total 393216K, used 35838K [0x00000000e8000000, 0x0000000100000000, 0x0000000100000000)
 Metaspace       used 37869K, capacity 38820K, committed 39088K, reserved 1083392K
  class space    used 4501K, capacity 4726K, committed 4784K, reserved 1048576K
2018-03-21T05:47:33.799-0500: 190.689: [GC (Allocation Failure) 2018-03-21T05:47:33.799-0500: 190.689: [ParNew
Desired survivor size 20112992 bytes, new threshold 8 (max 8)
- age   1:    3616304 bytes,    3616304 total
- age   2:    1508752 bytes,    5125056 total
- age   3:    1384592 bytes,    6509648 total
- age   4:     306800 bytes,    6816448 total
- age   5:     312928 bytes,    7129376 total
- age   6:     237776 bytes,    7367152 total
- age   7:     313040 bytes,    7680192 total
- age   8:     213176 bytes,    7893368 total
: 94877K->9760K(109248K), 0.0079973 secs] 130715K->45887K(502464K), 0.0080940 secs] [Times: user=0.03 sys=0.00, real=0.00 secs] 
Heap after GC invocations=56 (full 1):
 par new generation   total 109248K, used 9760K [0x00000000e0000000, 0x00000000e8000000, 0x00000000e8000000)
  eden space 87424K,   0% used [0x00000000e0000000, 0x00000000e0000000, 0x00000000e5560000)
  from space 21824K,  44% used [0x00000000e5560000, 0x00000000e5ee8378, 0x00000000e6ab0000)
  to   space 21824K,   0% used [0x00000000e6ab0000, 0x00000000e6ab0000, 0x00000000e8000000)
 concurrent mark-sweep generation total 393216K, used 36126K [0x00000000e8000000, 0x0000000100000000, 0x0000000100000000)
 Metaspace       used 37869K, capacity 38820K, committed 39088K, reserved 1083392K
  class space    used 4501K, capacity 4726K, committed 4784K, reserved 1048576K
}
2018-03-21T05:47:33.807-0500: 190.697: Total time for which application threads were stopped: 0.0083033 seconds, Stopping threads took: 0.0000264 seconds
{Heap before GC invocations=56 (full 1):
 par new generation   total 109248K, used 97184K [0x00000000e0000000, 0x00000000e8000000, 0x00000000e8000000)
  eden space 87424K, 100% used [0x00000000e0000000, 0x00000000e5560000, 0x00000000e5560000)
  from space 21824K,  44% used [0x00000000e5560000, 0x00000000e5ee8378, 0x00000000e6ab0000)
  to   space 21824K,   0% used [0x00000000e6ab0000, 0x00000000e6ab0000, 0x00000000e8000000)
 concurrent mark-sweep generation total 393216K, used 36126K [0x00000000e8000000, 0x0000000100000000, 0x0000000100000000)
 Metaspace       used 37876K, capacity 38820K, committed 39088K, reserved 1083392K
  class space    used 4501K, capacity 4726K, committed 4784K, reserved 1048576K
2018-03-21T05:47:34.105-0500: 190.996: [GC (Allocation Failure) 2018-03-21T05:47:34.105-0500: 190.996: [ParNew
Desired survivor size 20112992 bytes, new threshold 8 (max 8)
- age   1:    3508216 bytes,    3508216 total
- age   2:    1770640 bytes,    5278856 total
- age   3:    1131984 bytes,    6410840 total
- age   4:     483832 bytes,    6894672 total
- age   5:     306800 bytes,    7201472 total
- age   6:     282344 bytes,    7483816 total
- age   7:     237712 bytes,    7721528 total
- age   8:     313040 bytes,    8034568 total
: 97184K->13052K(109248K), 0.0067549 secs] 133311K->49388K(502464K), 0.0068356 secs] [Times: user=0.02 sys=0.00, real=0.01 secs] 
Heap after GC invocations=57 (full 1):
 par new generation   total 109248K, used 13052K [0x00000000e0000000, 0x00000000e8000000, 0x00000000e8000000)
  eden space 87424K,   0% used [0x00000000e0000000, 0x00000000e0000000, 0x00000000e5560000)
  from space 21824K,  59% used [0x00000000e6ab0000, 0x00000000e776f380, 0x00000000e8000000)
  to   space 21824K,   0% used [0x00000000e5560000, 0x00000000e5560000, 0x00000000e6ab0000)
 concurrent mark-sweep generation total 393216K, used 36335K [0x00000000e8000000, 0x0000000100000000, 0x0000000100000000)
 Metaspace       used 37876K, capacity 38820K, committed 39088K, reserved 1083392K
  class space    used 4501K, capacity 4726K, committed 4784K, reserved 1048576K
}
2018-03-21T05:47:34.112-0500: 191.002: Total time for which application threads were stopped: 0.0070275 seconds, Stopping threads took: 0.0000248 seconds
2018-03-21T05:47:34.136-0500: 191.026: Total time for which application threads were stopped: 0.0001631 seconds, Stopping threads took: 0.0000691 seconds
2018-03-21T05:47:35.005-0500: 191.896: Total time for which application threads were stopped: 0.0001172 seconds, Stopping threads took: 0.0000330 seconds
2018-03-21T05:47:35.006-0500: 191.897: Total time for which application threads were stopped: 0.0000981 seconds, Stopping threads took: 0.0000385 seconds
2018-03-21T05:47:35.424-0500: 192.315: Total time for which application threads were stopped: 0.0002768 seconds, Stopping threads took: 0.0000681 seconds
2018-03-21T05:47:35.433-0500: 192.323: Total time for which application threads were stopped: 0.0001235 seconds, Stopping threads took: 0.0000301 seconds
2018-03-21T05:47:35.433-0500: 192.324: Total time for which application threads were stopped: 0.0000651 seconds, Stopping threads took: 0.0000122 seconds
2018-03-21T05:47:35.433-0500: 192.324: Total time for which application threads were stopped: 0.0000649 seconds, Stopping threads took: 0.0000125 seconds
2018-03-21T05:47:35.434-0500: 192.324: Total time for which application threads were stopped: 0.0000541 seconds, Stopping threads took: 0.0000105 seconds
2018-03-21T05:47:35.597-0500: 192.487: Total time for which application threads were stopped: 0.0001309 seconds, Stopping threads took: 0.0000299 seconds
{Heap before GC invocations=57 (full 1):
 par new generation   total 109248K, used 100476K [0x00000000e0000000, 0x00000000e8000000, 0x00000000e8000000)
  eden space 87424K, 100% used [0x00000000e0000000, 0x00000000e5560000, 0x00000000e5560000)
  from space 21824K,  59% used [0x00000000e6ab0000, 0x00000000e776f380, 0x00000000e8000000)
  to   space 21824K,   0% used [0x00000000e5560000, 0x00000000e5560000, 0x00000000e6ab0000)
 concurrent mark-sweep generation total 393216K, used 36335K [0x00000000e8000000, 0x0000000100000000, 0x0000000100000000)
 Metaspace       used 37889K, capacity 38820K, committed 39088K, reserved 1083392K
  class space    used 4501K, capacity 4726K, committed 4784K, reserved 1048576K
2018-03-21T05:47:57.421-0500: 214.312: [GC (Allocation Failure) 2018-03-21T05:47:57.421-0500: 214.312: [ParNew
Desired survivor size 20112992 bytes, new threshold 8 (max 8)
- age   1:    3209032 bytes,    3209032 total
- age   2:     195904 bytes,    3404936 total
- age   3:     309920 bytes,    3714856 total
- age   4:     256544 bytes,    3971400 total
- age   5:     257440 bytes,    4228840 total
- age   6:     306800 bytes,    4535640 total
- age   7:     222176 bytes,    4757816 total
- age   8:     237712 bytes,    4995528 total
: 100476K->6287K(109248K), 0.0051793 secs] 136812K->42929K(502464K), 0.0052979 secs] [Times: user=0.02 sys=0.00, real=0.00 secs] 
Heap after GC invocations=58 (full 1):
 par new generation   total 109248K, used 6287K [0x00000000e0000000, 0x00000000e8000000, 0x00000000e8000000)
  eden space 87424K,   0% used [0x00000000e0000000, 0x00000000e0000000, 0x00000000e5560000)
  from space 21824K,  28% used [0x00000000e5560000, 0x00000000e5b83fe0, 0x00000000e6ab0000)
  to   space 21824K,   0% used [0x00000000e6ab0000, 0x00000000e6ab0000, 0x00000000e8000000)
 concurrent mark-sweep generation total 393216K, used 36641K [0x00000000e8000000, 0x0000000100000000, 0x0000000100000000)
 Metaspace       used 37889K, capacity 38820K, committed 39088K, reserved 1083392K
  class space    used 4501K, capacity 4726K, committed 4784K, reserved 1048576K
}
2018-03-21T05:47:57.426-0500: 214.317: Total time for which application threads were stopped: 0.0055100 seconds, Stopping threads took: 0.0000264 seconds
{Heap before GC invocations=58 (full 1):
 par new generation   total 109248K, used 93711K [0x00000000e0000000, 0x00000000e8000000, 0x00000000e8000000)
  eden space 87424K, 100% used [0x00000000e0000000, 0x00000000e5560000, 0x00000000e5560000)
  from space 21824K,  28% used [0x00000000e5560000, 0x00000000e5b83fe0, 0x00000000e6ab0000)
  to   space 21824K,   0% used [0x00000000e6ab0000, 0x00000000e6ab0000, 0x00000000e8000000)
 concurrent mark-sweep generation total 393216K, used 36641K [0x00000000e8000000, 0x0000000100000000, 0x0000000100000000)
 Metaspace       used 37889K, capacity 38820K, committed 39088K, reserved 1083392K
  class space    used 4501K, capacity 4726K, committed 4784K, reserved 1048576K
2018-03-21T05:47:57.788-0500: 214.678: [GC (Allocation Failure) 2018-03-21T05:47:57.788-0500: 214.678: [ParNew
Desired survivor size 20112992 bytes, new threshold 8 (max 8)
- age   1:    3277064 bytes,    3277064 total
- age   2:    2648144 bytes,    5925208 total
- age   3:     195904 bytes,    6121112 total
- age   4:     309920 bytes,    6431032 total
- age   5:     255632 bytes,    6686664 total
- age   6:     257440 bytes,    6944104 total
- age   7:     306800 bytes,    7250904 total
- age   8:     220824 bytes,    7471728 total
: 93711K->8865K(109248K), 0.0071063 secs] 130353K->45738K(502464K), 0.0071906 secs] [Times: user=0.02 sys=0.00, real=0.01 secs] 
Heap after GC invocations=59 (full 1):
 par new generation   total 109248K, used 8865K [0x00000000e0000000, 0x00000000e8000000, 0x00000000e8000000)
  eden space 87424K,   0% used [0x00000000e0000000, 0x00000000e0000000, 0x00000000e5560000)
  from space 21824K,  40% used [0x00000000e6ab0000, 0x00000000e7358458, 0x00000000e8000000)
  to   space 21824K,   0% used [0x00000000e5560000, 0x00000000e5560000, 0x00000000e6ab0000)
 concurrent mark-sweep generation total 393216K, used 36873K [0x00000000e8000000, 0x0000000100000000, 0x0000000100000000)
 Metaspace       used 37889K, capacity 38820K, committed 39088K, reserved 1083392K
  class space    used 4501K, capacity 4726K, committed 4784K, reserved 1048576K
}
2018-03-21T05:47:57.795-0500: 214.685: Total time for which application threads were stopped: 0.0073713 seconds, Stopping threads took: 0.0000214 seconds
{Heap before GC invocations=59 (full 1):
 par new generation   total 109248K, used 96289K [0x00000000e0000000, 0x00000000e8000000, 0x00000000e8000000)
  eden space 87424K, 100% used [0x00000000e0000000, 0x00000000e5560000, 0x00000000e5560000)
  from space 21824K,  40% used [0x00000000e6ab0000, 0x00000000e7358458, 0x00000000e8000000)
  to   space 21824K,   0% used [0x00000000e5560000, 0x00000000e5560000, 0x00000000e6ab0000)
 concurrent mark-sweep generation total 393216K, used 36873K [0x00000000e8000000, 0x0000000100000000, 0x0000000100000000)
 Metaspace       used 37889K, capacity 38820K, committed 39088K, reserved 1083392K
  class space    used 4501K, capacity 4726K, committed 4784K, reserved 1048576K
2018-03-21T05:47:58.154-0500: 215.044: [GC (Allocation Failure) 2018-03-21T05:47:58.154-0500: 215.044: [ParNew
Desired survivor size 20112992 bytes, new threshold 8 (max 8)
- age   1:    4195344 bytes,    4195344 total
- age   2:    2105912 bytes,    6301256 total
- age   3:    2615792 bytes,    8917048 total
- age   4:     195904 bytes,    9112952 total
- age   5:     309920 bytes,    9422872 total
- age   6:     255632 bytes,    9678504 total
- age   7:     257440 bytes,    9935944 total
- age   8:     306800 bytes,   10242744 total
: 96289K->13793K(109248K), 0.0070547 secs] 133162K->50882K(502464K), 0.0071572 secs] [Times: user=0.02 sys=0.01, real=0.01 secs] 
Heap after GC invocations=60 (full 1):
 par new generation   total 109248K, used 13793K [0x00000000e0000000, 0x00000000e8000000, 0x00000000e8000000)
  eden space 87424K,   0% used [0x00000000e0000000, 0x00000000e0000000, 0x00000000e5560000)
  from space 21824K,  63% used [0x00000000e5560000, 0x00000000e62d8560, 0x00000000e6ab0000)
  to   space 21824K,   0% used [0x00000000e6ab0000, 0x00000000e6ab0000, 0x00000000e8000000)
 concurrent mark-sweep generation total 393216K, used 37089K [0x00000000e8000000, 0x0000000100000000, 0x0000000100000000)
 Metaspace       used 37889K, capacity 38820K, committed 39088K, reserved 1083392K
  class space    used 4501K, capacity 4726K, committed 4784K, reserved 1048576K
}
2018-03-21T05:47:58.161-0500: 215.052: Total time for which application threads were stopped: 0.0073756 seconds, Stopping threads took: 0.0000288 seconds
{Heap before GC invocations=60 (full 1):
 par new generation   total 109248K, used 101217K [0x00000000e0000000, 0x00000000e8000000, 0x00000000e8000000)
  eden space 87424K, 100% used [0x00000000e0000000, 0x00000000e5560000, 0x00000000e5560000)
  from space 21824K,  63% used [0x00000000e5560000, 0x00000000e62d8560, 0x00000000e6ab0000)
  to   space 21824K,   0% used [0x00000000e6ab0000, 0x00000000e6ab0000, 0x00000000e8000000)
 concurrent mark-sweep generation total 393216K, used 37089K [0x00000000e8000000, 0x0000000100000000, 0x0000000100000000)
 Metaspace       used 37892K, capacity 38820K, committed 39088K, reserved 1083392K
  class space    used 4501K, capacity 4726K, committed 4784K, reserved 1048576K
2018-03-21T05:47:58.375-0500: 215.266: [GC (Allocation Failure) 2018-03-21T05:47:58.376-0500: 215.266: [ParNew
Desired survivor size 20112992 bytes, new threshold 8 (max 8)
- age   1:    2144816 bytes,    2144816 total
- age   2:     621304 bytes,    2766120 total
- age   3:     569176 bytes,    3335296 total
- age   4:     797368 bytes,    4132664 total
- age   5:     195880 bytes,    4328544 total
- age   6:     309920 bytes,    4638464 total
- age   7:     255632 bytes,    4894096 total
- age   8:     257440 bytes,    5151536 total
: 101217K->7908K(109248K), 0.0053243 secs] 138306K->45297K(502464K), 0.0054061 secs] [Times: user=0.02 sys=0.00, real=0.01 secs] 
Heap after GC invocations=61 (full 1):
 par new generation   total 109248K, used 7908K [0x00000000e0000000, 0x00000000e8000000, 0x00000000e8000000)
  eden space 87424K,   0% used [0x00000000e0000000, 0x00000000e0000000, 0x00000000e5560000)
  from space 21824K,  36% used [0x00000000e6ab0000, 0x00000000e7269210, 0x00000000e8000000)
  to   space 21824K,   0% used [0x00000000e5560000, 0x00000000e5560000, 0x00000000e6ab0000)
 concurrent mark-sweep generation total 393216K, used 37388K [0x00000000e8000000, 0x0000000100000000, 0x0000000100000000)
 Metaspace       used 37892K, capacity 38820K, committed 39088K, reserved 1083392K
  class space    used 4501K, capacity 4726K, committed 4784K, reserved 1048576K
}
2018-03-21T05:47:58.381-0500: 215.271: Total time for which application threads were stopped: 0.0056169 seconds, Stopping threads took: 0.0000567 seconds
2018-03-21T05:47:58.386-0500: 215.276: Total time for which application threads were stopped: 0.0001855 seconds, Stopping threads took: 0.0000517 seconds
2018-03-21T05:47:58.386-0500: 215.277: Total time for which application threads were stopped: 0.0000943 seconds, Stopping threads took: 0.0000430 seconds
2018-03-21T05:47:58.386-0500: 215.277: Total time for which application threads were stopped: 0.0001205 seconds, Stopping threads took: 0.0000467 seconds
2018-03-21T05:47:58.387-0500: 215.277: Total time for which application threads were stopped: 0.0000844 seconds, Stopping threads took: 0.0000287 seconds
{Heap before GC invocations=61 (full 1):
 par new generation   total 109248K, used 95332K [0x00000000e0000000, 0x00000000e8000000, 0x00000000e8000000)
  eden space 87424K, 100% used [0x00000000e0000000, 0x00000000e5560000, 0x00000000e5560000)
  from space 21824K,  36% used [0x00000000e6ab0000, 0x00000000e7269210, 0x00000000e8000000)
  to   space 21824K,   0% used [0x00000000e5560000, 0x00000000e5560000, 0x00000000e6ab0000)
 concurrent mark-sweep generation total 393216K, used 37388K [0x00000000e8000000, 0x0000000100000000, 0x0000000100000000)
 Metaspace       used 37911K, capacity 38820K, committed 39088K, reserved 1083392K
  class space    used 4501K, capacity 4726K, committed 4784K, reserved 1048576K
2018-03-21T05:47:58.787-0500: 215.677: [GC (Allocation Failure) 2018-03-21T05:47:58.787-0500: 215.677: [ParNew
Desired survivor size 20112992 bytes, new threshold 8 (max 8)
- age   1:    2879792 bytes,    2879792 total
- age   2:    1681152 bytes,    4560944 total
- age   3:     314272 bytes,    4875216 total
- age   4:     308400 bytes,    5183616 total
- age   5:     521024 bytes,    5704640 total
- age   6:     195880 bytes,    5900520 total
- age   7:     309920 bytes,    6210440 total
- age   8:     254048 bytes,    6464488 total
: 95332K->7727K(109248K), 0.0135293 secs] 132721K->45367K(502464K), 0.0136334 secs] [Times: user=0.05 sys=0.00, real=0.02 secs] 
Heap after GC invocations=62 (full 1):
 par new generation   total 109248K, used 7727K [0x00000000e0000000, 0x00000000e8000000, 0x00000000e8000000)
  eden space 87424K,   0% used [0x00000000e0000000, 0x00000000e0000000, 0x00000000e5560000)
  from space 21824K,  35% used [0x00000000e5560000, 0x00000000e5cebd60, 0x00000000e6ab0000)
  to   space 21824K,   0% used [0x00000000e6ab0000, 0x00000000e6ab0000, 0x00000000e8000000)
 concurrent mark-sweep generation total 393216K, used 37640K [0x00000000e8000000, 0x0000000100000000, 0x0000000100000000)
 Metaspace       used 37911K, capacity 38820K, committed 39088K, reserved 1083392K
  class space    used 4501K, capacity 4726K, committed 4784K, reserved 1048576K
}
2018-03-21T05:47:58.800-0500: 215.691: Total time for which application threads were stopped: 0.0139818 seconds, Stopping threads took: 0.0000793 seconds
{Heap before GC invocations=62 (full 1):
 par new generation   total 109248K, used 95151K [0x00000000e0000000, 0x00000000e8000000, 0x00000000e8000000)
  eden space 87424K, 100% used [0x00000000e0000000, 0x00000000e5560000, 0x00000000e5560000)
  from space 21824K,  35% used [0x00000000e5560000, 0x00000000e5cebd60, 0x00000000e6ab0000)
  to   space 21824K,   0% used [0x00000000e6ab0000, 0x00000000e6ab0000, 0x00000000e8000000)
 concurrent mark-sweep generation total 393216K, used 37640K [0x00000000e8000000, 0x0000000100000000, 0x0000000100000000)
 Metaspace       used 37915K, capacity 38820K, committed 39088K, reserved 1083392K
  class space    used 4501K, capacity 4726K, committed 4784K, reserved 1048576K
2018-03-21T05:47:59.190-0500: 216.081: [GC (Allocation Failure) 2018-03-21T05:47:59.190-0500: 216.081: [ParNew
Desired survivor size 20112992 bytes, new threshold 8 (max 8)
- age   1:    2839008 bytes,    2839008 total
- age   2:    1869936 bytes,    4708944 total
- age   3:    1681104 bytes,    6390048 total
- age   4:     314272 bytes,    6704320 total
- age   5:     308400 bytes,    7012720 total
- age   6:     520112 bytes,    7532832 total
- age   7:     195880 bytes,    7728712 total
- age   8:     309920 bytes,    8038632 total
: 95151K->10757K(109248K), 0.0269752 secs] 132791K->48646K(502464K), 0.0270692 secs] [Times: user=0.10 sys=0.00, real=0.02 secs] 
Heap after GC invocations=63 (full 1):
 par new generation   total 109248K, used 10757K [0x00000000e0000000, 0x00000000e8000000, 0x00000000e8000000)
  eden space 87424K,   0% used [0x00000000e0000000, 0x00000000e0000000, 0x00000000e5560000)
  from space 21824K,  49% used [0x00000000e6ab0000, 0x00000000e75315c0, 0x00000000e8000000)
  to   space 21824K,   0% used [0x00000000e5560000, 0x00000000e5560000, 0x00000000e6ab0000)
 concurrent mark-sweep generation total 393216K, used 37888K [0x00000000e8000000, 0x0000000100000000, 0x0000000100000000)
 Metaspace       used 37915K, capacity 38820K, committed 39088K, reserved 1083392K
  class space    used 4501K, capacity 4726K, committed 4784K, reserved 1048576K
}
2018-03-21T05:47:59.217-0500: 216.108: Total time for which application threads were stopped: 0.0273172 seconds, Stopping threads took: 0.0000690 seconds
{Heap before GC invocations=63 (full 1):
 par new generation   total 109248K, used 98181K [0x00000000e0000000, 0x00000000e8000000, 0x00000000e8000000)
  eden space 87424K, 100% used [0x00000000e0000000, 0x00000000e5560000, 0x00000000e5560000)
  from space 21824K,  49% used [0x00000000e6ab0000, 0x00000000e75315c0, 0x00000000e8000000)
  to   space 21824K,   0% used [0x00000000e5560000, 0x00000000e5560000, 0x00000000e6ab0000)
 concurrent mark-sweep generation total 393216K, used 37888K [0x00000000e8000000, 0x0000000100000000, 0x0000000100000000)
 Metaspace       used 37931K, capacity 38820K, committed 39088K, reserved 1083392K
  class space    used 4501K, capacity 4726K, committed 4784K, reserved 1048576K
2018-03-21T05:47:59.603-0500: 216.493: [GC (Allocation Failure) 2018-03-21T05:47:59.603-0500: 216.493: [ParNew
Desired survivor size 20112992 bytes, new threshold 8 (max 8)
- age   1:    2473400 bytes,    2473400 total
- age   2:     170696 bytes,    2644096 total
- age   3:     472088 bytes,    3116184 total
- age   4:     154208 bytes,    3270392 total
- age   5:     314272 bytes,    3584664 total
- age   6:     308400 bytes,    3893064 total
- age   7:     519888 bytes,    4412952 total
- age   8:     195880 bytes,    4608832 total
: 98181K->6432K(109248K), 0.0203570 secs] 136070K->44624K(502464K), 0.0204462 secs] [Times: user=0.07 sys=0.00, real=0.02 secs] 
Heap after GC invocations=64 (full 1):
 par new generation   total 109248K, used 6432K [0x00000000e0000000, 0x00000000e8000000, 0x00000000e8000000)
  eden space 87424K,   0% used [0x00000000e0000000, 0x00000000e0000000, 0x00000000e5560000)
  from space 21824K,  29% used [0x00000000e5560000, 0x00000000e5ba8300, 0x00000000e6ab0000)
  to   space 21824K,   0% used [0x00000000e6ab0000, 0x00000000e6ab0000, 0x00000000e8000000)
 concurrent mark-sweep generation total 393216K, used 38191K [0x00000000e8000000, 0x0000000100000000, 0x0000000100000000)
 Metaspace       used 37931K, capacity 38820K, committed 39088K, reserved 1083392K
  class space    used 4501K, capacity 4726K, committed 4784K, reserved 1048576K
}
2018-03-21T05:47:59.623-0500: 216.514: Total time for which application threads were stopped: 0.0208812 seconds, Stopping threads took: 0.0000724 seconds
2018-03-21T05:47:59.855-0500: 216.745: Total time for which application threads were stopped: 0.0001747 seconds, Stopping threads took: 0.0000305 seconds
2018-03-21T05:47:59.857-0500: 216.747: Total time for which application threads were stopped: 0.0001129 seconds, Stopping threads took: 0.0000310 seconds
2018-03-21T05:48:00.300-0500: 217.191: Total time for which application threads were stopped: 0.0001966 seconds, Stopping threads took: 0.0000558 seconds
2018-03-21T05:48:00.310-0500: 217.201: Total time for which application threads were stopped: 0.0001403 seconds, Stopping threads took: 0.0000518 seconds
2018-03-21T05:48:00.314-0500: 217.204: Total time for which application threads were stopped: 0.0034799 seconds, Stopping threads took: 0.0034075 seconds
2018-03-21T05:48:00.314-0500: 217.205: Total time for which application threads were stopped: 0.0001124 seconds, Stopping threads took: 0.0000413 seconds
2018-03-21T05:48:00.315-0500: 217.206: Total time for which application threads were stopped: 0.0001161 seconds, Stopping threads took: 0.0000431 seconds
2018-03-21T05:48:12.195-0500: 229.086: Total time for which application threads were stopped: 0.0001975 seconds, Stopping threads took: 0.0000467 seconds
2018-03-21T05:48:12.203-0500: 229.094: Total time for which application threads were stopped: 0.0002637 seconds, Stopping threads took: 0.0000295 seconds
2018-03-21T05:48:12.357-0500: 229.247: Total time for which application threads were stopped: 0.0001998 seconds, Stopping threads took: 0.0000343 seconds
2018-03-21T05:48:12.358-0500: 229.248: Total time for which application threads were stopped: 0.0001171 seconds, Stopping threads took: 0.0000116 seconds
2018-03-21T05:48:12.358-0500: 229.249: Total time for which application threads were stopped: 0.0001821 seconds, Stopping threads took: 0.0000681 seconds
2018-03-21T05:48:12.358-0500: 229.249: Total time for which application threads were stopped: 0.0001341 seconds, Stopping threads took: 0.0000343 seconds
2018-03-21T05:48:12.359-0500: 229.249: Total time for which application threads were stopped: 0.0001095 seconds, Stopping threads took: 0.0000088 seconds
2018-03-21T05:48:13.359-0500: 230.249: Total time for which application threads were stopped: 0.0002242 seconds, Stopping threads took: 0.0000544 seconds
{Heap before GC invocations=64 (full 1):
 par new generation   total 109248K, used 93856K [0x00000000e0000000, 0x00000000e8000000, 0x00000000e8000000)
  eden space 87424K, 100% used [0x00000000e0000000, 0x00000000e5560000, 0x00000000e5560000)
  from space 21824K,  29% used [0x00000000e5560000, 0x00000000e5ba8300, 0x00000000e6ab0000)
  to   space 21824K,   0% used [0x00000000e6ab0000, 0x00000000e6ab0000, 0x00000000e8000000)
 concurrent mark-sweep generation total 393216K, used 38191K [0x00000000e8000000, 0x0000000100000000, 0x0000000100000000)
 Metaspace       used 37940K, capacity 38820K, committed 39088K, reserved 1083392K
  class space    used 4501K, capacity 4726K, committed 4784K, reserved 1048576K
2018-03-21T05:48:26.622-0500: 243.513: [GC (Allocation Failure) 2018-03-21T05:48:26.622-0500: 243.513: [ParNew
Desired survivor size 20112992 bytes, new threshold 8 (max 8)
- age   1:    2807936 bytes,    2807936 total
- age   2:     169920 bytes,    2977856 total
- age   3:     170696 bytes,    3148552 total
- age   4:     201984 bytes,    3350536 total
- age   5:     111008 bytes,    3461544 total
- age   7:        560 bytes,    3462104 total
- age   8:      76504 bytes,    3538608 total
: 93856K->5519K(109248K), 0.0106146 secs] 132048K->43866K(502464K), 0.0107178 secs] [Times: user=0.02 sys=0.00, real=0.01 secs] 
Heap after GC invocations=65 (full 1):
 par new generation   total 109248K, used 5519K [0x00000000e0000000, 0x00000000e8000000, 0x00000000e8000000)
  eden space 87424K,   0% used [0x00000000e0000000, 0x00000000e0000000, 0x00000000e5560000)
  from space 21824K,  25% used [0x00000000e6ab0000, 0x00000000e7013f40, 0x00000000e8000000)
  to   space 21824K,   0% used [0x00000000e5560000, 0x00000000e5560000, 0x00000000e6ab0000)
 concurrent mark-sweep generation total 393216K, used 38346K [0x00000000e8000000, 0x0000000100000000, 0x0000000100000000)
 Metaspace       used 37940K, capacity 38820K, committed 39088K, reserved 1083392K
  class space    used 4501K, capacity 4726K, committed 4784K, reserved 1048576K
}
2018-03-21T05:48:26.633-0500: 243.524: Total time for which application threads were stopped: 0.0109911 seconds, Stopping threads took: 0.0000217 seconds
{Heap before GC invocations=65 (full 1):
 par new generation   total 109248K, used 92943K [0x00000000e0000000, 0x00000000e8000000, 0x00000000e8000000)
  eden space 87424K, 100% used [0x00000000e0000000, 0x00000000e5560000, 0x00000000e5560000)
  from space 21824K,  25% used [0x00000000e6ab0000, 0x00000000e7013f40, 0x00000000e8000000)
  to   space 21824K,   0% used [0x00000000e5560000, 0x00000000e5560000, 0x00000000e6ab0000)
 concurrent mark-sweep generation total 393216K, used 38346K [0x00000000e8000000, 0x0000000100000000, 0x0000000100000000)
 Metaspace       used 37940K, capacity 38820K, committed 39088K, reserved 1083392K
  class space    used 4501K, capacity 4726K, committed 4784K, reserved 1048576K
2018-03-21T05:48:26.992-0500: 243.882: [GC (Allocation Failure) 2018-03-21T05:48:26.992-0500: 243.882: [ParNew
Desired survivor size 20112992 bytes, new threshold 8 (max 8)
- age   1:    3230248 bytes,    3230248 total
- age   2:    2490440 bytes,    5720688 total
- age   3:     169008 bytes,    5889696 total
- age   4:     170696 bytes,    6060392 total
- age   5:     201848 bytes,    6262240 total
- age   6:     111008 bytes,    6373248 total
- age   8:        560 bytes,    6373808 total
: 92943K->7056K(109248K), 0.0058866 secs] 131290K->45477K(502464K), 0.0060029 secs] [Times: user=0.02 sys=0.00, real=0.00 secs] 
Heap after GC invocations=66 (full 1):
 par new generation   total 109248K, used 7056K [0x00000000e0000000, 0x00000000e8000000, 0x00000000e8000000)
  eden space 87424K,   0% used [0x00000000e0000000, 0x00000000e0000000, 0x00000000e5560000)
  from space 21824K,  32% used [0x00000000e5560000, 0x00000000e5c44260, 0x00000000e6ab0000)
  to   space 21824K,   0% used [0x00000000e6ab0000, 0x00000000e6ab0000, 0x00000000e8000000)
 concurrent mark-sweep generation total 393216K, used 38421K [0x00000000e8000000, 0x0000000100000000, 0x0000000100000000)
 Metaspace       used 37940K, capacity 38820K, committed 39088K, reserved 1083392K
  class space    used 4501K, capacity 4726K, committed 4784K, reserved 1048576K
}
2018-03-21T05:48:26.998-0500: 243.888: Total time for which application threads were stopped: 0.0062089 seconds, Stopping threads took: 0.0000264 seconds
{Heap before GC invocations=66 (full 1):
 par new generation   total 109248K, used 94480K [0x00000000e0000000, 0x00000000e8000000, 0x00000000e8000000)
  eden space 87424K, 100% used [0x00000000e0000000, 0x00000000e5560000, 0x00000000e5560000)
  from space 21824K,  32% used [0x00000000e5560000, 0x00000000e5c44260, 0x00000000e6ab0000)
  to   space 21824K,   0% used [0x00000000e6ab0000, 0x00000000e6ab0000, 0x00000000e8000000)
 concurrent mark-sweep generation total 393216K, used 38421K [0x00000000e8000000, 0x0000000100000000, 0x0000000100000000)
 Metaspace       used 37940K, capacity 38820K, committed 39088K, reserved 1083392K
  class space    used 4501K, capacity 4726K, committed 4784K, reserved 1048576K
2018-03-21T05:48:27.357-0500: 244.248: [GC (Allocation Failure) 2018-03-21T05:48:27.357-0500: 244.248: [ParNew
Desired survivor size 20112992 bytes, new threshold 8 (max 8)
- age   1:    4155336 bytes,    4155336 total
- age   2:    2044880 bytes,    6200216 total
- age   3:    2456240 bytes,    8656456 total
- age   4:     169008 bytes,    8825464 total
- age   5:     170696 bytes,    8996160 total
- age   6:     201848 bytes,    9198008 total
- age   7:     111008 bytes,    9309016 total
: 94480K->11186K(109248K), 0.0064751 secs] 132901K->49608K(502464K), 0.0065520 secs] [Times: user=0.02 sys=0.00, real=0.01 secs] 
Heap after GC invocations=67 (full 1):
 par new generation   total 109248K, used 11186K [0x00000000e0000000, 0x00000000e8000000, 0x00000000e8000000)
  eden space 87424K,   0% used [0x00000000e0000000, 0x00000000e0000000, 0x00000000e5560000)
  from space 21824K,  51% used [0x00000000e6ab0000, 0x00000000e759c930, 0x00000000e8000000)
  to   space 21824K,   0% used [0x00000000e5560000, 0x00000000e5560000, 0x00000000e6ab0000)
 concurrent mark-sweep generation total 393216K, used 38421K [0x00000000e8000000, 0x0000000100000000, 0x0000000100000000)
 Metaspace       used 37940K, capacity 38820K, committed 39088K, reserved 1083392K
  class space    used 4501K, capacity 4726K, committed 4784K, reserved 1048576K
}
2018-03-21T05:48:27.364-0500: 244.254: Total time for which application threads were stopped: 0.0067183 seconds, Stopping threads took: 0.0000191 seconds
{Heap before GC invocations=67 (full 1):
 par new generation   total 109248K, used 98610K [0x00000000e0000000, 0x00000000e8000000, 0x00000000e8000000)
  eden space 87424K, 100% used [0x00000000e0000000, 0x00000000e5560000, 0x00000000e5560000)
  from space 21824K,  51% used [0x00000000e6ab0000, 0x00000000e759c930, 0x00000000e8000000)
  to   space 21824K,   0% used [0x00000000e5560000, 0x00000000e5560000, 0x00000000e6ab0000)
 concurrent mark-sweep generation total 393216K, used 38421K [0x00000000e8000000, 0x0000000100000000, 0x0000000100000000)
 Metaspace       used 37940K, capacity 38820K, committed 39088K, reserved 1083392K
  class space    used 4501K, capacity 4726K, committed 4784K, reserved 1048576K
2018-03-21T05:48:27.658-0500: 244.549: [GC (Allocation Failure) 2018-03-21T05:48:27.659-0500: 244.549: [ParNew
Desired survivor size 20112992 bytes, new threshold 8 (max 8)
- age   1:    3386912 bytes,    3386912 total
- age   2:    2195760 bytes,    5582672 total
- age   3:    1479896 bytes,    7062568 total
- age   4:    1458592 bytes,    8521160 total
- age   5:     169008 bytes,    8690168 total
- age   6:     170696 bytes,    8860864 total
- age   7:     201848 bytes,    9062712 total
- age   8:     110984 bytes,    9173696 total
: 98610K->14093K(109248K), 0.0062154 secs] 137032K->52515K(502464K), 0.0062977 secs] [Times: user=0.02 sys=0.00, real=0.00 secs] 
Heap after GC invocations=68 (full 1):
 par new generation   total 109248K, used 14093K [0x00000000e0000000, 0x00000000e8000000, 0x00000000e8000000)
  eden space 87424K,   0% used [0x00000000e0000000, 0x00000000e0000000, 0x00000000e5560000)
  from space 21824K,  64% used [0x00000000e5560000, 0x00000000e6323760, 0x00000000e6ab0000)
  to   space 21824K,   0% used [0x00000000e6ab0000, 0x00000000e6ab0000, 0x00000000e8000000)
 concurrent mark-sweep generation total 393216K, used 38421K [0x00000000e8000000, 0x0000000100000000, 0x0000000100000000)
 Metaspace       used 37940K, capacity 38820K, committed 39088K, reserved 1083392K
  class space    used 4501K, capacity 4726K, committed 4784K, reserved 1048576K
}
2018-03-21T05:48:27.665-0500: 244.555: Total time for which application threads were stopped: 0.0066677 seconds, Stopping threads took: 0.0000630 seconds
{Heap before GC invocations=68 (full 1):
 par new generation   total 109248K, used 101517K [0x00000000e0000000, 0x00000000e8000000, 0x00000000e8000000)
  eden space 87424K, 100% used [0x00000000e0000000, 0x00000000e5560000, 0x00000000e5560000)
  from space 21824K,  64% used [0x00000000e5560000, 0x00000000e6323760, 0x00000000e6ab0000)
  to   space 21824K,   0% used [0x00000000e6ab0000, 0x00000000e6ab0000, 0x00000000e8000000)
 concurrent mark-sweep generation total 393216K, used 38421K [0x00000000e8000000, 0x0000000100000000, 0x0000000100000000)
 Metaspace       used 37947K, capacity 38820K, committed 39088K, reserved 1083392K
  class space    used 4501K, capacity 4726K, committed 4784K, reserved 1048576K
2018-03-21T05:48:27.972-0500: 244.862: [GC (Allocation Failure) 2018-03-21T05:48:27.972-0500: 244.862: [ParNew
Desired survivor size 20112992 bytes, new threshold 8 (max 8)
- age   1:    3065280 bytes,    3065280 total
- age   2:    1726888 bytes,    4792168 total
- age   3:     318432 bytes,    5110600 total
- age   4:     308880 bytes,    5419480 total
- age   5:     929632 bytes,    6349112 total
- age   6:     168928 bytes,    6518040 total
- age   7:     170696 bytes,    6688736 total
- age   8:     201848 bytes,    6890584 total
: 101517K->8506K(109248K), 0.0057269 secs] 139939K->47036K(502464K), 0.0058185 secs] [Times: user=0.02 sys=0.00, real=0.00 secs] 
Heap after GC invocations=69 (full 1):
 par new generation   total 109248K, used 8506K [0x00000000e0000000, 0x00000000e8000000, 0x00000000e8000000)
  eden space 87424K,   0% used [0x00000000e0000000, 0x00000000e0000000, 0x00000000e5560000)
  from space 21824K,  38% used [0x00000000e6ab0000, 0x00000000e72fe8c0, 0x00000000e8000000)
  to   space 21824K,   0% used [0x00000000e5560000, 0x00000000e5560000, 0x00000000e6ab0000)
 concurrent mark-sweep generation total 393216K, used 38530K [0x00000000e8000000, 0x0000000100000000, 0x0000000100000000)
 Metaspace       used 37947K, capacity 38820K, committed 39088K, reserved 1083392K
  class space    used 4501K, capacity 4726K, committed 4784K, reserved 1048576K
}
2018-03-21T05:48:27.978-0500: 244.868: Total time for which application threads were stopped: 0.0059906 seconds, Stopping threads took: 0.0000196 seconds
2018-03-21T05:48:27.978-0500: 244.868: Total time for which application threads were stopped: 0.0001831 seconds, Stopping threads took: 0.0000292 seconds
{Heap before GC invocations=69 (full 1):
 par new generation   total 109248K, used 95930K [0x00000000e0000000, 0x00000000e8000000, 0x00000000e8000000)
  eden space 87424K, 100% used [0x00000000e0000000, 0x00000000e5560000, 0x00000000e5560000)
  from space 21824K,  38% used [0x00000000e6ab0000, 0x00000000e72fe8c0, 0x00000000e8000000)
  to   space 21824K,   0% used [0x00000000e5560000, 0x00000000e5560000, 0x00000000e6ab0000)
 concurrent mark-sweep generation total 393216K, used 38530K [0x00000000e8000000, 0x0000000100000000, 0x0000000100000000)
 Metaspace       used 37947K, capacity 38820K, committed 39088K, reserved 1083392K
  class space    used 4501K, capacity 4726K, committed 4784K, reserved 1048576K
2018-03-21T05:48:28.332-0500: 245.223: [GC (Allocation Failure) 2018-03-21T05:48:28.332-0500: 245.223: [ParNew
Desired survivor size 20112992 bytes, new threshold 8 (max 8)
- age   1:    4172592 bytes,    4172592 total
- age   2:    1942136 bytes,    6114728 total
- age   3:    1759000 bytes,    7873728 total
- age   4:     318432 bytes,    8192160 total
- age   5:     308880 bytes,    8501040 total
- age   6:     928720 bytes,    9429760 total
- age   7:     168928 bytes,    9598688 total
- age   8:     170696 bytes,    9769384 total
: 95930K->13668K(109248K), 0.0070265 secs] 134460K->52395K(502464K), 0.0071057 secs] [Times: user=0.01 sys=0.01, real=0.01 secs] 
Heap after GC invocations=70 (full 1):
 par new generation   total 109248K, used 13668K [0x00000000e0000000, 0x00000000e8000000, 0x00000000e8000000)
  eden space 87424K,   0% used [0x00000000e0000000, 0x00000000e0000000, 0x00000000e5560000)
  from space 21824K,  62% used [0x00000000e5560000, 0x00000000e62b9198, 0x00000000e6ab0000)
  to   space 21824K,   0% used [0x00000000e6ab0000, 0x00000000e6ab0000, 0x00000000e8000000)
 concurrent mark-sweep generation total 393216K, used 38727K [0x00000000e8000000, 0x0000000100000000, 0x0000000100000000)
 Metaspace       used 37947K, capacity 38820K, committed 39088K, reserved 1083392K
  class space    used 4501K, capacity 4726K, committed 4784K, reserved 1048576K
}
2018-03-21T05:48:28.339-0500: 245.230: Total time for which application threads were stopped: 0.0072656 seconds, Stopping threads took: 0.0000190 seconds
2018-03-21T05:48:28.586-0500: 245.477: Total time for which application threads were stopped: 0.0001512 seconds, Stopping threads took: 0.0000329 seconds
2018-03-21T05:48:28.587-0500: 245.477: Total time for which application threads were stopped: 0.0000962 seconds, Stopping threads took: 0.0000218 seconds
2018-03-21T05:48:28.587-0500: 245.477: Total time for which application threads were stopped: 0.0000874 seconds, Stopping threads took: 0.0000203 seconds
2018-03-21T05:48:41.461-0500: 258.351: Total time for which application threads were stopped: 0.0001957 seconds, Stopping threads took: 0.0000474 seconds
2018-03-21T05:48:41.577-0500: 258.467: Total time for which application threads were stopped: 0.0001283 seconds, Stopping threads took: 0.0000546 seconds
2018-03-21T05:48:41.577-0500: 258.468: Total time for which application threads were stopped: 0.0001357 seconds, Stopping threads took: 0.0000483 seconds
2018-03-21T05:48:41.577-0500: 258.468: Total time for which application threads were stopped: 0.0000579 seconds, Stopping threads took: 0.0000143 seconds
2018-03-21T05:48:41.577-0500: 258.468: Total time for which application threads were stopped: 0.0001125 seconds, Stopping threads took: 0.0000502 seconds
2018-03-21T05:48:50.579-0500: 267.469: Total time for which application threads were stopped: 0.0001595 seconds, Stopping threads took: 0.0000635 seconds
{Heap before GC invocations=70 (full 1):
 par new generation   total 109248K, used 101092K [0x00000000e0000000, 0x00000000e8000000, 0x00000000e8000000)
  eden space 87424K, 100% used [0x00000000e0000000, 0x00000000e5560000, 0x00000000e5560000)
  from space 21824K,  62% used [0x00000000e5560000, 0x00000000e62b9198, 0x00000000e6ab0000)
  to   space 21824K,   0% used [0x00000000e6ab0000, 0x00000000e6ab0000, 0x00000000e8000000)
 concurrent mark-sweep generation total 393216K, used 38727K [0x00000000e8000000, 0x0000000100000000, 0x0000000100000000)
 Metaspace       used 37978K, capacity 38820K, committed 39088K, reserved 1083392K
  class space    used 4501K, capacity 4726K, committed 4784K, reserved 1048576K
2018-03-21T05:48:50.682-0500: 267.572: [GC (Allocation Failure) 2018-03-21T05:48:50.682-0500: 267.572: [ParNew
Desired survivor size 20112992 bytes, new threshold 8 (max 8)
- age   1:    2172984 bytes,    2172984 total
- age   2:     311152 bytes,    2484136 total
- age   3:     320400 bytes,    2804536 total
- age   4:     181272 bytes,    2985808 total
- age   5:     318432 bytes,    3304240 total
- age   6:     308880 bytes,    3613120 total
- age   7:     247504 bytes,    3860624 total
- age   8:       5216 bytes,    3865840 total
: 101092K->7596K(109248K), 0.0054729 secs] 139819K->46490K(502464K), 0.0055894 secs] [Times: user=0.01 sys=0.01, real=0.00 secs] 
Heap after GC invocations=71 (full 1):
 par new generation   total 109248K, used 7596K [0x00000000e0000000, 0x00000000e8000000, 0x00000000e8000000)
  eden space 87424K,   0% used [0x00000000e0000000, 0x00000000e0000000, 0x00000000e5560000)
  from space 21824K,  34% used [0x00000000e6ab0000, 0x00000000e721b330, 0x00000000e8000000)
  to   space 21824K,   0% used [0x00000000e5560000, 0x00000000e5560000, 0x00000000e6ab0000)
 concurrent mark-sweep generation total 393216K, used 38894K [0x00000000e8000000, 0x0000000100000000, 0x0000000100000000)
 Metaspace       used 37978K, capacity 38820K, committed 39088K, reserved 1083392K
  class space    used 4501K, capacity 4726K, committed 4784K, reserved 1048576K
}
2018-03-21T05:48:50.687-0500: 267.578: Total time for which application threads were stopped: 0.0057857 seconds, Stopping threads took: 0.0000251 seconds
{Heap before GC invocations=71 (full 1):
 par new generation   total 109248K, used 95020K [0x00000000e0000000, 0x00000000e8000000, 0x00000000e8000000)
  eden space 87424K, 100% used [0x00000000e0000000, 0x00000000e5560000, 0x00000000e5560000)
  from space 21824K,  34% used [0x00000000e6ab0000, 0x00000000e721b330, 0x00000000e8000000)
  to   space 21824K,   0% used [0x00000000e5560000, 0x00000000e5560000, 0x00000000e6ab0000)
 concurrent mark-sweep generation total 393216K, used 38894K [0x00000000e8000000, 0x0000000100000000, 0x0000000100000000)
 Metaspace       used 37978K, capacity 38820K, committed 39088K, reserved 1083392K
  class space    used 4501K, capacity 4726K, committed 4784K, reserved 1048576K
2018-03-21T05:48:51.062-0500: 267.953: [GC (Allocation Failure) 2018-03-21T05:48:51.062-0500: 267.953: [ParNew
Desired survivor size 20112992 bytes, new threshold 8 (max 8)
- age   1:    3146600 bytes,    3146600 total
- age   2:    1806928 bytes,    4953528 total
- age   3:     311152 bytes,    5264680 total
- age   4:     319472 bytes,    5584152 total
- age   5:     180792 bytes,    5764944 total
- age   6:     318432 bytes,    6083376 total
- age   7:     308880 bytes,    6392256 total
- age   8:     247304 bytes,    6639560 total
: 95020K->7871K(109248K), 0.0050418 secs] 133914K->46771K(502464K), 0.0051413 secs] [Times: user=0.02 sys=0.00, real=0.00 secs] 
Heap after GC invocations=72 (full 1):
 par new generation   total 109248K, used 7871K [0x00000000e0000000, 0x00000000e8000000, 0x00000000e8000000)
  eden space 87424K,   0% used [0x00000000e0000000, 0x00000000e0000000, 0x00000000e5560000)
  from space 21824K,  36% used [0x00000000e5560000, 0x00000000e5d0ff80, 0x00000000e6ab0000)
  to   space 21824K,   0% used [0x00000000e6ab0000, 0x00000000e6ab0000, 0x00000000e8000000)
 concurrent mark-sweep generation total 393216K, used 38899K [0x00000000e8000000, 0x0000000100000000, 0x0000000100000000)
 Metaspace       used 37978K, capacity 38820K, committed 39088K, reserved 1083392K
  class space    used 4501K, capacity 4726K, committed 4784K, reserved 1048576K
}
2018-03-21T05:48:51.067-0500: 267.958: Total time for which application threads were stopped: 0.0053211 seconds, Stopping threads took: 0.0000212 seconds
{Heap before GC invocations=72 (full 1):
 par new generation   total 109248K, used 95295K [0x00000000e0000000, 0x00000000e8000000, 0x00000000e8000000)
  eden space 87424K, 100% used [0x00000000e0000000, 0x00000000e5560000, 0x00000000e5560000)
  from space 21824K,  36% used [0x00000000e5560000, 0x00000000e5d0ff80, 0x00000000e6ab0000)
  to   space 21824K,   0% used [0x00000000e6ab0000, 0x00000000e6ab0000, 0x00000000e8000000)
 concurrent mark-sweep generation total 393216K, used 38899K [0x00000000e8000000, 0x0000000100000000, 0x0000000100000000)
 Metaspace       used 37978K, capacity 38820K, committed 39088K, reserved 1083392K
  class space    used 4501K, capacity 4726K, committed 4784K, reserved 1048576K
2018-03-21T05:48:51.436-0500: 268.327: [GC (Allocation Failure) 2018-03-21T05:48:51.436-0500: 268.327: [ParNew
Desired survivor size 20112992 bytes, new threshold 8 (max 8)
- age   1:    4105368 bytes,    4105368 total
- age   2:    2000728 bytes,    6106096 total
- age   3:    1839472 bytes,    7945568 total
- age   4:     311152 bytes,    8256720 total
- age   5:     319472 bytes,    8576192 total
- age   6:     180792 bytes,    8756984 total
- age   7:     318432 bytes,    9075416 total
- age   8:     308880 bytes,    9384296 total
: 95295K->10709K(109248K), 0.0065755 secs] 134195K->49850K(502464K), 0.0066600 secs] [Times: user=0.02 sys=0.00, real=0.01 secs] 
Heap after GC invocations=73 (full 1):
 par new generation   total 109248K, used 10709K [0x00000000e0000000, 0x00000000e8000000, 0x00000000e8000000)
  eden space 87424K,   0% used [0x00000000e0000000, 0x00000000e0000000, 0x00000000e5560000)
  from space 21824K,  49% used [0x00000000e6ab0000, 0x00000000e75257c0, 0x00000000e8000000)
  to   space 21824K,   0% used [0x00000000e5560000, 0x00000000e5560000, 0x00000000e6ab0000)
 concurrent mark-sweep generation total 393216K, used 39140K [0x00000000e8000000, 0x0000000100000000, 0x0000000100000000)
 Metaspace       used 37978K, capacity 38820K, committed 39088K, reserved 1083392K
  class space    used 4501K, capacity 4726K, committed 4784K, reserved 1048576K
}
2018-03-21T05:48:51.443-0500: 268.334: Total time for which application threads were stopped: 0.0068262 seconds, Stopping threads took: 0.0000212 seconds
{Heap before GC invocations=73 (full 1):
 par new generation   total 109248K, used 98133K [0x00000000e0000000, 0x00000000e8000000, 0x00000000e8000000)
  eden space 87424K, 100% used [0x00000000e0000000, 0x00000000e5560000, 0x00000000e5560000)
  from space 21824K,  49% used [0x00000000e6ab0000, 0x00000000e75257c0, 0x00000000e8000000)
  to   space 21824K,   0% used [0x00000000e5560000, 0x00000000e5560000, 0x00000000e6ab0000)
 concurrent mark-sweep generation total 393216K, used 39140K [0x00000000e8000000, 0x0000000100000000, 0x0000000100000000)
 Metaspace       used 37983K, capacity 38884K, committed 39088K, reserved 1083392K
  class space    used 4501K, capacity 4726K, committed 4784K, reserved 1048576K
2018-03-21T05:48:51.696-0500: 268.587: [GC (Allocation Failure) 2018-03-21T05:48:51.696-0500: 268.587: [ParNew
Desired survivor size 20112992 bytes, new threshold 8 (max 8)
- age   1:    3472256 bytes,    3472256 total
- age   2:    2019712 bytes,    5491968 total
- age   3:    1443288 bytes,    6935256 total
- age   4:     815176 bytes,    7750432 total
- age   5:     311152 bytes,    8061584 total
- age   6:     319472 bytes,    8381056 total
- age   7:     180768 bytes,    8561824 total
- age   8:     318432 bytes,    8880256 total
: 98133K->14325K(109248K), 0.0055963 secs] 137274K->53767K(502464K), 0.0056816 secs] [Times: user=0.02 sys=0.00, real=0.01 secs] 
Heap after GC invocations=74 (full 1):
 par new generation   total 109248K, used 14325K [0x00000000e0000000, 0x00000000e8000000, 0x00000000e8000000)
  eden space 87424K,   0% used [0x00000000e0000000, 0x00000000e0000000, 0x00000000e5560000)
  from space 21824K,  65% used [0x00000000e5560000, 0x00000000e635d7c0, 0x00000000e6ab0000)
  to   space 21824K,   0% used [0x00000000e6ab0000, 0x00000000e6ab0000, 0x00000000e8000000)
 concurrent mark-sweep generation total 393216K, used 39441K [0x00000000e8000000, 0x0000000100000000, 0x0000000100000000)
 Metaspace       used 37983K, capacity 38884K, committed 39088K, reserved 1083392K
  class space    used 4501K, capacity 4726K, committed 4784K, reserved 1048576K
}
2018-03-21T05:48:51.702-0500: 268.592: Total time for which application threads were stopped: 0.0059046 seconds, Stopping threads took: 0.0000456 seconds
{Heap before GC invocations=74 (full 1):
 par new generation   total 109248K, used 101749K [0x00000000e0000000, 0x00000000e8000000, 0x00000000e8000000)
  eden space 87424K, 100% used [0x00000000e0000000, 0x00000000e5560000, 0x00000000e5560000)
  from space 21824K,  65% used [0x00000000e5560000, 0x00000000e635d7c0, 0x00000000e6ab0000)
  to   space 21824K,   0% used [0x00000000e6ab0000, 0x00000000e6ab0000, 0x00000000e8000000)
 concurrent mark-sweep generation total 393216K, used 39441K [0x00000000e8000000, 0x0000000100000000, 0x0000000100000000)
 Metaspace       used 37985K, capacity 38884K, committed 39088K, reserved 1083392K
  class space    used 4501K, capacity 4726K, committed 4784K, reserved 1048576K
2018-03-21T05:48:52.009-0500: 268.899: [GC (Allocation Failure) 2018-03-21T05:48:52.009-0500: 268.899: [ParNew
Desired survivor size 20112992 bytes, new threshold 8 (max 8)
- age   1:    2943960 bytes,    2943960 total
- age   2:    1582104 bytes,    4526064 total
- age   3:     318432 bytes,    4844496 total
- age   4:     304736 bytes,    5149232 total
- age   5:     306912 bytes,    5456144 total
- age   6:     311152 bytes,    5767296 total
- age   7:     319440 bytes,    6086736 total
- age   8:     180768 bytes,    6267504 total
: 101749K->8429K(109248K), 0.0065224 secs] 141191K->48181K(502464K), 0.0066195 secs] [Times: user=0.02 sys=0.00, real=0.01 secs] 
Heap after GC invocations=75 (full 1):
 par new generation   total 109248K, used 8429K [0x00000000e0000000, 0x00000000e8000000, 0x00000000e8000000)
  eden space 87424K,   0% used [0x00000000e0000000, 0x00000000e0000000, 0x00000000e5560000)
  from space 21824K,  38% used [0x00000000e6ab0000, 0x00000000e72eb4c0, 0x00000000e8000000)
  to   space 21824K,   0% used [0x00000000e5560000, 0x00000000e5560000, 0x00000000e6ab0000)
 concurrent mark-sweep generation total 393216K, used 39752K [0x00000000e8000000, 0x0000000100000000, 0x0000000100000000)
 Metaspace       used 37985K, capacity 38884K, committed 39088K, reserved 1083392K
  class space    used 4501K, capacity 4726K, committed 4784K, reserved 1048576K
}
2018-03-21T05:48:52.015-0500: 268.906: Total time for which application threads were stopped: 0.0068279 seconds, Stopping threads took: 0.0000276 seconds
{Heap before GC invocations=75 (full 1):
 par new generation   total 109248K, used 95853K [0x00000000e0000000, 0x00000000e8000000, 0x00000000e8000000)
  eden space 87424K, 100% used [0x00000000e0000000, 0x00000000e5560000, 0x00000000e5560000)
  from space 21824K,  38% used [0x00000000e6ab0000, 0x00000000e72eb4c0, 0x00000000e8000000)
  to   space 21824K,   0% used [0x00000000e5560000, 0x00000000e5560000, 0x00000000e6ab0000)
 concurrent mark-sweep generation total 393216K, used 39752K [0x00000000e8000000, 0x0000000100000000, 0x0000000100000000)
 Metaspace       used 37985K, capacity 38884K, committed 39088K, reserved 1083392K
  class space    used 4501K, capacity 4726K, committed 4784K, reserved 1048576K
2018-03-21T05:48:52.376-0500: 269.267: [GC (Allocation Failure) 2018-03-21T05:48:52.377-0500: 269.267: [ParNew
Desired survivor size 20112992 bytes, new threshold 8 (max 8)
- age   1:    4137600 bytes,    4137600 total
- age   2:    1836720 bytes,    5974320 total
- age   3:    1615040 bytes,    7589360 total
- age   4:     318432 bytes,    7907792 total
- age   5:     304736 bytes,    8212528 total
- age   6:     306000 bytes,    8518528 total
- age   7:     311152 bytes,    8829680 total
- age   8:     319440 bytes,    9149120 total
: 95853K->10046K(109248K), 0.0072498 secs] 135605K->49975K(502464K), 0.0073272 secs] [Times: user=0.01 sys=0.00, real=0.01 secs] 
Heap after GC invocations=76 (full 1):
 par new generation   total 109248K, used 10046K [0x00000000e0000000, 0x00000000e8000000, 0x00000000e8000000)
  eden space 87424K,   0% used [0x00000000e0000000, 0x00000000e0000000, 0x00000000e5560000)
  from space 21824K,  46% used [0x00000000e5560000, 0x00000000e5f2fa80, 0x00000000e6ab0000)
  to   space 21824K,   0% used [0x00000000e6ab0000, 0x00000000e6ab0000, 0x00000000e8000000)
 concurrent mark-sweep generation total 393216K, used 39929K [0x00000000e8000000, 0x0000000100000000, 0x0000000100000000)
 Metaspace       used 37985K, capacity 38884K, committed 39088K, reserved 1083392K
  class space    used 4501K, capacity 4726K, committed 4784K, reserved 1048576K
}
2018-03-21T05:48:52.384-0500: 269.274: Total time for which application threads were stopped: 0.0074921 seconds, Stopping threads took: 0.0000188 seconds
2018-03-21T05:48:52.487-0500: 269.377: Total time for which application threads were stopped: 0.0001572 seconds, Stopping threads took: 0.0000184 seconds
2018-03-21T05:48:52.700-0500: 269.590: Total time for which application threads were stopped: 0.0001319 seconds, Stopping threads took: 0.0000330 seconds
2018-03-21T05:48:52.700-0500: 269.591: Total time for which application threads were stopped: 0.0000828 seconds, Stopping threads took: 0.0000284 seconds
2018-03-21T05:49:05.574-0500: 282.465: Total time for which application threads were stopped: 0.0002605 seconds, Stopping threads took: 0.0001003 seconds
2018-03-21T05:49:05.586-0500: 282.476: Total time for which application threads were stopped: 0.0002414 seconds, Stopping threads took: 0.0000467 seconds
2018-03-21T05:49:05.683-0500: 282.574: Total time for which application threads were stopped: 0.0002280 seconds, Stopping threads took: 0.0000727 seconds
2018-03-21T05:49:05.683-0500: 282.574: Total time for which application threads were stopped: 0.0002060 seconds, Stopping threads took: 0.0000476 seconds
2018-03-21T05:49:05.684-0500: 282.574: Total time for which application threads were stopped: 0.0001961 seconds, Stopping threads took: 0.0000450 seconds
2018-03-21T05:49:05.684-0500: 282.575: Total time for which application threads were stopped: 0.0001973 seconds, Stopping threads took: 0.0000496 seconds
{Heap before GC invocations=76 (full 1):
 par new generation   total 109248K, used 97470K [0x00000000e0000000, 0x00000000e8000000, 0x00000000e8000000)
  eden space 87424K, 100% used [0x00000000e0000000, 0x00000000e5560000, 0x00000000e5560000)
  from space 21824K,  46% used [0x00000000e5560000, 0x00000000e5f2fa80, 0x00000000e6ab0000)
  to   space 21824K,   0% used [0x00000000e6ab0000, 0x00000000e6ab0000, 0x00000000e8000000)
 concurrent mark-sweep generation total 393216K, used 39929K [0x00000000e8000000, 0x0000000100000000, 0x0000000100000000)
 Metaspace       used 38001K, capacity 38948K, committed 39344K, reserved 1083392K
  class space    used 4501K, capacity 4726K, committed 4784K, reserved 1048576K
2018-03-21T05:49:35.062-0500: 311.953: [GC (Allocation Failure) 2018-03-21T05:49:35.062-0500: 311.953: [ParNew
Desired survivor size 20112992 bytes, new threshold 8 (max 8)
- age   1:    1677248 bytes,    1677248 total
- age   2:     310112 bytes,    1987360 total
- age   3:     313816 bytes,    2301176 total
- age   4:     187528 bytes,    2488704 total
- age   5:     318432 bytes,    2807136 total
- age   6:     304736 bytes,    3111872 total
- age   7:     215920 bytes,    3327792 total
- age   8:     311152 bytes,    3638944 total
: 97470K->9373K(109248K), 0.0050244 secs] 137399K->49615K(502464K), 0.0051223 secs] [Times: user=0.02 sys=0.00, real=0.00 secs] 
Heap after GC invocations=77 (full 1):
 par new generation   total 109248K, used 9373K [0x00000000e0000000, 0x00000000e8000000, 0x00000000e8000000)
  eden space 87424K,   0% used [0x00000000e0000000, 0x00000000e0000000, 0x00000000e5560000)
  from space 21824K,  42% used [0x00000000e6ab0000, 0x00000000e73d7520, 0x00000000e8000000)
  to   space 21824K,   0% used [0x00000000e5560000, 0x00000000e5560000, 0x00000000e6ab0000)
 concurrent mark-sweep generation total 393216K, used 40241K [0x00000000e8000000, 0x0000000100000000, 0x0000000100000000)
 Metaspace       used 38001K, capacity 38948K, committed 39344K, reserved 1083392K
  class space    used 4501K, capacity 4726K, committed 4784K, reserved 1048576K
}
2018-03-21T05:49:35.067-0500: 311.958: Total time for which application threads were stopped: 0.0053271 seconds, Stopping threads took: 0.0000306 seconds
{Heap before GC invocations=77 (full 1):
 par new generation   total 109248K, used 96797K [0x00000000e0000000, 0x00000000e8000000, 0x00000000e8000000)
  eden space 87424K, 100% used [0x00000000e0000000, 0x00000000e5560000, 0x00000000e5560000)
  from space 21824K,  42% used [0x00000000e6ab0000, 0x00000000e73d7520, 0x00000000e8000000)
  to   space 21824K,   0% used [0x00000000e5560000, 0x00000000e5560000, 0x00000000e6ab0000)
 concurrent mark-sweep generation total 393216K, used 40241K [0x00000000e8000000, 0x0000000100000000, 0x0000000100000000)
 Metaspace       used 38001K, capacity 38948K, committed 39344K, reserved 1083392K
  class space    used 4501K, capacity 4726K, committed 4784K, reserved 1048576K
2018-03-21T05:49:35.442-0500: 312.333: [GC (Allocation Failure) 2018-03-21T05:49:35.442-0500: 312.333: [ParNew
Desired survivor size 20112992 bytes, new threshold 8 (max 8)
- age   1:    3014696 bytes,    3014696 total
- age   2:    1516368 bytes,    4531064 total
- age   3:     310112 bytes,    4841176 total
- age   4:     312904 bytes,    5154080 total
- age   5:     187048 bytes,    5341128 total
- age   6:     318432 bytes,    5659560 total
- age   7:     304736 bytes,    5964296 total
- age   8:     215720 bytes,    6180016 total
: 96797K->7824K(109248K), 0.0059429 secs] 137039K->48370K(502464K), 0.0060223 secs] [Times: user=0.02 sys=0.00, real=0.00 secs] 
Heap after GC invocations=78 (full 1):
 par new generation   total 109248K, used 7824K [0x00000000e0000000, 0x00000000e8000000, 0x00000000e8000000)
  eden space 87424K,   0% used [0x00000000e0000000, 0x00000000e0000000, 0x00000000e5560000)
  from space 21824K,  35% used [0x00000000e5560000, 0x00000000e5d043f0, 0x00000000e6ab0000)
  to   space 21824K,   0% used [0x00000000e6ab0000, 0x00000000e6ab0000, 0x00000000e8000000)
 concurrent mark-sweep generation total 393216K, used 40545K [0x00000000e8000000, 0x0000000100000000, 0x0000000100000000)
 Metaspace       used 38001K, capacity 38948K, committed 39344K, reserved 1083392K
  class space    used 4501K, capacity 4726K, committed 4784K, reserved 1048576K
}
2018-03-21T05:49:35.448-0500: 312.339: Total time for which application threads were stopped: 0.0061855 seconds, Stopping threads took: 0.0000192 seconds
{Heap before GC invocations=78 (full 1):
 par new generation   total 109248K, used 95211K [0x00000000e0000000, 0x00000000e8000000, 0x00000000e8000000)
  eden space 87424K,  99% used [0x00000000e0000000, 0x00000000e5556a00, 0x00000000e5560000)
  from space 21824K,  35% used [0x00000000e5560000, 0x00000000e5d043f0, 0x00000000e6ab0000)
  to   space 21824K,   0% used [0x00000000e6ab0000, 0x00000000e6ab0000, 0x00000000e8000000)
 concurrent mark-sweep generation total 393216K, used 40545K [0x00000000e8000000, 0x0000000100000000, 0x0000000100000000)
 Metaspace       used 38001K, capacity 38948K, committed 39344K, reserved 1083392K
  class space    used 4501K, capacity 4726K, committed 4784K, reserved 1048576K
2018-03-21T05:49:35.812-0500: 312.702: [GC (Allocation Failure) 2018-03-21T05:49:35.812-0500: 312.702: [ParNew
Desired survivor size 20112992 bytes, new threshold 8 (max 8)
- age   1:    3604104 bytes,    3604104 total
- age   2:    2184392 bytes,    5788496 total
- age   3:    1515960 bytes,    7304456 total
- age   4:     310112 bytes,    7614568 total
- age   5:     312904 bytes,    7927472 total
- age   6:     187048 bytes,    8114520 total
- age   7:     318432 bytes,    8432952 total
- age   8:     304736 bytes,    8737688 total
: 95211K->11538K(109248K), 0.0074631 secs] 135757K->52293K(502464K), 0.0075546 secs] [Times: user=0.02 sys=0.00, real=0.01 secs] 
Heap after GC invocations=79 (full 1):
 par new generation   total 109248K, used 11538K [0x00000000e0000000, 0x00000000e8000000, 0x00000000e8000000)
  eden space 87424K,   0% used [0x00000000e0000000, 0x00000000e0000000, 0x00000000e5560000)
  from space 21824K,  52% used [0x00000000e6ab0000, 0x00000000e75f4ad0, 0x00000000e8000000)
  to   space 21824K,   0% used [0x00000000e5560000, 0x00000000e5560000, 0x00000000e6ab0000)
 concurrent mark-sweep generation total 393216K, used 40755K [0x00000000e8000000, 0x0000000100000000, 0x0000000100000000)
 Metaspace       used 38001K, capacity 38948K, committed 39344K, reserved 1083392K
  class space    used 4501K, capacity 4726K, committed 4784K, reserved 1048576K
}
2018-03-21T05:49:35.819-0500: 312.710: Total time for which application threads were stopped: 0.0077295 seconds, Stopping threads took: 0.0000217 seconds
{Heap before GC invocations=79 (full 1):
 par new generation   total 109248K, used 98962K [0x00000000e0000000, 0x00000000e8000000, 0x00000000e8000000)
  eden space 87424K, 100% used [0x00000000e0000000, 0x00000000e5560000, 0x00000000e5560000)
  from space 21824K,  52% used [0x00000000e6ab0000, 0x00000000e75f4ad0, 0x00000000e8000000)
  to   space 21824K,   0% used [0x00000000e5560000, 0x00000000e5560000, 0x00000000e6ab0000)
 concurrent mark-sweep generation total 393216K, used 40755K [0x00000000e8000000, 0x0000000100000000, 0x0000000100000000)
 Metaspace       used 38001K, capacity 38948K, committed 39344K, reserved 1083392K
  class space    used 4501K, capacity 4726K, committed 4784K, reserved 1048576K
2018-03-21T05:49:36.094-0500: 312.984: [GC (Allocation Failure) 2018-03-21T05:49:36.094-0500: 312.984: [ParNew
Desired survivor size 20112992 bytes, new threshold 8 (max 8)
- age   1:    3886376 bytes,    3886376 total
- age   2:    1783480 bytes,    5669856 total
- age   3:    1466816 bytes,    7136672 total
- age   4:     612000 bytes,    7748672 total
- age   5:     310112 bytes,    8058784 total
- age   6:     312904 bytes,    8371688 total
- age   7:     187024 bytes,    8558712 total
- age   8:     318432 bytes,    8877144 total
: 98962K->11204K(109248K), 0.0058562 secs] 139717K->52257K(502464K), 0.0059301 secs] [Times: user=0.02 sys=0.00, real=0.01 secs] 
Heap after GC invocations=80 (full 1):
 par new generation   total 109248K, used 11204K [0x00000000e0000000, 0x00000000e8000000, 0x00000000e8000000)
  eden space 87424K,   0% used [0x00000000e0000000, 0x00000000e0000000, 0x00000000e5560000)
  from space 21824K,  51% used [0x00000000e5560000, 0x00000000e6051310, 0x00000000e6ab0000)
  to   space 21824K,   0% used [0x00000000e6ab0000, 0x00000000e6ab0000, 0x00000000e8000000)
 concurrent mark-sweep generation total 393216K, used 41052K [0x00000000e8000000, 0x0000000100000000, 0x0000000100000000)
 Metaspace       used 38001K, capacity 38948K, committed 39344K, reserved 1083392K
  class space    used 4501K, capacity 4726K, committed 4784K, reserved 1048576K
}
2018-03-21T05:49:36.100-0500: 312.990: Total time for which application threads were stopped: 0.0061598 seconds, Stopping threads took: 0.0000535 seconds
{Heap before GC invocations=80 (full 1):
 par new generation   total 109248K, used 98628K [0x00000000e0000000, 0x00000000e8000000, 0x00000000e8000000)
  eden space 87424K, 100% used [0x00000000e0000000, 0x00000000e5560000, 0x00000000e5560000)
  from space 21824K,  51% used [0x00000000e5560000, 0x00000000e6051310, 0x00000000e6ab0000)
  to   space 21824K,   0% used [0x00000000e6ab0000, 0x00000000e6ab0000, 0x00000000e8000000)
 concurrent mark-sweep generation total 393216K, used 41052K [0x00000000e8000000, 0x0000000100000000, 0x0000000100000000)
 Metaspace       used 38002K, capacity 38948K, committed 39344K, reserved 1083392K
  class space    used 4501K, capacity 4726K, committed 4784K, reserved 1048576K
2018-03-21T05:49:36.366-0500: 313.257: [GC (Allocation Failure) 2018-03-21T05:49:36.366-0500: 313.257: [ParNew
Desired survivor size 20112992 bytes, new threshold 8 (max 8)
- age   1:    2422960 bytes,    2422960 total
- age   2:    1530496 bytes,    3953456 total
- age   3:     313232 bytes,    4266688 total
- age   4:     307360 bytes,    4574048 total
- age   5:     306688 bytes,    4880736 total
- age   6:     310112 bytes,    5190848 total
- age   7:     312192 bytes,    5503040 total
- age   8:     187024 bytes,    5690064 total
: 98628K->9527K(109248K), 0.0057936 secs] 139681K->50891K(502464K), 0.0058828 secs] [Times: user=0.02 sys=0.00, real=0.01 secs] 
Heap after GC invocations=81 (full 1):
 par new generation   total 109248K, used 9527K [0x00000000e0000000, 0x00000000e8000000, 0x00000000e8000000)
  eden space 87424K,   0% used [0x00000000e0000000, 0x00000000e0000000, 0x00000000e5560000)
  from space 21824K,  43% used [0x00000000e6ab0000, 0x00000000e73fdf90, 0x00000000e8000000)
  to   space 21824K,   0% used [0x00000000e5560000, 0x00000000e5560000, 0x00000000e6ab0000)
 concurrent mark-sweep generation total 393216K, used 41363K [0x00000000e8000000, 0x0000000100000000, 0x0000000100000000)
 Metaspace       used 38002K, capacity 38948K, committed 39344K, reserved 1083392K
  class space    used 4501K, capacity 4726K, committed 4784K, reserved 1048576K
}
2018-03-21T05:49:36.372-0500: 313.263: Total time for which application threads were stopped: 0.0060640 seconds, Stopping threads took: 0.0000218 seconds
{Heap before GC invocations=81 (full 1):
 par new generation   total 109248K, used 96951K [0x00000000e0000000, 0x00000000e8000000, 0x00000000e8000000)
  eden space 87424K, 100% used [0x00000000e0000000, 0x00000000e5560000, 0x00000000e5560000)
  from space 21824K,  43% used [0x00000000e6ab0000, 0x00000000e73fdf90, 0x00000000e8000000)
  to   space 21824K,   0% used [0x00000000e5560000, 0x00000000e5560000, 0x00000000e6ab0000)
 concurrent mark-sweep generation total 393216K, used 41363K [0x00000000e8000000, 0x0000000100000000, 0x0000000100000000)
 Metaspace       used 38002K, capacity 38948K, committed 39344K, reserved 1083392K
  class space    used 4501K, capacity 4726K, committed 4784K, reserved 1048576K
2018-03-21T05:49:36.729-0500: 313.619: [GC (Allocation Failure) 2018-03-21T05:49:36.729-0500: 313.620: [ParNew
Desired survivor size 20112992 bytes, new threshold 8 (max 8)
- age   1:    3844600 bytes,    3844600 total
- age   2:    1564328 bytes,    5408928 total
- age   3:    1530752 bytes,    6939680 total
- age   4:     313232 bytes,    7252912 total
- age   5:     307360 bytes,    7560272 total
- age   6:     305776 bytes,    7866048 total
- age   7:     310112 bytes,    8176160 total
- age   8:     312192 bytes,    8488352 total
: 96951K->9884K(109248K), 0.0062419 secs] 138315K->51430K(502464K), 0.0063323 secs] [Times: user=0.02 sys=0.00, real=0.01 secs] 
Heap after GC invocations=82 (full 1):
 par new generation   total 109248K, used 9884K [0x00000000e0000000, 0x00000000e8000000, 0x00000000e8000000)
  eden space 87424K,   0% used [0x00000000e0000000, 0x00000000e0000000, 0x00000000e5560000)
  from space 21824K,  45% used [0x00000000e5560000, 0x00000000e5f07100, 0x00000000e6ab0000)
  to   space 21824K,   0% used [0x00000000e6ab0000, 0x00000000e6ab0000, 0x00000000e8000000)
 concurrent mark-sweep generation total 393216K, used 41546K [0x00000000e8000000, 0x0000000100000000, 0x0000000100000000)
 Metaspace       used 38002K, capacity 38948K, committed 39344K, reserved 1083392K
  class space    used 4501K, capacity 4726K, committed 4784K, reserved 1048576K
}
2018-03-21T05:49:36.735-0500: 313.626: Total time for which application threads were stopped: 0.0065277 seconds, Stopping threads took: 0.0000294 seconds
{Heap before GC invocations=82 (full 1):
 par new generation   total 109248K, used 97308K [0x00000000e0000000, 0x00000000e8000000, 0x00000000e8000000)
  eden space 87424K, 100% used [0x00000000e0000000, 0x00000000e5560000, 0x00000000e5560000)
  from space 21824K,  45% used [0x00000000e5560000, 0x00000000e5f07100, 0x00000000e6ab0000)
  to   space 21824K,   0% used [0x00000000e6ab0000, 0x00000000e6ab0000, 0x00000000e8000000)
 concurrent mark-sweep generation total 393216K, used 41546K [0x00000000e8000000, 0x0000000100000000, 0x0000000100000000)
 Metaspace       used 38002K, capacity 38948K, committed 39344K, reserved 1083392K
  class space    used 4501K, capacity 4726K, committed 4784K, reserved 1048576K
2018-03-21T05:49:37.130-0500: 314.020: [GC (Allocation Failure) 2018-03-21T05:49:37.130-0500: 314.020: [ParNew
Desired survivor size 20112992 bytes, new threshold 8 (max 8)
- age   1:    2168096 bytes,    2168096 total
- age   2:    1820560 bytes,    3988656 total
- age   3:    1154456 bytes,    5143112 total
- age   4:     617616 bytes,    5760728 total
- age   5:     313232 bytes,    6073960 total
- age   6:     307360 bytes,    6381320 total
- age   7:     275128 bytes,    6656448 total
- age   8:     310112 bytes,    6966560 total
: 97308K->10553K(109248K), 0.0069027 secs] 138854K->52405K(502464K), 0.0069969 secs] [Times: user=0.02 sys=0.01, real=0.01 secs] 
Heap after GC invocations=83 (full 1):
 par new generation   total 109248K, used 10553K [0x00000000e0000000, 0x00000000e8000000, 0x00000000e8000000)
  eden space 87424K,   0% used [0x00000000e0000000, 0x00000000e0000000, 0x00000000e5560000)
  from space 21824K,  48% used [0x00000000e6ab0000, 0x00000000e74fe680, 0x00000000e8000000)
  to   space 21824K,   0% used [0x00000000e5560000, 0x00000000e5560000, 0x00000000e6ab0000)
 concurrent mark-sweep generation total 393216K, used 41851K [0x00000000e8000000, 0x0000000100000000, 0x0000000100000000)
 Metaspace       used 38002K, capacity 38948K, committed 39344K, reserved 1083392K
  class space    used 4501K, capacity 4726K, committed 4784K, reserved 1048576K
}
2018-03-21T05:49:37.137-0500: 314.027: Total time for which application threads were stopped: 0.0072212 seconds, Stopping threads took: 0.0000313 seconds
2018-03-21T05:49:37.149-0500: 314.039: Total time for which application threads were stopped: 0.0000937 seconds, Stopping threads took: 0.0000296 seconds
2018-03-21T05:49:37.149-0500: 314.040: Total time for which application threads were stopped: 0.0000450 seconds, Stopping threads took: 0.0000124 seconds
2018-03-21T05:49:50.019-0500: 326.910: Total time for which application threads were stopped: 0.0004110 seconds, Stopping threads took: 0.0002442 seconds
2018-03-21T05:49:50.031-0500: 326.921: Total time for which application threads were stopped: 0.0000864 seconds, Stopping threads took: 0.0000206 seconds
2018-03-21T05:49:50.127-0500: 327.017: Total time for which application threads were stopped: 0.0001327 seconds, Stopping threads took: 0.0000522 seconds
2018-03-21T05:49:50.127-0500: 327.018: Total time for which application threads were stopped: 0.0000820 seconds, Stopping threads took: 0.0000404 seconds
2018-03-21T05:49:50.127-0500: 327.018: Total time for which application threads were stopped: 0.0000766 seconds, Stopping threads took: 0.0000388 seconds
2018-03-21T05:49:50.127-0500: 327.018: Total time for which application threads were stopped: 0.0000703 seconds, Stopping threads took: 0.0000331 seconds
{Heap before GC invocations=83 (full 1):
 par new generation   total 109248K, used 97977K [0x00000000e0000000, 0x00000000e8000000, 0x00000000e8000000)
  eden space 87424K, 100% used [0x00000000e0000000, 0x00000000e5560000, 0x00000000e5560000)
  from space 21824K,  48% used [0x00000000e6ab0000, 0x00000000e74fe680, 0x00000000e8000000)
  to   space 21824K,   0% used [0x00000000e5560000, 0x00000000e5560000, 0x00000000e6ab0000)
 concurrent mark-sweep generation total 393216K, used 41851K [0x00000000e8000000, 0x0000000100000000, 0x0000000100000000)
 Metaspace       used 38010K, capacity 38948K, committed 39344K, reserved 1083392K
  class space    used 4501K, capacity 4726K, committed 4784K, reserved 1048576K
2018-03-21T05:49:53.204-0500: 330.095: [GC (Allocation Failure) 2018-03-21T05:49:53.204-0500: 330.095: [ParNew
Desired survivor size 20112992 bytes, new threshold 8 (max 8)
- age   1:    3820104 bytes,    3820104 total
- age   2:     156680 bytes,    3976784 total
- age   3:     309072 bytes,    4285856 total
- age   4:     272904 bytes,    4558760 total
- age   5:     234768 bytes,    4793528 total
- age   6:     313232 bytes,    5106760 total
- age   7:     307360 bytes,    5414120 total
- age   8:     214328 bytes,    5628448 total
: 97977K->6919K(109248K), 0.0049853 secs] 139829K->49073K(502464K), 0.0050858 secs] [Times: user=0.02 sys=0.00, real=0.00 secs] 
Heap after GC invocations=84 (full 1):
 par new generation   total 109248K, used 6919K [0x00000000e0000000, 0x00000000e8000000, 0x00000000e8000000)
  eden space 87424K,   0% used [0x00000000e0000000, 0x00000000e0000000, 0x00000000e5560000)
  from space 21824K,  31% used [0x00000000e5560000, 0x00000000e5c21e00, 0x00000000e6ab0000)
  to   space 21824K,   0% used [0x00000000e6ab0000, 0x00000000e6ab0000, 0x00000000e8000000)
 concurrent mark-sweep generation total 393216K, used 42154K [0x00000000e8000000, 0x0000000100000000, 0x0000000100000000)
 Metaspace       used 38010K, capacity 38948K, committed 39344K, reserved 1083392K
  class space    used 4501K, capacity 4726K, committed 4784K, reserved 1048576K
}
2018-03-21T05:49:53.209-0500: 330.100: Total time for which application threads were stopped: 0.0052561 seconds, Stopping threads took: 0.0000220 seconds
{Heap before GC invocations=84 (full 1):
 par new generation   total 109248K, used 94343K [0x00000000e0000000, 0x00000000e8000000, 0x00000000e8000000)
  eden space 87424K, 100% used [0x00000000e0000000, 0x00000000e5560000, 0x00000000e5560000)
  from space 21824K,  31% used [0x00000000e5560000, 0x00000000e5c21e00, 0x00000000e6ab0000)
  to   space 21824K,   0% used [0x00000000e6ab0000, 0x00000000e6ab0000, 0x00000000e8000000)
 concurrent mark-sweep generation total 393216K, used 42154K [0x00000000e8000000, 0x0000000100000000, 0x0000000100000000)
 Metaspace       used 38010K, capacity 38948K, committed 39344K, reserved 1083392K
  class space    used 4501K, capacity 4726K, committed 4784K, reserved 1048576K
2018-03-21T05:49:53.562-0500: 330.453: [GC (Allocation Failure) 2018-03-21T05:49:53.562-0500: 330.453: [ParNew
Desired survivor size 20112992 bytes, new threshold 8 (max 8)
- age   1:    3666744 bytes,    3666744 total
- age   2:    2981728 bytes,    6648472 total
- age   3:     156680 bytes,    6805152 total
- age   4:     309072 bytes,    7114224 total
- age   5:     271992 bytes,    7386216 total
- age   6:     234768 bytes,    7620984 total
- age   7:     313232 bytes,    7934216 total
- age   8:     307360 bytes,    8241576 total
: 94343K->11194K(109248K), 0.0071622 secs] 136497K->53557K(502464K), 0.0072481 secs] [Times: user=0.02 sys=0.00, real=0.00 secs] 
Heap after GC invocations=85 (full 1):
 par new generation   total 109248K, used 11194K [0x00000000e0000000, 0x00000000e8000000, 0x00000000e8000000)
  eden space 87424K,   0% used [0x00000000e0000000, 0x00000000e0000000, 0x00000000e5560000)
  from space 21824K,  51% used [0x00000000e6ab0000, 0x00000000e759ea18, 0x00000000e8000000)
  to   space 21824K,   0% used [0x00000000e5560000, 0x00000000e5560000, 0x00000000e6ab0000)
 concurrent mark-sweep generation total 393216K, used 42362K [0x00000000e8000000, 0x0000000100000000, 0x0000000100000000)
 Metaspace       used 38010K, capacity 38948K, committed 39344K, reserved 1083392K
  class space    used 4501K, capacity 4726K, committed 4784K, reserved 1048576K
}
2018-03-21T05:49:53.570-0500: 330.460: Total time for which application threads were stopped: 0.0074232 seconds, Stopping threads took: 0.0000225 seconds
{Heap before GC invocations=85 (full 1):
 par new generation   total 109248K, used 98618K [0x00000000e0000000, 0x00000000e8000000, 0x00000000e8000000)
  eden space 87424K, 100% used [0x00000000e0000000, 0x00000000e5560000, 0x00000000e5560000)
  from space 21824K,  51% used [0x00000000e6ab0000, 0x00000000e759ea18, 0x00000000e8000000)
  to   space 21824K,   0% used [0x00000000e5560000, 0x00000000e5560000, 0x00000000e6ab0000)
 concurrent mark-sweep generation total 393216K, used 42362K [0x00000000e8000000, 0x0000000100000000, 0x0000000100000000)
 Metaspace       used 38022K, capacity 38948K, committed 39344K, reserved 1083392K
  class space    used 4501K, capacity 4726K, committed 4784K, reserved 1048576K
2018-03-21T05:49:53.916-0500: 330.807: [GC (Allocation Failure) 2018-03-21T05:49:53.916-0500: 330.807: [ParNew
Desired survivor size 20112992 bytes, new threshold 8 (max 8)
- age   1:    4506224 bytes,    4506224 total
- age   2:    2099784 bytes,    6606008 total
- age   3:    2329120 bytes,    8935128 total
- age   4:     156680 bytes,    9091808 total
- age   5:     309072 bytes,    9400880 total
- age   6:     271992 bytes,    9672872 total
- age   7:     234744 bytes,    9907616 total
- age   8:     313232 bytes,   10220848 total
: 98618K->12767K(109248K), 0.0074642 secs] 140981K->55430K(502464K), 0.0075660 secs] [Times: user=0.03 sys=0.00, real=0.01 secs] 
Heap after GC invocations=86 (full 1):
 par new generation   total 109248K, used 12767K [0x00000000e0000000, 0x00000000e8000000, 0x00000000e8000000)
  eden space 87424K,   0% used [0x00000000e0000000, 0x00000000e0000000, 0x00000000e5560000)
  from space 21824K,  58% used [0x00000000e5560000, 0x00000000e61d7dc0, 0x00000000e6ab0000)
  to   space 21824K,   0% used [0x00000000e6ab0000, 0x00000000e6ab0000, 0x00000000e8000000)
 concurrent mark-sweep generation total 393216K, used 42662K [0x00000000e8000000, 0x0000000100000000, 0x0000000100000000)
 Metaspace       used 38022K, capacity 38948K, committed 39344K, reserved 1083392K
  class space    used 4501K, capacity 4726K, committed 4784K, reserved 1048576K
}
2018-03-21T05:49:53.924-0500: 330.814: Total time for which application threads were stopped: 0.0078183 seconds, Stopping threads took: 0.0000516 seconds
{Heap before GC invocations=86 (full 1):
 par new generation   total 109248K, used 100191K [0x00000000e0000000, 0x00000000e8000000, 0x00000000e8000000)
  eden space 87424K, 100% used [0x00000000e0000000, 0x00000000e5560000, 0x00000000e5560000)
  from space 21824K,  58% used [0x00000000e5560000, 0x00000000e61d7dc0, 0x00000000e6ab0000)
  to   space 21824K,   0% used [0x00000000e6ab0000, 0x00000000e6ab0000, 0x00000000e8000000)
 concurrent mark-sweep generation total 393216K, used 42662K [0x00000000e8000000, 0x0000000100000000, 0x0000000100000000)
 Metaspace       used 38026K, capacity 38948K, committed 39344K, reserved 1083392K
  class space    used 4501K, capacity 4726K, committed 4784K, reserved 1048576K
2018-03-21T05:49:54.164-0500: 331.054: [GC (Allocation Failure) 2018-03-21T05:49:54.164-0500: 331.054: [ParNew
Desired survivor size 20112992 bytes, new threshold 8 (max 8)
- age   1:    2025512 bytes,    2025512 total
- age   2:    1391864 bytes,    3417376 total
- age   3:     318432 bytes,    3735808 total
- age   4:     447192 bytes,    4183000 total
- age   5:     156464 bytes,    4339464 total
- age   6:     309072 bytes,    4648536 total
- age   7:     270584 bytes,    4919120 total
- age   8:     234744 bytes,    5153864 total
: 100191K->10687K(109248K), 0.0059955 secs] 142854K->53656K(502464K), 0.0060712 secs] [Times: user=0.02 sys=0.00, real=0.00 secs] 
Heap after GC invocations=87 (full 1):
 par new generation   total 109248K, used 10687K [0x00000000e0000000, 0x00000000e8000000, 0x00000000e8000000)
  eden space 87424K,   0% used [0x00000000e0000000, 0x00000000e0000000, 0x00000000e5560000)
  from space 21824K,  48% used [0x00000000e6ab0000, 0x00000000e751fdb0, 0x00000000e8000000)
  to   space 21824K,   0% used [0x00000000e5560000, 0x00000000e5560000, 0x00000000e6ab0000)
 concurrent mark-sweep generation total 393216K, used 42968K [0x00000000e8000000, 0x0000000100000000, 0x0000000100000000)
 Metaspace       used 38026K, capacity 38948K, committed 39344K, reserved 1083392K
  class space    used 4501K, capacity 4726K, committed 4784K, reserved 1048576K
}
2018-03-21T05:49:54.170-0500: 331.060: Total time for which application threads were stopped: 0.0062411 seconds, Stopping threads took: 0.0000223 seconds
{Heap before GC invocations=87 (full 1):
 par new generation   total 109248K, used 98111K [0x00000000e0000000, 0x00000000e8000000, 0x00000000e8000000)
  eden space 87424K, 100% used [0x00000000e0000000, 0x00000000e5560000, 0x00000000e5560000)
  from space 21824K,  48% used [0x00000000e6ab0000, 0x00000000e751fdb0, 0x00000000e8000000)
  to   space 21824K,   0% used [0x00000000e5560000, 0x00000000e5560000, 0x00000000e6ab0000)
 concurrent mark-sweep generation total 393216K, used 42968K [0x00000000e8000000, 0x0000000100000000, 0x0000000100000000)
 Metaspace       used 38026K, capacity 38948K, committed 39344K, reserved 1083392K
  class space    used 4501K, capacity 4726K, committed 4784K, reserved 1048576K
2018-03-21T05:49:54.518-0500: 331.409: [GC (Allocation Failure) 2018-03-21T05:49:54.518-0500: 331.409: [ParNew
Desired survivor size 20112992 bytes, new threshold 8 (max 8)
- age   1:    3581896 bytes,    3581896 total
- age   2:    1329872 bytes,    4911768 total
- age   3:    1391000 bytes,    6302768 total
- age   4:     318432 bytes,    6621200 total
- age   5:     446280 bytes,    7067480 total
- age   6:     156464 bytes,    7223944 total
- age   7:     309072 bytes,    7533016 total
- age   8:     270584 bytes,    7803600 total
: 98111K->9243K(109248K), 0.0055866 secs] 141080K->52441K(502464K), 0.0056825 secs] [Times: user=0.02 sys=0.00, real=0.00 secs] 
Heap after GC invocations=88 (full 1):
 par new generation   total 109248K, used 9243K [0x00000000e0000000, 0x00000000e8000000, 0x00000000e8000000)
  eden space 87424K,   0% used [0x00000000e0000000, 0x00000000e0000000, 0x00000000e5560000)
  from space 21824K,  42% used [0x00000000e5560000, 0x00000000e5e66e40, 0x00000000e6ab0000)
  to   space 21824K,   0% used [0x00000000e6ab0000, 0x00000000e6ab0000, 0x00000000e8000000)
 concurrent mark-sweep generation total 393216K, used 43197K [0x00000000e8000000, 0x0000000100000000, 0x0000000100000000)
 Metaspace       used 38026K, capacity 38948K, committed 39344K, reserved 1083392K
  class space    used 4501K, capacity 4726K, committed 4784K, reserved 1048576K
}
2018-03-21T05:49:54.524-0500: 331.414: Total time for which application threads were stopped: 0.0058541 seconds, Stopping threads took: 0.0000218 seconds
{Heap before GC invocations=88 (full 1):
 par new generation   total 109248K, used 96667K [0x00000000e0000000, 0x00000000e8000000, 0x00000000e8000000)
  eden space 87424K, 100% used [0x00000000e0000000, 0x00000000e5560000, 0x00000000e5560000)
  from space 21824K,  42% used [0x00000000e5560000, 0x00000000e5e66e40, 0x00000000e6ab0000)
  to   space 21824K,   0% used [0x00000000e6ab0000, 0x00000000e6ab0000, 0x00000000e8000000)
 concurrent mark-sweep generation total 393216K, used 43197K [0x00000000e8000000, 0x0000000100000000, 0x0000000100000000)
 Metaspace       used 38026K, capacity 38948K, committed 39344K, reserved 1083392K
  class space    used 4501K, capacity 4726K, committed 4784K, reserved 1048576K
2018-03-21T05:49:54.942-0500: 331.832: [GC (Allocation Failure) 2018-03-21T05:49:54.942-0500: 331.832: [ParNew
Desired survivor size 20112992 bytes, new threshold 8 (max 8)
- age   1:    2432472 bytes,    2432472 total
- age   2:    1801040 bytes,    4233512 total
- age   3:     992936 bytes,    5226448 total
- age   4:     490440 bytes,    5716888 total
- age   5:     318432 bytes,    6035320 total
- age   6:     415728 bytes,    6451048 total
- age   7:     156400 bytes,    6607448 total
- age   8:     309072 bytes,    6916520 total
: 96667K->9728K(109248K), 0.0061628 secs] 139865K->53191K(502464K), 0.0062873 secs] [Times: user=0.02 sys=0.00, real=0.00 secs] 
Heap after GC invocations=89 (full 1):
 par new generation   total 109248K, used 9728K [0x00000000e0000000, 0x00000000e8000000, 0x00000000e8000000)
  eden space 87424K,   0% used [0x00000000e0000000, 0x00000000e0000000, 0x00000000e5560000)
  from space 21824K,  44% used [0x00000000e6ab0000, 0x00000000e7430310, 0x00000000e8000000)
  to   space 21824K,   0% used [0x00000000e5560000, 0x00000000e5560000, 0x00000000e6ab0000)
 concurrent mark-sweep generation total 393216K, used 43462K [0x00000000e8000000, 0x0000000100000000, 0x0000000100000000)
 Metaspace       used 38026K, capacity 38948K, committed 39344K, reserved 1083392K
  class space    used 4501K, capacity 4726K, committed 4784K, reserved 1048576K
}
2018-03-21T05:49:54.948-0500: 331.839: Total time for which application threads were stopped: 0.0064804 seconds, Stopping threads took: 0.0000257 seconds
2018-03-21T05:49:54.988-0500: 331.878: Total time for which application threads were stopped: 0.0001148 seconds, Stopping threads took: 0.0000461 seconds
2018-03-21T05:49:54.988-0500: 331.879: Total time for which application threads were stopped: 0.0001327 seconds, Stopping threads took: 0.0000764 seconds
2018-03-21T05:50:07.861-0500: 344.751: Total time for which application threads were stopped: 0.0003619 seconds, Stopping threads took: 0.0001970 seconds
2018-03-21T05:50:07.873-0500: 344.764: Total time for which application threads were stopped: 0.0002132 seconds, Stopping threads took: 0.0000446 seconds
2018-03-21T05:50:07.976-0500: 344.866: Total time for which application threads were stopped: 0.0001591 seconds, Stopping threads took: 0.0000488 seconds
2018-03-21T05:50:07.976-0500: 344.867: Total time for which application threads were stopped: 0.0000919 seconds, Stopping threads took: 0.0000327 seconds
2018-03-21T05:50:07.976-0500: 344.867: Total time for which application threads were stopped: 0.0000778 seconds, Stopping threads took: 0.0000336 seconds
2018-03-21T05:50:07.977-0500: 344.867: Total time for which application threads were stopped: 0.0001064 seconds, Stopping threads took: 0.0000315 seconds
2018-03-21T05:50:08.977-0500: 345.867: Total time for which application threads were stopped: 0.0002296 seconds, Stopping threads took: 0.0000498 seconds
2018-03-21T05:51:02.983-0500: 399.874: Total time for which application threads were stopped: 0.0001425 seconds, Stopping threads took: 0.0000602 seconds
{Heap before GC invocations=89 (full 1):
 par new generation   total 109248K, used 97152K [0x00000000e0000000, 0x00000000e8000000, 0x00000000e8000000)
  eden space 87424K, 100% used [0x00000000e0000000, 0x00000000e5560000, 0x00000000e5560000)
  from space 21824K,  44% used [0x00000000e6ab0000, 0x00000000e7430310, 0x00000000e8000000)
  to   space 21824K,   0% used [0x00000000e5560000, 0x00000000e5560000, 0x00000000e6ab0000)
 concurrent mark-sweep generation total 393216K, used 43462K [0x00000000e8000000, 0x0000000100000000, 0x0000000100000000)
 Metaspace       used 38037K, capacity 39012K, committed 39344K, reserved 1083392K
  class space    used 4501K, capacity 4726K, committed 4784K, reserved 1048576K
2018-03-21T05:51:03.197-0500: 400.088: [GC (Allocation Failure) 2018-03-21T05:51:03.197-0500: 400.088: [ParNew
Desired survivor size 20112992 bytes, new threshold 8 (max 8)
- age   1:    3418752 bytes,    3418752 total
- age   2:     215680 bytes,    3634432 total
- age   3:     306800 bytes,    3941232 total
- age   4:     236976 bytes,    4178208 total
- age   5:     262848 bytes,    4441056 total
- age   6:     318432 bytes,    4759488 total
- age   7:     353768 bytes,    5113256 total
- age   8:     156400 bytes,    5269656 total
: 97152K->7270K(109248K), 0.0055273 secs] 140615K->51034K(502464K), 0.0056301 secs] [Times: user=0.02 sys=0.00, real=0.01 secs] 
Heap after GC invocations=90 (full 1):
 par new generation   total 109248K, used 7270K [0x00000000e0000000, 0x00000000e8000000, 0x00000000e8000000)
  eden space 87424K,   0% used [0x00000000e0000000, 0x00000000e0000000, 0x00000000e5560000)
  from space 21824K,  33% used [0x00000000e5560000, 0x00000000e5c798a0, 0x00000000e6ab0000)
  to   space 21824K,   0% used [0x00000000e6ab0000, 0x00000000e6ab0000, 0x00000000e8000000)
 concurrent mark-sweep generation total 393216K, used 43764K [0x00000000e8000000, 0x0000000100000000, 0x0000000100000000)
 Metaspace       used 38037K, capacity 39012K, committed 39344K, reserved 1083392K
  class space    used 4501K, capacity 4726K, committed 4784K, reserved 1048576K
}
2018-03-21T05:51:03.203-0500: 400.093: Total time for which application threads were stopped: 0.0058355 seconds, Stopping threads took: 0.0000237 seconds
{Heap before GC invocations=90 (full 1):
 par new generation   total 109248K, used 94694K [0x00000000e0000000, 0x00000000e8000000, 0x00000000e8000000)
  eden space 87424K, 100% used [0x00000000e0000000, 0x00000000e5560000, 0x00000000e5560000)
  from space 21824K,  33% used [0x00000000e5560000, 0x00000000e5c798a0, 0x00000000e6ab0000)
  to   space 21824K,   0% used [0x00000000e6ab0000, 0x00000000e6ab0000, 0x00000000e8000000)
 concurrent mark-sweep generation total 393216K, used 43764K [0x00000000e8000000, 0x0000000100000000, 0x0000000100000000)
 Metaspace       used 38037K, capacity 39012K, committed 39344K, reserved 1083392K
  class space    used 4501K, capacity 4726K, committed 4784K, reserved 1048576K
2018-03-21T05:51:03.562-0500: 400.453: [GC (Allocation Failure) 2018-03-21T05:51:03.562-0500: 400.453: [ParNew
Desired survivor size 20112992 bytes, new threshold 8 (max 8)
- age   1:    3482408 bytes,    3482408 total
- age   2:    2681984 bytes,    6164392 total
- age   3:     215680 bytes,    6380072 total
- age   4:     306800 bytes,    6686872 total
- age   5:     236064 bytes,    6922936 total
- age   6:     262848 bytes,    7185784 total
- age   7:     318432 bytes,    7504216 total
- age   8:     352416 bytes,    7856632 total
: 94694K->8859K(109248K), 0.0071924 secs] 138458K->52776K(502464K), 0.0072867 secs] [Times: user=0.02 sys=0.00, real=0.00 secs] 
Heap after GC invocations=91 (full 1):
 par new generation   total 109248K, used 8859K [0x00000000e0000000, 0x00000000e8000000, 0x00000000e8000000)
  eden space 87424K,   0% used [0x00000000e0000000, 0x00000000e0000000, 0x00000000e5560000)
  from space 21824K,  40% used [0x00000000e6ab0000, 0x00000000e7356c60, 0x00000000e8000000)
  to   space 21824K,   0% used [0x00000000e5560000, 0x00000000e5560000, 0x00000000e6ab0000)
 concurrent mark-sweep generation total 393216K, used 43917K [0x00000000e8000000, 0x0000000100000000, 0x0000000100000000)
 Metaspace       used 38037K, capacity 39012K, committed 39344K, reserved 1083392K
  class space    used 4501K, capacity 4726K, committed 4784K, reserved 1048576K
}
2018-03-21T05:51:03.570-0500: 400.460: Total time for which application threads were stopped: 0.0074514 seconds, Stopping threads took: 0.0000202 seconds
{Heap before GC invocations=91 (full 1):
 par new generation   total 109248K, used 96283K [0x00000000e0000000, 0x00000000e8000000, 0x00000000e8000000)
  eden space 87424K, 100% used [0x00000000e0000000, 0x00000000e5560000, 0x00000000e5560000)
  from space 21824K,  40% used [0x00000000e6ab0000, 0x00000000e7356c60, 0x00000000e8000000)
  to   space 21824K,   0% used [0x00000000e5560000, 0x00000000e5560000, 0x00000000e6ab0000)
 concurrent mark-sweep generation total 393216K, used 43917K [0x00000000e8000000, 0x0000000100000000, 0x0000000100000000)
 Metaspace       used 38038K, capacity 39012K, committed 39344K, reserved 1083392K
  class space    used 4501K, capacity 4726K, committed 4784K, reserved 1048576K
2018-03-21T05:51:03.926-0500: 400.817: [GC (Allocation Failure) 2018-03-21T05:51:03.926-0500: 400.817: [ParNew
Desired survivor size 20112992 bytes, new threshold 8 (max 8)
- age   1:    5070400 bytes,    5070400 total
- age   2:    2262408 bytes,    7332808 total
- age   3:    2680400 bytes,   10013208 total
- age   4:     215680 bytes,   10228888 total
- age   5:     306800 bytes,   10535688 total
- age   6:     236064 bytes,   10771752 total
- age   7:     262824 bytes,   11034576 total
- age   8:     318432 bytes,   11353008 total
: 96283K->12985K(109248K), 0.0070256 secs] 140200K->57246K(502464K), 0.0071444 secs] [Times: user=0.03 sys=0.00, real=0.01 secs] 
Heap after GC invocations=92 (full 1):
 par new generation   total 109248K, used 12985K [0x00000000e0000000, 0x00000000e8000000, 0x00000000e8000000)
  eden space 87424K,   0% used [0x00000000e0000000, 0x00000000e0000000, 0x00000000e5560000)
  from space 21824K,  59% used [0x00000000e5560000, 0x00000000e620e540, 0x00000000e6ab0000)
  to   space 21824K,   0% used [0x00000000e6ab0000, 0x00000000e6ab0000, 0x00000000e8000000)
 concurrent mark-sweep generation total 393216K, used 44261K [0x00000000e8000000, 0x0000000100000000, 0x0000000100000000)
 Metaspace       used 38038K, capacity 39012K, committed 39344K, reserved 1083392K
  class space    used 4501K, capacity 4726K, committed 4784K, reserved 1048576K
}
2018-03-21T05:51:03.933-0500: 400.824: Total time for which application threads were stopped: 0.0074231 seconds, Stopping threads took: 0.0000773 seconds
{Heap before GC invocations=92 (full 1):
 par new generation   total 109248K, used 100409K [0x00000000e0000000, 0x00000000e8000000, 0x00000000e8000000)
  eden space 87424K, 100% used [0x00000000e0000000, 0x00000000e5560000, 0x00000000e5560000)
  from space 21824K,  59% used [0x00000000e5560000, 0x00000000e620e540, 0x00000000e6ab0000)
  to   space 21824K,   0% used [0x00000000e6ab0000, 0x00000000e6ab0000, 0x00000000e8000000)
 concurrent mark-sweep generation total 393216K, used 44261K [0x00000000e8000000, 0x0000000100000000, 0x0000000100000000)
 Metaspace       used 38046K, capacity 39012K, committed 39344K, reserved 1083392K
  class space    used 4501K, capacity 4726K, committed 4784K, reserved 1048576K
2018-03-21T05:51:04.099-0500: 400.989: [GC (Allocation Failure) 2018-03-21T05:51:04.099-0500: 400.989: [ParNew
Desired survivor size 20112992 bytes, new threshold 8 (max 8)
- age   1:    1500200 bytes,    1500200 total
- age   2:    1283600 bytes,    2783800 total
- age   3:     312000 bytes,    3095800 total
- age   4:     389720 bytes,    3485520 total
- age   5:     215464 bytes,    3700984 total
- age   6:     306800 bytes,    4007784 total
- age   7:     233960 bytes,    4241744 total
- age   8:     262824 bytes,    4504568 total
: 100409K->9938K(109248K), 0.0047772 secs] 144670K->54510K(502464K), 0.0048499 secs] [Times: user=0.01 sys=0.00, real=0.00 secs] 
Heap after GC invocations=93 (full 1):
 par new generation   total 109248K, used 9938K [0x00000000e0000000, 0x00000000e8000000, 0x00000000e8000000)
  eden space 87424K,   0% used [0x00000000e0000000, 0x00000000e0000000, 0x00000000e5560000)
  from space 21824K,  45% used [0x00000000e6ab0000, 0x00000000e7464980, 0x00000000e8000000)
  to   space 21824K,   0% used [0x00000000e5560000, 0x00000000e5560000, 0x00000000e6ab0000)
 concurrent mark-sweep generation total 393216K, used 44572K [0x00000000e8000000, 0x0000000100000000, 0x0000000100000000)
 Metaspace       used 38046K, capacity 39012K, committed 39344K, reserved 1083392K
  class space    used 4501K, capacity 4726K, committed 4784K, reserved 1048576K
}
2018-03-21T05:51:04.103-0500: 400.994: Total time for which application threads were stopped: 0.0050238 seconds, Stopping threads took: 0.0000210 seconds
{Heap before GC invocations=93 (full 1):
 par new generation   total 109248K, used 97362K [0x00000000e0000000, 0x00000000e8000000, 0x00000000e8000000)
  eden space 87424K, 100% used [0x00000000e0000000, 0x00000000e5560000, 0x00000000e5560000)
  from space 21824K,  45% used [0x00000000e6ab0000, 0x00000000e7464980, 0x00000000e8000000)
  to   space 21824K,   0% used [0x00000000e5560000, 0x00000000e5560000, 0x00000000e6ab0000)
 concurrent mark-sweep generation total 393216K, used 44572K [0x00000000e8000000, 0x0000000100000000, 0x0000000100000000)
 Metaspace       used 38046K, capacity 39012K, committed 39344K, reserved 1083392K
  class space    used 4501K, capacity 4726K, committed 4784K, reserved 1048576K
2018-03-21T05:51:04.458-0500: 401.348: [GC (Allocation Failure) 2018-03-21T05:51:04.458-0500: 401.348: [ParNew
Desired survivor size 20112992 bytes, new threshold 8 (max 8)
- age   1:    3510568 bytes,    3510568 total
- age   2:    1044912 bytes,    4555480 total
- age   3:    1315824 bytes,    5871304 total
- age   4:     312000 bytes,    6183304 total
- age   5:     388808 bytes,    6572112 total
- age   6:     215464 bytes,    6787576 total
- age   7:     306800 bytes,    7094376 total
- age   8:     233960 bytes,    7328336 total
: 97362K->8633K(109248K), 0.0070487 secs] 141934K->53463K(502464K), 0.0071317 secs] [Times: user=0.02 sys=0.00, real=0.01 secs] 
Heap after GC invocations=94 (full 1):
 par new generation   total 109248K, used 8633K [0x00000000e0000000, 0x00000000e8000000, 0x00000000e8000000)
  eden space 87424K,   0% used [0x00000000e0000000, 0x00000000e0000000, 0x00000000e5560000)
  from space 21824K,  39% used [0x00000000e5560000, 0x00000000e5dce7e0, 0x00000000e6ab0000)
  to   space 21824K,   0% used [0x00000000e6ab0000, 0x00000000e6ab0000, 0x00000000e8000000)
 concurrent mark-sweep generation total 393216K, used 44829K [0x00000000e8000000, 0x0000000100000000, 0x0000000100000000)
 Metaspace       used 38046K, capacity 39012K, committed 39344K, reserved 1083392K
  class space    used 4501K, capacity 4726K, committed 4784K, reserved 1048576K
}
2018-03-21T05:51:04.465-0500: 401.355: Total time for which application threads were stopped: 0.0072993 seconds, Stopping threads took: 0.0000213 seconds
{Heap before GC invocations=94 (full 1):
 par new generation   total 109248K, used 96024K [0x00000000e0000000, 0x00000000e8000000, 0x00000000e8000000)
  eden space 87424K,  99% used [0x00000000e0000000, 0x00000000e5557ac8, 0x00000000e5560000)
  from space 21824K,  39% used [0x00000000e5560000, 0x00000000e5dce7e0, 0x00000000e6ab0000)
  to   space 21824K,   0% used [0x00000000e6ab0000, 0x00000000e6ab0000, 0x00000000e8000000)
 concurrent mark-sweep generation total 393216K, used 44829K [0x00000000e8000000, 0x0000000100000000, 0x0000000100000000)
 Metaspace       used 38049K, capacity 39012K, committed 39344K, reserved 1083392K
  class space    used 4501K, capacity 4726K, committed 4784K, reserved 1048576K
2018-03-21T05:51:04.952-0500: 401.843: [GC (Allocation Failure) 2018-03-21T05:51:04.952-0500: 401.843: [ParNew
Desired survivor size 20112992 bytes, new threshold 8 (max 8)
- age   1:    3641616 bytes,    3641616 total
- age   2:    2067064 bytes,    5708680 total
- age   3:     984416 bytes,    6693096 total
- age   4:     883432 bytes,    7576528 total
- age   5:     312000 bytes,    7888528 total
- age   6:     358224 bytes,    8246752 total
- age   7:     215400 bytes,    8462152 total
- age   8:     306800 bytes,    8768952 total
: 96024K->10671K(109248K), 0.0059713 secs] 140853K->55729K(502464K), 0.0060676 secs] [Times: user=0.02 sys=0.00, real=0.01 secs] 
Heap after GC invocations=95 (full 1):
 par new generation   total 109248K, used 10671K [0x00000000e0000000, 0x00000000e8000000, 0x00000000e8000000)
  eden space 87424K,   0% used [0x00000000e0000000, 0x00000000e0000000, 0x00000000e5560000)
  from space 21824K,  48% used [0x00000000e6ab0000, 0x00000000e751bee0, 0x00000000e8000000)
  to   space 21824K,   0% used [0x00000000e5560000, 0x00000000e5560000, 0x00000000e6ab0000)
 concurrent mark-sweep generation total 393216K, used 45058K [0x00000000e8000000, 0x0000000100000000, 0x0000000100000000)
 Metaspace       used 38049K, capacity 39012K, committed 39344K, reserved 1083392K
  class space    used 4501K, capacity 4726K, committed 4784K, reserved 1048576K
}
2018-03-21T05:51:04.958-0500: 401.849: Total time for which application threads were stopped: 0.0062991 seconds, Stopping threads took: 0.0000296 seconds
2018-03-21T05:51:05.068-0500: 401.958: Total time for which application threads were stopped: 0.0001631 seconds, Stopping threads took: 0.0000271 seconds
2018-03-21T05:51:05.072-0500: 401.962: Total time for which application threads were stopped: 0.0001215 seconds, Stopping threads took: 0.0000387 seconds
2018-03-21T05:51:05.072-0500: 401.963: Total time for which application threads were stopped: 0.0000746 seconds, Stopping threads took: 0.0000173 seconds
2018-03-21T05:51:17.240-0500: 414.131: Total time for which application threads were stopped: 0.0000970 seconds, Stopping threads took: 0.0000203 seconds
2018-03-21T05:51:17.271-0500: 414.162: Total time for which application threads were stopped: 0.0001624 seconds, Stopping threads took: 0.0000294 seconds
2018-03-21T05:51:17.271-0500: 414.162: Total time for which application threads were stopped: 0.0000792 seconds, Stopping threads took: 0.0000130 seconds
{Heap before GC invocations=95 (full 1):
 par new generation   total 109248K, used 98095K [0x00000000e0000000, 0x00000000e8000000, 0x00000000e8000000)
  eden space 87424K, 100% used [0x00000000e0000000, 0x00000000e5560000, 0x00000000e5560000)
  from space 21824K,  48% used [0x00000000e6ab0000, 0x00000000e751bee0, 0x00000000e8000000)
  to   space 21824K,   0% used [0x00000000e5560000, 0x00000000e5560000, 0x00000000e6ab0000)
 concurrent mark-sweep generation total 393216K, used 45058K [0x00000000e8000000, 0x0000000100000000, 0x0000000100000000)
 Metaspace       used 38055K, capacity 39012K, committed 39344K, reserved 1083392K
  class space    used 4501K, capacity 4726K, committed 4784K, reserved 1048576K
2018-03-21T05:51:17.437-0500: 414.328: [GC (Allocation Failure) 2018-03-21T05:51:17.438-0500: 414.328: [ParNew
Desired survivor size 20112992 bytes, new threshold 8 (max 8)
- age   1:    2587056 bytes,    2587056 total
- age   2:     285176 bytes,    2872232 total
- age   3:     308880 bytes,    3181112 total
- age   4:     199896 bytes,    3381008 total
- age   5:     312248 bytes,    3693256 total
- age   6:     312000 bytes,    4005256 total
- age   7:     304592 bytes,    4309848 total
- age   8:     215400 bytes,    4525248 total
: 98095K->9933K(109248K), 0.0050389 secs] 143153K->55291K(502464K), 0.0051588 secs] [Times: user=0.01 sys=0.00, real=0.01 secs] 
Heap after GC invocations=96 (full 1):
 par new generation   total 109248K, used 9933K [0x00000000e0000000, 0x00000000e8000000, 0x00000000e8000000)
  eden space 87424K,   0% used [0x00000000e0000000, 0x00000000e0000000, 0x00000000e5560000)
  from space 21824K,  45% used [0x00000000e5560000, 0x00000000e5f137a0, 0x00000000e6ab0000)
  to   space 21824K,   0% used [0x00000000e6ab0000, 0x00000000e6ab0000, 0x00000000e8000000)
 concurrent mark-sweep generation total 393216K, used 45357K [0x00000000e8000000, 0x0000000100000000, 0x0000000100000000)
 Metaspace       used 38055K, capacity 39012K, committed 39344K, reserved 1083392K
  class space    used 4501K, capacity 4726K, committed 4784K, reserved 1048576K
}
2018-03-21T05:51:17.443-0500: 414.333: Total time for which application threads were stopped: 0.0053807 seconds, Stopping threads took: 0.0000286 seconds
{Heap before GC invocations=96 (full 1):
 par new generation   total 109248K, used 97357K [0x00000000e0000000, 0x00000000e8000000, 0x00000000e8000000)
  eden space 87424K, 100% used [0x00000000e0000000, 0x00000000e5560000, 0x00000000e5560000)
  from space 21824K,  45% used [0x00000000e5560000, 0x00000000e5f137a0, 0x00000000e6ab0000)
  to   space 21824K,   0% used [0x00000000e6ab0000, 0x00000000e6ab0000, 0x00000000e8000000)
 concurrent mark-sweep generation total 393216K, used 45357K [0x00000000e8000000, 0x0000000100000000, 0x0000000100000000)
 Metaspace       used 38055K, capacity 39012K, committed 39344K, reserved 1083392K
  class space    used 4501K, capacity 4726K, committed 4784K, reserved 1048576K
2018-03-21T05:51:17.793-0500: 414.684: [GC (Allocation Failure) 2018-03-21T05:51:17.793-0500: 414.684: [ParNew
Desired survivor size 20112992 bytes, new threshold 8 (max 8)
- age   1:    3274448 bytes,    3274448 total
- age   2:    2147296 bytes,    5421744 total
- age   3:     285176 bytes,    5706920 total
- age   4:     308880 bytes,    6015800 total
- age   5:     198984 bytes,    6214784 total
- age   6:     312248 bytes,    6527032 total
- age   7:     312000 bytes,    6839032 total
- age   8:     303240 bytes,    7142272 total
: 97357K->8446K(109248K), 0.0052330 secs] 142715K->54014K(502464K), 0.0053131 secs] [Times: user=0.02 sys=0.00, real=0.01 secs] 
Heap after GC invocations=97 (full 1):
 par new generation   total 109248K, used 8446K [0x00000000e0000000, 0x00000000e8000000, 0x00000000e8000000)
  eden space 87424K,   0% used [0x00000000e0000000, 0x00000000e0000000, 0x00000000e5560000)
  from space 21824K,  38% used [0x00000000e6ab0000, 0x00000000e72ef880, 0x00000000e8000000)
  to   space 21824K,   0% used [0x00000000e5560000, 0x00000000e5560000, 0x00000000e6ab0000)
 concurrent mark-sweep generation total 393216K, used 45567K [0x00000000e8000000, 0x0000000100000000, 0x0000000100000000)
 Metaspace       used 38055K, capacity 39012K, committed 39344K, reserved 1083392K
  class space    used 4501K, capacity 4726K, committed 4784K, reserved 1048576K
}
2018-03-21T05:51:17.799-0500: 414.689: Total time for which application threads were stopped: 0.0054942 seconds, Stopping threads took: 0.0000212 seconds
{Heap before GC invocations=97 (full 1):
 par new generation   total 109248K, used 95870K [0x00000000e0000000, 0x00000000e8000000, 0x00000000e8000000)
  eden space 87424K, 100% used [0x00000000e0000000, 0x00000000e5560000, 0x00000000e5560000)
  from space 21824K,  38% used [0x00000000e6ab0000, 0x00000000e72ef880, 0x00000000e8000000)
  to   space 21824K,   0% used [0x00000000e5560000, 0x00000000e5560000, 0x00000000e6ab0000)
 concurrent mark-sweep generation total 393216K, used 45567K [0x00000000e8000000, 0x0000000100000000, 0x0000000100000000)
 Metaspace       used 38056K, capacity 39012K, committed 39344K, reserved 1083392K
  class space    used 4501K, capacity 4726K, committed 4784K, reserved 1048576K
2018-03-21T05:51:18.039-0500: 414.930: [GC (Allocation Failure) 2018-03-21T05:51:18.039-0500: 414.930: [ParNew
Desired survivor size 20112992 bytes, new threshold 8 (max 8)
- age   1:    3356040 bytes,    3356040 total
- age   2:    1603000 bytes,    4959040 total
- age   3:    1030992 bytes,    5990032 total
- age   4:     285176 bytes,    6275208 total
- age   5:     308880 bytes,    6584088 total
- age   6:     198984 bytes,    6783072 total
- age   7:     312192 bytes,    7095264 total
- age   8:     312000 bytes,    7407264 total
: 95870K->10336K(109248K), 0.0064773 secs] 141438K->56200K(502464K), 0.0065541 secs] [Times: user=0.02 sys=0.00, real=0.00 secs] 
Heap after GC invocations=98 (full 1):
 par new generation   total 109248K, used 10336K [0x00000000e0000000, 0x00000000e8000000, 0x00000000e8000000)
  eden space 87424K,   0% used [0x00000000e0000000, 0x00000000e0000000, 0x00000000e5560000)
  from space 21824K,  47% used [0x00000000e5560000, 0x00000000e5f78308, 0x00000000e6ab0000)
  to   space 21824K,   0% used [0x00000000e6ab0000, 0x00000000e6ab0000, 0x00000000e8000000)
 concurrent mark-sweep generation total 393216K, used 45864K [0x00000000e8000000, 0x0000000100000000, 0x0000000100000000)
 Metaspace       used 38056K, capacity 39012K, committed 39344K, reserved 1083392K
  class space    used 4501K, capacity 4726K, committed 4784K, reserved 1048576K
}
2018-03-21T05:51:18.046-0500: 414.936: Total time for which application threads were stopped: 0.0067778 seconds, Stopping threads took: 0.0000437 seconds
2018-03-21T05:51:18.048-0500: 414.939: Total time for which application threads were stopped: 0.0001319 seconds, Stopping threads took: 0.0000570 seconds
2018-03-21T05:51:18.231-0500: 415.121: Total time for which application threads were stopped: 0.0002710 seconds, Stopping threads took: 0.0000309 seconds
2018-03-21T05:51:18.233-0500: 415.124: Total time for which application threads were stopped: 0.0001588 seconds, Stopping threads took: 0.0000520 seconds
2018-03-21T05:51:18.234-0500: 415.124: Total time for which application threads were stopped: 0.0000717 seconds, Stopping threads took: 0.0000312 seconds
{Heap before GC invocations=98 (full 1):
 par new generation   total 109248K, used 97717K [0x00000000e0000000, 0x00000000e8000000, 0x00000000e8000000)
  eden space 87424K,  99% used [0x00000000e0000000, 0x00000000e5555368, 0x00000000e5560000)
  from space 21824K,  47% used [0x00000000e5560000, 0x00000000e5f78308, 0x00000000e6ab0000)
  to   space 21824K,   0% used [0x00000000e6ab0000, 0x00000000e6ab0000, 0x00000000e8000000)
 concurrent mark-sweep generation total 393216K, used 45864K [0x00000000e8000000, 0x0000000100000000, 0x0000000100000000)
 Metaspace       used 38057K, capacity 39012K, committed 39344K, reserved 1083392K
  class space    used 4501K, capacity 4726K, committed 4784K, reserved 1048576K
2018-03-21T05:51:18.245-0500: 415.136: [GC (Allocation Failure) 2018-03-21T05:51:18.246-0500: 415.136: [ParNew
Desired survivor size 20112992 bytes, new threshold 8 (max 8)
- age   1:    2649744 bytes,    2649744 total
- age   2:     190144 bytes,    2839888 total
- age   4:     148576 bytes,    2988464 total
- age   5:     284624 bytes,    3273088 total
- age   6:     308880 bytes,    3581968 total
- age   7:     194408 bytes,    3776376 total
- age   8:     310856 bytes,    4087232 total
: 97717K->6283K(109248K), 0.0046624 secs] 143581K->52452K(502464K), 0.0047686 secs] [Times: user=0.02 sys=0.01, real=0.01 secs] 
Heap after GC invocations=99 (full 1):
 par new generation   total 109248K, used 6283K [0x00000000e0000000, 0x00000000e8000000, 0x00000000e8000000)
  eden space 87424K,   0% used [0x00000000e0000000, 0x00000000e0000000, 0x00000000e5560000)
  from space 21824K,  28% used [0x00000000e6ab0000, 0x00000000e70d2fe0, 0x00000000e8000000)
  to   space 21824K,   0% used [0x00000000e5560000, 0x00000000e5560000, 0x00000000e6ab0000)
 concurrent mark-sweep generation total 393216K, used 46168K [0x00000000e8000000, 0x0000000100000000, 0x0000000100000000)
 Metaspace       used 38057K, capacity 39012K, committed 39344K, reserved 1083392K
  class space    used 4501K, capacity 4726K, committed 4784K, reserved 1048576K
}
2018-03-21T05:51:18.250-0500: 415.141: Total time for which application threads were stopped: 0.0050238 seconds, Stopping threads took: 0.0000582 seconds
2018-03-21T05:51:18.259-0500: 415.150: Total time for which application threads were stopped: 0.0001160 seconds, Stopping threads took: 0.0000456 seconds
2018-03-21T05:51:18.261-0500: 415.152: Total time for which application threads were stopped: 0.0000995 seconds, Stopping threads took: 0.0000418 seconds
2018-03-21T05:51:18.263-0500: 415.153: Total time for which application threads were stopped: 0.0002107 seconds, Stopping threads took: 0.0000792 seconds
2018-03-21T05:51:18.263-0500: 415.154: Total time for which application threads were stopped: 0.0001425 seconds, Stopping threads took: 0.0000732 seconds
{Heap before GC invocations=99 (full 1):
 par new generation   total 109248K, used 93707K [0x00000000e0000000, 0x00000000e8000000, 0x00000000e8000000)
  eden space 87424K, 100% used [0x00000000e0000000, 0x00000000e5560000, 0x00000000e5560000)
  from space 21824K,  28% used [0x00000000e6ab0000, 0x00000000e70d2fe0, 0x00000000e8000000)
  to   space 21824K,   0% used [0x00000000e5560000, 0x00000000e5560000, 0x00000000e6ab0000)
 concurrent mark-sweep generation total 393216K, used 46168K [0x00000000e8000000, 0x0000000100000000, 0x0000000100000000)
 Metaspace       used 38061K, capacity 39012K, committed 39344K, reserved 1083392K
  class space    used 4501K, capacity 4726K, committed 4784K, reserved 1048576K
2018-03-21T05:51:18.529-0500: 415.419: [GC (Allocation Failure) 2018-03-21T05:51:18.529-0500: 415.419: [ParNew
Desired survivor size 20112992 bytes, new threshold 8 (max 8)
- age   1:    2136416 bytes,    2136416 total
- age   2:    1770208 bytes,    3906624 total
- age   3:     132504 bytes,    4039128 total
- age   5:      92792 bytes,    4131920 total
- age   6:     284408 bytes,    4416328 total
- age   7:     308880 bytes,    4725208 total
- age   8:     191600 bytes,    4916808 total
: 93707K->5624K(109248K), 0.0054052 secs] 139876K->52096K(502464K), 0.0054964 secs] [Times: user=0.02 sys=0.00, real=0.01 secs] 
Heap after GC invocations=100 (full 1):
 par new generation   total 109248K, used 5624K [0x00000000e0000000, 0x00000000e8000000, 0x00000000e8000000)
  eden space 87424K,   0% used [0x00000000e0000000, 0x00000000e0000000, 0x00000000e5560000)
  from space 21824K,  25% used [0x00000000e5560000, 0x00000000e5ade110, 0x00000000e6ab0000)
  to   space 21824K,   0% used [0x00000000e6ab0000, 0x00000000e6ab0000, 0x00000000e8000000)
 concurrent mark-sweep generation total 393216K, used 46472K [0x00000000e8000000, 0x0000000100000000, 0x0000000100000000)
 Metaspace       used 38061K, capacity 39012K, committed 39344K, reserved 1083392K
  class space    used 4501K, capacity 4726K, committed 4784K, reserved 1048576K
}
2018-03-21T05:51:18.534-0500: 415.425: Total time for which application threads were stopped: 0.0057731 seconds, Stopping threads took: 0.0000540 seconds
2018-03-21T05:51:18.666-0500: 415.556: Total time for which application threads were stopped: 0.0001625 seconds, Stopping threads took: 0.0000525 seconds
{Heap before GC invocations=100 (full 1):
 par new generation   total 109248K, used 93048K [0x00000000e0000000, 0x00000000e8000000, 0x00000000e8000000)
  eden space 87424K, 100% used [0x00000000e0000000, 0x00000000e5560000, 0x00000000e5560000)
  from space 21824K,  25% used [0x00000000e5560000, 0x00000000e5ade110, 0x00000000e6ab0000)
  to   space 21824K,   0% used [0x00000000e6ab0000, 0x00000000e6ab0000, 0x00000000e8000000)
 concurrent mark-sweep generation total 393216K, used 46472K [0x00000000e8000000, 0x0000000100000000, 0x0000000100000000)
 Metaspace       used 38063K, capacity 39012K, committed 39344K, reserved 1083392K
  class space    used 4501K, capacity 4726K, committed 4784K, reserved 1048576K
2018-03-21T05:51:18.783-0500: 415.674: [GC (Allocation Failure) 2018-03-21T05:51:18.783-0500: 415.674: [ParNew
Desired survivor size 20112992 bytes, new threshold 8 (max 8)
- age   1:    2361056 bytes,    2361056 total
- age   2:    1465968 bytes,    3827024 total
- age   3:    1769624 bytes,    5596648 total
- age   4:     132504 bytes,    5729152 total
- age   6:      91880 bytes,    5821032 total
- age   7:     284408 bytes,    6105440 total
- age   8:     308880 bytes,    6414320 total
: 93048K->8225K(109248K), 0.0089170 secs] 139520K->54884K(502464K), 0.0090141 secs] [Times: user=0.03 sys=0.01, real=0.01 secs] 
Heap after GC invocations=101 (full 1):
 par new generation   total 109248K, used 8225K [0x00000000e0000000, 0x00000000e8000000, 0x00000000e8000000)
  eden space 87424K,   0% used [0x00000000e0000000, 0x00000000e0000000, 0x00000000e5560000)
  from space 21824K,  37% used [0x00000000e6ab0000, 0x00000000e72b8400, 0x00000000e8000000)
  to   space 21824K,   0% used [0x00000000e5560000, 0x00000000e5560000, 0x00000000e6ab0000)
 concurrent mark-sweep generation total 393216K, used 46659K [0x00000000e8000000, 0x0000000100000000, 0x0000000100000000)
 Metaspace       used 38063K, capacity 39012K, committed 39344K, reserved 1083392K
  class space    used 4501K, capacity 4726K, committed 4784K, reserved 1048576K
}
2018-03-21T05:51:18.792-0500: 415.683: Total time for which application threads were stopped: 0.0092836 seconds, Stopping threads took: 0.0000537 seconds
{Heap before GC invocations=101 (full 1):
 par new generation   total 109248K, used 95649K [0x00000000e0000000, 0x00000000e8000000, 0x00000000e8000000)
  eden space 87424K, 100% used [0x00000000e0000000, 0x00000000e5560000, 0x00000000e5560000)
  from space 21824K,  37% used [0x00000000e6ab0000, 0x00000000e72b8400, 0x00000000e8000000)
  to   space 21824K,   0% used [0x00000000e5560000, 0x00000000e5560000, 0x00000000e6ab0000)
 concurrent mark-sweep generation total 393216K, used 46659K [0x00000000e8000000, 0x0000000100000000, 0x0000000100000000)
 Metaspace       used 38071K, capacity 39012K, committed 39344K, reserved 1083392K
  class space    used 4501K, capacity 4726K, committed 4784K, reserved 1048576K
2018-03-21T05:51:19.189-0500: 416.080: [GC (Allocation Failure) 2018-03-21T05:51:19.189-0500: 416.080: [ParNew
Desired survivor size 20112992 bytes, new threshold 8 (max 8)
- age   1:    3092152 bytes,    3092152 total
- age   2:    1403504 bytes,    4495656 total
- age   3:    1250592 bytes,    5746248 total
- age   4:    1769016 bytes,    7515264 total
- age   5:     132504 bytes,    7647768 total
- age   7:      91576 bytes,    7739344 total
- age   8:     284408 bytes,    8023752 total
: 95649K->10124K(109248K), 0.0060079 secs] 142308K->57086K(502464K), 0.0061174 secs] [Times: user=0.02 sys=0.00, real=0.01 secs] 
Heap after GC invocations=102 (full 1):
 par new generation   total 109248K, used 10124K [0x00000000e0000000, 0x00000000e8000000, 0x00000000e8000000)
  eden space 87424K,   0% used [0x00000000e0000000, 0x00000000e0000000, 0x00000000e5560000)
  from space 21824K,  46% used [0x00000000e5560000, 0x00000000e5f43280, 0x00000000e6ab0000)
  to   space 21824K,   0% used [0x00000000e6ab0000, 0x00000000e6ab0000, 0x00000000e8000000)
 concurrent mark-sweep generation total 393216K, used 46961K [0x00000000e8000000, 0x0000000100000000, 0x0000000100000000)
 Metaspace       used 38071K, capacity 39012K, committed 39344K, reserved 1083392K
  class space    used 4501K, capacity 4726K, committed 4784K, reserved 1048576K
}
2018-03-21T05:51:19.195-0500: 416.086: Total time for which application threads were stopped: 0.0064842 seconds, Stopping threads took: 0.0000285 seconds
2018-03-21T05:51:19.196-0500: 416.086: Total time for which application threads were stopped: 0.0002088 seconds, Stopping threads took: 0.0000335 seconds
2018-03-21T05:51:19.350-0500: 416.240: Total time for which application threads were stopped: 0.0001594 seconds, Stopping threads took: 0.0000591 seconds
2018-03-21T05:51:19.363-0500: 416.254: Total time for which application threads were stopped: 0.0015346 seconds, Stopping threads took: 0.0014396 seconds
2018-03-21T05:51:19.366-0500: 416.257: Total time for which application threads were stopped: 0.0001707 seconds, Stopping threads took: 0.0000695 seconds
2018-03-21T05:51:19.367-0500: 416.257: Total time for which application threads were stopped: 0.0001222 seconds, Stopping threads took: 0.0000428 seconds
2018-03-21T05:51:19.367-0500: 416.257: Total time for which application threads were stopped: 0.0000950 seconds, Stopping threads took: 0.0000385 seconds
2018-03-21T05:51:19.367-0500: 416.257: Total time for which application threads were stopped: 0.0000855 seconds, Stopping threads took: 0.0000278 seconds
2018-03-21T05:51:19.367-0500: 416.258: Total time for which application threads were stopped: 0.0000800 seconds, Stopping threads took: 0.0000304 seconds
2018-03-21T05:51:19.367-0500: 416.258: Total time for which application threads were stopped: 0.0000889 seconds, Stopping threads took: 0.0000346 seconds
2018-03-21T05:51:19.367-0500: 416.258: Total time for which application threads were stopped: 0.0000704 seconds, Stopping threads took: 0.0000167 seconds
2018-03-21T05:51:19.368-0500: 416.258: Total time for which application threads were stopped: 0.0000907 seconds, Stopping threads took: 0.0000293 seconds
{Heap before GC invocations=102 (full 1):
 par new generation   total 109248K, used 97548K [0x00000000e0000000, 0x00000000e8000000, 0x00000000e8000000)
  eden space 87424K, 100% used [0x00000000e0000000, 0x00000000e5560000, 0x00000000e5560000)
  from space 21824K,  46% used [0x00000000e5560000, 0x00000000e5f43280, 0x00000000e6ab0000)
  to   space 21824K,   0% used [0x00000000e6ab0000, 0x00000000e6ab0000, 0x00000000e8000000)
 concurrent mark-sweep generation total 393216K, used 46961K [0x00000000e8000000, 0x0000000100000000, 0x0000000100000000)
 Metaspace       used 38086K, capacity 39040K, committed 39344K, reserved 1083392K
  class space    used 4501K, capacity 4726K, committed 4784K, reserved 1048576K
2018-03-21T05:51:19.404-0500: 416.295: [GC (Allocation Failure) 2018-03-21T05:51:19.404-0500: 416.295: [ParNew
Desired survivor size 20112992 bytes, new threshold 8 (max 8)
- age   1:    2360720 bytes,    2360720 total
- age   2:     250288 bytes,    2611008 total
- age   3:     166488 bytes,    2777496 total
- age   4:     159008 bytes,    2936504 total
- age   5:      14904 bytes,    2951408 total
- age   6:      68400 bytes,    3019808 total
- age   8:      38896 bytes,    3058704 total
: 97548K->8400K(109248K), 0.0053962 secs] 144510K->55639K(502464K), 0.0054984 secs] [Times: user=0.02 sys=0.00, real=0.00 secs] 
Heap after GC invocations=103 (full 1):
 par new generation   total 109248K, used 8400K [0x00000000e0000000, 0x00000000e8000000, 0x00000000e8000000)
  eden space 87424K,   0% used [0x00000000e0000000, 0x00000000e0000000, 0x00000000e5560000)
  from space 21824K,  38% used [0x00000000e6ab0000, 0x00000000e72e42a8, 0x00000000e8000000)
  to   space 21824K,   0% used [0x00000000e5560000, 0x00000000e5560000, 0x00000000e6ab0000)
 concurrent mark-sweep generation total 393216K, used 47239K [0x00000000e8000000, 0x0000000100000000, 0x0000000100000000)
 Metaspace       used 38086K, capacity 39040K, committed 39344K, reserved 1083392K
  class space    used 4501K, capacity 4726K, committed 4784K, reserved 1048576K
}
2018-03-21T05:51:19.410-0500: 416.300: Total time for which application threads were stopped: 0.0057525 seconds, Stopping threads took: 0.0000282 seconds
2018-03-21T05:51:20.284-0500: 417.175: Total time for which application threads were stopped: 0.0002321 seconds, Stopping threads took: 0.0001415 seconds
2018-03-21T05:51:21.284-0500: 418.175: Total time for which application threads were stopped: 0.0001439 seconds, Stopping threads took: 0.0000317 seconds
2018-03-21T05:51:32.919-0500: 429.810: Total time for which application threads were stopped: 0.0001204 seconds, Stopping threads took: 0.0000477 seconds
2018-03-21T05:51:32.925-0500: 429.816: Total time for which application threads were stopped: 0.0001000 seconds, Stopping threads took: 0.0000197 seconds
2018-03-21T05:51:32.927-0500: 429.818: Total time for which application threads were stopped: 0.0000788 seconds, Stopping threads took: 0.0000169 seconds
2018-03-21T05:51:32.928-0500: 429.818: Total time for which application threads were stopped: 0.0000882 seconds, Stopping threads took: 0.0000360 seconds
2018-03-21T05:51:33.079-0500: 429.969: Total time for which application threads were stopped: 0.0001960 seconds, Stopping threads took: 0.0000547 seconds
2018-03-21T05:51:33.079-0500: 429.970: Total time for which application threads were stopped: 0.0003220 seconds, Stopping threads took: 0.0001907 seconds
2018-03-21T05:51:33.080-0500: 429.970: Total time for which application threads were stopped: 0.0001618 seconds, Stopping threads took: 0.0000400 seconds
{Heap before GC invocations=103 (full 1):
 par new generation   total 109248K, used 95824K [0x00000000e0000000, 0x00000000e8000000, 0x00000000e8000000)
  eden space 87424K, 100% used [0x00000000e0000000, 0x00000000e5560000, 0x00000000e5560000)
  from space 21824K,  38% used [0x00000000e6ab0000, 0x00000000e72e42a8, 0x00000000e8000000)
  to   space 21824K,   0% used [0x00000000e5560000, 0x00000000e5560000, 0x00000000e6ab0000)
 concurrent mark-sweep generation total 393216K, used 47239K [0x00000000e8000000, 0x0000000100000000, 0x0000000100000000)
 Metaspace       used 38090K, capacity 39040K, committed 39344K, reserved 1083392K
  class space    used 4501K, capacity 4726K, committed 4784K, reserved 1048576K
2018-03-21T05:51:45.129-0500: 442.019: [GC (Allocation Failure) 2018-03-21T05:51:45.129-0500: 442.019: [ParNew
Desired survivor size 20112992 bytes, new threshold 8 (max 8)
- age   1:    2953888 bytes,    2953888 total
- age   2:     278824 bytes,    3232712 total
- age   3:     250288 bytes,    3483000 total
- age   4:     166488 bytes,    3649488 total
- age   5:     158064 bytes,    3807552 total
- age   6:       2352 bytes,    3809904 total
- age   7:      68024 bytes,    3877928 total
: 95824K->5296K(109248K), 0.0055885 secs] 143063K->52546K(502464K), 0.0056787 secs] [Times: user=0.01 sys=0.00, real=0.01 secs] 
Heap after GC invocations=104 (full 1):
 par new generation   total 109248K, used 5296K [0x00000000e0000000, 0x00000000e8000000, 0x00000000e8000000)
  eden space 87424K,   0% used [0x00000000e0000000, 0x00000000e0000000, 0x00000000e5560000)
  from space 21824K,  24% used [0x00000000e5560000, 0x00000000e5a8c1a0, 0x00000000e6ab0000)
  to   space 21824K,   0% used [0x00000000e6ab0000, 0x00000000e6ab0000, 0x00000000e8000000)
 concurrent mark-sweep generation total 393216K, used 47250K [0x00000000e8000000, 0x0000000100000000, 0x0000000100000000)
 Metaspace       used 38090K, capacity 39040K, committed 39344K, reserved 1083392K
  class space    used 4501K, capacity 4726K, committed 4784K, reserved 1048576K
}
2018-03-21T05:51:45.134-0500: 442.025: Total time for which application threads were stopped: 0.0058467 seconds, Stopping threads took: 0.0000206 seconds
{Heap before GC invocations=104 (full 1):
 par new generation   total 109248K, used 92720K [0x00000000e0000000, 0x00000000e8000000, 0x00000000e8000000)
  eden space 87424K, 100% used [0x00000000e0000000, 0x00000000e5560000, 0x00000000e5560000)
  from space 21824K,  24% used [0x00000000e5560000, 0x00000000e5a8c1a0, 0x00000000e6ab0000)
  to   space 21824K,   0% used [0x00000000e6ab0000, 0x00000000e6ab0000, 0x00000000e8000000)
 concurrent mark-sweep generation total 393216K, used 47250K [0x00000000e8000000, 0x0000000100000000, 0x0000000100000000)
 Metaspace       used 38090K, capacity 39040K, committed 39344K, reserved 1083392K
  class space    used 4501K, capacity 4726K, committed 4784K, reserved 1048576K
2018-03-21T05:51:45.504-0500: 442.395: [GC (Allocation Failure) 2018-03-21T05:51:45.504-0500: 442.395: [ParNew
Desired survivor size 20112992 bytes, new threshold 8 (max 8)
- age   1:    3274608 bytes,    3274608 total
- age   2:    2530944 bytes,    5805552 total
- age   3:     277912 bytes,    6083464 total
- age   4:     250288 bytes,    6333752 total
- age   5:     166488 bytes,    6500240 total
- age   6:     158064 bytes,    6658304 total
- age   7:       2352 bytes,    6660656 total
- age   8:      68024 bytes,    6728680 total
: 92720K->7850K(109248K), 0.0050636 secs] 139970K->55101K(502464K), 0.0051606 secs] [Times: user=0.02 sys=0.00, real=0.00 secs] 
Heap after GC invocations=105 (full 1):
 par new generation   total 109248K, used 7850K [0x00000000e0000000, 0x00000000e8000000, 0x00000000e8000000)
  eden space 87424K,   0% used [0x00000000e0000000, 0x00000000e0000000, 0x00000000e5560000)
  from space 21824K,  35% used [0x00000000e6ab0000, 0x00000000e725ab10, 0x00000000e8000000)
  to   space 21824K,   0% used [0x00000000e5560000, 0x00000000e5560000, 0x00000000e6ab0000)
 concurrent mark-sweep generation total 393216K, used 47250K [0x00000000e8000000, 0x0000000100000000, 0x0000000100000000)
 Metaspace       used 38090K, capacity 39040K, committed 39344K, reserved 1083392K
  class space    used 4501K, capacity 4726K, committed 4784K, reserved 1048576K
}
2018-03-21T05:51:45.509-0500: 442.400: Total time for which application threads were stopped: 0.0053372 seconds, Stopping threads took: 0.0000227 seconds
{Heap before GC invocations=105 (full 1):
 par new generation   total 109248K, used 95274K [0x00000000e0000000, 0x00000000e8000000, 0x00000000e8000000)
  eden space 87424K, 100% used [0x00000000e0000000, 0x00000000e5560000, 0x00000000e5560000)
  from space 21824K,  35% used [0x00000000e6ab0000, 0x00000000e725ab10, 0x00000000e8000000)
  to   space 21824K,   0% used [0x00000000e5560000, 0x00000000e5560000, 0x00000000e6ab0000)
 concurrent mark-sweep generation total 393216K, used 47250K [0x00000000e8000000, 0x0000000100000000, 0x0000000100000000)
 Metaspace       used 38090K, capacity 39040K, committed 39344K, reserved 1083392K
  class space    used 4501K, capacity 4726K, committed 4784K, reserved 1048576K
2018-03-21T05:51:45.864-0500: 442.754: [GC (Allocation Failure) 2018-03-21T05:51:45.864-0500: 442.754: [ParNew
Desired survivor size 20112992 bytes, new threshold 8 (max 8)
- age   1:    4234792 bytes,    4234792 total
- age   2:    2103008 bytes,    6337800 total
- age   3:    2533272 bytes,    8871072 total
- age   4:     277912 bytes,    9148984 total
- age   5:     250288 bytes,    9399272 total
- age   6:     166488 bytes,    9565760 total
- age   7:     158064 bytes,    9723824 total
- age   8:       2352 bytes,    9726176 total
: 95274K->10733K(109248K), 0.0069443 secs] 142525K->58050K(502464K), 0.0070217 secs] [Times: user=0.02 sys=0.00, real=0.01 secs] 
Heap after GC invocations=106 (full 1):
 par new generation   total 109248K, used 10733K [0x00000000e0000000, 0x00000000e8000000, 0x00000000e8000000)
  eden space 87424K,   0% used [0x00000000e0000000, 0x00000000e0000000, 0x00000000e5560000)
  from space 21824K,  49% used [0x00000000e5560000, 0x00000000e5fdb740, 0x00000000e6ab0000)
  to   space 21824K,   0% used [0x00000000e6ab0000, 0x00000000e6ab0000, 0x00000000e8000000)
 concurrent mark-sweep generation total 393216K, used 47316K [0x00000000e8000000, 0x0000000100000000, 0x0000000100000000)
 Metaspace       used 38090K, capacity 39040K, committed 39344K, reserved 1083392K
  class space    used 4501K, capacity 4726K, committed 4784K, reserved 1048576K
}
2018-03-21T05:51:45.871-0500: 442.762: Total time for which application threads were stopped: 0.0071846 seconds, Stopping threads took: 0.0000192 seconds
{Heap before GC invocations=106 (full 1):
 par new generation   total 109248K, used 98157K [0x00000000e0000000, 0x00000000e8000000, 0x00000000e8000000)
  eden space 87424K, 100% used [0x00000000e0000000, 0x00000000e5560000, 0x00000000e5560000)
  from space 21824K,  49% used [0x00000000e5560000, 0x00000000e5fdb740, 0x00000000e6ab0000)
  to   space 21824K,   0% used [0x00000000e6ab0000, 0x00000000e6ab0000, 0x00000000e8000000)
 concurrent mark-sweep generation total 393216K, used 47316K [0x00000000e8000000, 0x0000000100000000, 0x0000000100000000)
 Metaspace       used 38090K, capacity 39040K, committed 39344K, reserved 1083392K
  class space    used 4501K, capacity 4726K, committed 4784K, reserved 1048576K
2018-03-21T05:51:46.077-0500: 442.968: [GC (Allocation Failure) 2018-03-21T05:51:46.077-0500: 442.968: [ParNew
Desired survivor size 20112992 bytes, new threshold 8 (max 8)
- age   1:    3191776 bytes,    3191776 total
- age   2:    2366488 bytes,    5558264 total
- age   3:    1483320 bytes,    7041584 total
- age   4:    1523768 bytes,    8565352 total
- age   5:     277888 bytes,    8843240 total
- age   6:     250288 bytes,    9093528 total
- age   7:     166488 bytes,    9260016 total
- age   8:     158064 bytes,    9418080 total
: 98157K->12624K(109248K), 0.0077703 secs] 145474K->59944K(502464K), 0.0078514 secs] [Times: user=0.03 sys=0.00, real=0.01 secs] 
Heap after GC invocations=107 (full 1):
 par new generation   total 109248K, used 12624K [0x00000000e0000000, 0x00000000e8000000, 0x00000000e8000000)
  eden space 87424K,   0% used [0x00000000e0000000, 0x00000000e0000000, 0x00000000e5560000)
  from space 21824K,  57% used [0x00000000e6ab0000, 0x00000000e7704390, 0x00000000e8000000)
  to   space 21824K,   0% used [0x00000000e5560000, 0x00000000e5560000, 0x00000000e6ab0000)
 concurrent mark-sweep generation total 393216K, used 47319K [0x00000000e8000000, 0x0000000100000000, 0x0000000100000000)
 Metaspace       used 38090K, capacity 39040K, committed 39344K, reserved 1083392K
  class space    used 4501K, capacity 4726K, committed 4784K, reserved 1048576K
}
2018-03-21T05:51:46.085-0500: 442.976: Total time for which application threads were stopped: 0.0080662 seconds, Stopping threads took: 0.0000595 seconds
{Heap before GC invocations=107 (full 1):
 par new generation   total 109248K, used 100048K [0x00000000e0000000, 0x00000000e8000000, 0x00000000e8000000)
  eden space 87424K, 100% used [0x00000000e0000000, 0x00000000e5560000, 0x00000000e5560000)
  from space 21824K,  57% used [0x00000000e6ab0000, 0x00000000e7704390, 0x00000000e8000000)
  to   space 21824K,   0% used [0x00000000e5560000, 0x00000000e5560000, 0x00000000e6ab0000)
 concurrent mark-sweep generation total 393216K, used 47319K [0x00000000e8000000, 0x0000000100000000, 0x0000000100000000)
 Metaspace       used 38093K, capacity 39040K, committed 39344K, reserved 1083392K
  class space    used 4501K, capacity 4726K, committed 4784K, reserved 1048576K
2018-03-21T05:51:46.401-0500: 443.292: [GC (Allocation Failure) 2018-03-21T05:51:46.401-0500: 443.292: [ParNew
Desired survivor size 20112992 bytes, new threshold 8 (max 8)
- age   1:    3073472 bytes,    3073472 total
- age   2:    1618976 bytes,    4692448 total
- age   3:     317392 bytes,    5009840 total
- age   4:     309920 bytes,    5319760 total
- age   5:     884080 bytes,    6203840 total
- age   6:     277856 bytes,    6481696 total
- age   7:     250288 bytes,    6731984 total
- age   8:     166488 bytes,    6898472 total
: 100048K->9718K(109248K), 0.0069897 secs] 147368K->57191K(502464K), 0.0070864 secs] [Times: user=0.02 sys=0.01, real=0.00 secs] 
Heap after GC invocations=108 (full 1):
 par new generation   total 109248K, used 9718K [0x00000000e0000000, 0x00000000e8000000, 0x00000000e8000000)
  eden space 87424K,   0% used [0x00000000e0000000, 0x00000000e0000000, 0x00000000e5560000)
  from space 21824K,  44% used [0x00000000e5560000, 0x00000000e5edd818, 0x00000000e6ab0000)
  to   space 21824K,   0% used [0x00000000e6ab0000, 0x00000000e6ab0000, 0x00000000e8000000)
 concurrent mark-sweep generation total 393216K, used 47473K [0x00000000e8000000, 0x0000000100000000, 0x0000000100000000)
 Metaspace       used 38093K, capacity 39040K, committed 39344K, reserved 1083392K
  class space    used 4501K, capacity 4726K, committed 4784K, reserved 1048576K
}
2018-03-21T05:51:46.408-0500: 443.299: Total time for which application threads were stopped: 0.0072623 seconds, Stopping threads took: 0.0000221 seconds
{Heap before GC invocations=108 (full 1):
 par new generation   total 109248K, used 97142K [0x00000000e0000000, 0x00000000e8000000, 0x00000000e8000000)
  eden space 87424K, 100% used [0x00000000e0000000, 0x00000000e5560000, 0x00000000e5560000)
  from space 21824K,  44% used [0x00000000e5560000, 0x00000000e5edd818, 0x00000000e6ab0000)
  to   space 21824K,   0% used [0x00000000e6ab0000, 0x00000000e6ab0000, 0x00000000e8000000)
 concurrent mark-sweep generation total 393216K, used 47473K [0x00000000e8000000, 0x0000000100000000, 0x0000000100000000)
 Metaspace       used 38093K, capacity 39040K, committed 39344K, reserved 1083392K
  class space    used 4501K, capacity 4726K, committed 4784K, reserved 1048576K
2018-03-21T05:51:46.761-0500: 443.651: [GC (Allocation Failure) 2018-03-21T05:51:46.761-0500: 443.651: [ParNew
Desired survivor size 20112992 bytes, new threshold 8 (max 8)
- age   1:    4166616 bytes,    4166616 total
- age   2:    1968136 bytes,    6134752 total
- age   3:    1619456 bytes,    7754208 total
- age   4:     317392 bytes,    8071600 total
- age   5:     309920 bytes,    8381520 total
- age   6:     883168 bytes,    9264688 total
- age   7:     277856 bytes,    9542544 total
- age   8:     250288 bytes,    9792832 total
: 97142K->10765K(109248K), 0.0063431 secs] 144615K->58401K(502464K), 0.0064179 secs] [Times: user=0.02 sys=0.00, real=0.00 secs] 
Heap after GC invocations=109 (full 1):
 par new generation   total 109248K, used 10765K [0x00000000e0000000, 0x00000000e8000000, 0x00000000e8000000)
  eden space 87424K,   0% used [0x00000000e0000000, 0x00000000e0000000, 0x00000000e5560000)
  from space 21824K,  49% used [0x00000000e6ab0000, 0x00000000e7533488, 0x00000000e8000000)
  to   space 21824K,   0% used [0x00000000e5560000, 0x00000000e5560000, 0x00000000e6ab0000)
 concurrent mark-sweep generation total 393216K, used 47636K [0x00000000e8000000, 0x0000000100000000, 0x0000000100000000)
 Metaspace       used 38093K, capacity 39040K, committed 39344K, reserved 1083392K
  class space    used 4501K, capacity 4726K, committed 4784K, reserved 1048576K
}
2018-03-21T05:51:46.767-0500: 443.658: Total time for which application threads were stopped: 0.0065881 seconds, Stopping threads took: 0.0000207 seconds
2018-03-21T05:51:47.092-0500: 443.982: Total time for which application threads were stopped: 0.0001365 seconds, Stopping threads took: 0.0000385 seconds
2018-03-21T05:51:47.092-0500: 443.983: Total time for which application threads were stopped: 0.0000739 seconds, Stopping threads took: 0.0000120 seconds
2018-03-21T05:51:59.973-0500: 456.863: Total time for which application threads were stopped: 0.0004104 seconds, Stopping threads took: 0.0002411 seconds
2018-03-21T05:51:59.983-0500: 456.874: Total time for which application threads were stopped: 0.0002980 seconds, Stopping threads took: 0.0000731 seconds
2018-03-21T05:51:59.985-0500: 456.876: Total time for which application threads were stopped: 0.0002859 seconds, Stopping threads took: 0.0001208 seconds
2018-03-21T05:52:00.087-0500: 456.977: Total time for which application threads were stopped: 0.0001553 seconds, Stopping threads took: 0.0000499 seconds
2018-03-21T05:52:00.087-0500: 456.977: Total time for which application threads were stopped: 0.0000974 seconds, Stopping threads took: 0.0000321 seconds
2018-03-21T05:52:00.087-0500: 456.978: Total time for which application threads were stopped: 0.0001867 seconds, Stopping threads took: 0.0001160 seconds
2018-03-21T05:52:00.087-0500: 456.978: Total time for which application threads were stopped: 0.0001104 seconds, Stopping threads took: 0.0000605 seconds
2018-03-21T05:52:17.564-0500: 474.454: Total time for which application threads were stopped: 0.0058071 seconds, Stopping threads took: 0.0055861 seconds
2018-03-21T05:52:17.578-0500: 474.468: Total time for which application threads were stopped: 0.0123133 seconds, Stopping threads took: 0.0122015 seconds
2018-03-21T05:52:17.582-0500: 474.473: Total time for which application threads were stopped: 0.0001311 seconds, Stopping threads took: 0.0000484 seconds
2018-03-21T05:52:18.584-0500: 475.474: Total time for which application threads were stopped: 0.0001798 seconds, Stopping threads took: 0.0000397 seconds
2018-03-21T05:52:23.430-0500: 480.320: Total time for which application threads were stopped: 0.0001277 seconds, Stopping threads took: 0.0000440 seconds
2018-03-21T05:52:23.430-0500: 480.320: Total time for which application threads were stopped: 0.0001293 seconds, Stopping threads took: 0.0000620 seconds
2018-03-21T05:52:23.430-0500: 480.321: Total time for which application threads were stopped: 0.0000869 seconds, Stopping threads took: 0.0000168 seconds
2018-03-21T05:52:23.435-0500: 480.325: Total time for which application threads were stopped: 0.0007152 seconds, Stopping threads took: 0.0006133 seconds
2018-03-21T05:52:23.435-0500: 480.325: Total time for which application threads were stopped: 0.0000791 seconds, Stopping threads took: 0.0000184 seconds
2018-03-21T05:52:23.436-0500: 480.327: Total time for which application threads were stopped: 0.0006023 seconds, Stopping threads took: 0.0005057 seconds
2018-03-21T05:52:23.437-0500: 480.327: Total time for which application threads were stopped: 0.0000778 seconds, Stopping threads took: 0.0000322 seconds
2018-03-21T05:52:23.437-0500: 480.327: Total time for which application threads were stopped: 0.0000796 seconds, Stopping threads took: 0.0000397 seconds
2018-03-21T05:52:23.437-0500: 480.327: Total time for which application threads were stopped: 0.0000839 seconds, Stopping threads took: 0.0000414 seconds
2018-03-21T05:52:23.437-0500: 480.327: Total time for which application threads were stopped: 0.0000505 seconds, Stopping threads took: 0.0000125 seconds
2018-03-21T05:52:23.437-0500: 480.328: Total time for which application threads were stopped: 0.0000494 seconds, Stopping threads took: 0.0000120 seconds
2018-03-21T05:52:23.437-0500: 480.328: Total time for which application threads were stopped: 0.0000776 seconds, Stopping threads took: 0.0000119 seconds
2018-03-21T05:52:23.437-0500: 480.328: Total time for which application threads were stopped: 0.0000686 seconds, Stopping threads took: 0.0000317 seconds
2018-03-21T05:52:23.439-0500: 480.329: Total time for which application threads were stopped: 0.0001189 seconds, Stopping threads took: 0.0000347 seconds
2018-03-21T05:52:23.439-0500: 480.329: Total time for which application threads were stopped: 0.0001122 seconds, Stopping threads took: 0.0000367 seconds
2018-03-21T05:52:23.441-0500: 480.332: Total time for which application threads were stopped: 0.0001651 seconds, Stopping threads took: 0.0000294 seconds
2018-03-21T05:52:23.442-0500: 480.332: Total time for which application threads were stopped: 0.0000944 seconds, Stopping threads took: 0.0000153 seconds
2018-03-21T05:52:23.446-0500: 480.337: Total time for which application threads were stopped: 0.0001347 seconds, Stopping threads took: 0.0000447 seconds
2018-03-21T05:52:23.447-0500: 480.337: Total time for which application threads were stopped: 0.0000722 seconds, Stopping threads took: 0.0000157 seconds
2018-03-21T05:52:23.489-0500: 480.379: Total time for which application threads were stopped: 0.0001098 seconds, Stopping threads took: 0.0000210 seconds
2018-03-21T05:52:24.489-0500: 481.379: Total time for which application threads were stopped: 0.0002438 seconds, Stopping threads took: 0.0000513 seconds
2018-03-21T05:52:33.490-0500: 490.381: Total time for which application threads were stopped: 0.0002447 seconds, Stopping threads took: 0.0000510 seconds
2018-03-21T05:52:50.442-0500: 507.332: Total time for which application threads were stopped: 0.0008020 seconds, Stopping threads took: 0.0000321 seconds
2018-03-21T05:52:50.497-0500: 507.387: Total time for which application threads were stopped: 0.0008928 seconds, Stopping threads took: 0.0000595 seconds
2018-03-21T05:52:51.497-0500: 508.387: Total time for which application threads were stopped: 0.0002320 seconds, Stopping threads took: 0.0000557 seconds
2018-03-21T05:52:52.102-0500: 508.993: Total time for which application threads were stopped: 0.0002158 seconds, Stopping threads took: 0.0000730 seconds
2018-03-21T05:52:52.102-0500: 508.993: Total time for which application threads were stopped: 0.0000906 seconds, Stopping threads took: 0.0000116 seconds
2018-03-21T05:52:52.105-0500: 508.996: Total time for which application threads were stopped: 0.0003398 seconds, Stopping threads took: 0.0000503 seconds
2018-03-21T05:52:52.105-0500: 508.996: Total time for which application threads were stopped: 0.0002660 seconds, Stopping threads took: 0.0000203 seconds
2018-03-21T05:52:52.106-0500: 508.996: Total time for which application threads were stopped: 0.0002302 seconds, Stopping threads took: 0.0000173 seconds
2018-03-21T05:52:53.106-0500: 509.997: Total time for which application threads were stopped: 0.0002792 seconds, Stopping threads took: 0.0000540 seconds
{Heap before GC invocations=109 (full 1):
 par new generation   total 109248K, used 98189K [0x00000000e0000000, 0x00000000e8000000, 0x00000000e8000000)
  eden space 87424K, 100% used [0x00000000e0000000, 0x00000000e5560000, 0x00000000e5560000)
  from space 21824K,  49% used [0x00000000e6ab0000, 0x00000000e7533488, 0x00000000e8000000)
  to   space 21824K,   0% used [0x00000000e5560000, 0x00000000e5560000, 0x00000000e6ab0000)
 concurrent mark-sweep generation total 393216K, used 47636K [0x00000000e8000000, 0x0000000100000000, 0x0000000100000000)
 Metaspace       used 38474K, capacity 39486K, committed 39728K, reserved 1083392K
  class space    used 4542K, capacity 4789K, committed 4912K, reserved 1048576K
2018-03-21T05:53:13.735-0500: 530.625: [GC (Allocation Failure) 2018-03-21T05:53:13.735-0500: 530.625: [ParNew
Desired survivor size 20112992 bytes, new threshold 8 (max 8)
- age   1:    1013944 bytes,    1013944 total
- age   2:     302832 bytes,    1316776 total
- age   3:     328952 bytes,    1645728 total
- age   4:     172440 bytes,    1818168 total
- age   5:     317392 bytes,    2135560 total
- age   6:     309920 bytes,    2445480 total
- age   7:     222488 bytes,    2667968 total
- age   8:     116648 bytes,    2784616 total
: 98189K->10173K(109248K), 0.0102180 secs] 145825K->58054K(502464K), 0.0102953 secs] [Times: user=0.04 sys=0.00, real=0.01 secs] 
Heap after GC invocations=110 (full 1):
 par new generation   total 109248K, used 10173K [0x00000000e0000000, 0x00000000e8000000, 0x00000000e8000000)
  eden space 87424K,   0% used [0x00000000e0000000, 0x00000000e0000000, 0x00000000e5560000)
  from space 21824K,  46% used [0x00000000e5560000, 0x00000000e5f4f4f8, 0x00000000e6ab0000)
  to   space 21824K,   0% used [0x00000000e6ab0000, 0x00000000e6ab0000, 0x00000000e8000000)
 concurrent mark-sweep generation total 393216K, used 47880K [0x00000000e8000000, 0x0000000100000000, 0x0000000100000000)
 Metaspace       used 38474K, capacity 39486K, committed 39728K, reserved 1083392K
  class space    used 4542K, capacity 4789K, committed 4912K, reserved 1048576K
}
2018-03-21T05:53:13.745-0500: 530.636: Total time for which application threads were stopped: 0.0106388 seconds, Stopping threads took: 0.0000832 seconds
2018-03-21T05:53:14.746-0500: 531.637: Total time for which application threads were stopped: 0.0002475 seconds, Stopping threads took: 0.0000533 seconds
2018-03-21T05:53:15.747-0500: 532.637: Total time for which application threads were stopped: 0.0002957 seconds, Stopping threads took: 0.0000561 seconds
2018-03-21T05:53:17.304-0500: 534.195: Total time for which application threads were stopped: 0.0001755 seconds, Stopping threads took: 0.0000455 seconds
2018-03-21T05:53:17.304-0500: 534.195: Total time for which application threads were stopped: 0.0000665 seconds, Stopping threads took: 0.0000146 seconds
2018-03-21T05:53:17.308-0500: 534.198: Total time for which application threads were stopped: 0.0005751 seconds, Stopping threads took: 0.0003788 seconds
2018-03-21T05:53:17.308-0500: 534.199: Total time for which application threads were stopped: 0.0004102 seconds, Stopping threads took: 0.0002571 seconds
2018-03-21T05:53:18.309-0500: 535.199: Total time for which application threads were stopped: 0.0002223 seconds, Stopping threads took: 0.0000596 seconds
{Heap before GC invocations=110 (full 1):
 par new generation   total 109248K, used 97597K [0x00000000e0000000, 0x00000000e8000000, 0x00000000e8000000)
  eden space 87424K, 100% used [0x00000000e0000000, 0x00000000e5560000, 0x00000000e5560000)
  from space 21824K,  46% used [0x00000000e5560000, 0x00000000e5f4f4f8, 0x00000000e6ab0000)
  to   space 21824K,   0% used [0x00000000e6ab0000, 0x00000000e6ab0000, 0x00000000e8000000)
 concurrent mark-sweep generation total 393216K, used 47880K [0x00000000e8000000, 0x0000000100000000, 0x0000000100000000)
 Metaspace       used 38501K, capacity 39486K, committed 39728K, reserved 1083392K
  class space    used 4542K, capacity 4789K, committed 4912K, reserved 1048576K
2018-03-21T05:53:22.300-0500: 539.190: [GC (Allocation Failure) 2018-03-21T05:53:22.300-0500: 539.190: [ParNew
Desired survivor size 20112992 bytes, new threshold 8 (max 8)
- age   1:    5880968 bytes,    5880968 total
- age   2:     632760 bytes,    6513728 total
- age   3:     302832 bytes,    6816560 total
- age   4:     328008 bytes,    7144568 total
- age   5:     172392 bytes,    7316960 total
- age   6:     317392 bytes,    7634352 total
- age   7:     309920 bytes,    7944272 total
- age   8:     222216 bytes,    8166488 total
: 97597K->8904K(109248K), 0.0072316 secs] 145478K->56899K(502464K), 0.0073456 secs] [Times: user=0.01 sys=0.01, real=0.00 secs] 
Heap after GC invocations=111 (full 1):
 par new generation   total 109248K, used 8904K [0x00000000e0000000, 0x00000000e8000000, 0x00000000e8000000)
  eden space 87424K,   0% used [0x00000000e0000000, 0x00000000e0000000, 0x00000000e5560000)
  from space 21824K,  40% used [0x00000000e6ab0000, 0x00000000e7362270, 0x00000000e8000000)
  to   space 21824K,   0% used [0x00000000e5560000, 0x00000000e5560000, 0x00000000e6ab0000)
 concurrent mark-sweep generation total 393216K, used 47995K [0x00000000e8000000, 0x0000000100000000, 0x0000000100000000)
 Metaspace       used 38501K, capacity 39486K, committed 39728K, reserved 1083392K
  class space    used 4542K, capacity 4789K, committed 4912K, reserved 1048576K
}
2018-03-21T05:53:22.307-0500: 539.197: Total time for which application threads were stopped: 0.0076069 seconds, Stopping threads took: 0.0000306 seconds
{Heap before GC invocations=111 (full 1):
 par new generation   total 109248K, used 96328K [0x00000000e0000000, 0x00000000e8000000, 0x00000000e8000000)
  eden space 87424K, 100% used [0x00000000e0000000, 0x00000000e5560000, 0x00000000e5560000)
  from space 21824K,  40% used [0x00000000e6ab0000, 0x00000000e7362270, 0x00000000e8000000)
  to   space 21824K,   0% used [0x00000000e5560000, 0x00000000e5560000, 0x00000000e6ab0000)
 concurrent mark-sweep generation total 393216K, used 47995K [0x00000000e8000000, 0x0000000100000000, 0x0000000100000000)
 Metaspace       used 38501K, capacity 39486K, committed 39728K, reserved 1083392K
  class space    used 4542K, capacity 4789K, committed 4912K, reserved 1048576K
2018-03-21T05:53:22.670-0500: 539.560: [GC (Allocation Failure) 2018-03-21T05:53:22.670-0500: 539.560: [ParNew
Desired survivor size 20112992 bytes, new threshold 8 (max 8)
- age   1:    6513448 bytes,    6513448 total
- age   2:    4570640 bytes,   11084088 total
- age   3:     632760 bytes,   11716848 total
- age   4:     302832 bytes,   12019680 total
- age   5:     328008 bytes,   12347688 total
- age   6:     172392 bytes,   12520080 total
- age   7:     317392 bytes,   12837472 total
- age   8:     309920 bytes,   13147392 total
: 96328K->16437K(109248K), 0.0087533 secs] 144323K->64648K(502464K), 0.0088465 secs] [Times: user=0.03 sys=0.00, real=0.02 secs] 
Heap after GC invocations=112 (full 1):
 par new generation   total 109248K, used 16437K [0x00000000e0000000, 0x00000000e8000000, 0x00000000e8000000)
  eden space 87424K,   0% used [0x00000000e0000000, 0x00000000e0000000, 0x00000000e5560000)
  from space 21824K,  75% used [0x00000000e5560000, 0x00000000e656d5b0, 0x00000000e6ab0000)
  to   space 21824K,   0% used [0x00000000e6ab0000, 0x00000000e6ab0000, 0x00000000e8000000)
 concurrent mark-sweep generation total 393216K, used 48211K [0x00000000e8000000, 0x0000000100000000, 0x0000000100000000)
 Metaspace       used 38501K, capacity 39486K, committed 39728K, reserved 1083392K
  class space    used 4542K, capacity 4789K, committed 4912K, reserved 1048576K
}
2018-03-21T05:53:22.679-0500: 539.569: Total time for which application threads were stopped: 0.0090188 seconds, Stopping threads took: 0.0000217 seconds
{Heap before GC invocations=112 (full 1):
 par new generation   total 109248K, used 103846K [0x00000000e0000000, 0x00000000e8000000, 0x00000000e8000000)
  eden space 87424K,  99% used [0x00000000e0000000, 0x00000000e555c528, 0x00000000e5560000)
  from space 21824K,  75% used [0x00000000e5560000, 0x00000000e656d5b0, 0x00000000e6ab0000)
  to   space 21824K,   0% used [0x00000000e6ab0000, 0x00000000e6ab0000, 0x00000000e8000000)
 concurrent mark-sweep generation total 393216K, used 48211K [0x00000000e8000000, 0x0000000100000000, 0x0000000100000000)
 Metaspace       used 38502K, capacity 39486K, committed 39728K, reserved 1083392K
  class space    used 4542K, capacity 4789K, committed 4912K, reserved 1048576K
2018-03-21T05:53:22.997-0500: 539.887: [GC (Allocation Failure) 2018-03-21T05:53:22.997-0500: 539.887: [ParNew
Desired survivor size 20112992 bytes, new threshold 8 (max 8)
- age   1:    7590392 bytes,    7590392 total
- age   2:    3699856 bytes,   11290248 total
- age   3:    3618576 bytes,   14908824 total
- age   4:     632568 bytes,   15541392 total
- age   5:     302832 bytes,   15844224 total
- age   6:     328008 bytes,   16172232 total
- age   7:     172368 bytes,   16344600 total
- age   8:     317392 bytes,   16661992 total
: 103846K->21824K(109248K), 0.0087330 secs] 152057K->70337K(502464K), 0.0088083 secs] [Times: user=0.03 sys=0.00, real=0.01 secs] 
Heap after GC invocations=113 (full 1):
 par new generation   total 109248K, used 21824K [0x00000000e0000000, 0x00000000e8000000, 0x00000000e8000000)
  eden space 87424K,   0% used [0x00000000e0000000, 0x00000000e0000000, 0x00000000e5560000)
  from space 21824K, 100% used [0x00000000e6ab0000, 0x00000000e8000000, 0x00000000e8000000)
  to   space 21824K,   0% used [0x00000000e5560000, 0x00000000e5560000, 0x00000000e6ab0000)
 concurrent mark-sweep generation total 393216K, used 48513K [0x00000000e8000000, 0x0000000100000000, 0x0000000100000000)
 Metaspace       used 38502K, capacity 39486K, committed 39728K, reserved 1083392K
  class space    used 4542K, capacity 4789K, committed 4912K, reserved 1048576K
}
2018-03-21T05:53:23.006-0500: 539.896: Total time for which application threads were stopped: 0.0090150 seconds, Stopping threads took: 0.0000562 seconds
{Heap before GC invocations=113 (full 1):
 par new generation   total 109248K, used 109248K [0x00000000e0000000, 0x00000000e8000000, 0x00000000e8000000)
  eden space 87424K, 100% used [0x00000000e0000000, 0x00000000e5560000, 0x00000000e5560000)
  from space 21824K, 100% used [0x00000000e6ab0000, 0x00000000e8000000, 0x00000000e8000000)
  to   space 21824K,   0% used [0x00000000e5560000, 0x00000000e5560000, 0x00000000e6ab0000)
 concurrent mark-sweep generation total 393216K, used 48513K [0x00000000e8000000, 0x0000000100000000, 0x0000000100000000)
 Metaspace       used 38502K, capacity 39486K, committed 39728K, reserved 1083392K
  class space    used 4542K, capacity 4789K, committed 4912K, reserved 1048576K
2018-03-21T05:53:23.184-0500: 540.074: [GC (Allocation Failure) 2018-03-21T05:53:23.184-0500: 540.075: [ParNew
Desired survivor size 20112992 bytes, new threshold 8 (max 8)
- age   1:    2626336 bytes,    2626336 total
- age   2:    6234832 bytes,    8861168 total
- age   3:    3040640 bytes,   11901808 total
- age   4:    2791624 bytes,   14693432 total
- age   5:     632568 bytes,   15326000 total
- age   6:     302832 bytes,   15628832 total
- age   7:     328008 bytes,   15956840 total
- age   8:     172368 bytes,   16129208 total
: 109248K->20070K(109248K), 0.0110217 secs] 157761K->68893K(502464K), 0.0111034 secs] [Times: user=0.04 sys=0.00, real=0.01 secs] 
Heap after GC invocations=114 (full 1):
 par new generation   total 109248K, used 20070K [0x00000000e0000000, 0x00000000e8000000, 0x00000000e8000000)
  eden space 87424K,   0% used [0x00000000e0000000, 0x00000000e0000000, 0x00000000e5560000)
  from space 21824K,  91% used [0x00000000e5560000, 0x00000000e68f98d8, 0x00000000e6ab0000)
  to   space 21824K,   0% used [0x00000000e6ab0000, 0x00000000e6ab0000, 0x00000000e8000000)
 concurrent mark-sweep generation total 393216K, used 48823K [0x00000000e8000000, 0x0000000100000000, 0x0000000100000000)
 Metaspace       used 38502K, capacity 39486K, committed 39728K, reserved 1083392K
  class space    used 4542K, capacity 4789K, committed 4912K, reserved 1048576K
}
2018-03-21T05:53:23.195-0500: 540.086: Total time for which application threads were stopped: 0.0113139 seconds, Stopping threads took: 0.0000486 seconds
{Heap before GC invocations=114 (full 1):
 par new generation   total 109248K, used 107494K [0x00000000e0000000, 0x00000000e8000000, 0x00000000e8000000)
  eden space 87424K, 100% used [0x00000000e0000000, 0x00000000e5560000, 0x00000000e5560000)
  from space 21824K,  91% used [0x00000000e5560000, 0x00000000e68f98d8, 0x00000000e6ab0000)
  to   space 21824K,   0% used [0x00000000e6ab0000, 0x00000000e6ab0000, 0x00000000e8000000)
 concurrent mark-sweep generation total 393216K, used 48823K [0x00000000e8000000, 0x0000000100000000, 0x0000000100000000)
 Metaspace       used 38504K, capacity 39486K, committed 39728K, reserved 1083392K
  class space    used 4542K, capacity 4789K, committed 4912K, reserved 1048576K
2018-03-21T05:53:23.586-0500: 540.476: [GC (Allocation Failure) 2018-03-21T05:53:23.586-0500: 540.476: [ParNew
Desired survivor size 20112992 bytes, new threshold 8 (max 8)
- age   1:    6241840 bytes,    6241840 total
- age   2:    1432144 bytes,    7673984 total
- age   3:    1955600 bytes,    9629584 total
- age   4:     591760 bytes,   10221344 total
- age   5:     832136 bytes,   11053480 total
- age   6:     571240 bytes,   11624720 total
- age   7:     302832 bytes,   11927552 total
- age   8:     327976 bytes,   12255528 total
: 107494K->17554K(109248K), 0.0127868 secs] 156317K->66546K(502464K), 0.0128815 secs] [Times: user=0.04 sys=0.00, real=0.02 secs] 
Heap after GC invocations=115 (full 1):
 par new generation   total 109248K, used 17554K [0x00000000e0000000, 0x00000000e8000000, 0x00000000e8000000)
  eden space 87424K,   0% used [0x00000000e0000000, 0x00000000e0000000, 0x00000000e5560000)
  from space 21824K,  80% used [0x00000000e6ab0000, 0x00000000e7bd4930, 0x00000000e8000000)
  to   space 21824K,   0% used [0x00000000e5560000, 0x00000000e5560000, 0x00000000e6ab0000)
 concurrent mark-sweep generation total 393216K, used 48992K [0x00000000e8000000, 0x0000000100000000, 0x0000000100000000)
 Metaspace       used 38504K, capacity 39486K, committed 39728K, reserved 1083392K
  class space    used 4542K, capacity 4789K, committed 4912K, reserved 1048576K
}
2018-03-21T05:53:23.598-0500: 540.489: Total time for which application threads were stopped: 0.0130807 seconds, Stopping threads took: 0.0000226 seconds
{Heap before GC invocations=115 (full 1):
 par new generation   total 109248K, used 104964K [0x00000000e0000000, 0x00000000e8000000, 0x00000000e8000000)
  eden space 87424K,  99% used [0x00000000e0000000, 0x00000000e555c7f8, 0x00000000e5560000)
  from space 21824K,  80% used [0x00000000e6ab0000, 0x00000000e7bd4930, 0x00000000e8000000)
  to   space 21824K,   0% used [0x00000000e5560000, 0x00000000e5560000, 0x00000000e6ab0000)
 concurrent mark-sweep generation total 393216K, used 48992K [0x00000000e8000000, 0x0000000100000000, 0x0000000100000000)
 Metaspace       used 38505K, capacity 39486K, committed 39728K, reserved 1083392K
  class space    used 4542K, capacity 4789K, committed 4912K, reserved 1048576K
2018-03-21T05:53:23.954-0500: 540.845: [GC (Allocation Failure) 2018-03-21T05:53:23.954-0500: 540.845: [ParNew
Desired survivor size 20112992 bytes, new threshold 8 (max 8)
- age   1:    8629096 bytes,    8629096 total
- age   2:    3693392 bytes,   12322488 total
- age   3:    1364032 bytes,   13686520 total
- age   4:    1814232 bytes,   15500752 total
- age   5:     591760 bytes,   16092512 total
- age   6:     832104 bytes,   16924616 total
- age   7:     570392 bytes,   17495008 total
- age   8:     302832 bytes,   17797840 total
: 104964K->21824K(109248K), 0.0102945 secs] 153956K->71136K(502464K), 0.0103765 secs] [Times: user=0.04 sys=0.00, real=0.01 secs] 
Heap after GC invocations=116 (full 1):
 par new generation   total 109248K, used 21824K [0x00000000e0000000, 0x00000000e8000000, 0x00000000e8000000)
  eden space 87424K,   0% used [0x00000000e0000000, 0x00000000e0000000, 0x00000000e5560000)
  from space 21824K, 100% used [0x00000000e5560000, 0x00000000e6ab0000, 0x00000000e6ab0000)
  to   space 21824K,   0% used [0x00000000e6ab0000, 0x00000000e6ab0000, 0x00000000e8000000)
 concurrent mark-sweep generation total 393216K, used 49312K [0x00000000e8000000, 0x0000000100000000, 0x0000000100000000)
 Metaspace       used 38505K, capacity 39486K, committed 39728K, reserved 1083392K
  class space    used 4542K, capacity 4789K, committed 4912K, reserved 1048576K
}
2018-03-21T05:53:23.965-0500: 540.855: Total time for which application threads were stopped: 0.0106039 seconds, Stopping threads took: 0.0000559 seconds
{Heap before GC invocations=116 (full 1):
 par new generation   total 109248K, used 109248K [0x00000000e0000000, 0x00000000e8000000, 0x00000000e8000000)
  eden space 87424K, 100% used [0x00000000e0000000, 0x00000000e5560000, 0x00000000e5560000)
  from space 21824K, 100% used [0x00000000e5560000, 0x00000000e6ab0000, 0x00000000e6ab0000)
  to   space 21824K,   0% used [0x00000000e6ab0000, 0x00000000e6ab0000, 0x00000000e8000000)
 concurrent mark-sweep generation total 393216K, used 49312K [0x00000000e8000000, 0x0000000100000000, 0x0000000100000000)
 Metaspace       used 38505K, capacity 39486K, committed 39728K, reserved 1083392K
  class space    used 4542K, capacity 4789K, committed 4912K, reserved 1048576K
2018-03-21T05:53:24.116-0500: 541.007: [GC (Allocation Failure) 2018-03-21T05:53:24.116-0500: 541.007: [ParNew
Desired survivor size 20112992 bytes, new threshold 8 (max 8)
- age   1:    2388616 bytes,    2388616 total
- age   2:    6569512 bytes,    8958128 total
- age   3:    2690712 bytes,   11648840 total
- age   4:    1042048 bytes,   12690888 total
- age   5:    1003024 bytes,   13693912 total
- age   6:     591760 bytes,   14285672 total
- age   7:     832104 bytes,   15117776 total
- age   8:     570328 bytes,   15688104 total
: 109248K->21824K(109248K), 0.0094638 secs] 158560K->71590K(502464K), 0.0095369 secs] [Times: user=0.04 sys=0.00, real=0.01 secs] 
Heap after GC invocations=117 (full 1):
 par new generation   total 109248K, used 21824K [0x00000000e0000000, 0x00000000e8000000, 0x00000000e8000000)
  eden space 87424K,   0% used [0x00000000e0000000, 0x00000000e0000000, 0x00000000e5560000)
  from space 21824K, 100% used [0x00000000e6ab0000, 0x00000000e8000000, 0x00000000e8000000)
  to   space 21824K,   0% used [0x00000000e5560000, 0x00000000e5560000, 0x00000000e6ab0000)
 concurrent mark-sweep generation total 393216K, used 49766K [0x00000000e8000000, 0x0000000100000000, 0x0000000100000000)
 Metaspace       used 38505K, capacity 39486K, committed 39728K, reserved 1083392K
  class space    used 4542K, capacity 4789K, committed 4912K, reserved 1048576K
}
2018-03-21T05:53:24.126-0500: 541.016: Total time for which application threads were stopped: 0.0097472 seconds, Stopping threads took: 0.0000455 seconds
2018-03-21T05:53:24.167-0500: 541.057: Total time for which application threads were stopped: 0.0001426 seconds, Stopping threads took: 0.0000608 seconds
2018-03-21T05:53:24.167-0500: 541.057: Total time for which application threads were stopped: 0.0001212 seconds, Stopping threads took: 0.0000409 seconds
{Heap before GC invocations=117 (full 1):
 par new generation   total 109248K, used 109248K [0x00000000e0000000, 0x00000000e8000000, 0x00000000e8000000)
  eden space 87424K, 100% used [0x00000000e0000000, 0x00000000e5560000, 0x00000000e5560000)
  from space 21824K, 100% used [0x00000000e6ab0000, 0x00000000e8000000, 0x00000000e8000000)
  to   space 21824K,   0% used [0x00000000e5560000, 0x00000000e5560000, 0x00000000e6ab0000)
 concurrent mark-sweep generation total 393216K, used 49766K [0x00000000e8000000, 0x0000000100000000, 0x0000000100000000)
 Metaspace       used 38509K, capacity 39486K, committed 39728K, reserved 1083392K
  class space    used 4542K, capacity 4789K, committed 4912K, reserved 1048576K
2018-03-21T05:53:24.394-0500: 541.284: [GC (Allocation Failure) 2018-03-21T05:53:24.394-0500: 541.284: [ParNew
Desired survivor size 20112992 bytes, new threshold 8 (max 8)
- age   1:    4756680 bytes,    4756680 total
- age   2:    1469536 bytes,    6226216 total
- age   3:    1610592 bytes,    7836808 total
- age   4:     616408 bytes,    8453216 total
- age   5:     223152 bytes,    8676368 total
- age   6:     488408 bytes,    9164776 total
- age   7:     591760 bytes,    9756536 total
- age   8:     832104 bytes,   10588640 total
: 109248K->16631K(109248K), 0.0079292 secs] 159014K->66911K(502464K), 0.0080488 secs] [Times: user=0.03 sys=0.00, real=0.01 secs] 
Heap after GC invocations=118 (full 1):
 par new generation   total 109248K, used 16631K [0x00000000e0000000, 0x00000000e8000000, 0x00000000e8000000)
  eden space 87424K,   0% used [0x00000000e0000000, 0x00000000e0000000, 0x00000000e5560000)
  from space 21824K,  76% used [0x00000000e5560000, 0x00000000e659dfc8, 0x00000000e6ab0000)
  to   space 21824K,   0% used [0x00000000e6ab0000, 0x00000000e6ab0000, 0x00000000e8000000)
 concurrent mark-sweep generation total 393216K, used 50279K [0x00000000e8000000, 0x0000000100000000, 0x0000000100000000)
 Metaspace       used 38509K, capacity 39486K, committed 39728K, reserved 1083392K
  class space    used 4542K, capacity 4789K, committed 4912K, reserved 1048576K
}
2018-03-21T05:53:24.402-0500: 541.292: Total time for which application threads were stopped: 0.0082657 seconds, Stopping threads took: 0.0000289 seconds
{Heap before GC invocations=118 (full 1):
 par new generation   total 109248K, used 104055K [0x00000000e0000000, 0x00000000e8000000, 0x00000000e8000000)
  eden space 87424K, 100% used [0x00000000e0000000, 0x00000000e5560000, 0x00000000e5560000)
  from space 21824K,  76% used [0x00000000e5560000, 0x00000000e659dfc8, 0x00000000e6ab0000)
  to   space 21824K,   0% used [0x00000000e6ab0000, 0x00000000e6ab0000, 0x00000000e8000000)
 concurrent mark-sweep generation total 393216K, used 50279K [0x00000000e8000000, 0x0000000100000000, 0x0000000100000000)
 Metaspace       used 38509K, capacity 39486K, committed 39728K, reserved 1083392K
  class space    used 4542K, capacity 4789K, committed 4912K, reserved 1048576K
2018-03-21T05:53:24.760-0500: 541.650: [GC (Allocation Failure) 2018-03-21T05:53:24.760-0500: 541.650: [ParNew
Desired survivor size 20112992 bytes, new threshold 8 (max 8)
- age   1:    6235144 bytes,    6235144 total
- age   2:    3431776 bytes,    9666920 total
- age   3:    1472872 bytes,   11139792 total
- age   4:    1610824 bytes,   12750616 total
- age   5:     615496 bytes,   13366112 total
- age   6:     223152 bytes,   13589264 total
- age   7:     488408 bytes,   14077672 total
- age   8:     591760 bytes,   14669432 total
: 104055K->16123K(109248K), 0.0088977 secs] 154335K->67216K(502464K), 0.0090061 secs] [Times: user=0.03 sys=0.00, real=0.00 secs] 
Heap after GC invocations=119 (full 1):
 par new generation   total 109248K, used 16123K [0x00000000e0000000, 0x00000000e8000000, 0x00000000e8000000)
  eden space 87424K,   0% used [0x00000000e0000000, 0x00000000e0000000, 0x00000000e5560000)
  from space 21824K,  73% used [0x00000000e6ab0000, 0x00000000e7a6eea0, 0x00000000e8000000)
  to   space 21824K,   0% used [0x00000000e5560000, 0x00000000e5560000, 0x00000000e6ab0000)
 concurrent mark-sweep generation total 393216K, used 51092K [0x00000000e8000000, 0x0000000100000000, 0x0000000100000000)
 Metaspace       used 38509K, capacity 39486K, committed 39728K, reserved 1083392K
  class space    used 4542K, capacity 4789K, committed 4912K, reserved 1048576K
}
2018-03-21T05:53:24.769-0500: 541.659: Total time for which application threads were stopped: 0.0092215 seconds, Stopping threads took: 0.0000283 seconds
{Heap before GC invocations=119 (full 1):
 par new generation   total 109248K, used 103522K [0x00000000e0000000, 0x00000000e8000000, 0x00000000e8000000)
  eden space 87424K,  99% used [0x00000000e0000000, 0x00000000e5559a08, 0x00000000e5560000)
  from space 21824K,  73% used [0x00000000e6ab0000, 0x00000000e7a6eea0, 0x00000000e8000000)
  to   space 21824K,   0% used [0x00000000e5560000, 0x00000000e5560000, 0x00000000e6ab0000)
 concurrent mark-sweep generation total 393216K, used 51092K [0x00000000e8000000, 0x0000000100000000, 0x0000000100000000)
 Metaspace       used 38509K, capacity 39486K, committed 39728K, reserved 1083392K
  class space    used 4542K, capacity 4789K, committed 4912K, reserved 1048576K
2018-03-21T05:53:25.088-0500: 541.978: [GC (Allocation Failure) 2018-03-21T05:53:25.088-0500: 541.978: [ParNew
Desired survivor size 20112992 bytes, new threshold 8 (max 8)
- age   1:    6359080 bytes,    6359080 total
- age   2:    3424936 bytes,    9784016 total
- age   3:    2161648 bytes,   11945664 total
- age   4:    1129112 bytes,   13074776 total
- age   5:     792536 bytes,   13867312 total
- age   6:     615496 bytes,   14482808 total
- age   7:     223152 bytes,   14705960 total
- age   8:     488408 bytes,   15194368 total
: 103522K->17939K(109248K), 0.0084738 secs] 154614K->69610K(502464K), 0.0085483 secs] [Times: user=0.03 sys=0.00, real=0.01 secs] 
Heap after GC invocations=120 (full 1):
 par new generation   total 109248K, used 17939K [0x00000000e0000000, 0x00000000e8000000, 0x00000000e8000000)
  eden space 87424K,   0% used [0x00000000e0000000, 0x00000000e0000000, 0x00000000e5560000)
  from space 21824K,  82% used [0x00000000e5560000, 0x00000000e66e4e20, 0x00000000e6ab0000)
  to   space 21824K,   0% used [0x00000000e6ab0000, 0x00000000e6ab0000, 0x00000000e8000000)
 concurrent mark-sweep generation total 393216K, used 51670K [0x00000000e8000000, 0x0000000100000000, 0x0000000100000000)
 Metaspace       used 38509K, capacity 39486K, committed 39728K, reserved 1083392K
  class space    used 4542K, capacity 4789K, committed 4912K, reserved 1048576K
}
2018-03-21T05:53:25.096-0500: 541.987: Total time for which application threads were stopped: 0.0087663 seconds, Stopping threads took: 0.0000532 seconds
{Heap before GC invocations=120 (full 1):
 par new generation   total 109248K, used 105363K [0x00000000e0000000, 0x00000000e8000000, 0x00000000e8000000)
  eden space 87424K, 100% used [0x00000000e0000000, 0x00000000e5560000, 0x00000000e5560000)
  from space 21824K,  82% used [0x00000000e5560000, 0x00000000e66e4e20, 0x00000000e6ab0000)
  to   space 21824K,   0% used [0x00000000e6ab0000, 0x00000000e6ab0000, 0x00000000e8000000)
 concurrent mark-sweep generation total 393216K, used 51670K [0x00000000e8000000, 0x0000000100000000, 0x0000000100000000)
 Metaspace       used 38511K, capacity 39486K, committed 39728K, reserved 1083392K
  class space    used 4542K, capacity 4789K, committed 4912K, reserved 1048576K
2018-03-21T05:53:25.214-0500: 542.105: [GC (Allocation Failure) 2018-03-21T05:53:25.214-0500: 542.105: [ParNew
Desired survivor size 20112992 bytes, new threshold 8 (max 8)
- age   1:    2216664 bytes,    2216664 total
- age   2:    2591968 bytes,    4808632 total
- age   3:     688176 bytes,    5496808 total
- age   4:     543768 bytes,    6040576 total
- age   5:     234000 bytes,    6274576 total
- age   6:     565480 bytes,    6840056 total
- age   7:     615384 bytes,    7455440 total
- age   8:     223152 bytes,    7678592 total
: 105363K->10570K(109248K), 0.0077939 secs] 157034K->62718K(502464K), 0.0079195 secs] [Times: user=0.01 sys=0.01, real=0.01 secs] 
Heap after GC invocations=121 (full 1):
 par new generation   total 109248K, used 10570K [0x00000000e0000000, 0x00000000e8000000, 0x00000000e8000000)
  eden space 87424K,   0% used [0x00000000e0000000, 0x00000000e0000000, 0x00000000e5560000)
  from space 21824K,  48% used [0x00000000e6ab0000, 0x00000000e7502be0, 0x00000000e8000000)
  to   space 21824K,   0% used [0x00000000e5560000, 0x00000000e5560000, 0x00000000e6ab0000)
 concurrent mark-sweep generation total 393216K, used 52147K [0x00000000e8000000, 0x0000000100000000, 0x0000000100000000)
 Metaspace       used 38511K, capacity 39486K, committed 39728K, reserved 1083392K
  class space    used 4542K, capacity 4789K, committed 4912K, reserved 1048576K
}
2018-03-21T05:53:25.222-0500: 542.113: Total time for which application threads were stopped: 0.0081663 seconds, Stopping threads took: 0.0000342 seconds
2018-03-21T05:53:26.223-0500: 543.113: Total time for which application threads were stopped: 0.0003018 seconds, Stopping threads took: 0.0000560 seconds
2018-03-21T05:53:28.715-0500: 545.605: Total time for which application threads were stopped: 0.0001112 seconds, Stopping threads took: 0.0000224 seconds
2018-03-21T05:53:28.727-0500: 545.618: Total time for which application threads were stopped: 0.0001279 seconds, Stopping threads took: 0.0000417 seconds
2018-03-21T05:53:28.728-0500: 545.618: Total time for which application threads were stopped: 0.0000697 seconds, Stopping threads took: 0.0000235 seconds
2018-03-21T05:53:28.730-0500: 545.621: Total time for which application threads were stopped: 0.0001438 seconds, Stopping threads took: 0.0000467 seconds
2018-03-21T05:53:28.731-0500: 545.621: Total time for which application threads were stopped: 0.0005111 seconds, Stopping threads took: 0.0004526 seconds
2018-03-21T05:53:28.775-0500: 545.665: Total time for which application threads were stopped: 0.0001463 seconds, Stopping threads took: 0.0000431 seconds
2018-03-21T05:53:28.776-0500: 545.666: Total time for which application threads were stopped: 0.0001394 seconds, Stopping threads took: 0.0000526 seconds
2018-03-21T05:53:28.776-0500: 545.667: Total time for which application threads were stopped: 0.0001052 seconds, Stopping threads took: 0.0000464 seconds
2018-03-21T05:53:28.785-0500: 545.676: Total time for which application threads were stopped: 0.0001219 seconds, Stopping threads took: 0.0000332 seconds
2018-03-21T05:53:28.786-0500: 545.676: Total time for which application threads were stopped: 0.0002775 seconds, Stopping threads took: 0.0000169 seconds
2018-03-21T05:53:28.796-0500: 545.687: Total time for which application threads were stopped: 0.0001281 seconds, Stopping threads took: 0.0000292 seconds
2018-03-21T05:53:28.796-0500: 545.687: Total time for which application threads were stopped: 0.0000910 seconds, Stopping threads took: 0.0000172 seconds
2018-03-21T05:53:28.798-0500: 545.689: Total time for which application threads were stopped: 0.0001506 seconds, Stopping threads took: 0.0000493 seconds
2018-03-21T05:53:28.798-0500: 545.689: Total time for which application threads were stopped: 0.0000745 seconds, Stopping threads took: 0.0000138 seconds
2018-03-21T05:53:34.746-0500: 551.637: Total time for which application threads were stopped: 0.0001351 seconds, Stopping threads took: 0.0000593 seconds
2018-03-21T05:53:34.747-0500: 551.638: Total time for which application threads were stopped: 0.0001138 seconds, Stopping threads took: 0.0000330 seconds
2018-03-21T05:53:34.747-0500: 551.638: Total time for which application threads were stopped: 0.0000570 seconds, Stopping threads took: 0.0000132 seconds
2018-03-21T05:53:34.750-0500: 551.641: Total time for which application threads were stopped: 0.0027720 seconds, Stopping threads took: 0.0026579 seconds
2018-03-21T05:53:34.750-0500: 551.641: Total time for which application threads were stopped: 0.0000838 seconds, Stopping threads took: 0.0000358 seconds
2018-03-21T05:53:34.750-0500: 551.641: Total time for which application threads were stopped: 0.0000797 seconds, Stopping threads took: 0.0000184 seconds
2018-03-21T05:53:34.751-0500: 551.641: Total time for which application threads were stopped: 0.0000810 seconds, Stopping threads took: 0.0000389 seconds
2018-03-21T05:53:34.751-0500: 551.641: Total time for which application threads were stopped: 0.0000605 seconds, Stopping threads took: 0.0000221 seconds
2018-03-21T05:53:34.751-0500: 551.641: Total time for which application threads were stopped: 0.0001152 seconds, Stopping threads took: 0.0000621 seconds
2018-03-21T05:53:34.752-0500: 551.643: Total time for which application threads were stopped: 0.0001901 seconds, Stopping threads took: 0.0001093 seconds
2018-03-21T05:53:34.752-0500: 551.643: Total time for which application threads were stopped: 0.0001003 seconds, Stopping threads took: 0.0000448 seconds
2018-03-21T05:53:34.759-0500: 551.649: Total time for which application threads were stopped: 0.0001041 seconds, Stopping threads took: 0.0000246 seconds
2018-03-21T05:53:34.759-0500: 551.650: Total time for which application threads were stopped: 0.0000666 seconds, Stopping threads took: 0.0000159 seconds
2018-03-21T05:53:34.762-0500: 551.652: Total time for which application threads were stopped: 0.0001369 seconds, Stopping threads took: 0.0000409 seconds
2018-03-21T05:53:34.762-0500: 551.652: Total time for which application threads were stopped: 0.0001750 seconds, Stopping threads took: 0.0000286 seconds
2018-03-21T05:53:34.762-0500: 551.653: Total time for which application threads were stopped: 0.0000652 seconds, Stopping threads took: 0.0000140 seconds
2018-03-21T05:53:34.762-0500: 551.653: Total time for which application threads were stopped: 0.0000763 seconds, Stopping threads took: 0.0000161 seconds
2018-03-21T05:53:35.763-0500: 552.653: Total time for which application threads were stopped: 0.0002373 seconds, Stopping threads took: 0.0000553 seconds
2018-03-21T05:53:35.966-0500: 552.857: Total time for which application threads were stopped: 0.0001608 seconds, Stopping threads took: 0.0000465 seconds
2018-03-21T05:53:35.966-0500: 552.857: Total time for which application threads were stopped: 0.0000962 seconds, Stopping threads took: 0.0000198 seconds
2018-03-21T05:53:35.973-0500: 552.863: Total time for which application threads were stopped: 0.0012023 seconds, Stopping threads took: 0.0010929 seconds
2018-03-21T05:53:35.973-0500: 552.864: Total time for which application threads were stopped: 0.0000905 seconds, Stopping threads took: 0.0000290 seconds
2018-03-21T05:53:36.943-0500: 553.834: Total time for which application threads were stopped: 0.0001205 seconds, Stopping threads took: 0.0000204 seconds
2018-03-21T05:53:36.946-0500: 553.837: Total time for which application threads were stopped: 0.0000941 seconds, Stopping threads took: 0.0000207 seconds
2018-03-21T05:53:36.947-0500: 553.838: Total time for which application threads were stopped: 0.0000888 seconds, Stopping threads took: 0.0000192 seconds
2018-03-21T05:53:37.129-0500: 554.019: Total time for which application threads were stopped: 0.0001122 seconds, Stopping threads took: 0.0000297 seconds
2018-03-21T05:53:37.129-0500: 554.019: Total time for which application threads were stopped: 0.0000571 seconds, Stopping threads took: 0.0000095 seconds
2018-03-21T05:53:37.129-0500: 554.020: Total time for which application threads were stopped: 0.0000556 seconds, Stopping threads took: 0.0000091 seconds
2018-03-21T05:53:39.938-0500: 556.829: Total time for which application threads were stopped: 0.0001284 seconds, Stopping threads took: 0.0000248 seconds
2018-03-21T05:53:39.938-0500: 556.829: Total time for which application threads were stopped: 0.0000690 seconds, Stopping threads took: 0.0000124 seconds
2018-03-21T05:53:39.941-0500: 556.831: Total time for which application threads were stopped: 0.0001355 seconds, Stopping threads took: 0.0000508 seconds
2018-03-21T05:53:39.941-0500: 556.831: Total time for which application threads were stopped: 0.0000793 seconds, Stopping threads took: 0.0000289 seconds
2018-03-21T05:53:39.965-0500: 556.855: Total time for which application threads were stopped: 0.0026283 seconds, Stopping threads took: 0.0024710 seconds
2018-03-21T05:53:39.965-0500: 556.856: Total time for which application threads were stopped: 0.0001036 seconds, Stopping threads took: 0.0000312 seconds
2018-03-21T05:53:39.972-0500: 556.862: Total time for which application threads were stopped: 0.0001047 seconds, Stopping threads took: 0.0000218 seconds
2018-03-21T05:53:39.972-0500: 556.862: Total time for which application threads were stopped: 0.0000535 seconds, Stopping threads took: 0.0000107 seconds
2018-03-21T05:53:42.175-0500: 559.066: Total time for which application threads were stopped: 0.0001960 seconds, Stopping threads took: 0.0000411 seconds
{Heap before GC invocations=121 (full 1):
 par new generation   total 109248K, used 97994K [0x00000000e0000000, 0x00000000e8000000, 0x00000000e8000000)
  eden space 87424K, 100% used [0x00000000e0000000, 0x00000000e5560000, 0x00000000e5560000)
  from space 21824K,  48% used [0x00000000e6ab0000, 0x00000000e7502be0, 0x00000000e8000000)
  to   space 21824K,   0% used [0x00000000e5560000, 0x00000000e5560000, 0x00000000e6ab0000)
 concurrent mark-sweep generation total 393216K, used 52147K [0x00000000e8000000, 0x0000000100000000, 0x0000000100000000)
 Metaspace       used 38606K, capacity 39648K, committed 39984K, reserved 1085440K
  class space    used 4548K, capacity 4796K, committed 4912K, reserved 1048576K
2018-03-21T05:53:42.281-0500: 559.171: [GC (Allocation Failure) 2018-03-21T05:53:42.281-0500: 559.171: [ParNew
Desired survivor size 20112992 bytes, new threshold 8 (max 8)
- age   1:    2150080 bytes,    2150080 total
- age   2:     231608 bytes,    2381688 total
- age   3:     486840 bytes,    2868528 total
- age   4:     688176 bytes,    3556704 total
- age   5:     539336 bytes,    4096040 total
- age   6:     234000 bytes,    4330040 total
- age   7:     564144 bytes,    4894184 total
- age   8:     612056 bytes,    5506240 total
: 97994K->11024K(109248K), 0.0167574 secs] 150142K->63389K(502464K), 0.0168379 secs] [Times: user=0.06 sys=0.01, real=0.01 secs] 
Heap after GC invocations=122 (full 1):
 par new generation   total 109248K, used 11024K [0x00000000e0000000, 0x00000000e8000000, 0x00000000e8000000)
  eden space 87424K,   0% used [0x00000000e0000000, 0x00000000e0000000, 0x00000000e5560000)
  from space 21824K,  50% used [0x00000000e5560000, 0x00000000e6024160, 0x00000000e6ab0000)
  to   space 21824K,   0% used [0x00000000e6ab0000, 0x00000000e6ab0000, 0x00000000e8000000)
 concurrent mark-sweep generation total 393216K, used 52365K [0x00000000e8000000, 0x0000000100000000, 0x0000000100000000)
 Metaspace       used 38606K, capacity 39648K, committed 39984K, reserved 1085440K
  class space    used 4548K, capacity 4796K, committed 4912K, reserved 1048576K
}
2018-03-21T05:53:42.297-0500: 559.188: Total time for which application threads were stopped: 0.0170582 seconds, Stopping threads took: 0.0000278 seconds
{Heap before GC invocations=122 (full 1):
 par new generation   total 109248K, used 98424K [0x00000000e0000000, 0x00000000e8000000, 0x00000000e8000000)
  eden space 87424K,  99% used [0x00000000e0000000, 0x00000000e5559fb0, 0x00000000e5560000)
  from space 21824K,  50% used [0x00000000e5560000, 0x00000000e6024160, 0x00000000e6ab0000)
  to   space 21824K,   0% used [0x00000000e6ab0000, 0x00000000e6ab0000, 0x00000000e8000000)
 concurrent mark-sweep generation total 393216K, used 52365K [0x00000000e8000000, 0x0000000100000000, 0x0000000100000000)
 Metaspace       used 38606K, capacity 39648K, committed 39984K, reserved 1085440K
  class space    used 4548K, capacity 4796K, committed 4912K, reserved 1048576K
2018-03-21T05:53:42.530-0500: 559.420: [GC (Allocation Failure) 2018-03-21T05:53:42.530-0500: 559.420: [ParNew
Desired survivor size 20112992 bytes, new threshold 8 (max 8)
- age   1:      93792 bytes,      93792 total
- age   2:    2033264 bytes,    2127056 total
- age   3:     230696 bytes,    2357752 total
- age   4:     486840 bytes,    2844592 total
- age   5:     688176 bytes,    3532768 total
- age   6:     539336 bytes,    4072104 total
- age   7:     234000 bytes,    4306104 total
- age   8:     564144 bytes,    4870248 total
: 98424K->6457K(109248K), 0.0066362 secs] 150789K->59421K(502464K), 0.0067151 secs] [Times: user=0.02 sys=0.00, real=0.01 secs] 
Heap after GC invocations=123 (full 1):
 par new generation   total 109248K, used 6457K [0x00000000e0000000, 0x00000000e8000000, 0x00000000e8000000)
  eden space 87424K,   0% used [0x00000000e0000000, 0x00000000e0000000, 0x00000000e5560000)
  from space 21824K,  29% used [0x00000000e6ab0000, 0x00000000e70fe740, 0x00000000e8000000)
  to   space 21824K,   0% used [0x00000000e5560000, 0x00000000e5560000, 0x00000000e6ab0000)
 concurrent mark-sweep generation total 393216K, used 52963K [0x00000000e8000000, 0x0000000100000000, 0x0000000100000000)
 Metaspace       used 38606K, capacity 39648K, committed 39984K, reserved 1085440K
  class space    used 4548K, capacity 4796K, committed 4912K, reserved 1048576K
}
2018-03-21T05:53:42.536-0500: 559.427: Total time for which application threads were stopped: 0.0069170 seconds, Stopping threads took: 0.0000273 seconds
{Heap before GC invocations=123 (full 1):
 par new generation   total 109248K, used 93402K [0x00000000e0000000, 0x00000000e8000000, 0x00000000e8000000)
  eden space 87424K,  99% used [0x00000000e0000000, 0x00000000e54e8418, 0x00000000e5560000)
  from space 21824K,  29% used [0x00000000e6ab0000, 0x00000000e70fe740, 0x00000000e8000000)
  to   space 21824K,   0% used [0x00000000e5560000, 0x00000000e5560000, 0x00000000e6ab0000)
 concurrent mark-sweep generation total 393216K, used 52963K [0x00000000e8000000, 0x0000000100000000, 0x0000000100000000)
 Metaspace       used 38608K, capacity 39648K, committed 39984K, reserved 1085440K
  class space    used 4548K, capacity 4796K, committed 4912K, reserved 1048576K
2018-03-21T05:53:43.018-0500: 559.908: [GC (Allocation Failure) 2018-03-21T05:53:43.018-0500: 559.908: [ParNew
Desired survivor size 20112992 bytes, new threshold 8 (max 8)
- age   1:     180640 bytes,     180640 total
- age   3:    1967424 bytes,    2148064 total
- age   4:     230696 bytes,    2378760 total
- age   5:     486840 bytes,    2865600 total
- age   6:     688176 bytes,    3553776 total
- age   7:     539336 bytes,    4093112 total
- age   8:     234000 bytes,    4327112 total
: 93402K->5465K(109248K), 0.0226549 secs] 146366K->58981K(502464K), 0.0227446 secs] [Times: user=0.06 sys=0.00, real=0.03 secs] 
Heap after GC invocations=124 (full 1):
 par new generation   total 109248K, used 5465K [0x00000000e0000000, 0x00000000e8000000, 0x00000000e8000000)
  eden space 87424K,   0% used [0x00000000e0000000, 0x00000000e0000000, 0x00000000e5560000)
  from space 21824K,  25% used [0x00000000e5560000, 0x00000000e5ab67d0, 0x00000000e6ab0000)
  to   space 21824K,   0% used [0x00000000e6ab0000, 0x00000000e6ab0000, 0x00000000e8000000)
 concurrent mark-sweep generation total 393216K, used 53515K [0x00000000e8000000, 0x0000000100000000, 0x0000000100000000)
 Metaspace       used 38608K, capacity 39648K, committed 39984K, reserved 1085440K
  class space    used 4548K, capacity 4796K, committed 4912K, reserved 1048576K
}
2018-03-21T05:53:43.041-0500: 559.932: Total time for which application threads were stopped: 0.0239613 seconds, Stopping threads took: 0.0000296 seconds
2018-03-21T05:53:43.265-0500: 560.155: Total time for which application threads were stopped: 0.0001465 seconds, Stopping threads took: 0.0000275 seconds
2018-03-21T05:53:43.360-0500: 560.250: Total time for which application threads were stopped: 0.0001031 seconds, Stopping threads took: 0.0000274 seconds
2018-03-21T05:53:43.365-0500: 560.256: Total time for which application threads were stopped: 0.0000999 seconds, Stopping threads took: 0.0000230 seconds
2018-03-21T05:53:43.365-0500: 560.256: Total time for which application threads were stopped: 0.0000533 seconds, Stopping threads took: 0.0000131 seconds
2018-03-21T05:53:43.365-0500: 560.256: Total time for which application threads were stopped: 0.0000561 seconds, Stopping threads took: 0.0000129 seconds
2018-03-21T05:53:43.366-0500: 560.256: Total time for which application threads were stopped: 0.0000548 seconds, Stopping threads took: 0.0000160 seconds
2018-03-21T05:53:43.366-0500: 560.256: Total time for which application threads were stopped: 0.0000681 seconds, Stopping threads took: 0.0000298 seconds
2018-03-21T05:53:43.366-0500: 560.256: Total time for which application threads were stopped: 0.0000524 seconds, Stopping threads took: 0.0000135 seconds
2018-03-21T05:53:43.428-0500: 560.318: Total time for which application threads were stopped: 0.0001672 seconds, Stopping threads took: 0.0000489 seconds
2018-03-21T05:53:43.428-0500: 560.318: Total time for which application threads were stopped: 0.0000836 seconds, Stopping threads took: 0.0000153 seconds
2018-03-21T05:53:43.428-0500: 560.319: Total time for which application threads were stopped: 0.0000860 seconds, Stopping threads took: 0.0000159 seconds
2018-03-21T05:53:43.428-0500: 560.319: Total time for which application threads were stopped: 0.0000932 seconds, Stopping threads took: 0.0000319 seconds
2018-03-21T05:53:43.428-0500: 560.319: Total time for which application threads were stopped: 0.0000904 seconds, Stopping threads took: 0.0000295 seconds
2018-03-21T05:53:43.444-0500: 560.335: Total time for which application threads were stopped: 0.0068614 seconds, Stopping threads took: 0.0067038 seconds
2018-03-21T05:53:43.444-0500: 560.335: Total time for which application threads were stopped: 0.0001268 seconds, Stopping threads took: 0.0000401 seconds
2018-03-21T05:53:43.450-0500: 560.341: Total time for which application threads were stopped: 0.0001455 seconds, Stopping threads took: 0.0000530 seconds
2018-03-21T05:53:43.450-0500: 560.341: Total time for which application threads were stopped: 0.0000675 seconds, Stopping threads took: 0.0000165 seconds
2018-03-21T05:53:43.450-0500: 560.341: Total time for which application threads were stopped: 0.0000630 seconds, Stopping threads took: 0.0000146 seconds
2018-03-21T05:53:43.450-0500: 560.341: Total time for which application threads were stopped: 0.0000635 seconds, Stopping threads took: 0.0000152 seconds
2018-03-21T05:53:43.451-0500: 560.341: Total time for which application threads were stopped: 0.0001225 seconds, Stopping threads took: 0.0000677 seconds
2018-03-21T05:53:43.452-0500: 560.342: Total time for which application threads were stopped: 0.0001037 seconds, Stopping threads took: 0.0000389 seconds
2018-03-21T05:53:43.452-0500: 560.343: Total time for which application threads were stopped: 0.0000689 seconds, Stopping threads took: 0.0000317 seconds
2018-03-21T05:53:43.452-0500: 560.343: Total time for which application threads were stopped: 0.0000566 seconds, Stopping threads took: 0.0000220 seconds
2018-03-21T05:53:43.452-0500: 560.343: Total time for which application threads were stopped: 0.0001508 seconds, Stopping threads took: 0.0000230 seconds
2018-03-21T05:53:43.455-0500: 560.346: Total time for which application threads were stopped: 0.0001266 seconds, Stopping threads took: 0.0000266 seconds
2018-03-21T05:53:43.456-0500: 560.346: Total time for which application threads were stopped: 0.0000770 seconds, Stopping threads took: 0.0000141 seconds
2018-03-21T05:53:43.458-0500: 560.348: Total time for which application threads were stopped: 0.0001347 seconds, Stopping threads took: 0.0000523 seconds
2018-03-21T05:53:43.458-0500: 560.348: Total time for which application threads were stopped: 0.0000755 seconds, Stopping threads took: 0.0000119 seconds
2018-03-21T05:53:44.458-0500: 561.349: Total time for which application threads were stopped: 0.0001902 seconds, Stopping threads took: 0.0000448 seconds
2018-03-21T05:53:47.459-0500: 564.349: Total time for which application threads were stopped: 0.0002430 seconds, Stopping threads took: 0.0000531 seconds
2018-03-21T05:53:48.375-0500: 565.265: Total time for which application threads were stopped: 0.0001445 seconds, Stopping threads took: 0.0000295 seconds
2018-03-21T05:53:48.375-0500: 565.265: Total time for which application threads were stopped: 0.0000852 seconds, Stopping threads took: 0.0000152 seconds
2018-03-21T05:53:48.380-0500: 565.270: Total time for which application threads were stopped: 0.0002204 seconds, Stopping threads took: 0.0000482 seconds
2018-03-21T05:53:48.380-0500: 565.270: Total time for which application threads were stopped: 0.0001689 seconds, Stopping threads took: 0.0000283 seconds
2018-03-21T05:53:48.380-0500: 565.270: Total time for which application threads were stopped: 0.0001559 seconds, Stopping threads took: 0.0000148 seconds
2018-03-21T05:53:49.380-0500: 566.271: Total time for which application threads were stopped: 0.0001637 seconds, Stopping threads took: 0.0000500 seconds
2018-03-21T05:53:52.103-0500: 568.993: Total time for which application threads were stopped: 0.0002771 seconds, Stopping threads took: 0.0000547 seconds
2018-03-21T05:54:14.753-0500: 591.644: Total time for which application threads were stopped: 0.0007434 seconds, Stopping threads took: 0.0000262 seconds
2018-03-21T05:54:15.753-0500: 592.644: Total time for which application threads were stopped: 0.0001094 seconds, Stopping threads took: 0.0000213 seconds
2018-03-21T05:54:32.156-0500: 609.047: Total time for which application threads were stopped: 0.0001665 seconds, Stopping threads took: 0.0000407 seconds
2018-03-21T05:54:32.156-0500: 609.047: Total time for which application threads were stopped: 0.0001465 seconds, Stopping threads took: 0.0000610 seconds
2018-03-21T05:54:32.166-0500: 609.057: Total time for which application threads were stopped: 0.0001084 seconds, Stopping threads took: 0.0000278 seconds
2018-03-21T05:54:32.166-0500: 609.057: Total time for which application threads were stopped: 0.0000603 seconds, Stopping threads took: 0.0000146 seconds
2018-03-21T05:54:32.215-0500: 609.105: Total time for which application threads were stopped: 0.0001575 seconds, Stopping threads took: 0.0000485 seconds
2018-03-21T05:54:32.215-0500: 609.105: Total time for which application threads were stopped: 0.0000827 seconds, Stopping threads took: 0.0000145 seconds
2018-03-21T05:54:32.219-0500: 609.110: Total time for which application threads were stopped: 0.0001147 seconds, Stopping threads took: 0.0000317 seconds
2018-03-21T05:54:32.219-0500: 609.110: Total time for which application threads were stopped: 0.0000680 seconds, Stopping threads took: 0.0000169 seconds
2018-03-21T05:54:33.220-0500: 610.110: Total time for which application threads were stopped: 0.0001931 seconds, Stopping threads took: 0.0000416 seconds
2018-03-21T05:55:01.057-0500: 637.948: Total time for which application threads were stopped: 0.0001261 seconds, Stopping threads took: 0.0000306 seconds
2018-03-21T05:55:01.058-0500: 637.949: Total time for which application threads were stopped: 0.0002313 seconds, Stopping threads took: 0.0000232 seconds
2018-03-21T05:55:01.059-0500: 637.950: Total time for which application threads were stopped: 0.0001239 seconds, Stopping threads took: 0.0000366 seconds
2018-03-21T05:55:01.062-0500: 637.952: Total time for which application threads were stopped: 0.0014400 seconds, Stopping threads took: 0.0013627 seconds
2018-03-21T05:55:01.117-0500: 638.007: Total time for which application threads were stopped: 0.0001359 seconds, Stopping threads took: 0.0000299 seconds
2018-03-21T05:55:01.117-0500: 638.008: Total time for which application threads were stopped: 0.0000712 seconds, Stopping threads took: 0.0000108 seconds
2018-03-21T05:55:01.120-0500: 638.011: Total time for which application threads were stopped: 0.0001533 seconds, Stopping threads took: 0.0000594 seconds
2018-03-21T05:55:01.120-0500: 638.011: Total time for which application threads were stopped: 0.0000746 seconds, Stopping threads took: 0.0000134 seconds
2018-03-21T05:55:13.926-0500: 650.817: Total time for which application threads were stopped: 0.0001530 seconds, Stopping threads took: 0.0000364 seconds
2018-03-21T05:55:13.926-0500: 650.817: Total time for which application threads were stopped: 0.0001227 seconds, Stopping threads took: 0.0000258 seconds
2018-03-21T05:55:13.929-0500: 650.820: Total time for which application threads were stopped: 0.0001617 seconds, Stopping threads took: 0.0000373 seconds
2018-03-21T05:55:13.929-0500: 650.820: Total time for which application threads were stopped: 0.0001451 seconds, Stopping threads took: 0.0000544 seconds
2018-03-21T05:55:13.959-0500: 650.850: Total time for which application threads were stopped: 0.0001113 seconds, Stopping threads took: 0.0000229 seconds
2018-03-21T05:55:13.960-0500: 650.850: Total time for which application threads were stopped: 0.0000676 seconds, Stopping threads took: 0.0000113 seconds
2018-03-21T05:55:13.962-0500: 650.853: Total time for which application threads were stopped: 0.0001490 seconds, Stopping threads took: 0.0000420 seconds
2018-03-21T05:55:13.962-0500: 650.853: Total time for which application threads were stopped: 0.0001114 seconds, Stopping threads took: 0.0000214 seconds
2018-03-21T05:55:14.041-0500: 650.931: Total time for which application threads were stopped: 0.0001869 seconds, Stopping threads took: 0.0000673 seconds
2018-03-21T05:55:14.044-0500: 650.934: Total time for which application threads were stopped: 0.0001530 seconds, Stopping threads took: 0.0000514 seconds
2018-03-21T05:55:14.052-0500: 650.942: Total time for which application threads were stopped: 0.0001255 seconds, Stopping threads took: 0.0000519 seconds
2018-03-21T05:55:14.052-0500: 650.943: Total time for which application threads were stopped: 0.0001090 seconds, Stopping threads took: 0.0000626 seconds
2018-03-21T05:55:14.053-0500: 650.943: Total time for which application threads were stopped: 0.0000701 seconds, Stopping threads took: 0.0000221 seconds
2018-03-21T05:55:14.054-0500: 650.944: Total time for which application threads were stopped: 0.0000764 seconds, Stopping threads took: 0.0000217 seconds
2018-03-21T05:55:14.055-0500: 650.946: Total time for which application threads were stopped: 0.0000867 seconds, Stopping threads took: 0.0000273 seconds
2018-03-21T05:55:14.056-0500: 650.946: Total time for which application threads were stopped: 0.0000541 seconds, Stopping threads took: 0.0000174 seconds
2018-03-21T05:55:14.056-0500: 650.946: Total time for which application threads were stopped: 0.0000452 seconds, Stopping threads took: 0.0000131 seconds
2018-03-21T05:55:14.056-0500: 650.947: Total time for which application threads were stopped: 0.0000492 seconds, Stopping threads took: 0.0000141 seconds
2018-03-21T05:55:14.057-0500: 650.947: Total time for which application threads were stopped: 0.0001144 seconds, Stopping threads took: 0.0000348 seconds
2018-03-21T05:55:14.057-0500: 650.947: Total time for which application threads were stopped: 0.0000665 seconds, Stopping threads took: 0.0000162 seconds
2018-03-21T05:55:14.057-0500: 650.948: Total time for which application threads were stopped: 0.0000702 seconds, Stopping threads took: 0.0000171 seconds
2018-03-21T05:55:14.058-0500: 650.948: Total time for which application threads were stopped: 0.0000651 seconds, Stopping threads took: 0.0000162 seconds
2018-03-21T05:55:14.058-0500: 650.949: Total time for which application threads were stopped: 0.0000857 seconds, Stopping threads took: 0.0000319 seconds
2018-03-21T05:55:14.058-0500: 650.949: Total time for which application threads were stopped: 0.0000513 seconds, Stopping threads took: 0.0000168 seconds
2018-03-21T05:55:14.059-0500: 650.949: Total time for which application threads were stopped: 0.0000711 seconds, Stopping threads took: 0.0000190 seconds
2018-03-21T05:55:14.060-0500: 650.951: Total time for which application threads were stopped: 0.0001052 seconds, Stopping threads took: 0.0000275 seconds
2018-03-21T05:55:14.061-0500: 650.951: Total time for which application threads were stopped: 0.0000683 seconds, Stopping threads took: 0.0000173 seconds
2018-03-21T05:55:14.061-0500: 650.952: Total time for which application threads were stopped: 0.0000718 seconds, Stopping threads took: 0.0000181 seconds
2018-03-21T05:55:14.102-0500: 650.993: Total time for which application threads were stopped: 0.0002620 seconds, Stopping threads took: 0.0000264 seconds
{Heap before GC invocations=124 (full 1):
 par new generation   total 109248K, used 92875K [0x00000000e0000000, 0x00000000e8000000, 0x00000000e8000000)
  eden space 87424K,  99% used [0x00000000e0000000, 0x00000000e555c778, 0x00000000e5560000)
  from space 21824K,  25% used [0x00000000e5560000, 0x00000000e5ab67d0, 0x00000000e6ab0000)
  to   space 21824K,   0% used [0x00000000e6ab0000, 0x00000000e6ab0000, 0x00000000e8000000)
 concurrent mark-sweep generation total 393216K, used 53515K [0x00000000e8000000, 0x0000000100000000, 0x0000000100000000)
 Metaspace       used 39253K, capacity 40288K, committed 40496K, reserved 1085440K
  class space    used 4609K, capacity 4860K, committed 4912K, reserved 1048576K
2018-03-21T05:55:14.175-0500: 651.066: [GC (Allocation Failure) 2018-03-21T05:55:14.175-0500: 651.066: [ParNew
Desired survivor size 20112992 bytes, new threshold 8 (max 8)
- age   1:    2543784 bytes,    2543784 total
- age   4:     488600 bytes,    3032384 total
- age   5:       2408 bytes,    3034792 total
- age   6:     294072 bytes,    3328864 total
- age   7:     688032 bytes,    4016896 total
- age   8:     476352 bytes,    4493248 total
: 92875K->5479K(109248K), 0.0076774 secs] 146391K->59223K(502464K), 0.0077932 secs] [Times: user=0.03 sys=0.00, real=0.01 secs] 
Heap after GC invocations=125 (full 1):
 par new generation   total 109248K, used 5479K [0x00000000e0000000, 0x00000000e8000000, 0x00000000e8000000)
  eden space 87424K,   0% used [0x00000000e0000000, 0x00000000e0000000, 0x00000000e5560000)
  from space 21824K,  25% used [0x00000000e6ab0000, 0x00000000e7009f60, 0x00000000e8000000)
  to   space 21824K,   0% used [0x00000000e5560000, 0x00000000e5560000, 0x00000000e6ab0000)
 concurrent mark-sweep generation total 393216K, used 53743K [0x00000000e8000000, 0x0000000100000000, 0x0000000100000000)
 Metaspace       used 39253K, capacity 40288K, committed 40496K, reserved 1085440K
  class space    used 4609K, capacity 4860K, committed 4912K, reserved 1048576K
}
2018-03-21T05:55:14.183-0500: 651.073: Total time for which application threads were stopped: 0.0080375 seconds, Stopping threads took: 0.0000545 seconds
2018-03-21T05:55:14.184-0500: 651.074: Total time for which application threads were stopped: 0.0001948 seconds, Stopping threads took: 0.0000620 seconds
{Heap before GC invocations=125 (full 1):
 par new generation   total 109248K, used 92903K [0x00000000e0000000, 0x00000000e8000000, 0x00000000e8000000)
  eden space 87424K, 100% used [0x00000000e0000000, 0x00000000e5560000, 0x00000000e5560000)
  from space 21824K,  25% used [0x00000000e6ab0000, 0x00000000e7009f60, 0x00000000e8000000)
  to   space 21824K,   0% used [0x00000000e5560000, 0x00000000e5560000, 0x00000000e6ab0000)
 concurrent mark-sweep generation total 393216K, used 53743K [0x00000000e8000000, 0x0000000100000000, 0x0000000100000000)
 Metaspace       used 39298K, capacity 40300K, committed 40496K, reserved 1085440K
  class space    used 4611K, capacity 4862K, committed 4912K, reserved 1048576K
2018-03-21T05:55:14.316-0500: 651.207: [GC (Allocation Failure) 2018-03-21T05:55:14.316-0500: 651.207: [ParNew
Desired survivor size 20112992 bytes, new threshold 8 (max 8)
- age   1:     218704 bytes,     218704 total
- age   2:    1591352 bytes,    1810056 total
- age   5:     487552 bytes,    2297608 total
- age   6:       2408 bytes,    2300016 total
- age   7:     294072 bytes,    2594088 total
- age   8:     688032 bytes,    3282120 total
: 92903K->5758K(109248K), 0.0066182 secs] 146647K->59967K(502464K), 0.0067194 secs] [Times: user=0.03 sys=0.00, real=0.01 secs] 
Heap after GC invocations=126 (full 1):
 par new generation   total 109248K, used 5758K [0x00000000e0000000, 0x00000000e8000000, 0x00000000e8000000)
  eden space 87424K,   0% used [0x00000000e0000000, 0x00000000e0000000, 0x00000000e5560000)
  from space 21824K,  26% used [0x00000000e5560000, 0x00000000e5aff910, 0x00000000e6ab0000)
  to   space 21824K,   0% used [0x00000000e6ab0000, 0x00000000e6ab0000, 0x00000000e8000000)
 concurrent mark-sweep generation total 393216K, used 54208K [0x00000000e8000000, 0x0000000100000000, 0x0000000100000000)
 Metaspace       used 39298K, capacity 40300K, committed 40496K, reserved 1085440K
  class space    used 4611K, capacity 4862K, committed 4912K, reserved 1048576K
}
2018-03-21T05:55:14.323-0500: 651.214: Total time for which application threads were stopped: 0.0069192 seconds, Stopping threads took: 0.0000327 seconds
2018-03-21T05:55:14.323-0500: 651.214: Total time for which application threads were stopped: 0.0001409 seconds, Stopping threads took: 0.0000447 seconds
2018-03-21T05:55:14.387-0500: 651.278: Total time for which application threads were stopped: 0.0001215 seconds, Stopping threads took: 0.0000420 seconds
2018-03-21T05:55:14.387-0500: 651.278: Total time for which application threads were stopped: 0.0001040 seconds, Stopping threads took: 0.0000352 seconds
2018-03-21T05:55:14.391-0500: 651.281: Total time for which application threads were stopped: 0.0001132 seconds, Stopping threads took: 0.0000282 seconds
2018-03-21T05:55:14.437-0500: 651.327: Total time for which application threads were stopped: 0.0013617 seconds, Stopping threads took: 0.0012094 seconds
2018-03-21T05:55:14.437-0500: 651.328: Total time for which application threads were stopped: 0.0001027 seconds, Stopping threads took: 0.0000328 seconds
2018-03-21T05:55:14.439-0500: 651.330: Total time for which application threads were stopped: 0.0001381 seconds, Stopping threads took: 0.0000507 seconds
2018-03-21T05:55:14.442-0500: 651.333: Total time for which application threads were stopped: 0.0001395 seconds, Stopping threads took: 0.0000529 seconds
2018-03-21T05:55:14.443-0500: 651.334: Total time for which application threads were stopped: 0.0001106 seconds, Stopping threads took: 0.0000287 seconds
2018-03-21T05:55:14.445-0500: 651.336: Total time for which application threads were stopped: 0.0001192 seconds, Stopping threads took: 0.0000287 seconds
2018-03-21T05:55:14.446-0500: 651.336: Total time for which application threads were stopped: 0.0001261 seconds, Stopping threads took: 0.0000531 seconds
2018-03-21T05:55:14.447-0500: 651.338: Total time for which application threads were stopped: 0.0009629 seconds, Stopping threads took: 0.0008655 seconds
2018-03-21T05:55:15.447-0500: 652.338: Total time for which application threads were stopped: 0.0002695 seconds, Stopping threads took: 0.0000449 seconds
2018-03-21T05:55:25.526-0500: 662.416: Total time for which application threads were stopped: 0.0001312 seconds, Stopping threads took: 0.0000270 seconds
2018-03-21T05:55:25.526-0500: 662.416: Total time for which application threads were stopped: 0.0000829 seconds, Stopping threads took: 0.0000167 seconds
2018-03-21T05:55:25.528-0500: 662.419: Total time for which application threads were stopped: 0.0001713 seconds, Stopping threads took: 0.0000475 seconds
2018-03-21T05:55:25.528-0500: 662.419: Total time for which application threads were stopped: 0.0001418 seconds, Stopping threads took: 0.0000441 seconds
2018-03-21T05:55:25.556-0500: 662.446: Total time for which application threads were stopped: 0.0001263 seconds, Stopping threads took: 0.0000256 seconds
2018-03-21T05:55:25.556-0500: 662.446: Total time for which application threads were stopped: 0.0000774 seconds, Stopping threads took: 0.0000129 seconds
2018-03-21T05:55:25.558-0500: 662.449: Total time for which application threads were stopped: 0.0001540 seconds, Stopping threads took: 0.0000482 seconds
2018-03-21T05:55:25.558-0500: 662.449: Total time for which application threads were stopped: 0.0001380 seconds, Stopping threads took: 0.0000565 seconds
{Heap before GC invocations=126 (full 1):
 par new generation   total 109248K, used 93182K [0x00000000e0000000, 0x00000000e8000000, 0x00000000e8000000)
  eden space 87424K, 100% used [0x00000000e0000000, 0x00000000e5560000, 0x00000000e5560000)
  from space 21824K,  26% used [0x00000000e5560000, 0x00000000e5aff910, 0x00000000e6ab0000)
  to   space 21824K,   0% used [0x00000000e6ab0000, 0x00000000e6ab0000, 0x00000000e8000000)
 concurrent mark-sweep generation total 393216K, used 54208K [0x00000000e8000000, 0x0000000100000000, 0x0000000100000000)
 Metaspace       used 39393K, capacity 40364K, committed 40496K, reserved 1085440K
  class space    used 4612K, capacity 4862K, committed 4912K, reserved 1048576K
2018-03-21T05:55:25.712-0500: 662.603: [GC (Allocation Failure) 2018-03-21T05:55:25.712-0500: 662.603: [ParNew
Desired survivor size 20112992 bytes, new threshold 8 (max 8)
- age   1:    4610776 bytes,    4610776 total
- age   2:      91040 bytes,    4701816 total
- age   3:     885736 bytes,    5587552 total
- age   6:     487552 bytes,    6075104 total
- age   7:       2408 bytes,    6077512 total
- age   8:     294072 bytes,    6371584 total
: 93182K->6859K(109248K), 0.0172317 secs] 147391K->61740K(502464K), 0.0173092 secs] [Times: user=0.06 sys=0.01, real=0.01 secs] 
Heap after GC invocations=127 (full 1):
 par new generation   total 109248K, used 6859K [0x00000000e0000000, 0x00000000e8000000, 0x00000000e8000000)
  eden space 87424K,   0% used [0x00000000e0000000, 0x00000000e0000000, 0x00000000e5560000)
  from space 21824K,  31% used [0x00000000e6ab0000, 0x00000000e7162f10, 0x00000000e8000000)
  to   space 21824K,   0% used [0x00000000e5560000, 0x00000000e5560000, 0x00000000e6ab0000)
 concurrent mark-sweep generation total 393216K, used 54880K [0x00000000e8000000, 0x0000000100000000, 0x0000000100000000)
 Metaspace       used 39393K, capacity 40364K, committed 40496K, reserved 1085440K
  class space    used 4612K, capacity 4862K, committed 4912K, reserved 1048576K
}
2018-03-21T05:55:25.730-0500: 662.620: Total time for which application threads were stopped: 0.0175820 seconds, Stopping threads took: 0.0000527 seconds
2018-03-21T05:55:25.730-0500: 662.621: Total time for which application threads were stopped: 0.0001855 seconds, Stopping threads took: 0.0000581 seconds
2018-03-21T05:55:25.730-0500: 662.621: Total time for which application threads were stopped: 0.0001035 seconds, Stopping threads took: 0.0000364 seconds
{Heap before GC invocations=127 (full 1):
 par new generation   total 109248K, used 94283K [0x00000000e0000000, 0x00000000e8000000, 0x00000000e8000000)
  eden space 87424K, 100% used [0x00000000e0000000, 0x00000000e5560000, 0x00000000e5560000)
  from space 21824K,  31% used [0x00000000e6ab0000, 0x00000000e7162f10, 0x00000000e8000000)
  to   space 21824K,   0% used [0x00000000e5560000, 0x00000000e5560000, 0x00000000e6ab0000)
 concurrent mark-sweep generation total 393216K, used 54880K [0x00000000e8000000, 0x0000000100000000, 0x0000000100000000)
 Metaspace       used 39413K, capacity 40440K, committed 40752K, reserved 1085440K
  class space    used 4613K, capacity 4864K, committed 4912K, reserved 1048576K
2018-03-21T05:55:25.824-0500: 662.714: [GC (Allocation Failure) 2018-03-21T05:55:25.824-0500: 662.714: [ParNew
Desired survivor size 20112992 bytes, new threshold 8 (max 8)
- age   1:     232264 bytes,     232264 total
- age   2:    4226288 bytes,    4458552 total
- age   3:      91040 bytes,    4549592 total
- age   4:     885736 bytes,    5435328 total
- age   7:     487552 bytes,    5922880 total
- age   8:       2408 bytes,    5925288 total
: 94283K->8601K(109248K), 0.0083764 secs] 149164K->63769K(502464K), 0.0084822 secs] [Times: user=0.03 sys=0.00, real=0.01 secs] 
Heap after GC invocations=128 (full 1):
 par new generation   total 109248K, used 8601K [0x00000000e0000000, 0x00000000e8000000, 0x00000000e8000000)
  eden space 87424K,   0% used [0x00000000e0000000, 0x00000000e0000000, 0x00000000e5560000)
  from space 21824K,  39% used [0x00000000e5560000, 0x00000000e5dc6490, 0x00000000e6ab0000)
  to   space 21824K,   0% used [0x00000000e6ab0000, 0x00000000e6ab0000, 0x00000000e8000000)
 concurrent mark-sweep generation total 393216K, used 55168K [0x00000000e8000000, 0x0000000100000000, 0x0000000100000000)
 Metaspace       used 39413K, capacity 40440K, committed 40752K, reserved 1085440K
  class space    used 4613K, capacity 4864K, committed 4912K, reserved 1048576K
}
2018-03-21T05:55:25.832-0500: 662.723: Total time for which application threads were stopped: 0.0087312 seconds, Stopping threads took: 0.0000278 seconds
2018-03-21T05:55:25.833-0500: 662.723: Total time for which application threads were stopped: 0.0001124 seconds, Stopping threads took: 0.0000448 seconds
2018-03-21T05:55:25.833-0500: 662.723: Total time for which application threads were stopped: 0.0000915 seconds, Stopping threads took: 0.0000246 seconds
2018-03-21T05:55:25.833-0500: 662.723: Total time for which application threads were stopped: 0.0000808 seconds, Stopping threads took: 0.0000236 seconds
2018-03-21T05:55:25.833-0500: 662.724: Total time for which application threads were stopped: 0.0000857 seconds, Stopping threads took: 0.0000312 seconds
2018-03-21T05:55:25.833-0500: 662.724: Total time for which application threads were stopped: 0.0000926 seconds, Stopping threads took: 0.0000376 seconds
2018-03-21T05:55:25.833-0500: 662.724: Total time for which application threads were stopped: 0.0000922 seconds, Stopping threads took: 0.0000377 seconds
2018-03-21T05:55:25.833-0500: 662.724: Total time for which application threads were stopped: 0.0000911 seconds, Stopping threads took: 0.0000363 seconds
2018-03-21T05:55:25.834-0500: 662.724: Total time for which application threads were stopped: 0.0000921 seconds, Stopping threads took: 0.0000372 seconds
2018-03-21T05:55:25.834-0500: 662.724: Total time for which application threads were stopped: 0.0000919 seconds, Stopping threads took: 0.0000374 seconds
2018-03-21T05:55:25.834-0500: 662.724: Total time for which application threads were stopped: 0.0000873 seconds, Stopping threads took: 0.0000370 seconds
2018-03-21T05:55:25.834-0500: 662.724: Total time for which application threads were stopped: 0.0000906 seconds, Stopping threads took: 0.0000352 seconds
2018-03-21T05:55:25.834-0500: 662.725: Total time for which application threads were stopped: 0.0001078 seconds, Stopping threads took: 0.0000378 seconds
2018-03-21T05:55:25.834-0500: 662.725: Total time for which application threads were stopped: 0.0000921 seconds, Stopping threads took: 0.0000373 seconds
2018-03-21T05:55:25.834-0500: 662.725: Total time for which application threads were stopped: 0.0000927 seconds, Stopping threads took: 0.0000378 seconds
2018-03-21T05:55:25.834-0500: 662.725: Total time for which application threads were stopped: 0.0000908 seconds, Stopping threads took: 0.0000362 seconds
2018-03-21T05:55:25.835-0500: 662.725: Total time for which application threads were stopped: 0.0000919 seconds, Stopping threads took: 0.0000372 seconds
2018-03-21T05:55:25.835-0500: 662.725: Total time for which application threads were stopped: 0.0001908 seconds, Stopping threads took: 0.0000364 seconds
2018-03-21T05:55:25.835-0500: 662.726: Total time for which application threads were stopped: 0.0000902 seconds, Stopping threads took: 0.0000325 seconds
2018-03-21T05:55:25.835-0500: 662.726: Total time for which application threads were stopped: 0.0002229 seconds, Stopping threads took: 0.0000373 seconds
2018-03-21T05:55:25.924-0500: 662.815: Total time for which application threads were stopped: 0.0002170 seconds, Stopping threads took: 0.0000589 seconds
2018-03-21T05:55:25.970-0500: 662.861: Total time for which application threads were stopped: 0.0001463 seconds, Stopping threads took: 0.0000453 seconds
2018-03-21T05:55:25.983-0500: 662.874: Total time for which application threads were stopped: 0.0061462 seconds, Stopping threads took: 0.0060335 seconds
2018-03-21T05:55:29.479-0500: 666.369: Total time for which application threads were stopped: 0.0001399 seconds, Stopping threads took: 0.0000272 seconds
2018-03-21T05:55:29.479-0500: 666.369: Total time for which application threads were stopped: 0.0000713 seconds, Stopping threads took: 0.0000127 seconds
2018-03-21T05:55:29.483-0500: 666.373: Total time for which application threads were stopped: 0.0001334 seconds, Stopping threads took: 0.0000274 seconds
2018-03-21T05:55:29.483-0500: 666.373: Total time for which application threads were stopped: 0.0000680 seconds, Stopping threads took: 0.0000119 seconds
2018-03-21T05:55:29.485-0500: 666.375: Total time for which application threads were stopped: 0.0001263 seconds, Stopping threads took: 0.0000249 seconds
2018-03-21T05:55:29.485-0500: 666.376: Total time for which application threads were stopped: 0.0000730 seconds, Stopping threads took: 0.0000137 seconds
2018-03-21T05:55:29.485-0500: 666.376: Total time for which application threads were stopped: 0.0000836 seconds, Stopping threads took: 0.0000162 seconds
2018-03-21T05:55:29.486-0500: 666.377: Total time for which application threads were stopped: 0.0002059 seconds, Stopping threads took: 0.0000638 seconds
2018-03-21T05:55:29.486-0500: 666.377: Total time for which application threads were stopped: 0.0001028 seconds, Stopping threads took: 0.0000197 seconds
2018-03-21T05:55:29.487-0500: 666.377: Total time for which application threads were stopped: 0.0001858 seconds, Stopping threads took: 0.0001192 seconds
2018-03-21T05:55:29.569-0500: 666.460: Total time for which application threads were stopped: 0.0001406 seconds, Stopping threads took: 0.0000241 seconds
2018-03-21T05:55:29.569-0500: 666.460: Total time for which application threads were stopped: 0.0000934 seconds, Stopping threads took: 0.0000132 seconds
2018-03-21T05:55:29.574-0500: 666.465: Total time for which application threads were stopped: 0.0001094 seconds, Stopping threads took: 0.0000282 seconds
2018-03-21T05:55:29.574-0500: 666.465: Total time for which application threads were stopped: 0.0000742 seconds, Stopping threads took: 0.0000183 seconds
2018-03-21T05:55:31.655-0500: 668.545: Total time for which application threads were stopped: 0.0001790 seconds, Stopping threads took: 0.0000539 seconds
2018-03-21T05:55:31.655-0500: 668.545: Total time for which application threads were stopped: 0.0000918 seconds, Stopping threads took: 0.0000161 seconds
2018-03-21T05:55:31.658-0500: 668.548: Total time for which application threads were stopped: 0.0002792 seconds, Stopping threads took: 0.0000551 seconds
2018-03-21T05:55:31.658-0500: 668.549: Total time for which application threads were stopped: 0.0001427 seconds, Stopping threads took: 0.0000385 seconds
2018-03-21T05:55:31.658-0500: 668.549: Total time for which application threads were stopped: 0.0001272 seconds, Stopping threads took: 0.0000286 seconds
2018-03-21T05:55:31.664-0500: 668.555: Total time for which application threads were stopped: 0.0001381 seconds, Stopping threads took: 0.0000555 seconds
2018-03-21T05:55:31.677-0500: 668.567: Total time for which application threads were stopped: 0.0001662 seconds, Stopping threads took: 0.0000295 seconds
2018-03-21T05:55:31.678-0500: 668.568: Total time for which application threads were stopped: 0.0011315 seconds, Stopping threads took: 0.0009919 seconds
2018-03-21T05:55:31.681-0500: 668.572: Total time for which application threads were stopped: 0.0001062 seconds, Stopping threads took: 0.0000265 seconds
2018-03-21T05:55:31.681-0500: 668.572: Total time for which application threads were stopped: 0.0000562 seconds, Stopping threads took: 0.0000165 seconds
2018-03-21T05:55:36.279-0500: 673.170: Total time for which application threads were stopped: 0.0001417 seconds, Stopping threads took: 0.0000293 seconds
2018-03-21T05:55:36.286-0500: 673.177: Total time for which application threads were stopped: 0.0067855 seconds, Stopping threads took: 0.0066640 seconds
2018-03-21T05:55:36.289-0500: 673.179: Total time for which application threads were stopped: 0.0001395 seconds, Stopping threads took: 0.0000381 seconds
2018-03-21T05:55:36.289-0500: 673.179: Total time for which application threads were stopped: 0.0000735 seconds, Stopping threads took: 0.0000168 seconds
2018-03-21T05:55:36.935-0500: 673.826: Total time for which application threads were stopped: 0.0001928 seconds, Stopping threads took: 0.0000728 seconds
2018-03-21T05:55:36.935-0500: 673.826: Total time for which application threads were stopped: 0.0001090 seconds, Stopping threads took: 0.0000367 seconds
2018-03-21T05:55:36.941-0500: 673.831: Total time for which application threads were stopped: 0.0001527 seconds, Stopping threads took: 0.0000482 seconds
2018-03-21T05:55:36.941-0500: 673.832: Total time for which application threads were stopped: 0.0004891 seconds, Stopping threads took: 0.0004216 seconds
{Heap before GC invocations=128 (full 1):
 par new generation   total 109248K, used 96025K [0x00000000e0000000, 0x00000000e8000000, 0x00000000e8000000)
  eden space 87424K, 100% used [0x00000000e0000000, 0x00000000e5560000, 0x00000000e5560000)
  from space 21824K,  39% used [0x00000000e5560000, 0x00000000e5dc6490, 0x00000000e6ab0000)
  to   space 21824K,   0% used [0x00000000e6ab0000, 0x00000000e6ab0000, 0x00000000e8000000)
 concurrent mark-sweep generation total 393216K, used 55168K [0x00000000e8000000, 0x0000000100000000, 0x0000000100000000)
 Metaspace       used 39530K, capacity 40626K, committed 40752K, reserved 1085440K
  class space    used 4623K, capacity 4873K, committed 4912K, reserved 1048576K
2018-03-21T05:55:43.490-0500: 680.380: [GC (Allocation Failure) 2018-03-21T05:55:43.490-0500: 680.380: [ParNew
Desired survivor size 20112992 bytes, new threshold 8 (max 8)
- age   1:    3478280 bytes,    3478280 total
- age   2:      90656 bytes,    3568936 total
- age   3:    2920120 bytes,    6489056 total
- age   4:      91040 bytes,    6580096 total
- age   5:     882576 bytes,    7462672 total
- age   8:     486952 bytes,    7949624 total
: 96025K->10195K(109248K), 0.0198386 secs] 151193K->65366K(502464K), 0.0199622 secs] [Times: user=0.08 sys=0.00, real=0.02 secs] 
Heap after GC invocations=129 (full 1):
 par new generation   total 109248K, used 10195K [0x00000000e0000000, 0x00000000e8000000, 0x00000000e8000000)
  eden space 87424K,   0% used [0x00000000e0000000, 0x00000000e0000000, 0x00000000e5560000)
  from space 21824K,  46% used [0x00000000e6ab0000, 0x00000000e74a4f80, 0x00000000e8000000)
  to   space 21824K,   0% used [0x00000000e5560000, 0x00000000e5560000, 0x00000000e6ab0000)
 concurrent mark-sweep generation total 393216K, used 55170K [0x00000000e8000000, 0x0000000100000000, 0x0000000100000000)
 Metaspace       used 39530K, capacity 40626K, committed 40752K, reserved 1085440K
  class space    used 4623K, capacity 4873K, committed 4912K, reserved 1048576K
}
2018-03-21T05:55:43.510-0500: 680.400: Total time for which application threads were stopped: 0.0202304 seconds, Stopping threads took: 0.0000311 seconds
2018-03-21T05:55:43.511-0500: 680.401: Total time for which application threads were stopped: 0.0001823 seconds, Stopping threads took: 0.0000736 seconds
2018-03-21T05:55:43.537-0500: 680.428: Total time for which application threads were stopped: 0.0001800 seconds, Stopping threads took: 0.0000540 seconds
2018-03-21T05:55:43.538-0500: 680.428: Total time for which application threads were stopped: 0.0000934 seconds, Stopping threads took: 0.0000312 seconds
2018-03-21T05:55:43.538-0500: 680.428: Total time for which application threads were stopped: 0.0000874 seconds, Stopping threads took: 0.0000287 seconds
2018-03-21T05:55:43.538-0500: 680.428: Total time for which application threads were stopped: 0.0001036 seconds, Stopping threads took: 0.0000289 seconds
2018-03-21T05:55:43.538-0500: 680.429: Total time for which application threads were stopped: 0.0001282 seconds, Stopping threads took: 0.0000378 seconds
2018-03-21T05:55:43.539-0500: 680.430: Total time for which application threads were stopped: 0.0001319 seconds, Stopping threads took: 0.0000478 seconds
{Heap before GC invocations=129 (full 1):
 par new generation   total 109248K, used 97619K [0x00000000e0000000, 0x00000000e8000000, 0x00000000e8000000)
  eden space 87424K, 100% used [0x00000000e0000000, 0x00000000e5560000, 0x00000000e5560000)
  from space 21824K,  46% used [0x00000000e6ab0000, 0x00000000e74a4f80, 0x00000000e8000000)
  to   space 21824K,   0% used [0x00000000e5560000, 0x00000000e5560000, 0x00000000e6ab0000)
 concurrent mark-sweep generation total 393216K, used 55170K [0x00000000e8000000, 0x0000000100000000, 0x0000000100000000)
 Metaspace       used 39583K, capacity 40670K, committed 40752K, reserved 1085440K
  class space    used 4626K, capacity 4879K, committed 4912K, reserved 1048576K
2018-03-21T05:55:43.841-0500: 680.731: [GC (Allocation Failure) 2018-03-21T05:55:43.841-0500: 680.731: [ParNew
Desired survivor size 20112992 bytes, new threshold 8 (max 8)
- age   1:    2558800 bytes,    2558800 total
- age   2:    2885312 bytes,    5444112 total
- age   3:      90656 bytes,    5534768 total
- age   4:    2920096 bytes,    8454864 total
- age   5:      91040 bytes,    8545904 total
- age   6:     882576 bytes,    9428480 total
: 97619K->9658K(109248K), 0.0111179 secs] 152790K->65305K(502464K), 0.0112378 secs] [Times: user=0.04 sys=0.00, real=0.01 secs] 
Heap after GC invocations=130 (full 1):
 par new generation   total 109248K, used 9658K [0x00000000e0000000, 0x00000000e8000000, 0x00000000e8000000)
  eden space 87424K,   0% used [0x00000000e0000000, 0x00000000e0000000, 0x00000000e5560000)
  from space 21824K,  44% used [0x00000000e5560000, 0x00000000e5ece8d0, 0x00000000e6ab0000)
  to   space 21824K,   0% used [0x00000000e6ab0000, 0x00000000e6ab0000, 0x00000000e8000000)
 concurrent mark-sweep generation total 393216K, used 55646K [0x00000000e8000000, 0x0000000100000000, 0x0000000100000000)
 Metaspace       used 39583K, capacity 40670K, committed 40752K, reserved 1085440K
  class space    used 4626K, capacity 4879K, committed 4912K, reserved 1048576K
}
2018-03-21T05:55:43.852-0500: 680.743: Total time for which application threads were stopped: 0.0114897 seconds, Stopping threads took: 0.0000283 seconds
2018-03-21T05:55:43.852-0500: 680.743: Total time for which application threads were stopped: 0.0001227 seconds, Stopping threads took: 0.0000442 seconds
2018-03-21T05:55:43.852-0500: 680.743: Total time for which application threads were stopped: 0.0000675 seconds, Stopping threads took: 0.0000245 seconds
2018-03-21T05:55:43.853-0500: 680.743: Total time for which application threads were stopped: 0.0000646 seconds, Stopping threads took: 0.0000248 seconds
2018-03-21T05:55:43.853-0500: 680.743: Total time for which application threads were stopped: 0.0000628 seconds, Stopping threads took: 0.0000231 seconds
2018-03-21T05:55:43.853-0500: 680.743: Total time for which application threads were stopped: 0.0000619 seconds, Stopping threads took: 0.0000217 seconds
2018-03-21T05:55:43.853-0500: 680.743: Total time for which application threads were stopped: 0.0000624 seconds, Stopping threads took: 0.0000220 seconds
2018-03-21T05:55:43.853-0500: 680.743: Total time for which application threads were stopped: 0.0000626 seconds, Stopping threads took: 0.0000236 seconds
2018-03-21T05:55:43.853-0500: 680.743: Total time for which application threads were stopped: 0.0000560 seconds, Stopping threads took: 0.0000172 seconds
2018-03-21T05:55:43.853-0500: 680.744: Total time for which application threads were stopped: 0.0000620 seconds, Stopping threads took: 0.0000228 seconds
2018-03-21T05:55:43.853-0500: 680.744: Total time for which application threads were stopped: 0.0000641 seconds, Stopping threads took: 0.0000223 seconds
2018-03-21T05:55:43.853-0500: 680.744: Total time for which application threads were stopped: 0.0000556 seconds, Stopping threads took: 0.0000201 seconds
2018-03-21T05:55:43.853-0500: 680.744: Total time for which application threads were stopped: 0.0000587 seconds, Stopping threads took: 0.0000232 seconds
2018-03-21T05:55:43.853-0500: 680.744: Total time for which application threads were stopped: 0.0000599 seconds, Stopping threads took: 0.0000238 seconds
2018-03-21T05:55:43.853-0500: 680.744: Total time for which application threads were stopped: 0.0000732 seconds, Stopping threads took: 0.0000364 seconds
2018-03-21T05:55:43.854-0500: 680.744: Total time for which application threads were stopped: 0.0000450 seconds, Stopping threads took: 0.0000096 seconds
2018-03-21T05:55:43.854-0500: 680.744: Total time for which application threads were stopped: 0.0000545 seconds, Stopping threads took: 0.0000189 seconds
2018-03-21T05:55:43.854-0500: 680.744: Total time for which application threads were stopped: 0.0000520 seconds, Stopping threads took: 0.0000163 seconds
2018-03-21T05:55:43.854-0500: 680.744: Total time for which application threads were stopped: 0.0000517 seconds, Stopping threads took: 0.0000160 seconds
2018-03-21T05:55:43.854-0500: 680.744: Total time for which application threads were stopped: 0.0000663 seconds, Stopping threads took: 0.0000161 seconds
2018-03-21T05:55:43.854-0500: 680.745: Total time for which application threads were stopped: 0.0001712 seconds, Stopping threads took: 0.0000181 seconds
{Heap before GC invocations=130 (full 1):
 par new generation   total 109248K, used 97082K [0x00000000e0000000, 0x00000000e8000000, 0x00000000e8000000)
  eden space 87424K, 100% used [0x00000000e0000000, 0x00000000e5560000, 0x00000000e5560000)
  from space 21824K,  44% used [0x00000000e5560000, 0x00000000e5ece8d0, 0x00000000e6ab0000)
  to   space 21824K,   0% used [0x00000000e6ab0000, 0x00000000e6ab0000, 0x00000000e8000000)
 concurrent mark-sweep generation total 393216K, used 55646K [0x00000000e8000000, 0x0000000100000000, 0x0000000100000000)
 Metaspace       used 39583K, capacity 40670K, committed 40752K, reserved 1085440K
  class space    used 4626K, capacity 4879K, committed 4912K, reserved 1048576K
2018-03-21T05:55:44.250-0500: 681.141: [GC (Allocation Failure) 2018-03-21T05:55:44.250-0500: 681.141: [ParNew
Desired survivor size 20112992 bytes, new threshold 8 (max 8)
- age   1:    3177160 bytes,    3177160 total
- age   2:    2175032 bytes,    5352192 total
- age   3:    2713472 bytes,    8065664 total
- age   4:      90656 bytes,    8156320 total
- age   5:    2920096 bytes,   11076416 total
- age   6:      91040 bytes,   11167456 total
- age   7:     882576 bytes,   12050032 total
: 97082K->17221K(109248K), 0.0111317 secs] 152729K->72868K(502464K), 0.0111981 secs] [Times: user=0.04 sys=0.00, real=0.01 secs] 
Heap after GC invocations=131 (full 1):
 par new generation   total 109248K, used 17221K [0x00000000e0000000, 0x00000000e8000000, 0x00000000e8000000)
  eden space 87424K,   0% used [0x00000000e0000000, 0x00000000e0000000, 0x00000000e5560000)
  from space 21824K,  78% used [0x00000000e6ab0000, 0x00000000e7b814e0, 0x00000000e8000000)
  to   space 21824K,   0% used [0x00000000e5560000, 0x00000000e5560000, 0x00000000e6ab0000)
 concurrent mark-sweep generation total 393216K, used 55646K [0x00000000e8000000, 0x0000000100000000, 0x0000000100000000)
 Metaspace       used 39583K, capacity 40670K, committed 40752K, reserved 1085440K
  class space    used 4626K, capacity 4879K, committed 4912K, reserved 1048576K
}
2018-03-21T05:55:44.262-0500: 681.152: Total time for which application threads were stopped: 0.0114103 seconds, Stopping threads took: 0.0000222 seconds
2018-03-21T05:55:44.542-0500: 681.433: Total time for which application threads were stopped: 0.0001305 seconds, Stopping threads took: 0.0000257 seconds
2018-03-21T05:55:44.543-0500: 681.433: Total time for which application threads were stopped: 0.0000965 seconds, Stopping threads took: 0.0000383 seconds
2018-03-21T05:55:44.543-0500: 681.433: Total time for which application threads were stopped: 0.0000701 seconds, Stopping threads took: 0.0000127 seconds
{Heap before GC invocations=131 (full 1):
 par new generation   total 109248K, used 104645K [0x00000000e0000000, 0x00000000e8000000, 0x00000000e8000000)
  eden space 87424K, 100% used [0x00000000e0000000, 0x00000000e5560000, 0x00000000e5560000)
  from space 21824K,  78% used [0x00000000e6ab0000, 0x00000000e7b814e0, 0x00000000e8000000)
  to   space 21824K,   0% used [0x00000000e5560000, 0x00000000e5560000, 0x00000000e6ab0000)
 concurrent mark-sweep generation total 393216K, used 55646K [0x00000000e8000000, 0x0000000100000000, 0x0000000100000000)
 Metaspace       used 39583K, capacity 40670K, committed 40752K, reserved 1085440K
  class space    used 4626K, capacity 4879K, committed 4912K, reserved 1048576K
2018-03-21T05:55:44.588-0500: 681.478: [GC (Allocation Failure) 2018-03-21T05:55:44.588-0500: 681.478: [ParNew
Desired survivor size 20112992 bytes, new threshold 8 (max 8)
- age   1:    3950312 bytes,    3950312 total
- age   2:    1766432 bytes,    5716744 total
- age   3:    1537128 bytes,    7253872 total
- age   4:    2713472 bytes,    9967344 total
- age   5:      90656 bytes,   10058000 total
- age   6:    2919616 bytes,   12977616 total
- age   7:      91040 bytes,   13068656 total
- age   8:     882576 bytes,   13951232 total
: 104645K->17653K(109248K), 0.0112434 secs] 160292K->73300K(502464K), 0.0113372 secs] [Times: user=0.04 sys=0.00, real=0.02 secs] 
Heap after GC invocations=132 (full 1):
 par new generation   total 109248K, used 17653K [0x00000000e0000000, 0x00000000e8000000, 0x00000000e8000000)
  eden space 87424K,   0% used [0x00000000e0000000, 0x00000000e0000000, 0x00000000e5560000)
  from space 21824K,  80% used [0x00000000e5560000, 0x00000000e669d580, 0x00000000e6ab0000)
  to   space 21824K,   0% used [0x00000000e6ab0000, 0x00000000e6ab0000, 0x00000000e8000000)
 concurrent mark-sweep generation total 393216K, used 55646K [0x00000000e8000000, 0x0000000100000000, 0x0000000100000000)
 Metaspace       used 39583K, capacity 40670K, committed 40752K, reserved 1085440K
  class space    used 4626K, capacity 4879K, committed 4912K, reserved 1048576K
}
2018-03-21T05:55:44.599-0500: 681.490: Total time for which application threads were stopped: 0.0116321 seconds, Stopping threads took: 0.0000461 seconds
2018-03-21T05:55:44.701-0500: 681.592: Total time for which application threads were stopped: 0.0001727 seconds, Stopping threads took: 0.0000715 seconds
{Heap before GC invocations=132 (full 1):
 par new generation   total 109248K, used 105077K [0x00000000e0000000, 0x00000000e8000000, 0x00000000e8000000)
  eden space 87424K, 100% used [0x00000000e0000000, 0x00000000e5560000, 0x00000000e5560000)
  from space 21824K,  80% used [0x00000000e5560000, 0x00000000e669d580, 0x00000000e6ab0000)
  to   space 21824K,   0% used [0x00000000e6ab0000, 0x00000000e6ab0000, 0x00000000e8000000)
 concurrent mark-sweep generation total 393216K, used 55646K [0x00000000e8000000, 0x0000000100000000, 0x0000000100000000)
 Metaspace       used 39584K, capacity 40670K, committed 40752K, reserved 1085440K
  class space    used 4626K, capacity 4879K, committed 4912K, reserved 1048576K
2018-03-21T05:55:44.912-0500: 681.802: [GC (Allocation Failure) 2018-03-21T05:55:44.912-0500: 681.802: [ParNew
Desired survivor size 20112992 bytes, new threshold 8 (max 8)
- age   1:    2189568 bytes,    2189568 total
- age   2:    1404832 bytes,    3594400 total
- age   3:     304240 bytes,    3898640 total
- age   4:     651144 bytes,    4549784 total
- age   5:    2713456 bytes,    7263240 total
- age   6:      90656 bytes,    7353896 total
- age   7:    2908960 bytes,   10262856 total
- age   8:      91040 bytes,   10353896 total
: 105077K->14837K(109248K), 0.0236807 secs] 160724K->71352K(502464K), 0.0237759 secs] [Times: user=0.08 sys=0.00, real=0.02 secs] 
Heap after GC invocations=133 (full 1):
 par new generation   total 109248K, used 14837K [0x00000000e0000000, 0x00000000e8000000, 0x00000000e8000000)
  eden space 87424K,   0% used [0x00000000e0000000, 0x00000000e0000000, 0x00000000e5560000)
  from space 21824K,  67% used [0x00000000e6ab0000, 0x00000000e792d7e8, 0x00000000e8000000)
  to   space 21824K,   0% used [0x00000000e5560000, 0x00000000e5560000, 0x00000000e6ab0000)
 concurrent mark-sweep generation total 393216K, used 56514K [0x00000000e8000000, 0x0000000100000000, 0x0000000100000000)
 Metaspace       used 39584K, capacity 40670K, committed 40752K, reserved 1085440K
  class space    used 4626K, capacity 4879K, committed 4912K, reserved 1048576K
}
2018-03-21T05:55:44.936-0500: 681.826: Total time for which application threads were stopped: 0.0240497 seconds, Stopping threads took: 0.0000345 seconds
{Heap before GC invocations=133 (full 1):
 par new generation   total 109248K, used 102261K [0x00000000e0000000, 0x00000000e8000000, 0x00000000e8000000)
  eden space 87424K, 100% used [0x00000000e0000000, 0x00000000e5560000, 0x00000000e5560000)
  from space 21824K,  67% used [0x00000000e6ab0000, 0x00000000e792d7e8, 0x00000000e8000000)
  to   space 21824K,   0% used [0x00000000e5560000, 0x00000000e5560000, 0x00000000e6ab0000)
 concurrent mark-sweep generation total 393216K, used 56514K [0x00000000e8000000, 0x0000000100000000, 0x0000000100000000)
 Metaspace       used 39584K, capacity 40670K, committed 40752K, reserved 1085440K
  class space    used 4626K, capacity 4879K, committed 4912K, reserved 1048576K
2018-03-21T05:55:45.416-0500: 682.306: [GC (Allocation Failure) 2018-03-21T05:55:45.416-0500: 682.306: [ParNew
Desired survivor size 20112992 bytes, new threshold 8 (max 8)
- age   1:    3658432 bytes,    3658432 total
- age   2:    1451944 bytes,    5110376 total
- age   3:    1404320 bytes,    6514696 total
- age   4:     304240 bytes,    6818936 total
- age   5:     651144 bytes,    7470080 total
- age   6:    2713456 bytes,   10183536 total
- age   7:      90656 bytes,   10274192 total
- age   8:    2908048 bytes,   13182240 total
: 102261K->15217K(109248K), 0.0115030 secs] 158776K->71822K(502464K), 0.0116274 secs] [Times: user=0.05 sys=0.00, real=0.01 secs] 
Heap after GC invocations=134 (full 1):
 par new generation   total 109248K, used 15217K [0x00000000e0000000, 0x00000000e8000000, 0x00000000e8000000)
  eden space 87424K,   0% used [0x00000000e0000000, 0x00000000e0000000, 0x00000000e5560000)
  from space 21824K,  69% used [0x00000000e5560000, 0x00000000e643c430, 0x00000000e6ab0000)
  to   space 21824K,   0% used [0x00000000e6ab0000, 0x00000000e6ab0000, 0x00000000e8000000)
 concurrent mark-sweep generation total 393216K, used 56605K [0x00000000e8000000, 0x0000000100000000, 0x0000000100000000)
 Metaspace       used 39584K, capacity 40670K, committed 40752K, reserved 1085440K
  class space    used 4626K, capacity 4879K, committed 4912K, reserved 1048576K
}
2018-03-21T05:55:45.427-0500: 682.318: Total time for which application threads were stopped: 0.0118685 seconds, Stopping threads took: 0.0000372 seconds
{Heap before GC invocations=134 (full 1):
 par new generation   total 109248K, used 102641K [0x00000000e0000000, 0x00000000e8000000, 0x00000000e8000000)
  eden space 87424K, 100% used [0x00000000e0000000, 0x00000000e5560000, 0x00000000e5560000)
  from space 21824K,  69% used [0x00000000e5560000, 0x00000000e643c430, 0x00000000e6ab0000)
  to   space 21824K,   0% used [0x00000000e6ab0000, 0x00000000e6ab0000, 0x00000000e8000000)
 concurrent mark-sweep generation total 393216K, used 56605K [0x00000000e8000000, 0x0000000100000000, 0x0000000100000000)
 Metaspace       used 39584K, capacity 40670K, committed 40752K, reserved 1085440K
  class space    used 4626K, capacity 4879K, committed 4912K, reserved 1048576K
2018-03-21T05:55:45.637-0500: 682.527: [GC (Allocation Failure) 2018-03-21T05:55:45.637-0500: 682.527: [ParNew
Desired survivor size 20112992 bytes, new threshold 8 (max 8)
- age   1:    3490472 bytes,    3490472 total
- age   2:    1786928 bytes,    5277400 total
- age   3:    1086824 bytes,    6364224 total
- age   4:     501304 bytes,    6865528 total
- age   5:     304240 bytes,    7169768 total
- age   6:     651112 bytes,    7820880 total
- age   7:    2713456 bytes,   10534336 total
- age   8:      90656 bytes,   10624992 total
: 102641K->13528K(109248K), 0.0149560 secs] 159246K->72983K(502464K), 0.0150254 secs] [Times: user=0.06 sys=0.00, real=0.02 secs] 
Heap after GC invocations=135 (full 1):
 par new generation   total 109248K, used 13528K [0x00000000e0000000, 0x00000000e8000000, 0x00000000e8000000)
  eden space 87424K,   0% used [0x00000000e0000000, 0x00000000e0000000, 0x00000000e5560000)
  from space 21824K,  61% used [0x00000000e6ab0000, 0x00000000e77e6350, 0x00000000e8000000)
  to   space 21824K,   0% used [0x00000000e5560000, 0x00000000e5560000, 0x00000000e6ab0000)
 concurrent mark-sweep generation total 393216K, used 59454K [0x00000000e8000000, 0x0000000100000000, 0x0000000100000000)
 Metaspace       used 39584K, capacity 40670K, committed 40752K, reserved 1085440K
  class space    used 4626K, capacity 4879K, committed 4912K, reserved 1048576K
}
2018-03-21T05:55:45.652-0500: 682.542: Total time for which application threads were stopped: 0.0152737 seconds, Stopping threads took: 0.0000556 seconds
{Heap before GC invocations=135 (full 1):
 par new generation   total 109248K, used 100952K [0x00000000e0000000, 0x00000000e8000000, 0x00000000e8000000)
  eden space 87424K, 100% used [0x00000000e0000000, 0x00000000e5560000, 0x00000000e5560000)
  from space 21824K,  61% used [0x00000000e6ab0000, 0x00000000e77e6350, 0x00000000e8000000)
  to   space 21824K,   0% used [0x00000000e5560000, 0x00000000e5560000, 0x00000000e6ab0000)
 concurrent mark-sweep generation total 393216K, used 59454K [0x00000000e8000000, 0x0000000100000000, 0x0000000100000000)
 Metaspace       used 39586K, capacity 40670K, committed 40752K, reserved 1085440K
  class space    used 4626K, capacity 4879K, committed 4912K, reserved 1048576K
2018-03-21T05:55:46.580-0500: 683.471: [GC (Allocation Failure) 2018-03-21T05:55:46.580-0500: 683.471: [ParNew
Desired survivor size 20112992 bytes, new threshold 8 (max 8)
- age   1:    2517800 bytes,    2517800 total
- age   2:     561408 bytes,    3079208 total
- age   3:     312000 bytes,    3391208 total
- age   4:     255424 bytes,    3646632 total
- age   5:     273832 bytes,    3920464 total
- age   6:     304240 bytes,    4224704 total
- age   7:     649744 bytes,    4874448 total
- age   8:    2684256 bytes,    7558704 total
: 100952K->9895K(109248K), 0.0087668 secs] 160407K->69441K(502464K), 0.0088757 secs] [Times: user=0.03 sys=0.00, real=0.00 secs] 
Heap after GC invocations=136 (full 1):
 par new generation   total 109248K, used 9895K [0x00000000e0000000, 0x00000000e8000000, 0x00000000e8000000)
  eden space 87424K,   0% used [0x00000000e0000000, 0x00000000e0000000, 0x00000000e5560000)
  from space 21824K,  45% used [0x00000000e5560000, 0x00000000e5f09c80, 0x00000000e6ab0000)
  to   space 21824K,   0% used [0x00000000e6ab0000, 0x00000000e6ab0000, 0x00000000e8000000)
 concurrent mark-sweep generation total 393216K, used 59545K [0x00000000e8000000, 0x0000000100000000, 0x0000000100000000)
 Metaspace       used 39586K, capacity 40670K, committed 40752K, reserved 1085440K
  class space    used 4626K, capacity 4879K, committed 4912K, reserved 1048576K
}
2018-03-21T05:55:46.589-0500: 683.480: Total time for which application threads were stopped: 0.0092749 seconds, Stopping threads took: 0.0000298 seconds
2018-03-21T05:55:47.590-0500: 684.480: Total time for which application threads were stopped: 0.0002541 seconds, Stopping threads took: 0.0000564 seconds
2018-03-21T05:55:50.741-0500: 687.632: Total time for which application threads were stopped: 0.0001741 seconds, Stopping threads took: 0.0000635 seconds
2018-03-21T05:55:50.742-0500: 687.633: Total time for which application threads were stopped: 0.0001961 seconds, Stopping threads took: 0.0001025 seconds
2018-03-21T05:55:50.742-0500: 687.633: Total time for which application threads were stopped: 0.0001055 seconds, Stopping threads took: 0.0000473 seconds
2018-03-21T05:55:50.747-0500: 687.637: Total time for which application threads were stopped: 0.0001861 seconds, Stopping threads took: 0.0000690 seconds
2018-03-21T05:55:50.747-0500: 687.637: Total time for which application threads were stopped: 0.0000703 seconds, Stopping threads took: 0.0000115 seconds
2018-03-21T05:55:51.747-0500: 688.638: Total time for which application threads were stopped: 0.0002854 seconds, Stopping threads took: 0.0000514 seconds
2018-03-21T05:55:55.960-0500: 692.850: Total time for which application threads were stopped: 0.0001746 seconds, Stopping threads took: 0.0000497 seconds
2018-03-21T05:55:55.967-0500: 692.858: Total time for which application threads were stopped: 0.0011440 seconds, Stopping threads took: 0.0010558 seconds
2018-03-21T05:55:55.968-0500: 692.858: Total time for which application threads were stopped: 0.0001692 seconds, Stopping threads took: 0.0000805 seconds
2018-03-21T05:55:55.970-0500: 692.860: Total time for which application threads were stopped: 0.0001292 seconds, Stopping threads took: 0.0000436 seconds
2018-03-21T05:55:56.008-0500: 692.898: Total time for which application threads were stopped: 0.0001254 seconds, Stopping threads took: 0.0000260 seconds
2018-03-21T05:55:56.009-0500: 692.900: Total time for which application threads were stopped: 0.0001736 seconds, Stopping threads took: 0.0000881 seconds
2018-03-21T05:55:57.010-0500: 693.900: Total time for which application threads were stopped: 0.0002953 seconds, Stopping threads took: 0.0001038 seconds
2018-03-21T05:55:58.540-0500: 695.431: Total time for which application threads were stopped: 0.0003967 seconds, Stopping threads took: 0.0001472 seconds
2018-03-21T05:55:58.541-0500: 695.432: Total time for which application threads were stopped: 0.0001546 seconds, Stopping threads took: 0.0000519 seconds
2018-03-21T05:55:58.670-0500: 695.560: Total time for which application threads were stopped: 0.0000999 seconds, Stopping threads took: 0.0000206 seconds
2018-03-21T05:55:58.670-0500: 695.561: Total time for which application threads were stopped: 0.0000521 seconds, Stopping threads took: 0.0000100 seconds
2018-03-21T05:55:58.670-0500: 695.561: Total time for which application threads were stopped: 0.0000511 seconds, Stopping threads took: 0.0000087 seconds
2018-03-21T05:55:58.672-0500: 695.562: Total time for which application threads were stopped: 0.0000765 seconds, Stopping threads took: 0.0000176 seconds
2018-03-21T05:55:58.672-0500: 695.562: Total time for which application threads were stopped: 0.0000721 seconds, Stopping threads took: 0.0000153 seconds
2018-03-21T05:55:58.672-0500: 695.562: Total time for which application threads were stopped: 0.0000586 seconds, Stopping threads took: 0.0000105 seconds
2018-03-21T05:55:59.747-0500: 696.637: Total time for which application threads were stopped: 0.0001434 seconds, Stopping threads took: 0.0000416 seconds
2018-03-21T05:55:59.747-0500: 696.637: Total time for which application threads were stopped: 0.0000637 seconds, Stopping threads took: 0.0000151 seconds
2018-03-21T05:55:59.749-0500: 696.639: Total time for which application threads were stopped: 0.0001642 seconds, Stopping threads took: 0.0000652 seconds
2018-03-21T05:55:59.749-0500: 696.640: Total time for which application threads were stopped: 0.0001285 seconds, Stopping threads took: 0.0000675 seconds
2018-03-21T05:56:00.749-0500: 697.640: Total time for which application threads were stopped: 0.0001035 seconds, Stopping threads took: 0.0000232 seconds
2018-03-21T05:56:14.751-0500: 711.642: Total time for which application threads were stopped: 0.0002591 seconds, Stopping threads took: 0.0000551 seconds
2018-03-21T05:56:15.752-0500: 712.642: Total time for which application threads were stopped: 0.0002529 seconds, Stopping threads took: 0.0000564 seconds
2018-03-21T05:56:16.752-0500: 713.643: Total time for which application threads were stopped: 0.0001932 seconds, Stopping threads took: 0.0000419 seconds
2018-03-21T05:56:18.340-0500: 715.231: Total time for which application threads were stopped: 0.0001598 seconds, Stopping threads took: 0.0000259 seconds
2018-03-21T05:56:18.340-0500: 715.231: Total time for which application threads were stopped: 0.0001056 seconds, Stopping threads took: 0.0000172 seconds
2018-03-21T05:56:18.357-0500: 715.248: Total time for which application threads were stopped: 0.0001505 seconds, Stopping threads took: 0.0000492 seconds
2018-03-21T05:56:18.357-0500: 715.248: Total time for which application threads were stopped: 0.0001408 seconds, Stopping threads took: 0.0000411 seconds
2018-03-21T05:56:23.081-0500: 719.971: Total time for which application threads were stopped: 0.0001080 seconds, Stopping threads took: 0.0000213 seconds
2018-03-21T05:56:23.081-0500: 719.972: Total time for which application threads were stopped: 0.0000685 seconds, Stopping threads took: 0.0000123 seconds
2018-03-21T05:56:23.081-0500: 719.972: Total time for which application threads were stopped: 0.0000539 seconds, Stopping threads took: 0.0000095 seconds
{Heap before GC invocations=136 (full 1):
 par new generation   total 109248K, used 97319K [0x00000000e0000000, 0x00000000e8000000, 0x00000000e8000000)
  eden space 87424K, 100% used [0x00000000e0000000, 0x00000000e5560000, 0x00000000e5560000)
  from space 21824K,  45% used [0x00000000e5560000, 0x00000000e5f09c80, 0x00000000e6ab0000)
  to   space 21824K,   0% used [0x00000000e6ab0000, 0x00000000e6ab0000, 0x00000000e8000000)
 concurrent mark-sweep generation total 393216K, used 59545K [0x00000000e8000000, 0x0000000100000000, 0x0000000100000000)
 Metaspace       used 39625K, capacity 40670K, committed 40752K, reserved 1085440K
  class space    used 4626K, capacity 4879K, committed 4912K, reserved 1048576K
2018-03-21T05:56:23.318-0500: 720.208: [GC (Allocation Failure) 2018-03-21T05:56:23.318-0500: 720.208: [ParNew
Desired survivor size 20112992 bytes, new threshold 8 (max 8)
- age   1:    5327496 bytes,    5327496 total
- age   2:     782336 bytes,    6109832 total
- age   3:     163920 bytes,    6273752 total
- age   4:     312000 bytes,    6585752 total
- age   5:     249888 bytes,    6835640 total
- age   6:     272496 bytes,    7108136 total
- age   7:     304240 bytes,    7412376 total
- age   8:     208568 bytes,    7620944 total
: 97319K->8834K(109248K), 0.0128001 secs] 156865K->71005K(502464K), 0.0129149 secs] [Times: user=0.03 sys=0.01, real=0.02 secs] 
Heap after GC invocations=137 (full 1):
 par new generation   total 109248K, used 8834K [0x00000000e0000000, 0x00000000e8000000, 0x00000000e8000000)
  eden space 87424K,   0% used [0x00000000e0000000, 0x00000000e0000000, 0x00000000e5560000)
  from space 21824K,  40% used [0x00000000e6ab0000, 0x00000000e7350a00, 0x00000000e8000000)
  to   space 21824K,   0% used [0x00000000e5560000, 0x00000000e5560000, 0x00000000e6ab0000)
 concurrent mark-sweep generation total 393216K, used 62170K [0x00000000e8000000, 0x0000000100000000, 0x0000000100000000)
 Metaspace       used 39625K, capacity 40670K, committed 40752K, reserved 1085440K
  class space    used 4626K, capacity 4879K, committed 4912K, reserved 1048576K
}
2018-03-21T05:56:23.331-0500: 720.221: Total time for which application threads were stopped: 0.0131466 seconds, Stopping threads took: 0.0000308 seconds
{Heap before GC invocations=137 (full 1):
 par new generation   total 109248K, used 96258K [0x00000000e0000000, 0x00000000e8000000, 0x00000000e8000000)
  eden space 87424K, 100% used [0x00000000e0000000, 0x00000000e5560000, 0x00000000e5560000)
  from space 21824K,  40% used [0x00000000e6ab0000, 0x00000000e7350a00, 0x00000000e8000000)
  to   space 21824K,   0% used [0x00000000e5560000, 0x00000000e5560000, 0x00000000e6ab0000)
 concurrent mark-sweep generation total 393216K, used 62170K [0x00000000e8000000, 0x0000000100000000, 0x0000000100000000)
 Metaspace       used 39625K, capacity 40670K, committed 40752K, reserved 1085440K
  class space    used 4626K, capacity 4879K, committed 4912K, reserved 1048576K
2018-03-21T05:56:23.692-0500: 720.583: [GC (Allocation Failure) 2018-03-21T05:56:23.692-0500: 720.583: [ParNew
Desired survivor size 20112992 bytes, new threshold 8 (max 8)
- age   1:    6293200 bytes,    6293200 total
- age   2:    4248064 bytes,   10541264 total
- age   3:     781424 bytes,   11322688 total
- age   4:     163920 bytes,   11486608 total
- age   5:     312000 bytes,   11798608 total
- age   6:     249888 bytes,   12048496 total
- age   7:     272496 bytes,   12320992 total
- age   8:     304240 bytes,   12625232 total
: 96258K->15043K(109248K), 0.0083018 secs] 158429K->77423K(502464K), 0.0084092 secs] [Times: user=0.03 sys=0.00, real=0.01 secs] 
Heap after GC invocations=138 (full 1):
 par new generation   total 109248K, used 15043K [0x00000000e0000000, 0x00000000e8000000, 0x00000000e8000000)
  eden space 87424K,   0% used [0x00000000e0000000, 0x00000000e0000000, 0x00000000e5560000)
  from space 21824K,  68% used [0x00000000e5560000, 0x00000000e6410ed8, 0x00000000e6ab0000)
  to   space 21824K,   0% used [0x00000000e6ab0000, 0x00000000e6ab0000, 0x00000000e8000000)
 concurrent mark-sweep generation total 393216K, used 62379K [0x00000000e8000000, 0x0000000100000000, 0x0000000100000000)
 Metaspace       used 39625K, capacity 40670K, committed 40752K, reserved 1085440K
  class space    used 4626K, capacity 4879K, committed 4912K, reserved 1048576K
}
2018-03-21T05:56:23.701-0500: 720.591: Total time for which application threads were stopped: 0.0086115 seconds, Stopping threads took: 0.0000209 seconds
{Heap before GC invocations=138 (full 1):
 par new generation   total 109248K, used 102467K [0x00000000e0000000, 0x00000000e8000000, 0x00000000e8000000)
  eden space 87424K, 100% used [0x00000000e0000000, 0x00000000e5560000, 0x00000000e5560000)
  from space 21824K,  68% used [0x00000000e5560000, 0x00000000e6410ed8, 0x00000000e6ab0000)
  to   space 21824K,   0% used [0x00000000e6ab0000, 0x00000000e6ab0000, 0x00000000e8000000)
 concurrent mark-sweep generation total 393216K, used 62379K [0x00000000e8000000, 0x0000000100000000, 0x0000000100000000)
 Metaspace       used 39625K, capacity 40670K, committed 40752K, reserved 1085440K
  class space    used 4626K, capacity 4879K, committed 4912K, reserved 1048576K
2018-03-21T05:56:24.068-0500: 720.959: [GC (Allocation Failure) 2018-03-21T05:56:24.068-0500: 720.959: [ParNew
Desired survivor size 20112992 bytes, new threshold 8 (max 8)
- age   1:    7872952 bytes,    7872952 total
- age   2:    3940688 bytes,   11813640 total
- age   3:    4246232 bytes,   16059872 total
- age   4:     781424 bytes,   16841296 total
- age   5:     163920 bytes,   17005216 total
- age   6:     312000 bytes,   17317216 total
- age   7:     249888 bytes,   17567104 total
- age   8:     272496 bytes,   17839600 total
: 102467K->19107K(109248K), 0.0093631 secs] 164847K->81784K(502464K), 0.0094503 secs] [Times: user=0.03 sys=0.00, real=0.01 secs] 
Heap after GC invocations=139 (full 1):
 par new generation   total 109248K, used 19107K [0x00000000e0000000, 0x00000000e8000000, 0x00000000e8000000)
  eden space 87424K,   0% used [0x00000000e0000000, 0x00000000e0000000, 0x00000000e5560000)
  from space 21824K,  87% used [0x00000000e6ab0000, 0x00000000e7d58db8, 0x00000000e8000000)
  to   space 21824K,   0% used [0x00000000e5560000, 0x00000000e5560000, 0x00000000e6ab0000)
 concurrent mark-sweep generation total 393216K, used 62676K [0x00000000e8000000, 0x0000000100000000, 0x0000000100000000)
 Metaspace       used 39625K, capacity 40670K, committed 40752K, reserved 1085440K
  class space    used 4626K, capacity 4879K, committed 4912K, reserved 1048576K
}
2018-03-21T05:56:24.078-0500: 720.968: Total time for which application threads were stopped: 0.0096308 seconds, Stopping threads took: 0.0000216 seconds
{Heap before GC invocations=139 (full 1):
 par new generation   total 109248K, used 106531K [0x00000000e0000000, 0x00000000e8000000, 0x00000000e8000000)
  eden space 87424K, 100% used [0x00000000e0000000, 0x00000000e5560000, 0x00000000e5560000)
  from space 21824K,  87% used [0x00000000e6ab0000, 0x00000000e7d58db8, 0x00000000e8000000)
  to   space 21824K,   0% used [0x00000000e5560000, 0x00000000e5560000, 0x00000000e6ab0000)
 concurrent mark-sweep generation total 393216K, used 62676K [0x00000000e8000000, 0x0000000100000000, 0x0000000100000000)
 Metaspace       used 39626K, capacity 40670K, committed 40752K, reserved 1085440K
  class space    used 4626K, capacity 4879K, committed 4912K, reserved 1048576K
2018-03-21T05:56:24.254-0500: 721.144: [GC (Allocation Failure) 2018-03-21T05:56:24.254-0500: 721.144: [ParNew
Desired survivor size 20112992 bytes, new threshold 8 (max 8)
- age   1:    3644224 bytes,    3644224 total
- age   2:    5731504 bytes,    9375728 total
- age   3:    2727760 bytes,   12103488 total
- age   4:    2911352 bytes,   15014840 total
- age   5:     781424 bytes,   15796264 total
- age   6:     163896 bytes,   15960160 total
- age   7:     312000 bytes,   16272160 total
- age   8:     249888 bytes,   16522048 total
: 106531K->21824K(109248K), 0.0114521 secs] 169208K->84767K(502464K), 0.0115215 secs] [Times: user=0.04 sys=0.00, real=0.01 secs] 
Heap after GC invocations=140 (full 1):
 par new generation   total 109248K, used 21824K [0x00000000e0000000, 0x00000000e8000000, 0x00000000e8000000)
  eden space 87424K,   0% used [0x00000000e0000000, 0x00000000e0000000, 0x00000000e5560000)
  from space 21824K, 100% used [0x00000000e5560000, 0x00000000e6ab0000, 0x00000000e6ab0000)
  to   space 21824K,   0% used [0x00000000e6ab0000, 0x00000000e6ab0000, 0x00000000e8000000)
 concurrent mark-sweep generation total 393216K, used 62943K [0x00000000e8000000, 0x0000000100000000, 0x0000000100000000)
 Metaspace       used 39626K, capacity 40670K, committed 40752K, reserved 1085440K
  class space    used 4626K, capacity 4879K, committed 4912K, reserved 1048576K
}
2018-03-21T05:56:24.265-0500: 721.156: Total time for which application threads were stopped: 0.0117686 seconds, Stopping threads took: 0.0000748 seconds
2018-03-21T05:56:24.336-0500: 721.226: Total time for which application threads were stopped: 0.0001935 seconds, Stopping threads took: 0.0000640 seconds
{Heap before GC invocations=140 (full 1):
 par new generation   total 109248K, used 109248K [0x00000000e0000000, 0x00000000e8000000, 0x00000000e8000000)
  eden space 87424K, 100% used [0x00000000e0000000, 0x00000000e5560000, 0x00000000e5560000)
  from space 21824K, 100% used [0x00000000e5560000, 0x00000000e6ab0000, 0x00000000e6ab0000)
  to   space 21824K,   0% used [0x00000000e6ab0000, 0x00000000e6ab0000, 0x00000000e8000000)
 concurrent mark-sweep generation total 393216K, used 62943K [0x00000000e8000000, 0x0000000100000000, 0x0000000100000000)
 Metaspace       used 39626K, capacity 40670K, committed 40752K, reserved 1085440K
  class space    used 4626K, capacity 4879K, committed 4912K, reserved 1048576K
2018-03-21T05:56:24.579-0500: 721.469: [GC (Allocation Failure) 2018-03-21T05:56:24.579-0500: 721.469: [ParNew
Desired survivor size 20112992 bytes, new threshold 8 (max 8)
- age   1:    4807104 bytes,    4807104 total
- age   2:    2604456 bytes,    7411560 total
- age   3:     584624 bytes,    7996184 total
- age   4:     588640 bytes,    8584824 total
- age   5:    1353040 bytes,    9937864 total
- age   6:     729104 bytes,   10666968 total
- age   7:     163896 bytes,   10830864 total
- age   8:     312000 bytes,   11142864 total
: 109248K->14998K(109248K), 0.0067806 secs] 172191K->78186K(502464K), 0.0068646 secs] [Times: user=0.03 sys=0.00, real=0.00 secs] 
Heap after GC invocations=141 (full 1):
 par new generation   total 109248K, used 14998K [0x00000000e0000000, 0x00000000e8000000, 0x00000000e8000000)
  eden space 87424K,   0% used [0x00000000e0000000, 0x00000000e0000000, 0x00000000e5560000)
  from space 21824K,  68% used [0x00000000e6ab0000, 0x00000000e7955a00, 0x00000000e8000000)
  to   space 21824K,   0% used [0x00000000e5560000, 0x00000000e5560000, 0x00000000e6ab0000)
 concurrent mark-sweep generation total 393216K, used 63187K [0x00000000e8000000, 0x0000000100000000, 0x0000000100000000)
 Metaspace       used 39626K, capacity 40670K, committed 40752K, reserved 1085440K
  class space    used 4626K, capacity 4879K, committed 4912K, reserved 1048576K
}
2018-03-21T05:56:24.586-0500: 721.476: Total time for which application threads were stopped: 0.0070487 seconds, Stopping threads took: 0.0000220 seconds
{Heap before GC invocations=141 (full 1):
 par new generation   total 109248K, used 102422K [0x00000000e0000000, 0x00000000e8000000, 0x00000000e8000000)
  eden space 87424K, 100% used [0x00000000e0000000, 0x00000000e5560000, 0x00000000e5560000)
  from space 21824K,  68% used [0x00000000e6ab0000, 0x00000000e7955a00, 0x00000000e8000000)
  to   space 21824K,   0% used [0x00000000e5560000, 0x00000000e5560000, 0x00000000e6ab0000)
 concurrent mark-sweep generation total 393216K, used 63187K [0x00000000e8000000, 0x0000000100000000, 0x0000000100000000)
 Metaspace       used 39626K, capacity 40670K, committed 40752K, reserved 1085440K
  class space    used 4626K, capacity 4879K, committed 4912K, reserved 1048576K
2018-03-21T05:56:24.944-0500: 721.835: [GC (Allocation Failure) 2018-03-21T05:56:24.944-0500: 721.835: [ParNew
Desired survivor size 20112992 bytes, new threshold 8 (max 8)
- age   1:    7456216 bytes,    7456216 total
- age   2:    2860496 bytes,   10316712 total
- age   3:    2605936 bytes,   12922648 total
- age   4:     584624 bytes,   13507272 total
- age   5:     588640 bytes,   14095912 total
- age   6:    1352104 bytes,   15448016 total
- age   7:     729104 bytes,   16177120 total
- age   8:     163896 bytes,   16341016 total
: 102422K->19741K(109248K), 0.0092196 secs] 165610K->83233K(502464K), 0.0093223 secs] [Times: user=0.04 sys=0.00, real=0.01 secs] 
Heap after GC invocations=142 (full 1):
 par new generation   total 109248K, used 19741K [0x00000000e0000000, 0x00000000e8000000, 0x00000000e8000000)
  eden space 87424K,   0% used [0x00000000e0000000, 0x00000000e0000000, 0x00000000e5560000)
  from space 21824K,  90% used [0x00000000e5560000, 0x00000000e68a7480, 0x00000000e6ab0000)
  to   space 21824K,   0% used [0x00000000e6ab0000, 0x00000000e6ab0000, 0x00000000e8000000)
 concurrent mark-sweep generation total 393216K, used 63492K [0x00000000e8000000, 0x0000000100000000, 0x0000000100000000)
 Metaspace       used 39626K, capacity 40670K, committed 40752K, reserved 1085440K
  class space    used 4626K, capacity 4879K, committed 4912K, reserved 1048576K
}
2018-03-21T05:56:24.954-0500: 721.844: Total time for which application threads were stopped: 0.0095200 seconds, Stopping threads took: 0.0000222 seconds
{Heap before GC invocations=142 (full 1):
 par new generation   total 109248K, used 107165K [0x00000000e0000000, 0x00000000e8000000, 0x00000000e8000000)
  eden space 87424K, 100% used [0x00000000e0000000, 0x00000000e5560000, 0x00000000e5560000)
  from space 21824K,  90% used [0x00000000e5560000, 0x00000000e68a7480, 0x00000000e6ab0000)
  to   space 21824K,   0% used [0x00000000e6ab0000, 0x00000000e6ab0000, 0x00000000e8000000)
 concurrent mark-sweep generation total 393216K, used 63492K [0x00000000e8000000, 0x0000000100000000, 0x0000000100000000)
 Metaspace       used 39630K, capacity 40674K, committed 40752K, reserved 1085440K
  class space    used 4626K, capacity 4879K, committed 4912K, reserved 1048576K
2018-03-21T05:56:25.221-0500: 722.112: [GC (Allocation Failure) 2018-03-21T05:56:25.221-0500: 722.112: [ParNew
Desired survivor size 20112992 bytes, new threshold 8 (max 8)
- age   1:    5655808 bytes,    5655808 total
- age   2:    4103536 bytes,    9759344 total
- age   3:    2054032 bytes,   11813376 total
- age   4:    1382152 bytes,   13195528 total
- age   5:     584624 bytes,   13780152 total
- age   6:     588640 bytes,   14368792 total
- age   7:    1352072 bytes,   15720864 total
- age   8:     729104 bytes,   16449968 total
: 107165K->21824K(109248K), 0.0092058 secs] 170657K->85476K(502464K), 0.0093004 secs] [Times: user=0.03 sys=0.00, real=0.01 secs] 
Heap after GC invocations=143 (full 1):
 par new generation   total 109248K, used 21824K [0x00000000e0000000, 0x00000000e8000000, 0x00000000e8000000)
  eden space 87424K,   0% used [0x00000000e0000000, 0x00000000e0000000, 0x00000000e5560000)
  from space 21824K, 100% used [0x00000000e6ab0000, 0x00000000e8000000, 0x00000000e8000000)
  to   space 21824K,   0% used [0x00000000e5560000, 0x00000000e5560000, 0x00000000e6ab0000)
 concurrent mark-sweep generation total 393216K, used 63652K [0x00000000e8000000, 0x0000000100000000, 0x0000000100000000)
 Metaspace       used 39630K, capacity 40674K, committed 40752K, reserved 1085440K
  class space    used 4626K, capacity 4879K, committed 4912K, reserved 1048576K
}
2018-03-21T05:56:25.231-0500: 722.121: Total time for which application threads were stopped: 0.0096010 seconds, Stopping threads took: 0.0000551 seconds
2018-03-21T05:56:25.316-0500: 722.207: Total time for which application threads were stopped: 0.0001709 seconds, Stopping threads took: 0.0000618 seconds
2018-03-21T05:56:25.316-0500: 722.207: Total time for which application threads were stopped: 0.0001333 seconds, Stopping threads took: 0.0000727 seconds
{Heap before GC invocations=143 (full 1):
 par new generation   total 109248K, used 109248K [0x00000000e0000000, 0x00000000e8000000, 0x00000000e8000000)
  eden space 87424K, 100% used [0x00000000e0000000, 0x00000000e5560000, 0x00000000e5560000)
  from space 21824K, 100% used [0x00000000e6ab0000, 0x00000000e8000000, 0x00000000e8000000)
  to   space 21824K,   0% used [0x00000000e5560000, 0x00000000e5560000, 0x00000000e6ab0000)
 concurrent mark-sweep generation total 393216K, used 63652K [0x00000000e8000000, 0x0000000100000000, 0x0000000100000000)
 Metaspace       used 39631K, capacity 40674K, committed 40752K, reserved 1085440K
  class space    used 4626K, capacity 4879K, committed 4912K, reserved 1048576K
2018-03-21T05:56:25.362-0500: 722.252: [GC (Allocation Failure) 2018-03-21T05:56:25.362-0500: 722.252: [ParNew
Desired survivor size 20112992 bytes, new threshold 8 (max 8)
- age   1:    2611664 bytes,    2611664 total
- age   2:    2556800 bytes,    5168464 total
- age   3:     574080 bytes,    5742544 total
- age   4:     461408 bytes,    6203952 total
- age   5:     261704 bytes,    6465656 total
- age   6:     584624 bytes,    7050280 total
- age   7:     588640 bytes,    7638920 total
- age   8:     987264 bytes,    8626184 total
: 109248K->14137K(109248K), 0.0059972 secs] 172900K->78021K(502464K), 0.0061049 secs] [Times: user=0.03 sys=0.00, real=0.00 secs] 
Heap after GC invocations=144 (full 1):
 par new generation   total 109248K, used 14137K [0x00000000e0000000, 0x00000000e8000000, 0x00000000e8000000)
  eden space 87424K,   0% used [0x00000000e0000000, 0x00000000e0000000, 0x00000000e5560000)
  from space 21824K,  64% used [0x00000000e5560000, 0x00000000e632e7e0, 0x00000000e6ab0000)
  to   space 21824K,   0% used [0x00000000e6ab0000, 0x00000000e6ab0000, 0x00000000e8000000)
 concurrent mark-sweep generation total 393216K, used 63883K [0x00000000e8000000, 0x0000000100000000, 0x0000000100000000)
 Metaspace       used 39631K, capacity 40674K, committed 40752K, reserved 1085440K
  class space    used 4626K, capacity 4879K, committed 4912K, reserved 1048576K
}
2018-03-21T05:56:25.368-0500: 722.258: Total time for which application threads were stopped: 0.0063388 seconds, Stopping threads took: 0.0000293 seconds
{Heap before GC invocations=144 (full 1):
 par new generation   total 109248K, used 101561K [0x00000000e0000000, 0x00000000e8000000, 0x00000000e8000000)
  eden space 87424K, 100% used [0x00000000e0000000, 0x00000000e5560000, 0x00000000e5560000)
  from space 21824K,  64% used [0x00000000e5560000, 0x00000000e632e7e0, 0x00000000e6ab0000)
  to   space 21824K,   0% used [0x00000000e6ab0000, 0x00000000e6ab0000, 0x00000000e8000000)
 concurrent mark-sweep generation total 393216K, used 63883K [0x00000000e8000000, 0x0000000100000000, 0x0000000100000000)
 Metaspace       used 39631K, capacity 40674K, committed 40752K, reserved 1085440K
  class space    used 4626K, capacity 4879K, committed 4912K, reserved 1048576K
2018-03-21T05:56:25.729-0500: 722.620: [GC (Allocation Failure) 2018-03-21T05:56:25.729-0500: 722.620: [ParNew
Desired survivor size 20112992 bytes, new threshold 8 (max 8)
- age   1:    6428768 bytes,    6428768 total
- age   2:    1476744 bytes,    7905512 total
- age   3:    2488776 bytes,   10394288 total
- age   4:     574080 bytes,   10968368 total
- age   5:     460496 bytes,   11428864 total
- age   6:     261704 bytes,   11690568 total
- age   7:     584624 bytes,   12275192 total
- age   8:     588640 bytes,   12863832 total
: 101561K->14502K(109248K), 0.0105564 secs] 165445K->79352K(502464K), 0.0106751 secs] [Times: user=0.03 sys=0.01, real=0.02 secs] 
Heap after GC invocations=145 (full 1):
 par new generation   total 109248K, used 14502K [0x00000000e0000000, 0x00000000e8000000, 0x00000000e8000000)
  eden space 87424K,   0% used [0x00000000e0000000, 0x00000000e0000000, 0x00000000e5560000)
  from space 21824K,  66% used [0x00000000e6ab0000, 0x00000000e78d9a10, 0x00000000e8000000)
  to   space 21824K,   0% used [0x00000000e5560000, 0x00000000e5560000, 0x00000000e6ab0000)
 concurrent mark-sweep generation total 393216K, used 64849K [0x00000000e8000000, 0x0000000100000000, 0x0000000100000000)
 Metaspace       used 39631K, capacity 40674K, committed 40752K, reserved 1085440K
  class space    used 4626K, capacity 4879K, committed 4912K, reserved 1048576K
}
2018-03-21T05:56:25.740-0500: 722.630: Total time for which application threads were stopped: 0.0109728 seconds, Stopping threads took: 0.0000278 seconds
{Heap before GC invocations=145 (full 1):
 par new generation   total 109248K, used 101926K [0x00000000e0000000, 0x00000000e8000000, 0x00000000e8000000)
  eden space 87424K, 100% used [0x00000000e0000000, 0x00000000e5560000, 0x00000000e5560000)
  from space 21824K,  66% used [0x00000000e6ab0000, 0x00000000e78d9a10, 0x00000000e8000000)
  to   space 21824K,   0% used [0x00000000e5560000, 0x00000000e5560000, 0x00000000e6ab0000)
 concurrent mark-sweep generation total 393216K, used 64849K [0x00000000e8000000, 0x0000000100000000, 0x0000000100000000)
 Metaspace       used 39632K, capacity 40674K, committed 40752K, reserved 1085440K
  class space    used 4626K, capacity 4879K, committed 4912K, reserved 1048576K
2018-03-21T05:56:26.115-0500: 723.006: [GC (Allocation Failure) 2018-03-21T05:56:26.115-0500: 723.006: [ParNew
Desired survivor size 20112992 bytes, new threshold 8 (max 8)
- age   1:    8191480 bytes,    8191480 total
- age   2:    3927456 bytes,   12118936 total
- age   3:    1413808 bytes,   13532744 total
- age   4:    2315864 bytes,   15848608 total
- age   5:     574080 bytes,   16422688 total
- age   6:     460464 bytes,   16883152 total
- age   7:     261704 bytes,   17144856 total
- age   8:     584624 bytes,   17729480 total
: 101926K->21074K(109248K), 0.0141776 secs] 166776K->86499K(502464K), 0.0142505 secs] [Times: user=0.04 sys=0.00, real=0.01 secs] 
Heap after GC invocations=146 (full 1):
 par new generation   total 109248K, used 21074K [0x00000000e0000000, 0x00000000e8000000, 0x00000000e8000000)
  eden space 87424K,   0% used [0x00000000e0000000, 0x00000000e0000000, 0x00000000e5560000)
  from space 21824K,  96% used [0x00000000e5560000, 0x00000000e69f4ac0, 0x00000000e6ab0000)
  to   space 21824K,   0% used [0x00000000e6ab0000, 0x00000000e6ab0000, 0x00000000e8000000)
 concurrent mark-sweep generation total 393216K, used 65424K [0x00000000e8000000, 0x0000000100000000, 0x0000000100000000)
 Metaspace       used 39632K, capacity 40674K, committed 40752K, reserved 1085440K
  class space    used 4626K, capacity 4879K, committed 4912K, reserved 1048576K
}
2018-03-21T05:56:26.130-0500: 723.020: Total time for which application threads were stopped: 0.0144857 seconds, Stopping threads took: 0.0000555 seconds
{Heap before GC invocations=146 (full 1):
 par new generation   total 109248K, used 108498K [0x00000000e0000000, 0x00000000e8000000, 0x00000000e8000000)
  eden space 87424K, 100% used [0x00000000e0000000, 0x00000000e5560000, 0x00000000e5560000)
  from space 21824K,  96% used [0x00000000e5560000, 0x00000000e69f4ac0, 0x00000000e6ab0000)
  to   space 21824K,   0% used [0x00000000e6ab0000, 0x00000000e6ab0000, 0x00000000e8000000)
 concurrent mark-sweep generation total 393216K, used 65424K [0x00000000e8000000, 0x0000000100000000, 0x0000000100000000)
 Metaspace       used 39632K, capacity 40674K, committed 40752K, reserved 1085440K
  class space    used 4626K, capacity 4879K, committed 4912K, reserved 1048576K
2018-03-21T05:56:26.288-0500: 723.179: [GC (Allocation Failure) 2018-03-21T05:56:26.288-0500: 723.179: [ParNew
Desired survivor size 20112992 bytes, new threshold 8 (max 8)
- age   1:    2302864 bytes,    2302864 total
- age   2:    6215080 bytes,    8517944 total
- age   3:    2951720 bytes,   11469664 total
- age   4:    1116688 bytes,   12586352 total
- age   5:    1321272 bytes,   13907624 total
- age   6:     574080 bytes,   14481704 total
- age   7:     460464 bytes,   14942168 total
- age   8:     261704 bytes,   15203872 total
: 108498K->21824K(109248K), 0.0095634 secs] 173923K->87819K(502464K), 0.0096507 secs] [Times: user=0.02 sys=0.00, real=0.02 secs] 
Heap after GC invocations=147 (full 1):
 par new generation   total 109248K, used 21824K [0x00000000e0000000, 0x00000000e8000000, 0x00000000e8000000)
  eden space 87424K,   0% used [0x00000000e0000000, 0x00000000e0000000, 0x00000000e5560000)
  from space 21824K, 100% used [0x00000000e6ab0000, 0x00000000e8000000, 0x00000000e8000000)
  to   space 21824K,   0% used [0x00000000e5560000, 0x00000000e5560000, 0x00000000e6ab0000)
 concurrent mark-sweep generation total 393216K, used 65995K [0x00000000e8000000, 0x0000000100000000, 0x0000000100000000)
 Metaspace       used 39632K, capacity 40674K, committed 40752K, reserved 1085440K
  class space    used 4626K, capacity 4879K, committed 4912K, reserved 1048576K
}
2018-03-21T05:56:26.298-0500: 723.189: Total time for which application threads were stopped: 0.0098778 seconds, Stopping threads took: 0.0000482 seconds
2018-03-21T05:56:27.298-0500: 724.189: Total time for which application threads were stopped: 0.0002648 seconds, Stopping threads took: 0.0000896 seconds
2018-03-21T05:56:30.091-0500: 726.982: Total time for which application threads were stopped: 0.0001805 seconds, Stopping threads took: 0.0000818 seconds
2018-03-21T05:56:30.095-0500: 726.986: Total time for which application threads were stopped: 0.0001768 seconds, Stopping threads took: 0.0000554 seconds
2018-03-21T05:56:30.095-0500: 726.986: Total time for which application threads were stopped: 0.0001058 seconds, Stopping threads took: 0.0000312 seconds
2018-03-21T05:56:30.100-0500: 726.990: Total time for which application threads were stopped: 0.0001377 seconds, Stopping threads took: 0.0000439 seconds
2018-03-21T05:56:30.100-0500: 726.991: Total time for which application threads were stopped: 0.0000709 seconds, Stopping threads took: 0.0000137 seconds
2018-03-21T05:56:30.111-0500: 727.001: Total time for which application threads were stopped: 0.0001504 seconds, Stopping threads took: 0.0000290 seconds
2018-03-21T05:56:30.111-0500: 727.002: Total time for which application threads were stopped: 0.0001010 seconds, Stopping threads took: 0.0000204 seconds
{Heap before GC invocations=147 (full 1):
 par new generation   total 109248K, used 109248K [0x00000000e0000000, 0x00000000e8000000, 0x00000000e8000000)
  eden space 87424K, 100% used [0x00000000e0000000, 0x00000000e5560000, 0x00000000e5560000)
  from space 21824K, 100% used [0x00000000e6ab0000, 0x00000000e8000000, 0x00000000e8000000)
  to   space 21824K,   0% used [0x00000000e5560000, 0x00000000e5560000, 0x00000000e6ab0000)
 concurrent mark-sweep generation total 393216K, used 65995K [0x00000000e8000000, 0x0000000100000000, 0x0000000100000000)
 Metaspace       used 39649K, capacity 40674K, committed 40752K, reserved 1085440K
  class space    used 4626K, capacity 4879K, committed 4912K, reserved 1048576K
2018-03-21T05:56:30.111-0500: 727.002: [GC (Allocation Failure) 2018-03-21T05:56:30.111-0500: 727.002: [ParNew
Desired survivor size 20112992 bytes, new threshold 8 (max 8)
- age   1:    1594416 bytes,    1594416 total
- age   2:     227800 bytes,    1822216 total
- age   3:     584392 bytes,    2406608 total
- age   4:     579280 bytes,    2985888 total
- age   5:     274368 bytes,    3260256 total
- age   6:     425320 bytes,    3685576 total
- age   7:     574080 bytes,    4259656 total
- age   8:     459584 bytes,    4719240 total
: 109248K->11838K(109248K), 0.0235555 secs] 175243K->78089K(502464K), 0.0236423 secs] [Times: user=0.05 sys=0.00, real=0.02 secs] 
Heap after GC invocations=148 (full 1):
 par new generation   total 109248K, used 11838K [0x00000000e0000000, 0x00000000e8000000, 0x00000000e8000000)
  eden space 87424K,   0% used [0x00000000e0000000, 0x00000000e0000000, 0x00000000e5560000)
  from space 21824K,  54% used [0x00000000e5560000, 0x00000000e60ef948, 0x00000000e6ab0000)
  to   space 21824K,   0% used [0x00000000e6ab0000, 0x00000000e6ab0000, 0x00000000e8000000)
 concurrent mark-sweep generation total 393216K, used 66250K [0x00000000e8000000, 0x0000000100000000, 0x0000000100000000)
 Metaspace       used 39649K, capacity 40674K, committed 40752K, reserved 1085440K
  class space    used 4626K, capacity 4879K, committed 4912K, reserved 1048576K
}
2018-03-21T05:56:30.135-0500: 727.025: Total time for which application threads were stopped: 0.0238111 seconds, Stopping threads took: 0.0000133 seconds
2018-03-21T05:56:30.136-0500: 727.026: Total time for which application threads were stopped: 0.0005701 seconds, Stopping threads took: 0.0004353 seconds
2018-03-21T05:56:30.137-0500: 727.028: Total time for which application threads were stopped: 0.0001167 seconds, Stopping threads took: 0.0000465 seconds
2018-03-21T05:56:31.137-0500: 728.028: Total time for which application threads were stopped: 0.0002506 seconds, Stopping threads took: 0.0000576 seconds
2018-03-21T05:56:34.297-0500: 731.187: Total time for which application threads were stopped: 0.0001342 seconds, Stopping threads took: 0.0000349 seconds
2018-03-21T05:56:34.298-0500: 731.188: Total time for which application threads were stopped: 0.0002378 seconds, Stopping threads took: 0.0000492 seconds
{Heap before GC invocations=148 (full 1):
 par new generation   total 109248K, used 99261K [0x00000000e0000000, 0x00000000e8000000, 0x00000000e8000000)
  eden space 87424K,  99% used [0x00000000e0000000, 0x00000000e555fb60, 0x00000000e5560000)
  from space 21824K,  54% used [0x00000000e5560000, 0x00000000e60ef948, 0x00000000e6ab0000)
  to   space 21824K,   0% used [0x00000000e6ab0000, 0x00000000e6ab0000, 0x00000000e8000000)
 concurrent mark-sweep generation total 393216K, used 66250K [0x00000000e8000000, 0x0000000100000000, 0x0000000100000000)
 Metaspace       used 39650K, capacity 40674K, committed 40752K, reserved 1085440K
  class space    used 4626K, capacity 4879K, committed 4912K, reserved 1048576K
2018-03-21T05:56:34.499-0500: 731.390: [GC (Allocation Failure) 2018-03-21T05:56:34.499-0500: 731.390: [ParNew
Desired survivor size 20112992 bytes, new threshold 8 (max 8)
- age   1:     235008 bytes,     235008 total
- age   2:    1583240 bytes,    1818248 total
- age   3:     227800 bytes,    2046048 total
- age   4:     584320 bytes,    2630368 total
- age   5:     579280 bytes,    3209648 total
- age   6:     273456 bytes,    3483104 total
- age   7:     425320 bytes,    3908424 total
- age   8:     574080 bytes,    4482504 total
: 99261K->6882K(109248K), 0.0050139 secs] 165512K->73582K(502464K), 0.0050980 secs] [Times: user=0.02 sys=0.00, real=0.00 secs] 
Heap after GC invocations=149 (full 1):
 par new generation   total 109248K, used 6882K [0x00000000e0000000, 0x00000000e8000000, 0x00000000e8000000)
  eden space 87424K,   0% used [0x00000000e0000000, 0x00000000e0000000, 0x00000000e5560000)
  from space 21824K,  31% used [0x00000000e6ab0000, 0x00000000e7168a70, 0x00000000e8000000)
  to   space 21824K,   0% used [0x00000000e5560000, 0x00000000e5560000, 0x00000000e6ab0000)
 concurrent mark-sweep generation total 393216K, used 66700K [0x00000000e8000000, 0x0000000100000000, 0x0000000100000000)
 Metaspace       used 39650K, capacity 40674K, committed 40752K, reserved 1085440K
  class space    used 4626K, capacity 4879K, committed 4912K, reserved 1048576K
}
2018-03-21T05:56:34.504-0500: 731.395: Total time for which application threads were stopped: 0.0053101 seconds, Stopping threads took: 0.0000245 seconds
{Heap before GC invocations=149 (full 1):
 par new generation   total 109248K, used 94028K [0x00000000e0000000, 0x00000000e8000000, 0x00000000e8000000)
  eden space 87424K,  99% used [0x00000000e0000000, 0x00000000e551a7b8, 0x00000000e5560000)
  from space 21824K,  31% used [0x00000000e6ab0000, 0x00000000e7168a70, 0x00000000e8000000)
  to   space 21824K,   0% used [0x00000000e5560000, 0x00000000e5560000, 0x00000000e6ab0000)
 concurrent mark-sweep generation total 393216K, used 66700K [0x00000000e8000000, 0x0000000100000000, 0x0000000100000000)
 Metaspace       used 39650K, capacity 40674K, committed 40752K, reserved 1085440K
  class space    used 4626K, capacity 4879K, committed 4912K, reserved 1048576K
2018-03-21T05:56:34.782-0500: 731.673: [GC (Allocation Failure) 2018-03-21T05:56:34.782-0500: 731.673: [ParNew
Desired survivor size 20112992 bytes, new threshold 8 (max 8)
- age   1:     171720 bytes,     171720 total
- age   2:      80136 bytes,     251856 total
- age   3:    1583240 bytes,    1835096 total
- age   4:     227800 bytes,    2062896 total
- age   5:     584320 bytes,    2647216 total
- age   6:     579280 bytes,    3226496 total
- age   7:     273456 bytes,    3499952 total
- age   8:     425320 bytes,    3925272 total
: 94028K->4647K(109248K), 0.0103089 secs] 160728K->71908K(502464K), 0.0103888 secs] [Times: user=0.03 sys=0.00, real=0.01 secs] 
Heap after GC invocations=150 (full 1):
 par new generation   total 109248K, used 4647K [0x00000000e0000000, 0x00000000e8000000, 0x00000000e8000000)
  eden space 87424K,   0% used [0x00000000e0000000, 0x00000000e0000000, 0x00000000e5560000)
  from space 21824K,  21% used [0x00000000e5560000, 0x00000000e59e9ef0, 0x00000000e6ab0000)
  to   space 21824K,   0% used [0x00000000e6ab0000, 0x00000000e6ab0000, 0x00000000e8000000)
 concurrent mark-sweep generation total 393216K, used 67260K [0x00000000e8000000, 0x0000000100000000, 0x0000000100000000)
 Metaspace       used 39650K, capacity 40674K, committed 40752K, reserved 1085440K
  class space    used 4626K, capacity 4879K, committed 4912K, reserved 1048576K
}
2018-03-21T05:56:34.793-0500: 731.683: Total time for which application threads were stopped: 0.0105944 seconds, Stopping threads took: 0.0000268 seconds
2018-03-21T05:56:35.101-0500: 731.991: Total time for which application threads were stopped: 0.0001209 seconds, Stopping threads took: 0.0000209 seconds
2018-03-21T05:56:35.101-0500: 731.992: Total time for which application threads were stopped: 0.0000527 seconds, Stopping threads took: 0.0000107 seconds
2018-03-21T05:56:35.209-0500: 732.100: Total time for which application threads were stopped: 0.0001351 seconds, Stopping threads took: 0.0000294 seconds
2018-03-21T05:56:35.213-0500: 732.103: Total time for which application threads were stopped: 0.0001882 seconds, Stopping threads took: 0.0000640 seconds
2018-03-21T05:56:35.213-0500: 732.104: Total time for which application threads were stopped: 0.0002284 seconds, Stopping threads took: 0.0000466 seconds
2018-03-21T05:56:35.214-0500: 732.104: Total time for which application threads were stopped: 0.0005487 seconds, Stopping threads took: 0.0000964 seconds
2018-03-21T05:56:35.214-0500: 732.105: Total time for which application threads were stopped: 0.0001851 seconds, Stopping threads took: 0.0000363 seconds
2018-03-21T05:56:35.215-0500: 732.106: Total time for which application threads were stopped: 0.0001073 seconds, Stopping threads took: 0.0000217 seconds
2018-03-21T05:56:35.215-0500: 732.106: Total time for which application threads were stopped: 0.0000699 seconds, Stopping threads took: 0.0000127 seconds
2018-03-21T05:56:35.216-0500: 732.106: Total time for which application threads were stopped: 0.0001520 seconds, Stopping threads took: 0.0000356 seconds
2018-03-21T05:56:35.216-0500: 732.107: Total time for which application threads were stopped: 0.0001479 seconds, Stopping threads took: 0.0000352 seconds
2018-03-21T05:56:35.217-0500: 732.107: Total time for which application threads were stopped: 0.0001316 seconds, Stopping threads took: 0.0000234 seconds
2018-03-21T05:56:35.243-0500: 732.134: Total time for which application threads were stopped: 0.0001430 seconds, Stopping threads took: 0.0000309 seconds
2018-03-21T05:56:35.243-0500: 732.134: Total time for which application threads were stopped: 0.0000828 seconds, Stopping threads took: 0.0000124 seconds
2018-03-21T05:56:35.248-0500: 732.139: Total time for which application threads were stopped: 0.0001749 seconds, Stopping threads took: 0.0000520 seconds
2018-03-21T05:56:35.249-0500: 732.139: Total time for which application threads were stopped: 0.0001127 seconds, Stopping threads took: 0.0000445 seconds
2018-03-21T05:56:36.249-0500: 733.139: Total time for which application threads were stopped: 0.0002351 seconds, Stopping threads took: 0.0000555 seconds
2018-03-21T05:56:43.087-0500: 739.977: Total time for which application threads were stopped: 0.0001534 seconds, Stopping threads took: 0.0000294 seconds
2018-03-21T05:56:43.087-0500: 739.977: Total time for which application threads were stopped: 0.0000863 seconds, Stopping threads took: 0.0000162 seconds
2018-03-21T05:56:43.089-0500: 739.979: Total time for which application threads were stopped: 0.0001315 seconds, Stopping threads took: 0.0000233 seconds
2018-03-21T05:56:43.091-0500: 739.981: Total time for which application threads were stopped: 0.0001062 seconds, Stopping threads took: 0.0000388 seconds
2018-03-21T05:56:43.091-0500: 739.981: Total time for which application threads were stopped: 0.0000555 seconds, Stopping threads took: 0.0000105 seconds
2018-03-21T05:56:43.118-0500: 740.009: Total time for which application threads were stopped: 0.0001774 seconds, Stopping threads took: 0.0000459 seconds
2018-03-21T05:56:43.118-0500: 740.009: Total time for which application threads were stopped: 0.0000995 seconds, Stopping threads took: 0.0000153 seconds
2018-03-21T05:56:43.118-0500: 740.009: Total time for which application threads were stopped: 0.0000932 seconds, Stopping threads took: 0.0000135 seconds
2018-03-21T05:56:43.119-0500: 740.009: Total time for which application threads were stopped: 0.0000917 seconds, Stopping threads took: 0.0000278 seconds
2018-03-21T05:56:43.119-0500: 740.009: Total time for which application threads were stopped: 0.0001074 seconds, Stopping threads took: 0.0000328 seconds
2018-03-21T05:56:43.129-0500: 740.020: Total time for which application threads were stopped: 0.0001661 seconds, Stopping threads took: 0.0000451 seconds
2018-03-21T05:56:43.130-0500: 740.020: Total time for which application threads were stopped: 0.0000847 seconds, Stopping threads took: 0.0000312 seconds
2018-03-21T05:56:44.803-0500: 741.693: Total time for which application threads were stopped: 0.0091857 seconds, Stopping threads took: 0.0090372 seconds
2018-03-21T05:56:44.803-0500: 741.693: Total time for which application threads were stopped: 0.0000866 seconds, Stopping threads took: 0.0000124 seconds
2018-03-21T05:56:44.806-0500: 741.697: Total time for which application threads were stopped: 0.0007481 seconds, Stopping threads took: 0.0006285 seconds
2018-03-21T05:56:44.806-0500: 741.697: Total time for which application threads were stopped: 0.0000829 seconds, Stopping threads took: 0.0000136 seconds
2018-03-21T05:56:50.807-0500: 747.698: Total time for which application threads were stopped: 0.0001574 seconds, Stopping threads took: 0.0000620 seconds
2018-03-21T05:56:50.842-0500: 747.732: Total time for which application threads were stopped: 0.0001381 seconds, Stopping threads took: 0.0000274 seconds
2018-03-21T05:56:50.842-0500: 747.732: Total time for which application threads were stopped: 0.0000464 seconds, Stopping threads took: 0.0000083 seconds
2018-03-21T05:56:50.842-0500: 747.733: Total time for which application threads were stopped: 0.0001715 seconds, Stopping threads took: 0.0001299 seconds
2018-03-21T05:56:50.842-0500: 747.733: Total time for which application threads were stopped: 0.0000468 seconds, Stopping threads took: 0.0000091 seconds
2018-03-21T05:56:50.844-0500: 747.734: Total time for which application threads were stopped: 0.0001579 seconds, Stopping threads took: 0.0000532 seconds
{Heap before GC invocations=150 (full 1):
 par new generation   total 109248K, used 92071K [0x00000000e0000000, 0x00000000e8000000, 0x00000000e8000000)
  eden space 87424K, 100% used [0x00000000e0000000, 0x00000000e5560000, 0x00000000e5560000)
  from space 21824K,  21% used [0x00000000e5560000, 0x00000000e59e9ef0, 0x00000000e6ab0000)
  to   space 21824K,   0% used [0x00000000e6ab0000, 0x00000000e6ab0000, 0x00000000e8000000)
 concurrent mark-sweep generation total 393216K, used 67260K [0x00000000e8000000, 0x0000000100000000, 0x0000000100000000)
 Metaspace       used 39708K, capacity 40738K, committed 40900K, reserved 1085440K
  class space    used 4626K, capacity 4879K, committed 4912K, reserved 1048576K
2018-03-21T05:56:51.050-0500: 747.940: [GC (Allocation Failure) 2018-03-21T05:56:51.050-0500: 747.940: [ParNew
Desired survivor size 20112992 bytes, new threshold 8 (max 8)
- age   1:    2758936 bytes,    2758936 total
- age   2:         72 bytes,    2759008 total
- age   3:      11656 bytes,    2770664 total
- age   4:     538912 bytes,    3309576 total
- age   6:        376 bytes,    3309952 total
- age   8:       3192 bytes,    3313144 total
: 92071K->5009K(109248K), 0.0058605 secs] 159332K->72482K(502464K), 0.0059834 secs] [Times: user=0.01 sys=0.01, real=0.01 secs] 
Heap after GC invocations=151 (full 1):
 par new generation   total 109248K, used 5009K [0x00000000e0000000, 0x00000000e8000000, 0x00000000e8000000)
  eden space 87424K,   0% used [0x00000000e0000000, 0x00000000e0000000, 0x00000000e5560000)
  from space 21824K,  22% used [0x00000000e6ab0000, 0x00000000e6f94680, 0x00000000e8000000)
  to   space 21824K,   0% used [0x00000000e5560000, 0x00000000e5560000, 0x00000000e6ab0000)
 concurrent mark-sweep generation total 393216K, used 67472K [0x00000000e8000000, 0x0000000100000000, 0x0000000100000000)
 Metaspace       used 39708K, capacity 40738K, committed 40900K, reserved 1085440K
  class space    used 4626K, capacity 4879K, committed 4912K, reserved 1048576K
}
2018-03-21T05:56:51.056-0500: 747.946: Total time for which application threads were stopped: 0.0062424 seconds, Stopping threads took: 0.0000318 seconds
2018-03-21T05:56:51.056-0500: 747.946: Total time for which application threads were stopped: 0.0002276 seconds, Stopping threads took: 0.0000340 seconds
{Heap before GC invocations=151 (full 1):
 par new generation   total 109248K, used 92433K [0x00000000e0000000, 0x00000000e8000000, 0x00000000e8000000)
  eden space 87424K, 100% used [0x00000000e0000000, 0x00000000e5560000, 0x00000000e5560000)
  from space 21824K,  22% used [0x00000000e6ab0000, 0x00000000e6f94680, 0x00000000e8000000)
  to   space 21824K,   0% used [0x00000000e5560000, 0x00000000e5560000, 0x00000000e6ab0000)
 concurrent mark-sweep generation total 393216K, used 67472K [0x00000000e8000000, 0x0000000100000000, 0x0000000100000000)
 Metaspace       used 39716K, capacity 40738K, committed 40900K, reserved 1085440K
  class space    used 4627K, capacity 4879K, committed 4912K, reserved 1048576K
2018-03-21T05:56:51.597-0500: 748.488: [GC (Allocation Failure) 2018-03-21T05:56:51.597-0500: 748.488: [ParNew
Desired survivor size 20112992 bytes, new threshold 8 (max 8)
- age   1:    3942424 bytes,    3942424 total
- age   2:    2410960 bytes,    6353384 total
- age   3:         72 bytes,    6353456 total
- age   4:      11520 bytes,    6364976 total
- age   5:     538000 bytes,    6902976 total
- age   7:        376 bytes,    6903352 total
: 92433K->7525K(109248K), 0.0062031 secs] 159906K->75001K(502464K), 0.0062790 secs] [Times: user=0.02 sys=0.00, real=0.01 secs] 
Heap after GC invocations=152 (full 1):
 par new generation   total 109248K, used 7525K [0x00000000e0000000, 0x00000000e8000000, 0x00000000e8000000)
  eden space 87424K,   0% used [0x00000000e0000000, 0x00000000e0000000, 0x00000000e5560000)
  from space 21824K,  34% used [0x00000000e5560000, 0x00000000e5cb94b0, 0x00000000e6ab0000)
  to   space 21824K,   0% used [0x00000000e6ab0000, 0x00000000e6ab0000, 0x00000000e8000000)
 concurrent mark-sweep generation total 393216K, used 67475K [0x00000000e8000000, 0x0000000100000000, 0x0000000100000000)
 Metaspace       used 39716K, capacity 40738K, committed 40900K, reserved 1085440K
  class space    used 4627K, capacity 4879K, committed 4912K, reserved 1048576K
}
2018-03-21T05:56:51.603-0500: 748.494: Total time for which application threads were stopped: 0.0065076 seconds, Stopping threads took: 0.0000219 seconds
2018-03-21T05:56:51.845-0500: 748.735: Total time for which application threads were stopped: 0.0001922 seconds, Stopping threads took: 0.0000483 seconds
2018-03-21T05:56:51.845-0500: 748.736: Total time for which application threads were stopped: 0.0001366 seconds, Stopping threads took: 0.0000548 seconds
2018-03-21T05:56:51.846-0500: 748.736: Total time for which application threads were stopped: 0.0001054 seconds, Stopping threads took: 0.0000255 seconds
2018-03-21T05:56:51.851-0500: 748.742: Total time for which application threads were stopped: 0.0001941 seconds, Stopping threads took: 0.0000492 seconds
{Heap before GC invocations=152 (full 1):
 par new generation   total 109248K, used 94942K [0x00000000e0000000, 0x00000000e8000000, 0x00000000e8000000)
  eden space 87424K,  99% used [0x00000000e0000000, 0x00000000e555e508, 0x00000000e5560000)
  from space 21824K,  34% used [0x00000000e5560000, 0x00000000e5cb94b0, 0x00000000e6ab0000)
  to   space 21824K,   0% used [0x00000000e6ab0000, 0x00000000e6ab0000, 0x00000000e8000000)
 concurrent mark-sweep generation total 393216K, used 67475K [0x00000000e8000000, 0x0000000100000000, 0x0000000100000000)
 Metaspace       used 39716K, capacity 40738K, committed 40900K, reserved 1085440K
  class space    used 4627K, capacity 4879K, committed 4912K, reserved 1048576K
2018-03-21T05:56:51.935-0500: 748.825: [GC (Allocation Failure) 2018-03-21T05:56:51.935-0500: 748.825: [ParNew
Desired survivor size 20112992 bytes, new threshold 8 (max 8)
- age   1:    4028840 bytes,    4028840 total
- age   2:    2662856 bytes,    6691696 total
- age   3:    1571424 bytes,    8263120 total
- age   4:         72 bytes,    8263192 total
- age   5:      11520 bytes,    8274712 total
- age   6:     538000 bytes,    8812712 total
- age   8:        376 bytes,    8813088 total
: 94942K->9399K(109248K), 0.0094769 secs] 162418K->76875K(502464K), 0.0095524 secs] [Times: user=0.04 sys=0.00, real=0.01 secs] 
Heap after GC invocations=153 (full 1):
 par new generation   total 109248K, used 9399K [0x00000000e0000000, 0x00000000e8000000, 0x00000000e8000000)
  eden space 87424K,   0% used [0x00000000e0000000, 0x00000000e0000000, 0x00000000e5560000)
  from space 21824K,  43% used [0x00000000e6ab0000, 0x00000000e73ddde0, 0x00000000e8000000)
  to   space 21824K,   0% used [0x00000000e5560000, 0x00000000e5560000, 0x00000000e6ab0000)
 concurrent mark-sweep generation total 393216K, used 67475K [0x00000000e8000000, 0x0000000100000000, 0x0000000100000000)
 Metaspace       used 39716K, capacity 40738K, committed 40900K, reserved 1085440K
  class space    used 4627K, capacity 4879K, committed 4912K, reserved 1048576K
}
2018-03-21T05:56:51.944-0500: 748.835: Total time for which application threads were stopped: 0.0097949 seconds, Stopping threads took: 0.0000571 seconds
2018-03-21T05:56:51.950-0500: 748.841: Total time for which application threads were stopped: 0.0001528 seconds, Stopping threads took: 0.0000583 seconds
{Heap before GC invocations=153 (full 1):
 par new generation   total 109248K, used 96823K [0x00000000e0000000, 0x00000000e8000000, 0x00000000e8000000)
  eden space 87424K, 100% used [0x00000000e0000000, 0x00000000e5560000, 0x00000000e5560000)
  from space 21824K,  43% used [0x00000000e6ab0000, 0x00000000e73ddde0, 0x00000000e8000000)
  to   space 21824K,   0% used [0x00000000e5560000, 0x00000000e5560000, 0x00000000e6ab0000)
 concurrent mark-sweep generation total 393216K, used 67475K [0x00000000e8000000, 0x0000000100000000, 0x0000000100000000)
 Metaspace       used 39717K, capacity 40738K, committed 40900K, reserved 1085440K
  class space    used 4627K, capacity 4879K, committed 4912K, reserved 1048576K
2018-03-21T05:56:52.355-0500: 749.246: [GC (Allocation Failure) 2018-03-21T05:56:52.355-0500: 749.246: [ParNew
Desired survivor size 20112992 bytes, new threshold 8 (max 8)
- age   1:    3518216 bytes,    3518216 total
- age   2:    2233192 bytes,    5751408 total
- age   3:    1565976 bytes,    7317384 total
- age   4:    1174752 bytes,    8492136 total
- age   5:         72 bytes,    8492208 total
- age   6:      11520 bytes,    8503728 total
- age   7:     538000 bytes,    9041728 total
: 96823K->15403K(109248K), 0.0144524 secs] 164299K->82879K(502464K), 0.0145547 secs] [Times: user=0.04 sys=0.00, real=0.01 secs] 
Heap after GC invocations=154 (full 1):
 par new generation   total 109248K, used 15403K [0x00000000e0000000, 0x00000000e8000000, 0x00000000e8000000)
  eden space 87424K,   0% used [0x00000000e0000000, 0x00000000e0000000, 0x00000000e5560000)
  from space 21824K,  70% used [0x00000000e5560000, 0x00000000e646ad80, 0x00000000e6ab0000)
  to   space 21824K,   0% used [0x00000000e6ab0000, 0x00000000e6ab0000, 0x00000000e8000000)
 concurrent mark-sweep generation total 393216K, used 67476K [0x00000000e8000000, 0x0000000100000000, 0x0000000100000000)
 Metaspace       used 39717K, capacity 40738K, committed 40900K, reserved 1085440K
  class space    used 4627K, capacity 4879K, committed 4912K, reserved 1048576K
}
2018-03-21T05:56:52.370-0500: 749.260: Total time for which application threads were stopped: 0.0148289 seconds, Stopping threads took: 0.0000536 seconds
{Heap before GC invocations=154 (full 1):
 par new generation   total 109248K, used 102827K [0x00000000e0000000, 0x00000000e8000000, 0x00000000e8000000)
  eden space 87424K, 100% used [0x00000000e0000000, 0x00000000e5560000, 0x00000000e5560000)
  from space 21824K,  70% used [0x00000000e5560000, 0x00000000e646ad80, 0x00000000e6ab0000)
  to   space 21824K,   0% used [0x00000000e6ab0000, 0x00000000e6ab0000, 0x00000000e8000000)
 concurrent mark-sweep generation total 393216K, used 67476K [0x00000000e8000000, 0x0000000100000000, 0x0000000100000000)
 Metaspace       used 39717K, capacity 40738K, committed 40900K, reserved 1085440K
  class space    used 4627K, capacity 4879K, committed 4912K, reserved 1048576K
2018-03-21T05:56:52.794-0500: 749.684: [GC (Allocation Failure) 2018-03-21T05:56:52.794-0500: 749.684: [ParNew
Desired survivor size 20112992 bytes, new threshold 8 (max 8)
- age   1:    4282768 bytes,    4282768 total
- age   2:    2775000 bytes,    7057768 total
- age   3:    2212304 bytes,    9270072 total
- age   4:    1565976 bytes,   10836048 total
- age   5:    1174752 bytes,   12010800 total
- age   6:         72 bytes,   12010872 total
- age   7:      11520 bytes,   12022392 total
- age   8:     538000 bytes,   12560392 total
: 102827K->14465K(109248K), 0.0102345 secs] 170303K->81941K(502464K), 0.0103304 secs] [Times: user=0.03 sys=0.00, real=0.01 secs] 
Heap after GC invocations=155 (full 1):
 par new generation   total 109248K, used 14465K [0x00000000e0000000, 0x00000000e8000000, 0x00000000e8000000)
  eden space 87424K,   0% used [0x00000000e0000000, 0x00000000e0000000, 0x00000000e5560000)
  from space 21824K,  66% used [0x00000000e6ab0000, 0x00000000e78d0440, 0x00000000e8000000)
  to   space 21824K,   0% used [0x00000000e5560000, 0x00000000e5560000, 0x00000000e6ab0000)
 concurrent mark-sweep generation total 393216K, used 67476K [0x00000000e8000000, 0x0000000100000000, 0x0000000100000000)
 Metaspace       used 39717K, capacity 40738K, committed 40900K, reserved 1085440K
  class space    used 4627K, capacity 4879K, committed 4912K, reserved 1048576K
}
2018-03-21T05:56:52.804-0500: 749.695: Total time for which application threads were stopped: 0.0106010 seconds, Stopping threads took: 0.0000360 seconds
{Heap before GC invocations=155 (full 1):
 par new generation   total 109248K, used 101889K [0x00000000e0000000, 0x00000000e8000000, 0x00000000e8000000)
  eden space 87424K, 100% used [0x00000000e0000000, 0x00000000e5560000, 0x00000000e5560000)
  from space 21824K,  66% used [0x00000000e6ab0000, 0x00000000e78d0440, 0x00000000e8000000)
  to   space 21824K,   0% used [0x00000000e5560000, 0x00000000e5560000, 0x00000000e6ab0000)
 concurrent mark-sweep generation total 393216K, used 67476K [0x00000000e8000000, 0x0000000100000000, 0x0000000100000000)
 Metaspace       used 39724K, capacity 40738K, committed 40900K, reserved 1085440K
  class space    used 4628K, capacity 4879K, committed 4912K, reserved 1048576K
2018-03-21T05:56:53.116-0500: 750.007: [GC (Allocation Failure) 2018-03-21T05:56:53.116-0500: 750.007: [ParNew
Desired survivor size 20112992 bytes, new threshold 8 (max 8)
- age   1:    3070208 bytes,    3070208 total
- age   2:     683424 bytes,    3753632 total
- age   3:     649008 bytes,    4402640 total
- age   4:    1079280 bytes,    5481920 total
- age   5:    1565976 bytes,    7047896 total
- age   6:    1174720 bytes,    8222616 total
- age   7:         72 bytes,    8222688 total
- age   8:      11520 bytes,    8234208 total
: 101889K->15349K(109248K), 0.0075648 secs] 169365K->83351K(502464K), 0.0076867 secs] [Times: user=0.02 sys=0.00, real=0.01 secs] 
Heap after GC invocations=156 (full 1):
 par new generation   total 109248K, used 15349K [0x00000000e0000000, 0x00000000e8000000, 0x00000000e8000000)
  eden space 87424K,   0% used [0x00000000e0000000, 0x00000000e0000000, 0x00000000e5560000)
  from space 21824K,  70% used [0x00000000e5560000, 0x00000000e645d480, 0x00000000e6ab0000)
  to   space 21824K,   0% used [0x00000000e6ab0000, 0x00000000e6ab0000, 0x00000000e8000000)
 concurrent mark-sweep generation total 393216K, used 68002K [0x00000000e8000000, 0x0000000100000000, 0x0000000100000000)
 Metaspace       used 39724K, capacity 40738K, committed 40900K, reserved 1085440K
  class space    used 4628K, capacity 4879K, committed 4912K, reserved 1048576K
}
2018-03-21T05:56:53.124-0500: 750.015: Total time for which application threads were stopped: 0.0079785 seconds, Stopping threads took: 0.0000370 seconds
{Heap before GC invocations=156 (full 1):
 par new generation   total 109248K, used 102773K [0x00000000e0000000, 0x00000000e8000000, 0x00000000e8000000)
  eden space 87424K, 100% used [0x00000000e0000000, 0x00000000e5560000, 0x00000000e5560000)
  from space 21824K,  70% used [0x00000000e5560000, 0x00000000e645d480, 0x00000000e6ab0000)
  to   space 21824K,   0% used [0x00000000e6ab0000, 0x00000000e6ab0000, 0x00000000e8000000)
 concurrent mark-sweep generation total 393216K, used 68002K [0x00000000e8000000, 0x0000000100000000, 0x0000000100000000)
 Metaspace       used 39724K, capacity 40738K, committed 40900K, reserved 1085440K
  class space    used 4628K, capacity 4879K, committed 4912K, reserved 1048576K
2018-03-21T05:56:53.507-0500: 750.398: [GC (Allocation Failure) 2018-03-21T05:56:53.507-0500: 750.398: [ParNew
Desired survivor size 20112992 bytes, new threshold 8 (max 8)
- age   1:    3925784 bytes,    3925784 total
- age   2:    2518800 bytes,    6444584 total
- age   3:     683424 bytes,    7128008 total
- age   4:     648096 bytes,    7776104 total
- age   5:    1079280 bytes,    8855384 total
- age   6:    1565976 bytes,   10421360 total
- age   7:    1174720 bytes,   11596080 total
- age   8:         72 bytes,   11596152 total
: 102773K->14230K(109248K), 0.0087627 secs] 170775K->82244K(502464K), 0.0088451 secs] [Times: user=0.02 sys=0.00, real=0.01 secs] 
Heap after GC invocations=157 (full 1):
 par new generation   total 109248K, used 14230K [0x00000000e0000000, 0x00000000e8000000, 0x00000000e8000000)
  eden space 87424K,   0% used [0x00000000e0000000, 0x00000000e0000000, 0x00000000e5560000)
  from space 21824K,  65% used [0x00000000e6ab0000, 0x00000000e7895ab0, 0x00000000e8000000)
  to   space 21824K,   0% used [0x00000000e5560000, 0x00000000e5560000, 0x00000000e6ab0000)
 concurrent mark-sweep generation total 393216K, used 68013K [0x00000000e8000000, 0x0000000100000000, 0x0000000100000000)
 Metaspace       used 39724K, capacity 40738K, committed 40900K, reserved 1085440K
  class space    used 4628K, capacity 4879K, committed 4912K, reserved 1048576K
}
2018-03-21T05:56:53.516-0500: 750.407: Total time for which application threads were stopped: 0.0090438 seconds, Stopping threads took: 0.0000219 seconds
{Heap before GC invocations=157 (full 1):
 par new generation   total 109248K, used 101654K [0x00000000e0000000, 0x00000000e8000000, 0x00000000e8000000)
  eden space 87424K, 100% used [0x00000000e0000000, 0x00000000e5560000, 0x00000000e5560000)
  from space 21824K,  65% used [0x00000000e6ab0000, 0x00000000e7895ab0, 0x00000000e8000000)
  to   space 21824K,   0% used [0x00000000e5560000, 0x00000000e5560000, 0x00000000e6ab0000)
 concurrent mark-sweep generation total 393216K, used 68013K [0x00000000e8000000, 0x0000000100000000, 0x0000000100000000)
 Metaspace       used 39724K, capacity 40738K, committed 40900K, reserved 1085440K
  class space    used 4628K, capacity 4879K, committed 4912K, reserved 1048576K
2018-03-21T05:56:53.885-0500: 750.776: [GC (Allocation Failure) 2018-03-21T05:56:53.885-0500: 750.776: [ParNew
Desired survivor size 20112992 bytes, new threshold 8 (max 8)
- age   1:    4264080 bytes,    4264080 total
- age   2:    2506544 bytes,    6770624 total
- age   3:    1910984 bytes,    8681608 total
- age   4:     683424 bytes,    9365032 total
- age   5:     648096 bytes,   10013128 total
- age   6:    1079256 bytes,   11092384 total
- age   7:    1565976 bytes,   12658360 total
- age   8:    1174720 bytes,   13833080 total
: 101654K->16642K(109248K), 0.0075045 secs] 169668K->84656K(502464K), 0.0075897 secs] [Times: user=0.03 sys=0.00, real=0.01 secs] 
Heap after GC invocations=158 (full 1):
 par new generation   total 109248K, used 16642K [0x00000000e0000000, 0x00000000e8000000, 0x00000000e8000000)
  eden space 87424K,   0% used [0x00000000e0000000, 0x00000000e0000000, 0x00000000e5560000)
  from space 21824K,  76% used [0x00000000e5560000, 0x00000000e65a0878, 0x00000000e6ab0000)
  to   space 21824K,   0% used [0x00000000e6ab0000, 0x00000000e6ab0000, 0x00000000e8000000)
 concurrent mark-sweep generation total 393216K, used 68013K [0x00000000e8000000, 0x0000000100000000, 0x0000000100000000)
 Metaspace       used 39724K, capacity 40738K, committed 40900K, reserved 1085440K
  class space    used 4628K, capacity 4879K, committed 4912K, reserved 1048576K
}
2018-03-21T05:56:53.893-0500: 750.784: Total time for which application threads were stopped: 0.0078422 seconds, Stopping threads took: 0.0000821 seconds
{Heap before GC invocations=158 (full 1):
 par new generation   total 109248K, used 104066K [0x00000000e0000000, 0x00000000e8000000, 0x00000000e8000000)
  eden space 87424K, 100% used [0x00000000e0000000, 0x00000000e5560000, 0x00000000e5560000)
  from space 21824K,  76% used [0x00000000e5560000, 0x00000000e65a0878, 0x00000000e6ab0000)
  to   space 21824K,   0% used [0x00000000e6ab0000, 0x00000000e6ab0000, 0x00000000e8000000)
 concurrent mark-sweep generation total 393216K, used 68013K [0x00000000e8000000, 0x0000000100000000, 0x0000000100000000)
 Metaspace       used 39724K, capacity 40738K, committed 40900K, reserved 1085440K
  class space    used 4628K, capacity 4879K, committed 4912K, reserved 1048576K
2018-03-21T05:56:54.222-0500: 751.112: [GC (Allocation Failure) 2018-03-21T05:56:54.222-0500: 751.112: [ParNew
Desired survivor size 20112992 bytes, new threshold 8 (max 8)
- age   1:    2668904 bytes,    2668904 total
- age   2:    1446608 bytes,    4115512 total
- age   3:     673920 bytes,    4789432 total
- age   4:     511368 bytes,    5300800 total
- age   5:     683424 bytes,    5984224 total
- age   6:     647984 bytes,    6632208 total
- age   7:    1079256 bytes,    7711464 total
- age   8:    1565976 bytes,    9277440 total
: 104066K->15636K(109248K), 0.0099326 secs] 172080K->84807K(502464K), 0.0100410 secs] [Times: user=0.03 sys=0.00, real=0.01 secs] 
Heap after GC invocations=159 (full 1):
 par new generation   total 109248K, used 15636K [0x00000000e0000000, 0x00000000e8000000, 0x00000000e8000000)
  eden space 87424K,   0% used [0x00000000e0000000, 0x00000000e0000000, 0x00000000e5560000)
  from space 21824K,  71% used [0x00000000e6ab0000, 0x00000000e79f51a0, 0x00000000e8000000)
  to   space 21824K,   0% used [0x00000000e5560000, 0x00000000e5560000, 0x00000000e6ab0000)
 concurrent mark-sweep generation total 393216K, used 69171K [0x00000000e8000000, 0x0000000100000000, 0x0000000100000000)
 Metaspace       used 39724K, capacity 40738K, committed 40900K, reserved 1085440K
  class space    used 4628K, capacity 4879K, committed 4912K, reserved 1048576K
}
2018-03-21T05:56:54.232-0500: 751.122: Total time for which application threads were stopped: 0.0103802 seconds, Stopping threads took: 0.0000398 seconds
{Heap before GC invocations=159 (full 1):
 par new generation   total 109248K, used 103060K [0x00000000e0000000, 0x00000000e8000000, 0x00000000e8000000)
  eden space 87424K, 100% used [0x00000000e0000000, 0x00000000e5560000, 0x00000000e5560000)
  from space 21824K,  71% used [0x00000000e6ab0000, 0x00000000e79f51a0, 0x00000000e8000000)
  to   space 21824K,   0% used [0x00000000e5560000, 0x00000000e5560000, 0x00000000e6ab0000)
 concurrent mark-sweep generation total 393216K, used 69171K [0x00000000e8000000, 0x0000000100000000, 0x0000000100000000)
 Metaspace       used 39725K, capacity 40738K, committed 40900K, reserved 1085440K
  class space    used 4628K, capacity 4879K, committed 4912K, reserved 1048576K
2018-03-21T05:56:54.621-0500: 751.511: [GC (Allocation Failure) 2018-03-21T05:56:54.621-0500: 751.512: [ParNew
Desired survivor size 20112992 bytes, new threshold 8 (max 8)
- age   1:    3693944 bytes,    3693944 total
- age   2:    2047648 bytes,    5741592 total
- age   3:    1446624 bytes,    7188216 total
- age   4:     673920 bytes,    7862136 total
- age   5:     510456 bytes,    8372592 total
- age   6:     683424 bytes,    9056016 total
- age   7:     647984 bytes,    9704000 total
- age   8:    1079256 bytes,   10783256 total
: 103060K->13480K(109248K), 0.0080708 secs] 172231K->84228K(502464K), 0.0081671 secs] [Times: user=0.03 sys=0.01, real=0.00 secs] 
Heap after GC invocations=160 (full 1):
 par new generation   total 109248K, used 13480K [0x00000000e0000000, 0x00000000e8000000, 0x00000000e8000000)
  eden space 87424K,   0% used [0x00000000e0000000, 0x00000000e0000000, 0x00000000e5560000)
  from space 21824K,  61% used [0x00000000e5560000, 0x00000000e628a2d0, 0x00000000e6ab0000)
  to   space 21824K,   0% used [0x00000000e6ab0000, 0x00000000e6ab0000, 0x00000000e8000000)
 concurrent mark-sweep generation total 393216K, used 70747K [0x00000000e8000000, 0x0000000100000000, 0x0000000100000000)
 Metaspace       used 39725K, capacity 40738K, committed 40900K, reserved 1085440K
  class space    used 4628K, capacity 4879K, committed 4912K, reserved 1048576K
}
2018-03-21T05:56:54.629-0500: 751.520: Total time for which application threads were stopped: 0.0083531 seconds, Stopping threads took: 0.0000213 seconds
{Heap before GC invocations=160 (full 1):
 par new generation   total 109248K, used 100904K [0x00000000e0000000, 0x00000000e8000000, 0x00000000e8000000)
  eden space 87424K, 100% used [0x00000000e0000000, 0x00000000e5560000, 0x00000000e5560000)
  from space 21824K,  61% used [0x00000000e5560000, 0x00000000e628a2d0, 0x00000000e6ab0000)
  to   space 21824K,   0% used [0x00000000e6ab0000, 0x00000000e6ab0000, 0x00000000e8000000)
 concurrent mark-sweep generation total 393216K, used 70747K [0x00000000e8000000, 0x0000000100000000, 0x0000000100000000)
 Metaspace       used 39726K, capacity 40738K, committed 40900K, reserved 1085440K
  class space    used 4628K, capacity 4879K, committed 4912K, reserved 1048576K
2018-03-21T05:56:54.960-0500: 751.850: [GC (Allocation Failure) 2018-03-21T05:56:54.960-0500: 751.850: [ParNew
Desired survivor size 20112992 bytes, new threshold 8 (max 8)
- age   1:    3795672 bytes,    3795672 total
- age   2:    2281328 bytes,    6077000 total
- age   3:    1629072 bytes,    7706072 total
- age   4:     782800 bytes,    8488872 total
- age   5:     673920 bytes,    9162792 total
- age   6:     510456 bytes,    9673248 total
- age   7:     683424 bytes,   10356672 total
- age   8:     647984 bytes,   11004656 total
: 100904K->13867K(109248K), 0.0119876 secs] 171652K->85669K(502464K), 0.0120592 secs] [Times: user=0.05 sys=0.00, real=0.01 secs] 
Heap after GC invocations=161 (full 1):
 par new generation   total 109248K, used 13867K [0x00000000e0000000, 0x00000000e8000000, 0x00000000e8000000)
  eden space 87424K,   0% used [0x00000000e0000000, 0x00000000e0000000, 0x00000000e5560000)
  from space 21824K,  63% used [0x00000000e6ab0000, 0x00000000e783afb0, 0x00000000e8000000)
  to   space 21824K,   0% used [0x00000000e5560000, 0x00000000e5560000, 0x00000000e6ab0000)
 concurrent mark-sweep generation total 393216K, used 71801K [0x00000000e8000000, 0x0000000100000000, 0x0000000100000000)
 Metaspace       used 39726K, capacity 40738K, committed 40900K, reserved 1085440K
  class space    used 4628K, capacity 4879K, committed 4912K, reserved 1048576K
}
2018-03-21T05:56:54.972-0500: 751.862: Total time for which application threads were stopped: 0.0123070 seconds, Stopping threads took: 0.0000476 seconds
{Heap before GC invocations=161 (full 1):
 par new generation   total 109248K, used 101291K [0x00000000e0000000, 0x00000000e8000000, 0x00000000e8000000)
  eden space 87424K, 100% used [0x00000000e0000000, 0x00000000e5560000, 0x00000000e5560000)
  from space 21824K,  63% used [0x00000000e6ab0000, 0x00000000e783afb0, 0x00000000e8000000)
  to   space 21824K,   0% used [0x00000000e5560000, 0x00000000e5560000, 0x00000000e6ab0000)
 concurrent mark-sweep generation total 393216K, used 71801K [0x00000000e8000000, 0x0000000100000000, 0x0000000100000000)
 Metaspace       used 39727K, capacity 40738K, committed 40900K, reserved 1085440K
  class space    used 4628K, capacity 4879K, committed 4912K, reserved 1048576K
2018-03-21T05:56:55.319-0500: 752.209: [GC (Allocation Failure) 2018-03-21T05:56:55.319-0500: 752.209: [ParNew
Desired survivor size 20112992 bytes, new threshold 8 (max 8)
- age   1:    3427232 bytes,    3427232 total
- age   2:    1654088 bytes,    5081320 total
- age   3:     556544 bytes,    5637864 total
- age   4:     470616 bytes,    6108480 total
- age   5:     588584 bytes,    6697064 total
- age   6:     673920 bytes,    7370984 total
- age   7:     510048 bytes,    7881032 total
- age   8:     683424 bytes,    8564456 total
: 101291K->15517K(109248K), 0.0073476 secs] 173093K->87952K(502464K), 0.0074476 secs] [Times: user=0.02 sys=0.00, real=0.00 secs] 
Heap after GC invocations=162 (full 1):
 par new generation   total 109248K, used 15517K [0x00000000e0000000, 0x00000000e8000000, 0x00000000e8000000)
  eden space 87424K,   0% used [0x00000000e0000000, 0x00000000e0000000, 0x00000000e5560000)
  from space 21824K,  71% used [0x00000000e5560000, 0x00000000e64876f0, 0x00000000e6ab0000)
  to   space 21824K,   0% used [0x00000000e6ab0000, 0x00000000e6ab0000, 0x00000000e8000000)
 concurrent mark-sweep generation total 393216K, used 72434K [0x00000000e8000000, 0x0000000100000000, 0x0000000100000000)
 Metaspace       used 39727K, capacity 40738K, committed 40900K, reserved 1085440K
  class space    used 4628K, capacity 4879K, committed 4912K, reserved 1048576K
}
2018-03-21T05:56:55.326-0500: 752.217: Total time for which application threads were stopped: 0.0076329 seconds, Stopping threads took: 0.0000237 seconds
{Heap before GC invocations=162 (full 1):
 par new generation   total 109248K, used 102941K [0x00000000e0000000, 0x00000000e8000000, 0x00000000e8000000)
  eden space 87424K, 100% used [0x00000000e0000000, 0x00000000e5560000, 0x00000000e5560000)
  from space 21824K,  71% used [0x00000000e5560000, 0x00000000e64876f0, 0x00000000e6ab0000)
  to   space 21824K,   0% used [0x00000000e6ab0000, 0x00000000e6ab0000, 0x00000000e8000000)
 concurrent mark-sweep generation total 393216K, used 72434K [0x00000000e8000000, 0x0000000100000000, 0x0000000100000000)
 Metaspace       used 39733K, capacity 40770K, committed 40900K, reserved 1085440K
  class space    used 4629K, capacity 4911K, committed 4912K, reserved 1048576K
2018-03-21T05:56:55.729-0500: 752.620: [GC (Allocation Failure) 2018-03-21T05:56:55.729-0500: 752.620: [ParNew
Desired survivor size 20112992 bytes, new threshold 8 (max 8)
- age   1:    4180152 bytes,    4180152 total
- age   2:    2674968 bytes,    6855120 total
- age   3:    1652952 bytes,    8508072 total
- age   4:     556544 bytes,    9064616 total
- age   5:     469704 bytes,    9534320 total
- age   6:     588584 bytes,   10122904 total
- age   7:     673920 bytes,   10796824 total
- age   8:     510024 bytes,   11306848 total
: 102941K->13494K(109248K), 0.0064051 secs] 175376K->86596K(502464K), 0.0064932 secs] [Times: user=0.02 sys=0.00, real=0.01 secs] 
Heap after GC invocations=163 (full 1):
 par new generation   total 109248K, used 13494K [0x00000000e0000000, 0x00000000e8000000, 0x00000000e8000000)
  eden space 87424K,   0% used [0x00000000e0000000, 0x00000000e0000000, 0x00000000e5560000)
  from space 21824K,  61% used [0x00000000e6ab0000, 0x00000000e77dd938, 0x00000000e8000000)
  to   space 21824K,   0% used [0x00000000e5560000, 0x00000000e5560000, 0x00000000e6ab0000)
 concurrent mark-sweep generation total 393216K, used 73102K [0x00000000e8000000, 0x0000000100000000, 0x0000000100000000)
 Metaspace       used 39733K, capacity 40770K, committed 40900K, reserved 1085440K
  class space    used 4629K, capacity 4911K, committed 4912K, reserved 1048576K
}
2018-03-21T05:56:55.736-0500: 752.626: Total time for which application threads were stopped: 0.0067077 seconds, Stopping threads took: 0.0000230 seconds
2018-03-21T05:56:55.951-0500: 752.842: Total time for which application threads were stopped: 0.0003060 seconds, Stopping threads took: 0.0000630 seconds
{Heap before GC invocations=163 (full 1):
 par new generation   total 109248K, used 100918K [0x00000000e0000000, 0x00000000e8000000, 0x00000000e8000000)
  eden space 87424K, 100% used [0x00000000e0000000, 0x00000000e5560000, 0x00000000e5560000)
  from space 21824K,  61% used [0x00000000e6ab0000, 0x00000000e77dd938, 0x00000000e8000000)
  to   space 21824K,   0% used [0x00000000e5560000, 0x00000000e5560000, 0x00000000e6ab0000)
 concurrent mark-sweep generation total 393216K, used 73102K [0x00000000e8000000, 0x0000000100000000, 0x0000000100000000)
 Metaspace       used 39734K, capacity 40770K, committed 40900K, reserved 1085440K
  class space    used 4629K, capacity 4911K, committed 4912K, reserved 1048576K
2018-03-21T05:56:56.013-0500: 752.903: [GC (Allocation Failure) 2018-03-21T05:56:56.013-0500: 752.903: [ParNew
Desired survivor size 20112992 bytes, new threshold 8 (max 8)
- age   1:    2436768 bytes,    2436768 total
- age   2:     672744 bytes,    3109512 total
- age   3:     609288 bytes,    3718800 total
- age   4:     475104 bytes,    4193904 total
- age   5:     556544 bytes,    4750448 total
- age   6:     469400 bytes,    5219848 total
- age   7:     588584 bytes,    5808432 total
- age   8:     673920 bytes,    6482352 total
: 100918K->11649K(109248K), 0.0053197 secs] 174020K->85249K(502464K), 0.0054183 secs] [Times: user=0.02 sys=0.01, real=0.01 secs] 
Heap after GC invocations=164 (full 1):
 par new generation   total 109248K, used 11649K [0x00000000e0000000, 0x00000000e8000000, 0x00000000e8000000)
  eden space 87424K,   0% used [0x00000000e0000000, 0x00000000e0000000, 0x00000000e5560000)
  from space 21824K,  53% used [0x00000000e5560000, 0x00000000e60c0530, 0x00000000e6ab0000)
  to   space 21824K,   0% used [0x00000000e6ab0000, 0x00000000e6ab0000, 0x00000000e8000000)
 concurrent mark-sweep generation total 393216K, used 73600K [0x00000000e8000000, 0x0000000100000000, 0x0000000100000000)
 Metaspace       used 39734K, capacity 40770K, committed 40900K, reserved 1085440K
  class space    used 4629K, capacity 4911K, committed 4912K, reserved 1048576K
}
2018-03-21T05:56:56.018-0500: 752.909: Total time for which application threads were stopped: 0.0057406 seconds, Stopping threads took: 0.0000296 seconds
{Heap before GC invocations=164 (full 1):
 par new generation   total 109248K, used 99073K [0x00000000e0000000, 0x00000000e8000000, 0x00000000e8000000)
  eden space 87424K, 100% used [0x00000000e0000000, 0x00000000e5560000, 0x00000000e5560000)
  from space 21824K,  53% used [0x00000000e5560000, 0x00000000e60c0530, 0x00000000e6ab0000)
  to   space 21824K,   0% used [0x00000000e6ab0000, 0x00000000e6ab0000, 0x00000000e8000000)
 concurrent mark-sweep generation total 393216K, used 73600K [0x00000000e8000000, 0x0000000100000000, 0x0000000100000000)
 Metaspace       used 39734K, capacity 40770K, committed 40900K, reserved 1085440K
  class space    used 4629K, capacity 4911K, committed 4912K, reserved 1048576K
2018-03-21T05:56:56.400-0500: 753.291: [GC (Allocation Failure) 2018-03-21T05:56:56.400-0500: 753.291: [ParNew
Desired survivor size 20112992 bytes, new threshold 8 (max 8)
- age   1:    3676120 bytes,    3676120 total
- age   2:    2033736 bytes,    5709856 total
- age   3:     672744 bytes,    6382600 total
- age   4:     608376 bytes,    6990976 total
- age   5:     475104 bytes,    7466080 total
- age   6:     556544 bytes,    8022624 total
- age   7:     469400 bytes,    8492024 total
- age   8:     588584 bytes,    9080608 total
: 99073K->11429K(109248K), 0.0073798 secs] 172673K->85688K(502464K), 0.0074733 secs] [Times: user=0.02 sys=0.00, real=0.00 secs] 
Heap after GC invocations=165 (full 1):
 par new generation   total 109248K, used 11429K [0x00000000e0000000, 0x00000000e8000000, 0x00000000e8000000)
  eden space 87424K,   0% used [0x00000000e0000000, 0x00000000e0000000, 0x00000000e5560000)
  from space 21824K,  52% used [0x00000000e6ab0000, 0x00000000e75d9628, 0x00000000e8000000)
  to   space 21824K,   0% used [0x00000000e5560000, 0x00000000e5560000, 0x00000000e6ab0000)
 concurrent mark-sweep generation total 393216K, used 74258K [0x00000000e8000000, 0x0000000100000000, 0x0000000100000000)
 Metaspace       used 39734K, capacity 40770K, committed 40900K, reserved 1085440K
  class space    used 4629K, capacity 4911K, committed 4912K, reserved 1048576K
}
2018-03-21T05:56:56.408-0500: 753.298: Total time for which application threads were stopped: 0.0076566 seconds, Stopping threads took: 0.0000211 seconds
{Heap before GC invocations=165 (full 1):
 par new generation   total 109248K, used 98853K [0x00000000e0000000, 0x00000000e8000000, 0x00000000e8000000)
  eden space 87424K, 100% used [0x00000000e0000000, 0x00000000e5560000, 0x00000000e5560000)
  from space 21824K,  52% used [0x00000000e6ab0000, 0x00000000e75d9628, 0x00000000e8000000)
  to   space 21824K,   0% used [0x00000000e5560000, 0x00000000e5560000, 0x00000000e6ab0000)
 concurrent mark-sweep generation total 393216K, used 74258K [0x00000000e8000000, 0x0000000100000000, 0x0000000100000000)
 Metaspace       used 39734K, capacity 40770K, committed 40900K, reserved 1085440K
  class space    used 4629K, capacity 4911K, committed 4912K, reserved 1048576K
2018-03-21T05:56:56.795-0500: 753.686: [GC (Allocation Failure) 2018-03-21T05:56:56.795-0500: 753.686: [ParNew
Desired survivor size 20112992 bytes, new threshold 8 (max 8)
- age   1:    4231064 bytes,    4231064 total
- age   2:    2830400 bytes,    7061464 total
- age   3:    2010856 bytes,    9072320 total
- age   4:     672744 bytes,    9745064 total
- age   5:     608376 bytes,   10353440 total
- age   6:     475104 bytes,   10828544 total
- age   7:     556544 bytes,   11385088 total
- age   8:     469400 bytes,   11854488 total
: 98853K->16915K(109248K), 0.0075397 secs] 173112K->91749K(502464K), 0.0076355 secs] [Times: user=0.02 sys=0.01, real=0.01 secs] 
Heap after GC invocations=166 (full 1):
 par new generation   total 109248K, used 16915K [0x00000000e0000000, 0x00000000e8000000, 0x00000000e8000000)
  eden space 87424K,   0% used [0x00000000e0000000, 0x00000000e0000000, 0x00000000e5560000)
  from space 21824K,  77% used [0x00000000e5560000, 0x00000000e65e4ed8, 0x00000000e6ab0000)
  to   space 21824K,   0% used [0x00000000e6ab0000, 0x00000000e6ab0000, 0x00000000e8000000)
 concurrent mark-sweep generation total 393216K, used 74833K [0x00000000e8000000, 0x0000000100000000, 0x0000000100000000)
 Metaspace       used 39734K, capacity 40770K, committed 40900K, reserved 1085440K
  class space    used 4629K, capacity 4911K, committed 4912K, reserved 1048576K
}
2018-03-21T05:56:56.803-0500: 753.693: Total time for which application threads were stopped: 0.0078748 seconds, Stopping threads took: 0.0000285 seconds
{Heap before GC invocations=166 (full 1):
 par new generation   total 109248K, used 104339K [0x00000000e0000000, 0x00000000e8000000, 0x00000000e8000000)
  eden space 87424K, 100% used [0x00000000e0000000, 0x00000000e5560000, 0x00000000e5560000)
  from space 21824K,  77% used [0x00000000e5560000, 0x00000000e65e4ed8, 0x00000000e6ab0000)
  to   space 21824K,   0% used [0x00000000e6ab0000, 0x00000000e6ab0000, 0x00000000e8000000)
 concurrent mark-sweep generation total 393216K, used 74833K [0x00000000e8000000, 0x0000000100000000, 0x0000000100000000)
 Metaspace       used 39734K, capacity 40770K, committed 40900K, reserved 1085440K
  class space    used 4629K, capacity 4911K, committed 4912K, reserved 1048576K
2018-03-21T05:56:57.054-0500: 753.945: [GC (Allocation Failure) 2018-03-21T05:56:57.055-0500: 753.945: [ParNew
Desired survivor size 20112992 bytes, new threshold 8 (max 8)
- age   1:    2857984 bytes,    2857984 total
- age   2:     622064 bytes,    3480048 total
- age   3:     631280 bytes,    4111328 total
- age   4:     470048 bytes,    4581376 total
- age   5:     672744 bytes,    5254120 total
- age   6:     607992 bytes,    5862112 total
- age   7:     475104 bytes,    6337216 total
- age   8:     556544 bytes,    6893760 total
: 104339K->10866K(109248K), 0.0055235 secs] 179173K->86159K(502464K), 0.0056242 secs] [Times: user=0.02 sys=0.00, real=0.01 secs] 
Heap after GC invocations=167 (full 1):
 par new generation   total 109248K, used 10866K [0x00000000e0000000, 0x00000000e8000000, 0x00000000e8000000)
  eden space 87424K,   0% used [0x00000000e0000000, 0x00000000e0000000, 0x00000000e5560000)
  from space 21824K,  49% used [0x00000000e6ab0000, 0x00000000e754cb60, 0x00000000e8000000)
  to   space 21824K,   0% used [0x00000000e5560000, 0x00000000e5560000, 0x00000000e6ab0000)
 concurrent mark-sweep generation total 393216K, used 75292K [0x00000000e8000000, 0x0000000100000000, 0x0000000100000000)
 Metaspace       used 39734K, capacity 40770K, committed 40900K, reserved 1085440K
  class space    used 4629K, capacity 4911K, committed 4912K, reserved 1048576K
}
2018-03-21T05:56:57.060-0500: 753.951: Total time for which application threads were stopped: 0.0058175 seconds, Stopping threads took: 0.0000230 seconds
{Heap before GC invocations=167 (full 1):
 par new generation   total 109248K, used 98290K [0x00000000e0000000, 0x00000000e8000000, 0x00000000e8000000)
  eden space 87424K, 100% used [0x00000000e0000000, 0x00000000e5560000, 0x00000000e5560000)
  from space 21824K,  49% used [0x00000000e6ab0000, 0x00000000e754cb60, 0x00000000e8000000)
  to   space 21824K,   0% used [0x00000000e5560000, 0x00000000e5560000, 0x00000000e6ab0000)
 concurrent mark-sweep generation total 393216K, used 75292K [0x00000000e8000000, 0x0000000100000000, 0x0000000100000000)
 Metaspace       used 39734K, capacity 40770K, committed 40900K, reserved 1085440K
  class space    used 4629K, capacity 4911K, committed 4912K, reserved 1048576K
2018-03-21T05:56:57.445-0500: 754.336: [GC (Allocation Failure) 2018-03-21T05:56:57.445-0500: 754.336: [ParNew
Desired survivor size 20112992 bytes, new threshold 8 (max 8)
- age   1:    3725040 bytes,    3725040 total
- age   2:    2337160 bytes,    6062200 total
- age   3:     622064 bytes,    6684264 total
- age   4:     631280 bytes,    7315544 total
- age   5:     469136 bytes,    7784680 total
- age   6:     672744 bytes,    8457424 total
- age   7:     607992 bytes,    9065416 total
- age   8:     475104 bytes,    9540520 total
: 98290K->11316K(109248K), 0.0061175 secs] 173583K->87151K(502464K), 0.0062130 secs] [Times: user=0.02 sys=0.00, real=0.01 secs] 
Heap after GC invocations=168 (full 1):
 par new generation   total 109248K, used 11316K [0x00000000e0000000, 0x00000000e8000000, 0x00000000e8000000)
  eden space 87424K,   0% used [0x00000000e0000000, 0x00000000e0000000, 0x00000000e5560000)
  from space 21824K,  51% used [0x00000000e5560000, 0x00000000e606d0a0, 0x00000000e6ab0000)
  to   space 21824K,   0% used [0x00000000e6ab0000, 0x00000000e6ab0000, 0x00000000e8000000)
 concurrent mark-sweep generation total 393216K, used 75835K [0x00000000e8000000, 0x0000000100000000, 0x0000000100000000)
 Metaspace       used 39734K, capacity 40770K, committed 40900K, reserved 1085440K
  class space    used 4629K, capacity 4911K, committed 4912K, reserved 1048576K
}
2018-03-21T05:56:57.452-0500: 754.342: Total time for which application threads were stopped: 0.0064389 seconds, Stopping threads took: 0.0000296 seconds
{Heap before GC invocations=168 (full 1):
 par new generation   total 109248K, used 98740K [0x00000000e0000000, 0x00000000e8000000, 0x00000000e8000000)
  eden space 87424K, 100% used [0x00000000e0000000, 0x00000000e5560000, 0x00000000e5560000)
  from space 21824K,  51% used [0x00000000e5560000, 0x00000000e606d0a0, 0x00000000e6ab0000)
  to   space 21824K,   0% used [0x00000000e6ab0000, 0x00000000e6ab0000, 0x00000000e8000000)
 concurrent mark-sweep generation total 393216K, used 75835K [0x00000000e8000000, 0x0000000100000000, 0x0000000100000000)
 Metaspace       used 39734K, capacity 40770K, committed 40900K, reserved 1085440K
  class space    used 4629K, capacity 4911K, committed 4912K, reserved 1048576K
2018-03-21T05:56:57.841-0500: 754.731: [GC (Allocation Failure) 2018-03-21T05:56:57.841-0500: 754.731: [ParNew
Desired survivor size 20112992 bytes, new threshold 8 (max 8)
- age   1:    4143168 bytes,    4143168 total
- age   2:    2892344 bytes,    7035512 total
- age   3:    2336248 bytes,    9371760 total
- age   4:     622064 bytes,    9993824 total
- age   5:     631280 bytes,   10625104 total
- age   6:     469136 bytes,   11094240 total
- age   7:     672744 bytes,   11766984 total
- age   8:     607992 bytes,   12374976 total
: 98740K->15561K(109248K), 0.0071036 secs] 174575K->91861K(502464K), 0.0071996 secs] [Times: user=0.02 sys=0.00, real=0.00 secs] 
Heap after GC invocations=169 (full 1):
 par new generation   total 109248K, used 15561K [0x00000000e0000000, 0x00000000e8000000, 0x00000000e8000000)
  eden space 87424K,   0% used [0x00000000e0000000, 0x00000000e0000000, 0x00000000e5560000)
  from space 21824K,  71% used [0x00000000e6ab0000, 0x00000000e79e2680, 0x00000000e8000000)
  to   space 21824K,   0% used [0x00000000e5560000, 0x00000000e5560000, 0x00000000e6ab0000)
 concurrent mark-sweep generation total 393216K, used 76299K [0x00000000e8000000, 0x0000000100000000, 0x0000000100000000)
 Metaspace       used 39734K, capacity 40770K, committed 40900K, reserved 1085440K
  class space    used 4629K, capacity 4911K, committed 4912K, reserved 1048576K
}
2018-03-21T05:56:57.848-0500: 754.739: Total time for which application threads were stopped: 0.0073864 seconds, Stopping threads took: 0.0000227 seconds
{Heap before GC invocations=169 (full 1):
 par new generation   total 109248K, used 102985K [0x00000000e0000000, 0x00000000e8000000, 0x00000000e8000000)
  eden space 87424K, 100% used [0x00000000e0000000, 0x00000000e5560000, 0x00000000e5560000)
  from space 21824K,  71% used [0x00000000e6ab0000, 0x00000000e79e2680, 0x00000000e8000000)
  to   space 21824K,   0% used [0x00000000e5560000, 0x00000000e5560000, 0x00000000e6ab0000)
 concurrent mark-sweep generation total 393216K, used 76299K [0x00000000e8000000, 0x0000000100000000, 0x0000000100000000)
 Metaspace       used 39737K, capacity 40770K, committed 40900K, reserved 1085440K
  class space    used 4629K, capacity 4911K, committed 4912K, reserved 1048576K
2018-03-21T05:56:58.101-0500: 754.991: [GC (Allocation Failure) 2018-03-21T05:56:58.101-0500: 754.991: [ParNew
Desired survivor size 20112992 bytes, new threshold 8 (max 8)
- age   1:    3148224 bytes,    3148224 total
- age   2:     656384 bytes,    3804608 total
- age   3:     595920 bytes,    4400528 total
- age   4:     435032 bytes,    4835560 total
- age   5:     622064 bytes,    5457624 total
- age   6:     631280 bytes,    6088904 total
- age   7:     468344 bytes,    6557248 total
- age   8:     672744 bytes,    7229992 total
: 102985K->13739K(109248K), 0.0055076 secs] 179285K->90632K(502464K), 0.0055861 secs] [Times: user=0.02 sys=0.00, real=0.00 secs] 
Heap after GC invocations=170 (full 1):
 par new generation   total 109248K, used 13739K [0x00000000e0000000, 0x00000000e8000000, 0x00000000e8000000)
  eden space 87424K,   0% used [0x00000000e0000000, 0x00000000e0000000, 0x00000000e5560000)
  from space 21824K,  62% used [0x00000000e5560000, 0x00000000e62cad80, 0x00000000e6ab0000)
  to   space 21824K,   0% used [0x00000000e6ab0000, 0x00000000e6ab0000, 0x00000000e8000000)
 concurrent mark-sweep generation total 393216K, used 76893K [0x00000000e8000000, 0x0000000100000000, 0x0000000100000000)
 Metaspace       used 39737K, capacity 40770K, committed 40900K, reserved 1085440K
  class space    used 4629K, capacity 4911K, committed 4912K, reserved 1048576K
}
2018-03-21T05:56:58.106-0500: 754.997: Total time for which application threads were stopped: 0.0057665 seconds, Stopping threads took: 0.0000211 seconds
{Heap before GC invocations=170 (full 1):
 par new generation   total 109248K, used 101163K [0x00000000e0000000, 0x00000000e8000000, 0x00000000e8000000)
  eden space 87424K, 100% used [0x00000000e0000000, 0x00000000e5560000, 0x00000000e5560000)
  from space 21824K,  62% used [0x00000000e5560000, 0x00000000e62cad80, 0x00000000e6ab0000)
  to   space 21824K,   0% used [0x00000000e6ab0000, 0x00000000e6ab0000, 0x00000000e8000000)
 concurrent mark-sweep generation total 393216K, used 76893K [0x00000000e8000000, 0x0000000100000000, 0x0000000100000000)
 Metaspace       used 39737K, capacity 40770K, committed 40900K, reserved 1085440K
  class space    used 4629K, capacity 4911K, committed 4912K, reserved 1048576K
2018-03-21T05:56:58.487-0500: 755.377: [GC (Allocation Failure) 2018-03-21T05:56:58.487-0500: 755.377: [ParNew
Desired survivor size 20112992 bytes, new threshold 8 (max 8)
- age   1:    3858384 bytes,    3858384 total
- age   2:    2554320 bytes,    6412704 total
- age   3:     656384 bytes,    7069088 total
- age   4:     595920 bytes,    7665008 total
- age   5:     434120 bytes,    8099128 total
- age   6:     622064 bytes,    8721192 total
- age   7:     631280 bytes,    9352472 total
- age   8:     468344 bytes,    9820816 total
: 101163K->12197K(109248K), 0.0077902 secs] 178056K->89747K(502464K), 0.0078844 secs] [Times: user=0.02 sys=0.00, real=0.01 secs] 
Heap after GC invocations=171 (full 1):
 par new generation   total 109248K, used 12197K [0x00000000e0000000, 0x00000000e8000000, 0x00000000e8000000)
  eden space 87424K,   0% used [0x00000000e0000000, 0x00000000e0000000, 0x00000000e5560000)
  from space 21824K,  55% used [0x00000000e6ab0000, 0x00000000e76994a0, 0x00000000e8000000)
  to   space 21824K,   0% used [0x00000000e5560000, 0x00000000e5560000, 0x00000000e6ab0000)
 concurrent mark-sweep generation total 393216K, used 77550K [0x00000000e8000000, 0x0000000100000000, 0x0000000100000000)
 Metaspace       used 39737K, capacity 40770K, committed 40900K, reserved 1085440K
  class space    used 4629K, capacity 4911K, committed 4912K, reserved 1048576K
}
2018-03-21T05:56:58.495-0500: 755.385: Total time for which application threads were stopped: 0.0080762 seconds, Stopping threads took: 0.0000195 seconds
{Heap before GC invocations=171 (full 1):
 par new generation   total 109248K, used 99522K [0x00000000e0000000, 0x00000000e8000000, 0x00000000e8000000)
  eden space 87424K,  99% used [0x00000000e0000000, 0x00000000e5547500, 0x00000000e5560000)
  from space 21824K,  55% used [0x00000000e6ab0000, 0x00000000e76994a0, 0x00000000e8000000)
  to   space 21824K,   0% used [0x00000000e5560000, 0x00000000e5560000, 0x00000000e6ab0000)
 concurrent mark-sweep generation total 393216K, used 77550K [0x00000000e8000000, 0x0000000100000000, 0x0000000100000000)
 Metaspace       used 39737K, capacity 40770K, committed 40900K, reserved 1085440K
  class space    used 4629K, capacity 4911K, committed 4912K, reserved 1048576K
2018-03-21T05:56:58.865-0500: 755.756: [GC (Allocation Failure) 2018-03-21T05:56:58.866-0500: 755.756: [ParNew
Desired survivor size 20112992 bytes, new threshold 8 (max 8)
- age   1:    4806632 bytes,    4806632 total
- age   2:    2838472 bytes,    7645104 total
- age   3:    2270968 bytes,    9916072 total
- age   4:     656384 bytes,   10572456 total
- age   5:     595920 bytes,   11168376 total
- age   6:     434088 bytes,   11602464 total
- age   7:     622064 bytes,   12224528 total
- age   8:     631280 bytes,   12855808 total
: 99522K->18445K(109248K), 0.0070867 secs] 177072K->96453K(502464K), 0.0071585 secs] [Times: user=0.03 sys=0.00, real=0.01 secs] 
Heap after GC invocations=172 (full 1):
 par new generation   total 109248K, used 18445K [0x00000000e0000000, 0x00000000e8000000, 0x00000000e8000000)
  eden space 87424K,   0% used [0x00000000e0000000, 0x00000000e0000000, 0x00000000e5560000)
  from space 21824K,  84% used [0x00000000e5560000, 0x00000000e6763648, 0x00000000e6ab0000)
  to   space 21824K,   0% used [0x00000000e6ab0000, 0x00000000e6ab0000, 0x00000000e8000000)
 concurrent mark-sweep generation total 393216K, used 78007K [0x00000000e8000000, 0x0000000100000000, 0x0000000100000000)
 Metaspace       used 39737K, capacity 40770K, committed 40900K, reserved 1085440K
  class space    used 4629K, capacity 4911K, committed 4912K, reserved 1048576K
}
2018-03-21T05:56:58.873-0500: 755.763: Total time for which application threads were stopped: 0.0073741 seconds, Stopping threads took: 0.0000380 seconds
{Heap before GC invocations=172 (full 1):
 par new generation   total 109248K, used 105869K [0x00000000e0000000, 0x00000000e8000000, 0x00000000e8000000)
  eden space 87424K, 100% used [0x00000000e0000000, 0x00000000e5560000, 0x00000000e5560000)
  from space 21824K,  84% used [0x00000000e5560000, 0x00000000e6763648, 0x00000000e6ab0000)
  to   space 21824K,   0% used [0x00000000e6ab0000, 0x00000000e6ab0000, 0x00000000e8000000)
 concurrent mark-sweep generation total 393216K, used 78007K [0x00000000e8000000, 0x0000000100000000, 0x0000000100000000)
 Metaspace       used 39738K, capacity 40770K, committed 40900K, reserved 1085440K
  class space    used 4629K, capacity 4911K, committed 4912K, reserved 1048576K
2018-03-21T05:56:59.161-0500: 756.051: [GC (Allocation Failure) 2018-03-21T05:56:59.161-0500: 756.051: [ParNew
Desired survivor size 20112992 bytes, new threshold 8 (max 8)
- age   1:    2631808 bytes,    2631808 total
- age   2:    1403240 bytes,    4035048 total
- age   3:     645840 bytes,    4680888 total
- age   4:     431320 bytes,    5112208 total
- age   5:     656384 bytes,    5768592 total
- age   6:     595920 bytes,    6364512 total
- age   7:     433576 bytes,    6798088 total
- age   8:     622064 bytes,    7420152 total
: 105869K->11825K(109248K), 0.0051648 secs] 183877K->90450K(502464K), 0.0052481 secs] [Times: user=0.02 sys=0.00, real=0.00 secs] 
Heap after GC invocations=173 (full 1):
 par new generation   total 109248K, used 11825K [0x00000000e0000000, 0x00000000e8000000, 0x00000000e8000000)
  eden space 87424K,   0% used [0x00000000e0000000, 0x00000000e0000000, 0x00000000e5560000)
  from space 21824K,  54% used [0x00000000e6ab0000, 0x00000000e763c648, 0x00000000e8000000)
  to   space 21824K,   0% used [0x00000000e5560000, 0x00000000e5560000, 0x00000000e6ab0000)
 concurrent mark-sweep generation total 393216K, used 78624K [0x00000000e8000000, 0x0000000100000000, 0x0000000100000000)
 Metaspace       used 39738K, capacity 40770K, committed 40900K, reserved 1085440K
  class space    used 4629K, capacity 4911K, committed 4912K, reserved 1048576K
}
2018-03-21T05:56:59.166-0500: 756.057: Total time for which application threads were stopped: 0.0054358 seconds, Stopping threads took: 0.0000232 seconds
{Heap before GC invocations=173 (full 1):
 par new generation   total 109248K, used 99249K [0x00000000e0000000, 0x00000000e8000000, 0x00000000e8000000)
  eden space 87424K, 100% used [0x00000000e0000000, 0x00000000e5560000, 0x00000000e5560000)
  from space 21824K,  54% used [0x00000000e6ab0000, 0x00000000e763c648, 0x00000000e8000000)
  to   space 21824K,   0% used [0x00000000e5560000, 0x00000000e5560000, 0x00000000e6ab0000)
 concurrent mark-sweep generation total 393216K, used 78624K [0x00000000e8000000, 0x0000000100000000, 0x0000000100000000)
 Metaspace       used 39738K, capacity 40770K, committed 40900K, reserved 1085440K
  class space    used 4629K, capacity 4911K, committed 4912K, reserved 1048576K
2018-03-21T05:56:59.557-0500: 756.448: [GC (Allocation Failure) 2018-03-21T05:56:59.557-0500: 756.448: [ParNew
Desired survivor size 20112992 bytes, new threshold 8 (max 8)
- age   1:    4010880 bytes,    4010880 total
- age   2:    2020328 bytes,    6031208 total
- age   3:    1403040 bytes,    7434248 total
- age   4:     645840 bytes,    8080088 total
- age   5:     430408 bytes,    8510496 total
- age   6:     656384 bytes,    9166880 total
- age   7:     595920 bytes,    9762800 total
- age   8:     433576 bytes,   10196376 total
: 99249K->11369K(109248K), 0.0065228 secs] 177874K->90600K(502464K), 0.0066196 secs] [Times: user=0.02 sys=0.00, real=0.01 secs] 
Heap after GC invocations=174 (full 1):
 par new generation   total 109248K, used 11369K [0x00000000e0000000, 0x00000000e8000000, 0x00000000e8000000)
  eden space 87424K,   0% used [0x00000000e0000000, 0x00000000e0000000, 0x00000000e5560000)
  from space 21824K,  52% used [0x00000000e5560000, 0x00000000e607a408, 0x00000000e6ab0000)
  to   space 21824K,   0% used [0x00000000e6ab0000, 0x00000000e6ab0000, 0x00000000e8000000)
 concurrent mark-sweep generation total 393216K, used 79231K [0x00000000e8000000, 0x0000000100000000, 0x0000000100000000)
 Metaspace       used 39738K, capacity 40770K, committed 40900K, reserved 1085440K
  class space    used 4629K, capacity 4911K, committed 4912K, reserved 1048576K
}
2018-03-21T05:56:59.564-0500: 756.455: Total time for which application threads were stopped: 0.0068103 seconds, Stopping threads took: 0.0000220 seconds
{Heap before GC invocations=174 (full 1):
 par new generation   total 109248K, used 98793K [0x00000000e0000000, 0x00000000e8000000, 0x00000000e8000000)
  eden space 87424K, 100% used [0x00000000e0000000, 0x00000000e5560000, 0x00000000e5560000)
  from space 21824K,  52% used [0x00000000e5560000, 0x00000000e607a408, 0x00000000e6ab0000)
  to   space 21824K,   0% used [0x00000000e6ab0000, 0x00000000e6ab0000, 0x00000000e8000000)
 concurrent mark-sweep generation total 393216K, used 79231K [0x00000000e8000000, 0x0000000100000000, 0x0000000100000000)
 Metaspace       used 39738K, capacity 40770K, committed 40900K, reserved 1085440K
  class space    used 4629K, capacity 4911K, committed 4912K, reserved 1048576K
2018-03-21T05:56:59.902-0500: 756.793: [GC (Allocation Failure) 2018-03-21T05:56:59.903-0500: 756.793: [ParNew
Desired survivor size 20112992 bytes, new threshold 8 (max 8)
- age   1:    3836544 bytes,    3836544 total
- age   2:    2480848 bytes,    6317392 total
- age   3:    1643936 bytes,    7961328 total
- age   4:     799936 bytes,    8761264 total
- age   5:     645840 bytes,    9407104 total
- age   6:     430376 bytes,    9837480 total
- age   7:     656384 bytes,   10493864 total
- age   8:     595920 bytes,   11089784 total
: 98793K->14575K(109248K), 0.0077599 secs] 178024K->94230K(502464K), 0.0078526 secs] [Times: user=0.02 sys=0.00, real=0.01 secs] 
Heap after GC invocations=175 (full 1):
 par new generation   total 109248K, used 14575K [0x00000000e0000000, 0x00000000e8000000, 0x00000000e8000000)
  eden space 87424K,   0% used [0x00000000e0000000, 0x00000000e0000000, 0x00000000e5560000)
  from space 21824K,  66% used [0x00000000e6ab0000, 0x00000000e78ebc28, 0x00000000e8000000)
  to   space 21824K,   0% used [0x00000000e5560000, 0x00000000e5560000, 0x00000000e6ab0000)
 concurrent mark-sweep generation total 393216K, used 79655K [0x00000000e8000000, 0x0000000100000000, 0x0000000100000000)
 Metaspace       used 39738K, capacity 40770K, committed 40900K, reserved 1085440K
  class space    used 4629K, capacity 4911K, committed 4912K, reserved 1048576K
}
2018-03-21T05:56:59.910-0500: 756.801: Total time for which application threads were stopped: 0.0081084 seconds, Stopping threads took: 0.0000410 seconds
{Heap before GC invocations=175 (full 1):
 par new generation   total 109248K, used 101999K [0x00000000e0000000, 0x00000000e8000000, 0x00000000e8000000)
  eden space 87424K, 100% used [0x00000000e0000000, 0x00000000e5560000, 0x00000000e5560000)
  from space 21824K,  66% used [0x00000000e6ab0000, 0x00000000e78ebc28, 0x00000000e8000000)
  to   space 21824K,   0% used [0x00000000e5560000, 0x00000000e5560000, 0x00000000e6ab0000)
 concurrent mark-sweep generation total 393216K, used 79655K [0x00000000e8000000, 0x0000000100000000, 0x0000000100000000)
 Metaspace       used 39741K, capacity 40834K, committed 40900K, reserved 1085440K
  class space    used 4629K, capacity 4911K, committed 4912K, reserved 1048576K
2018-03-21T05:57:00.197-0500: 757.087: [GC (Allocation Failure) 2018-03-21T05:57:00.197-0500: 757.087: [ParNew
Desired survivor size 20112992 bytes, new threshold 8 (max 8)
- age   1:    2675408 bytes,    2675408 total
- age   2:    1508488 bytes,    4183896 total
- age   3:     674960 bytes,    4858856 total
- age   4:     508856 bytes,    5367712 total
- age   5:     626888 bytes,    5994600 total
- age   6:     645840 bytes,    6640440 total
- age   7:     429784 bytes,    7070224 total
- age   8:     656384 bytes,    7726608 total
: 101999K->10750K(109248K), 0.0055678 secs] 181654K->90988K(502464K), 0.0056551 secs] [Times: user=0.02 sys=0.00, real=0.01 secs] 
Heap after GC invocations=176 (full 1):
 par new generation   total 109248K, used 10750K [0x00000000e0000000, 0x00000000e8000000, 0x00000000e8000000)
  eden space 87424K,   0% used [0x00000000e0000000, 0x00000000e0000000, 0x00000000e5560000)
  from space 21824K,  49% used [0x00000000e5560000, 0x00000000e5fdfb68, 0x00000000e6ab0000)
  to   space 21824K,   0% used [0x00000000e6ab0000, 0x00000000e6ab0000, 0x00000000e8000000)
 concurrent mark-sweep generation total 393216K, used 80237K [0x00000000e8000000, 0x0000000100000000, 0x0000000100000000)
 Metaspace       used 39741K, capacity 40834K, committed 40900K, reserved 1085440K
  class space    used 4629K, capacity 4911K, committed 4912K, reserved 1048576K
}
2018-03-21T05:57:00.202-0500: 757.093: Total time for which application threads were stopped: 0.0058490 seconds, Stopping threads took: 0.0000207 seconds
{Heap before GC invocations=176 (full 1):
 par new generation   total 109248K, used 98174K [0x00000000e0000000, 0x00000000e8000000, 0x00000000e8000000)
  eden space 87424K, 100% used [0x00000000e0000000, 0x00000000e5560000, 0x00000000e5560000)
  from space 21824K,  49% used [0x00000000e5560000, 0x00000000e5fdfb68, 0x00000000e6ab0000)
  to   space 21824K,   0% used [0x00000000e6ab0000, 0x00000000e6ab0000, 0x00000000e8000000)
 concurrent mark-sweep generation total 393216K, used 80237K [0x00000000e8000000, 0x0000000100000000, 0x0000000100000000)
 Metaspace       used 39741K, capacity 40834K, committed 40900K, reserved 1085440K
  class space    used 4629K, capacity 4911K, committed 4912K, reserved 1048576K
2018-03-21T05:57:00.582-0500: 757.473: [GC (Allocation Failure) 2018-03-21T05:57:00.582-0500: 757.473: [ParNew
Desired survivor size 20112992 bytes, new threshold 8 (max 8)
- age   1:    3991888 bytes,    3991888 total
- age   2:    2014736 bytes,    6006624 total
- age   3:    1508192 bytes,    7514816 total
- age   4:     674960 bytes,    8189776 total
- age   5:     507944 bytes,    8697720 total
- age   6:     626888 bytes,    9324608 total
- age   7:     645840 bytes,    9970448 total
- age   8:     429784 bytes,   10400232 total
: 98174K->11999K(109248K), 0.0068399 secs] 178412K->92878K(502464K), 0.0069253 secs] [Times: user=0.02 sys=0.00, real=0.00 secs] 
Heap after GC invocations=177 (full 1):
 par new generation   total 109248K, used 11999K [0x00000000e0000000, 0x00000000e8000000, 0x00000000e8000000)
  eden space 87424K,   0% used [0x00000000e0000000, 0x00000000e0000000, 0x00000000e5560000)
  from space 21824K,  54% used [0x00000000e6ab0000, 0x00000000e7667f88, 0x00000000e8000000)
  to   space 21824K,   0% used [0x00000000e5560000, 0x00000000e5560000, 0x00000000e6ab0000)
 concurrent mark-sweep generation total 393216K, used 80878K [0x00000000e8000000, 0x0000000100000000, 0x0000000100000000)
 Metaspace       used 39741K, capacity 40834K, committed 40900K, reserved 1085440K
  class space    used 4629K, capacity 4911K, committed 4912K, reserved 1048576K
}
2018-03-21T05:57:00.589-0500: 757.480: Total time for which application threads were stopped: 0.0071126 seconds, Stopping threads took: 0.0000228 seconds
2018-03-21T05:57:00.786-0500: 757.677: Total time for which application threads were stopped: 0.0001818 seconds, Stopping threads took: 0.0000533 seconds
2018-03-21T05:57:00.787-0500: 757.677: Total time for which application threads were stopped: 0.0001132 seconds, Stopping threads took: 0.0000343 seconds
2018-03-21T05:57:00.787-0500: 757.678: Total time for which application threads were stopped: 0.0001040 seconds, Stopping threads took: 0.0000288 seconds
2018-03-21T05:57:00.788-0500: 757.678: Total time for which application threads were stopped: 0.0001679 seconds, Stopping threads took: 0.0000459 seconds
2018-03-21T05:57:00.788-0500: 757.678: Total time for which application threads were stopped: 0.0001079 seconds, Stopping threads took: 0.0000208 seconds
2018-03-21T05:57:00.788-0500: 757.679: Total time for which application threads were stopped: 0.0001294 seconds, Stopping threads took: 0.0000266 seconds
2018-03-21T05:57:00.796-0500: 757.686: Total time for which application threads were stopped: 0.0001881 seconds, Stopping threads took: 0.0000332 seconds
2018-03-21T05:57:00.796-0500: 757.686: Total time for which application threads were stopped: 0.0001181 seconds, Stopping threads took: 0.0000205 seconds
2018-03-21T05:57:00.877-0500: 757.768: Total time for which application threads were stopped: 0.0002955 seconds, Stopping threads took: 0.0000793 seconds
2018-03-21T05:57:00.878-0500: 757.768: Total time for which application threads were stopped: 0.0001861 seconds, Stopping threads took: 0.0000594 seconds
2018-03-21T05:57:00.878-0500: 757.768: Total time for which application threads were stopped: 0.0001171 seconds, Stopping threads took: 0.0000438 seconds
{Heap before GC invocations=177 (full 1):
 par new generation   total 109248K, used 99423K [0x00000000e0000000, 0x00000000e8000000, 0x00000000e8000000)
  eden space 87424K, 100% used [0x00000000e0000000, 0x00000000e5560000, 0x00000000e5560000)
  from space 21824K,  54% used [0x00000000e6ab0000, 0x00000000e7667f88, 0x00000000e8000000)
  to   space 21824K,   0% used [0x00000000e5560000, 0x00000000e5560000, 0x00000000e6ab0000)
 concurrent mark-sweep generation total 393216K, used 80878K [0x00000000e8000000, 0x0000000100000000, 0x0000000100000000)
 Metaspace       used 39748K, capacity 40834K, committed 40900K, reserved 1085440K
  class space    used 4629K, capacity 4911K, committed 4912K, reserved 1048576K
2018-03-21T05:57:00.905-0500: 757.796: [GC (Allocation Failure) 2018-03-21T05:57:00.905-0500: 757.796: [ParNew
Desired survivor size 20112992 bytes, new threshold 8 (max 8)
- age   1:    4612064 bytes,    4612064 total
- age   2:    2465776 bytes,    7077840 total
- age   3:    1678696 bytes,    8756536 total
- age   4:     900896 bytes,    9657432 total
- age   5:     674960 bytes,   10332392 total
- age   6:     507912 bytes,   10840304 total
- age   7:     626888 bytes,   11467192 total
- age   8:     645840 bytes,   12113032 total
: 99423K->15239K(109248K), 0.0067520 secs] 180302K->96538K(502464K), 0.0068396 secs] [Times: user=0.03 sys=0.00, real=0.01 secs] 
Heap after GC invocations=178 (full 1):
 par new generation   total 109248K, used 15239K [0x00000000e0000000, 0x00000000e8000000, 0x00000000e8000000)
  eden space 87424K,   0% used [0x00000000e0000000, 0x00000000e0000000, 0x00000000e5560000)
  from space 21824K,  69% used [0x00000000e5560000, 0x00000000e6441df8, 0x00000000e6ab0000)
  to   space 21824K,   0% used [0x00000000e6ab0000, 0x00000000e6ab0000, 0x00000000e8000000)
 concurrent mark-sweep generation total 393216K, used 81298K [0x00000000e8000000, 0x0000000100000000, 0x0000000100000000)
 Metaspace       used 39748K, capacity 40834K, committed 40900K, reserved 1085440K
  class space    used 4629K, capacity 4911K, committed 4912K, reserved 1048576K
}
2018-03-21T05:57:00.912-0500: 757.803: Total time for which application threads were stopped: 0.0070875 seconds, Stopping threads took: 0.0000800 seconds
{Heap before GC invocations=178 (full 1):
 par new generation   total 109248K, used 102663K [0x00000000e0000000, 0x00000000e8000000, 0x00000000e8000000)
  eden space 87424K, 100% used [0x00000000e0000000, 0x00000000e5560000, 0x00000000e5560000)
  from space 21824K,  69% used [0x00000000e5560000, 0x00000000e6441df8, 0x00000000e6ab0000)
  to   space 21824K,   0% used [0x00000000e6ab0000, 0x00000000e6ab0000, 0x00000000e8000000)
 concurrent mark-sweep generation total 393216K, used 81298K [0x00000000e8000000, 0x0000000100000000, 0x0000000100000000)
 Metaspace       used 39749K, capacity 40834K, committed 40900K, reserved 1085440K
  class space    used 4629K, capacity 4911K, committed 4912K, reserved 1048576K
2018-03-21T05:57:01.102-0500: 757.993: [GC (Allocation Failure) 2018-03-21T05:57:01.102-0500: 757.993: [ParNew
Desired survivor size 20112992 bytes, new threshold 8 (max 8)
- age   1:    3284272 bytes,    3284272 total
- age   2:    2542040 bytes,    5826312 total
- age   3:     588640 bytes,    6414952 total
- age   4:     466880 bytes,    6881832 total
- age   5:     519768 bytes,    7401600 total
- age   6:     674960 bytes,    8076560 total
- age   7:     507240 bytes,    8583800 total
- age   8:     626888 bytes,    9210688 total
: 102663K->13811K(109248K), 0.0066916 secs] 183962K->95740K(502464K), 0.0068174 secs] [Times: user=0.02 sys=0.00, real=0.00 secs] 
Heap after GC invocations=179 (full 1):
 par new generation   total 109248K, used 13811K [0x00000000e0000000, 0x00000000e8000000, 0x00000000e8000000)
  eden space 87424K,   0% used [0x00000000e0000000, 0x00000000e0000000, 0x00000000e5560000)
  from space 21824K,  63% used [0x00000000e6ab0000, 0x00000000e782ccb0, 0x00000000e8000000)
  to   space 21824K,   0% used [0x00000000e5560000, 0x00000000e5560000, 0x00000000e6ab0000)
 concurrent mark-sweep generation total 393216K, used 81929K [0x00000000e8000000, 0x0000000100000000, 0x0000000100000000)
 Metaspace       used 39749K, capacity 40834K, committed 40900K, reserved 1085440K
  class space    used 4629K, capacity 4911K, committed 4912K, reserved 1048576K
}
2018-03-21T05:57:01.109-0500: 758.000: Total time for which application threads were stopped: 0.0071358 seconds, Stopping threads took: 0.0000704 seconds
{Heap before GC invocations=179 (full 1):
 par new generation   total 109248K, used 101235K [0x00000000e0000000, 0x00000000e8000000, 0x00000000e8000000)
  eden space 87424K, 100% used [0x00000000e0000000, 0x00000000e5560000, 0x00000000e5560000)
  from space 21824K,  63% used [0x00000000e6ab0000, 0x00000000e782ccb0, 0x00000000e8000000)
  to   space 21824K,   0% used [0x00000000e5560000, 0x00000000e5560000, 0x00000000e6ab0000)
 concurrent mark-sweep generation total 393216K, used 81929K [0x00000000e8000000, 0x0000000100000000, 0x0000000100000000)
 Metaspace       used 39749K, capacity 40834K, committed 40900K, reserved 1085440K
  class space    used 4629K, capacity 4911K, committed 4912K, reserved 1048576K
2018-03-21T05:57:01.334-0500: 758.224: [GC (Allocation Failure) 2018-03-21T05:57:01.334-0500: 758.224: [ParNew
Desired survivor size 20112992 bytes, new threshold 8 (max 8)
- age   1:    4615624 bytes,    4615624 total
- age   2:    2391216 bytes,    7006840 total
- age   3:    2540712 bytes,    9547552 total
- age   4:     588640 bytes,   10136192 total
- age   5:     465968 bytes,   10602160 total
- age   6:     519768 bytes,   11121928 total
- age   7:     674960 bytes,   11796888 total
- age   8:     507240 bytes,   12304128 total
: 101235K->16248K(109248K), 0.0071082 secs] 183164K->98790K(502464K), 0.0071878 secs] [Times: user=0.02 sys=0.00, real=0.01 secs] 
Heap after GC invocations=180 (full 1):
 par new generation   total 109248K, used 16248K [0x00000000e0000000, 0x00000000e8000000, 0x00000000e8000000)
  eden space 87424K,   0% used [0x00000000e0000000, 0x00000000e0000000, 0x00000000e5560000)
  from space 21824K,  74% used [0x00000000e5560000, 0x00000000e653e320, 0x00000000e6ab0000)
  to   space 21824K,   0% used [0x00000000e6ab0000, 0x00000000e6ab0000, 0x00000000e8000000)
 concurrent mark-sweep generation total 393216K, used 82541K [0x00000000e8000000, 0x0000000100000000, 0x0000000100000000)
 Metaspace       used 39749K, capacity 40834K, committed 40900K, reserved 1085440K
  class space    used 4629K, capacity 4911K, committed 4912K, reserved 1048576K
}
2018-03-21T05:57:01.341-0500: 758.231: Total time for which application threads were stopped: 0.0074476 seconds, Stopping threads took: 0.0000485 seconds
{Heap before GC invocations=180 (full 1):
 par new generation   total 109248K, used 103672K [0x00000000e0000000, 0x00000000e8000000, 0x00000000e8000000)
  eden space 87424K, 100% used [0x00000000e0000000, 0x00000000e5560000, 0x00000000e5560000)
  from space 21824K,  74% used [0x00000000e5560000, 0x00000000e653e320, 0x00000000e6ab0000)
  to   space 21824K,   0% used [0x00000000e6ab0000, 0x00000000e6ab0000, 0x00000000e8000000)
 concurrent mark-sweep generation total 393216K, used 82541K [0x00000000e8000000, 0x0000000100000000, 0x0000000100000000)
 Metaspace       used 39749K, capacity 40834K, committed 40900K, reserved 1085440K
  class space    used 4629K, capacity 4911K, committed 4912K, reserved 1048576K
2018-03-21T05:57:01.646-0500: 758.537: [GC (Allocation Failure) 2018-03-21T05:57:01.646-0500: 758.537: [ParNew
Desired survivor size 20112992 bytes, new threshold 8 (max 8)
- age   1:    4663728 bytes,    4663728 total
- age   2:    3425208 bytes,    8088936 total
- age   3:    2389656 bytes,   10478592 total
- age   4:    2507600 bytes,   12986192 total
- age   5:     588640 bytes,   13574832 total
- age   6:     465968 bytes,   14040800 total
- age   7:     519768 bytes,   14560568 total
- age   8:     674960 bytes,   15235528 total
: 103672K->17217K(109248K), 0.0216763 secs] 186214K->100255K(502464K), 0.0217838 secs] [Times: user=0.08 sys=0.00, real=0.02 secs] 
Heap after GC invocations=181 (full 1):
 par new generation   total 109248K, used 17217K [0x00000000e0000000, 0x00000000e8000000, 0x00000000e8000000)
  eden space 87424K,   0% used [0x00000000e0000000, 0x00000000e0000000, 0x00000000e5560000)
  from space 21824K,  78% used [0x00000000e6ab0000, 0x00000000e7b807c0, 0x00000000e8000000)
  to   space 21824K,   0% used [0x00000000e5560000, 0x00000000e5560000, 0x00000000e6ab0000)
 concurrent mark-sweep generation total 393216K, used 83037K [0x00000000e8000000, 0x0000000100000000, 0x0000000100000000)
 Metaspace       used 39749K, capacity 40834K, committed 40900K, reserved 1085440K
  class space    used 4629K, capacity 4911K, committed 4912K, reserved 1048576K
}
2018-03-21T05:57:01.668-0500: 758.558: Total time for which application threads were stopped: 0.0220355 seconds, Stopping threads took: 0.0000535 seconds
{Heap before GC invocations=181 (full 1):
 par new generation   total 109248K, used 104641K [0x00000000e0000000, 0x00000000e8000000, 0x00000000e8000000)
  eden space 87424K, 100% used [0x00000000e0000000, 0x00000000e5560000, 0x00000000e5560000)
  from space 21824K,  78% used [0x00000000e6ab0000, 0x00000000e7b807c0, 0x00000000e8000000)
  to   space 21824K,   0% used [0x00000000e5560000, 0x00000000e5560000, 0x00000000e6ab0000)
 concurrent mark-sweep generation total 393216K, used 83037K [0x00000000e8000000, 0x0000000100000000, 0x0000000100000000)
 Metaspace       used 39764K, capacity 40898K, committed 40900K, reserved 1085440K
  class space    used 4629K, capacity 4911K, committed 4912K, reserved 1048576K
2018-03-21T05:57:01.974-0500: 758.865: [GC (Allocation Failure) 2018-03-21T05:57:01.974-0500: 758.865: [ParNew
Desired survivor size 20112992 bytes, new threshold 8 (max 8)
- age   1:    4471864 bytes,    4471864 total
- age   2:    2610968 bytes,    7082832 total
- age   3:    2711896 bytes,    9794728 total
- age   4:    1984888 bytes,   11779616 total
- age   5:    1158760 bytes,   12938376 total
- age   6:     588640 bytes,   13527016 total
- age   7:     465936 bytes,   13992952 total
- age   8:     519768 bytes,   14512720 total
: 104641K->15735K(109248K), 0.0106070 secs] 187679K->99431K(502464K), 0.0106820 secs] [Times: user=0.04 sys=0.00, real=0.01 secs] 
Heap after GC invocations=182 (full 1):
 par new generation   total 109248K, used 15735K [0x00000000e0000000, 0x00000000e8000000, 0x00000000e8000000)
  eden space 87424K,   0% used [0x00000000e0000000, 0x00000000e0000000, 0x00000000e5560000)
  from space 21824K,  72% used [0x00000000e5560000, 0x00000000e64bdca0, 0x00000000e6ab0000)
  to   space 21824K,   0% used [0x00000000e6ab0000, 0x00000000e6ab0000, 0x00000000e8000000)
 concurrent mark-sweep generation total 393216K, used 83696K [0x00000000e8000000, 0x0000000100000000, 0x0000000100000000)
 Metaspace       used 39764K, capacity 40898K, committed 40900K, reserved 1085440K
  class space    used 4629K, capacity 4911K, committed 4912K, reserved 1048576K
}
2018-03-21T05:57:01.985-0500: 758.875: Total time for which application threads were stopped: 0.0115991 seconds, Stopping threads took: 0.0007269 seconds
2018-03-21T05:57:02.066-0500: 758.956: Total time for which application threads were stopped: 0.0001989 seconds, Stopping threads took: 0.0000637 seconds
2018-03-21T05:57:02.067-0500: 758.958: Total time for which application threads were stopped: 0.0003318 seconds, Stopping threads took: 0.0001219 seconds
2018-03-21T05:57:02.068-0500: 758.958: Total time for which application threads were stopped: 0.0001780 seconds, Stopping threads took: 0.0000638 seconds
2018-03-21T05:57:02.068-0500: 758.958: Total time for which application threads were stopped: 0.0001433 seconds, Stopping threads took: 0.0000512 seconds
2018-03-21T05:57:02.091-0500: 758.981: Total time for which application threads were stopped: 0.0002531 seconds, Stopping threads took: 0.0000765 seconds
{Heap before GC invocations=182 (full 1):
 par new generation   total 109248K, used 103159K [0x00000000e0000000, 0x00000000e8000000, 0x00000000e8000000)
  eden space 87424K, 100% used [0x00000000e0000000, 0x00000000e5560000, 0x00000000e5560000)
  from space 21824K,  72% used [0x00000000e5560000, 0x00000000e64bdca0, 0x00000000e6ab0000)
  to   space 21824K,   0% used [0x00000000e6ab0000, 0x00000000e6ab0000, 0x00000000e8000000)
 concurrent mark-sweep generation total 393216K, used 83696K [0x00000000e8000000, 0x0000000100000000, 0x0000000100000000)
 Metaspace       used 39766K, capacity 40898K, committed 40900K, reserved 1085440K
  class space    used 4629K, capacity 4911K, committed 4912K, reserved 1048576K
2018-03-21T05:57:02.284-0500: 759.175: [GC (Allocation Failure) 2018-03-21T05:57:02.284-0500: 759.175: [ParNew
Desired survivor size 20112992 bytes, new threshold 8 (max 8)
- age   1:    3195720 bytes,    3195720 total
- age   2:    1624432 bytes,    4820152 total
- age   3:     704624 bytes,    5524776 total
- age   4:     663520 bytes,    6188296 total
- age   5:     567040 bytes,    6755336 total
- age   6:     759440 bytes,    7514776 total
- age   7:     588640 bytes,    8103416 total
- age   8:     465216 bytes,    8568632 total
: 103159K->17207K(109248K), 0.0163427 secs] 186855K->101411K(502464K), 0.0164409 secs] [Times: user=0.06 sys=0.00, real=0.02 secs] 
Heap after GC invocations=183 (full 1):
 par new generation   total 109248K, used 17207K [0x00000000e0000000, 0x00000000e8000000, 0x00000000e8000000)
  eden space 87424K,   0% used [0x00000000e0000000, 0x00000000e0000000, 0x00000000e5560000)
  from space 21824K,  78% used [0x00000000e6ab0000, 0x00000000e7b7dfb8, 0x00000000e8000000)
  to   space 21824K,   0% used [0x00000000e5560000, 0x00000000e5560000, 0x00000000e6ab0000)
 concurrent mark-sweep generation total 393216K, used 84204K [0x00000000e8000000, 0x0000000100000000, 0x0000000100000000)
 Metaspace       used 39766K, capacity 40898K, committed 40900K, reserved 1085440K
  class space    used 4629K, capacity 4911K, committed 4912K, reserved 1048576K
}
2018-03-21T05:57:02.301-0500: 759.191: Total time for which application threads were stopped: 0.0171210 seconds, Stopping threads took: 0.0004517 seconds
{Heap before GC invocations=183 (full 1):
 par new generation   total 109248K, used 104631K [0x00000000e0000000, 0x00000000e8000000, 0x00000000e8000000)
  eden space 87424K, 100% used [0x00000000e0000000, 0x00000000e5560000, 0x00000000e5560000)
  from space 21824K,  78% used [0x00000000e6ab0000, 0x00000000e7b7dfb8, 0x00000000e8000000)
  to   space 21824K,   0% used [0x00000000e5560000, 0x00000000e5560000, 0x00000000e6ab0000)
 concurrent mark-sweep generation total 393216K, used 84204K [0x00000000e8000000, 0x0000000100000000, 0x0000000100000000)
 Metaspace       used 39766K, capacity 40898K, committed 40900K, reserved 1085440K
  class space    used 4629K, capacity 4911K, committed 4912K, reserved 1048576K
2018-03-21T05:57:02.590-0500: 759.480: [GC (Allocation Failure) 2018-03-21T05:57:02.590-0500: 759.480: [ParNew
Desired survivor size 20112992 bytes, new threshold 8 (max 8)
- age   1:    3626336 bytes,    3626336 total
- age   2:    2516184 bytes,    6142520 total
- age   3:    1624432 bytes,    7766952 total
- age   4:     704624 bytes,    8471576 total
- age   5:     663520 bytes,    9135096 total
- age   6:     566128 bytes,    9701224 total
- age   7:     759440 bytes,   10460664 total
- age   8:     588640 bytes,   11049304 total
: 104631K->11273K(109248K), 0.0235864 secs] 188835K->95932K(502464K), 0.0236816 secs] [Times: user=0.09 sys=0.00, real=0.03 secs] 
Heap after GC invocations=184 (full 1):
 par new generation   total 109248K, used 11273K [0x00000000e0000000, 0x00000000e8000000, 0x00000000e8000000)
  eden space 87424K,   0% used [0x00000000e0000000, 0x00000000e0000000, 0x00000000e5560000)
  from space 21824K,  51% used [0x00000000e5560000, 0x00000000e60626c8, 0x00000000e6ab0000)
  to   space 21824K,   0% used [0x00000000e6ab0000, 0x00000000e6ab0000, 0x00000000e8000000)
 concurrent mark-sweep generation total 393216K, used 84658K [0x00000000e8000000, 0x0000000100000000, 0x0000000100000000)
 Metaspace       used 39766K, capacity 40898K, committed 40900K, reserved 1085440K
  class space    used 4629K, capacity 4911K, committed 4912K, reserved 1048576K
}
2018-03-21T05:57:02.613-0500: 759.504: Total time for which application threads were stopped: 0.0239949 seconds, Stopping threads took: 0.0000704 seconds
2018-03-21T05:57:02.879-0500: 759.769: Total time for which application threads were stopped: 0.0002413 seconds, Stopping threads took: 0.0001002 seconds
{Heap before GC invocations=184 (full 1):
 par new generation   total 109248K, used 98697K [0x00000000e0000000, 0x00000000e8000000, 0x00000000e8000000)
  eden space 87424K, 100% used [0x00000000e0000000, 0x00000000e5560000, 0x00000000e5560000)
  from space 21824K,  51% used [0x00000000e5560000, 0x00000000e60626c8, 0x00000000e6ab0000)
  to   space 21824K,   0% used [0x00000000e6ab0000, 0x00000000e6ab0000, 0x00000000e8000000)
 concurrent mark-sweep generation total 393216K, used 84658K [0x00000000e8000000, 0x0000000100000000, 0x0000000100000000)
 Metaspace       used 39770K, capacity 40906K, committed 41156K, reserved 1085440K
  class space    used 4629K, capacity 4911K, committed 4912K, reserved 1048576K
2018-03-21T05:57:02.942-0500: 759.833: [GC (Allocation Failure) 2018-03-21T05:57:02.942-0500: 759.833: [ParNew
Desired survivor size 20112992 bytes, new threshold 8 (max 8)
- age   1:    4705576 bytes,    4705576 total
- age   2:    2159784 bytes,    6865360 total
- age   3:    1552920 bytes,    8418280 total
- age   4:     915080 bytes,    9333360 total
- age   5:     704624 bytes,   10037984 total
- age   6:     663520 bytes,   10701504 total
- age   7:     566128 bytes,   11267632 total
- age   8:     759440 bytes,   12027072 total
: 98697K->16354K(109248K), 0.0070093 secs] 183356K->101587K(502464K), 0.0070897 secs] [Times: user=0.03 sys=0.00, real=0.00 secs] 
Heap after GC invocations=185 (full 1):
 par new generation   total 109248K, used 16354K [0x00000000e0000000, 0x00000000e8000000, 0x00000000e8000000)
  eden space 87424K,   0% used [0x00000000e0000000, 0x00000000e0000000, 0x00000000e5560000)
  from space 21824K,  74% used [0x00000000e6ab0000, 0x00000000e7aa89a0, 0x00000000e8000000)
  to   space 21824K,   0% used [0x00000000e5560000, 0x00000000e5560000, 0x00000000e6ab0000)
 concurrent mark-sweep generation total 393216K, used 85233K [0x00000000e8000000, 0x0000000100000000, 0x0000000100000000)
 Metaspace       used 39770K, capacity 40906K, committed 41156K, reserved 1085440K
  class space    used 4629K, capacity 4911K, committed 4912K, reserved 1048576K
}
2018-03-21T05:57:02.949-0500: 759.840: Total time for which application threads were stopped: 0.0073926 seconds, Stopping threads took: 0.0000736 seconds
2018-03-21T05:57:02.950-0500: 759.840: [GC (CMS Initial Mark) [1 CMS-initial-mark: 85233K(393216K)] 101852K(502464K), 0.0022574 secs] [Times: user=0.00 sys=0.00, real=0.01 secs] 
2018-03-21T05:57:02.952-0500: 759.842: Total time for which application threads were stopped: 0.0024869 seconds, Stopping threads took: 0.0000666 seconds
2018-03-21T05:57:02.952-0500: 759.842: [CMS-concurrent-mark-start]
2018-03-21T05:57:03.013-0500: 759.903: [CMS-concurrent-mark: 0.061/0.061 secs] [Times: user=0.23 sys=0.01, real=0.06 secs] 
2018-03-21T05:57:03.013-0500: 759.903: [CMS-concurrent-preclean-start]
2018-03-21T05:57:03.014-0500: 759.905: [CMS-concurrent-preclean: 0.002/0.002 secs] [Times: user=0.01 sys=0.00, real=0.00 secs] 
2018-03-21T05:57:03.014-0500: 759.905: [CMS-concurrent-abortable-preclean-start]
2018-03-21T05:57:03.026-0500: 759.917: Total time for which application threads were stopped: 0.0001975 seconds, Stopping threads took: 0.0000676 seconds
2018-03-21T05:57:03.026-0500: 759.917: Total time for which application threads were stopped: 0.0001051 seconds, Stopping threads took: 0.0000474 seconds
2018-03-21T05:57:03.027-0500: 759.917: Total time for which application threads were stopped: 0.0000949 seconds, Stopping threads took: 0.0000377 seconds
{Heap before GC invocations=185 (full 2):
 par new generation   total 109248K, used 103778K [0x00000000e0000000, 0x00000000e8000000, 0x00000000e8000000)
  eden space 87424K, 100% used [0x00000000e0000000, 0x00000000e5560000, 0x00000000e5560000)
  from space 21824K,  74% used [0x00000000e6ab0000, 0x00000000e7aa89a0, 0x00000000e8000000)
  to   space 21824K,   0% used [0x00000000e5560000, 0x00000000e5560000, 0x00000000e6ab0000)
 concurrent mark-sweep generation total 393216K, used 85233K [0x00000000e8000000, 0x0000000100000000, 0x0000000100000000)
 Metaspace       used 39773K, capacity 40906K, committed 41156K, reserved 1085440K
  class space    used 4629K, capacity 4911K, committed 4912K, reserved 1048576K
2018-03-21T05:57:03.132-0500: 760.022: [GC (Allocation Failure) 2018-03-21T05:57:03.132-0500: 760.022: [ParNew
Desired survivor size 20112992 bytes, new threshold 8 (max 8)
- age   1:    3750416 bytes,    3750416 total
- age   2:    2445064 bytes,    6195480 total
- age   3:     518272 bytes,    6713752 total
- age   4:     471208 bytes,    7184960 total
- age   5:     482592 bytes,    7667552 total
- age   6:     704624 bytes,    8372176 total
- age   7:     663520 bytes,    9035696 total
- age   8:     565248 bytes,    9600944 total
: 103778K->13481K(109248K), 0.0059229 secs] 189011K->99457K(502464K), 0.0060113 secs] [Times: user=0.02 sys=0.00, real=0.00 secs] 
Heap after GC invocations=186 (full 2):
 par new generation   total 109248K, used 13481K [0x00000000e0000000, 0x00000000e8000000, 0x00000000e8000000)
  eden space 87424K,   0% used [0x00000000e0000000, 0x00000000e0000000, 0x00000000e5560000)
  from space 21824K,  61% used [0x00000000e5560000, 0x00000000e628a680, 0x00000000e6ab0000)
  to   space 21824K,   0% used [0x00000000e6ab0000, 0x00000000e6ab0000, 0x00000000e8000000)
 concurrent mark-sweep generation total 393216K, used 85975K [0x00000000e8000000, 0x0000000100000000, 0x0000000100000000)
 Metaspace       used 39773K, capacity 40906K, committed 41156K, reserved 1085440K
  class space    used 4629K, capacity 4911K, committed 4912K, reserved 1048576K
}
2018-03-21T05:57:03.138-0500: 760.028: Total time for which application threads were stopped: 0.0063072 seconds, Stopping threads took: 0.0000654 seconds
{Heap before GC invocations=186 (full 2):
 par new generation   total 109248K, used 100905K [0x00000000e0000000, 0x00000000e8000000, 0x00000000e8000000)
  eden space 87424K, 100% used [0x00000000e0000000, 0x00000000e5560000, 0x00000000e5560000)
  from space 21824K,  61% used [0x00000000e5560000, 0x00000000e628a680, 0x00000000e6ab0000)
  to   space 21824K,   0% used [0x00000000e6ab0000, 0x00000000e6ab0000, 0x00000000e8000000)
 concurrent mark-sweep generation total 393216K, used 85975K [0x00000000e8000000, 0x0000000100000000, 0x0000000100000000)
 Metaspace       used 39774K, capacity 40906K, committed 41156K, reserved 1085440K
  class space    used 4629K, capacity 4911K, committed 4912K, reserved 1048576K
2018-03-21T05:57:03.434-0500: 760.325: [GC (Allocation Failure) 2018-03-21T05:57:03.434-0500: 760.325: [ParNew2018-03-21T05:57:03.444-0500: 760.335: [CMS-concurrent-abortable-preclean: 0.159/0.430 secs] [Times: user=1.57 sys=0.02, real=0.43 secs] 

Desired survivor size 20112992 bytes, new threshold 8 (max 8)
- age   1:    3375856 bytes,    3375856 total
- age   2:    3020968 bytes,    6396824 total
- age   3:    2444368 bytes,    8841192 total
- age   4:     518224 bytes,    9359416 total
- age   5:     400848 bytes,    9760264 total
- age   6:     482592 bytes,   10242856 total
- age   7:     704624 bytes,   10947480 total
- age   8:     663520 bytes,   11611000 total
: 100905K->13002K(109248K), 0.0249842 secs] 186881K->99530K(502464K), 0.0250664 secs] [Times: user=0.09 sys=0.00, real=0.03 secs] 
Heap after GC invocations=187 (full 2):
 par new generation   total 109248K, used 13002K [0x00000000e0000000, 0x00000000e8000000, 0x00000000e8000000)
  eden space 87424K,   0% used [0x00000000e0000000, 0x00000000e0000000, 0x00000000e5560000)
  from space 21824K,  59% used [0x00000000e6ab0000, 0x00000000e7762b90, 0x00000000e8000000)
  to   space 21824K,   0% used [0x00000000e5560000, 0x00000000e5560000, 0x00000000e6ab0000)
 concurrent mark-sweep generation total 393216K, used 86528K [0x00000000e8000000, 0x0000000100000000, 0x0000000100000000)
 Metaspace       used 39774K, capacity 40906K, committed 41156K, reserved 1085440K
  class space    used 4629K, capacity 4911K, committed 4912K, reserved 1048576K
}
2018-03-21T05:57:03.459-0500: 760.350: Total time for which application threads were stopped: 0.0253777 seconds, Stopping threads took: 0.0000951 seconds
2018-03-21T05:57:03.474-0500: 760.365: [GC (CMS Final Remark) [YG occupancy: 15884 K (109248 K)]{Heap before GC invocations=187 (full 2):
 par new generation   total 109248K, used 15884K [0x00000000e0000000, 0x00000000e8000000, 0x00000000e8000000)
  eden space 87424K,   3% used [0x00000000e0000000, 0x00000000e02d0630, 0x00000000e5560000)
  from space 21824K,  59% used [0x00000000e6ab0000, 0x00000000e7762b90, 0x00000000e8000000)
  to   space 21824K,   0% used [0x00000000e5560000, 0x00000000e5560000, 0x00000000e6ab0000)
 concurrent mark-sweep generation total 393216K, used 86528K [0x00000000e8000000, 0x0000000100000000, 0x0000000100000000)
 Metaspace       used 39774K, capacity 40906K, committed 41156K, reserved 1085440K
  class space    used 4629K, capacity 4911K, committed 4912K, reserved 1048576K
2018-03-21T05:57:03.474-0500: 760.365: [GC (CMS Final Remark) 2018-03-21T05:57:03.474-0500: 760.365: [ParNew
Desired survivor size 20112992 bytes, new threshold 8 (max 8)
- age   1:     269152 bytes,     269152 total
- age   2:    3329192 bytes,    3598344 total
- age   3:    3020968 bytes,    6619312 total
- age   4:    2444368 bytes,    9063680 total
- age   5:     518224 bytes,    9581904 total
- age   6:     400848 bytes,    9982752 total
- age   7:     482592 bytes,   10465344 total
- age   8:     704624 bytes,   11169968 total
: 15884K->14706K(109248K), 0.0140800 secs] 102412K->101882K(502464K), 0.0141382 secs] [Times: user=0.06 sys=0.00, real=0.01 secs] 
Heap after GC invocations=188 (full 2):
 par new generation   total 109248K, used 14706K [0x00000000e0000000, 0x00000000e8000000, 0x00000000e8000000)
  eden space 87424K,   0% used [0x00000000e0000000, 0x00000000e0000000, 0x00000000e5560000)
  from space 21824K,  67% used [0x00000000e5560000, 0x00000000e63bcaa0, 0x00000000e6ab0000)
  to   space 21824K,   0% used [0x00000000e6ab0000, 0x00000000e6ab0000, 0x00000000e8000000)
 concurrent mark-sweep generation total 393216K, used 87176K [0x00000000e8000000, 0x0000000100000000, 0x0000000100000000)
 Metaspace       used 39774K, capacity 40906K, committed 41156K, reserved 1085440K
  class space    used 4629K, capacity 4911K, committed 4912K, reserved 1048576K
}
2018-03-21T05:57:03.488-0500: 760.379: [Rescan (parallel) , 0.0017502 secs]2018-03-21T05:57:03.490-0500: 760.381: [weak refs processing, 0.0073102 secs]2018-03-21T05:57:03.497-0500: 760.388: [class unloading, 0.0146008 secs]2018-03-21T05:57:03.512-0500: 760.403: [scrub symbol table, 0.0048971 secs]2018-03-21T05:57:03.517-0500: 760.407: [scrub string table, 0.0006133 secs][1 CMS-remark: 87176K(393216K)] 101882K(502464K), 0.0448212 secs] [Times: user=0.11 sys=0.00, real=0.05 secs] 
2018-03-21T05:57:03.519-0500: 760.409: Total time for which application threads were stopped: 0.0489792 seconds, Stopping threads took: 0.0039962 seconds
2018-03-21T05:57:03.519-0500: 760.410: [CMS-concurrent-sweep-start]
2018-03-21T05:57:03.571-0500: 760.461: [CMS-concurrent-sweep: 0.051/0.051 secs] [Times: user=0.18 sys=0.02, real=0.05 secs] 
2018-03-21T05:57:03.571-0500: 760.461: [CMS-concurrent-reset-start]
2018-03-21T05:57:03.572-0500: 760.462: [CMS-concurrent-reset: 0.001/0.001 secs] [Times: user=0.00 sys=0.00, real=0.00 secs] 
{Heap before GC invocations=188 (full 2):
 par new generation   total 109248K, used 102130K [0x00000000e0000000, 0x00000000e8000000, 0x00000000e8000000)
  eden space 87424K, 100% used [0x00000000e0000000, 0x00000000e5560000, 0x00000000e5560000)
  from space 21824K,  67% used [0x00000000e5560000, 0x00000000e63bcaa0, 0x00000000e6ab0000)
  to   space 21824K,   0% used [0x00000000e6ab0000, 0x00000000e6ab0000, 0x00000000e8000000)
 concurrent mark-sweep generation total 393216K, used 40474K [0x00000000e8000000, 0x0000000100000000, 0x0000000100000000)
 Metaspace       used 39720K, capacity 40820K, committed 41156K, reserved 1085440K
  class space    used 4617K, capacity 4890K, committed 4912K, reserved 1048576K
2018-03-21T05:57:03.877-0500: 760.768: [GC (Allocation Failure) 2018-03-21T05:57:03.877-0500: 760.768: [ParNew
Desired survivor size 20112992 bytes, new threshold 8 (max 8)
- age   1:    4528816 bytes,    4528816 total
- age   2:      62592 bytes,    4591408 total
- age   3:    2294464 bytes,    6885872 total
- age   4:    3001624 bytes,    9887496 total
- age   5:    2444312 bytes,   12331808 total
- age   6:     518224 bytes,   12850032 total
- age   7:     400848 bytes,   13250880 total
- age   8:     482592 bytes,   13733472 total
: 102130K->17989K(109248K), 0.0090366 secs] 142605K->59152K(502464K), 0.0091426 secs] [Times: user=0.04 sys=0.00, real=0.01 secs] 
Heap after GC invocations=189 (full 2):
 par new generation   total 109248K, used 17989K [0x00000000e0000000, 0x00000000e8000000, 0x00000000e8000000)
  eden space 87424K,   0% used [0x00000000e0000000, 0x00000000e0000000, 0x00000000e5560000)
  from space 21824K,  82% used [0x00000000e6ab0000, 0x00000000e7c41638, 0x00000000e8000000)
  to   space 21824K,   0% used [0x00000000e5560000, 0x00000000e5560000, 0x00000000e6ab0000)
 concurrent mark-sweep generation total 393216K, used 41162K [0x00000000e8000000, 0x0000000100000000, 0x0000000100000000)
 Metaspace       used 39720K, capacity 40820K, committed 41156K, reserved 1085440K
  class space    used 4617K, capacity 4890K, committed 4912K, reserved 1048576K
}
2018-03-21T05:57:03.887-0500: 760.777: Total time for which application threads were stopped: 0.0096756 seconds, Stopping threads took: 0.0000782 seconds
2018-03-21T05:57:03.905-0500: 760.795: Total time for which application threads were stopped: 0.0004739 seconds, Stopping threads took: 0.0000968 seconds
2018-03-21T05:57:03.922-0500: 760.813: Total time for which application threads were stopped: 0.0003693 seconds, Stopping threads took: 0.0000917 seconds
2018-03-21T05:57:04.009-0500: 760.899: Total time for which application threads were stopped: 0.0003604 seconds, Stopping threads took: 0.0000937 seconds
2018-03-21T05:57:04.014-0500: 760.905: Total time for which application threads were stopped: 0.0041474 seconds, Stopping threads took: 0.0039952 seconds
2018-03-21T05:57:04.034-0500: 760.925: Total time for which application threads were stopped: 0.0002258 seconds, Stopping threads took: 0.0000756 seconds
2018-03-21T05:57:04.040-0500: 760.930: Total time for which application threads were stopped: 0.0001890 seconds, Stopping threads took: 0.0000643 seconds
2018-03-21T05:57:04.065-0500: 760.955: Total time for which application threads were stopped: 0.0002346 seconds, Stopping threads took: 0.0000554 seconds
2018-03-21T05:57:04.065-0500: 760.955: Total time for which application threads were stopped: 0.0000839 seconds, Stopping threads took: 0.0000268 seconds
2018-03-21T05:57:04.065-0500: 760.956: Total time for which application threads were stopped: 0.0000938 seconds, Stopping threads took: 0.0000343 seconds
2018-03-21T05:57:04.065-0500: 760.956: Total time for which application threads were stopped: 0.0000848 seconds, Stopping threads took: 0.0000303 seconds
2018-03-21T05:57:04.065-0500: 760.956: Total time for which application threads were stopped: 0.0000844 seconds, Stopping threads took: 0.0000315 seconds
2018-03-21T05:57:04.066-0500: 760.956: Total time for which application threads were stopped: 0.0000834 seconds, Stopping threads took: 0.0000261 seconds
2018-03-21T05:57:04.066-0500: 760.957: Total time for which application threads were stopped: 0.0003020 seconds, Stopping threads took: 0.0000303 seconds
2018-03-21T05:57:04.066-0500: 760.957: Total time for which application threads were stopped: 0.0001036 seconds, Stopping threads took: 0.0000365 seconds
2018-03-21T05:57:04.066-0500: 760.957: Total time for which application threads were stopped: 0.0000813 seconds, Stopping threads took: 0.0000252 seconds
2018-03-21T05:57:04.067-0500: 760.957: Total time for which application threads were stopped: 0.0000740 seconds, Stopping threads took: 0.0000239 seconds
2018-03-21T05:57:04.067-0500: 760.958: Total time for which application threads were stopped: 0.0002107 seconds, Stopping threads took: 0.0000239 seconds
{Heap before GC invocations=189 (full 2):
 par new generation   total 109248K, used 105413K [0x00000000e0000000, 0x00000000e8000000, 0x00000000e8000000)
  eden space 87424K, 100% used [0x00000000e0000000, 0x00000000e5560000, 0x00000000e5560000)
  from space 21824K,  82% used [0x00000000e6ab0000, 0x00000000e7c41638, 0x00000000e8000000)
  to   space 21824K,   0% used [0x00000000e5560000, 0x00000000e5560000, 0x00000000e6ab0000)
 concurrent mark-sweep generation total 393216K, used 41162K [0x00000000e8000000, 0x0000000100000000, 0x0000000100000000)
 Metaspace       used 39720K, capacity 40820K, committed 41156K, reserved 1085440K
  class space    used 4617K, capacity 4890K, committed 4912K, reserved 1048576K
2018-03-21T05:57:04.133-0500: 761.024: [GC (Allocation Failure) 2018-03-21T05:57:04.133-0500: 761.024: [ParNew
Desired survivor size 20112992 bytes, new threshold 8 (max 8)
- age   1:    6003504 bytes,    6003504 total
- age   2:     643768 bytes,    6647272 total
- age   3:      14560 bytes,    6661832 total
- age   4:     496080 bytes,    7157912 total
- age   5:    1176424 bytes,    8334336 total
- age   6:    1592896 bytes,    9927232 total
- age   7:     518224 bytes,   10445456 total
- age   8:     374328 bytes,   10819784 total
: 105413K->13329K(109248K), 0.0048296 secs] 146576K->54963K(502464K), 0.0049039 secs] [Times: user=0.02 sys=0.00, real=0.01 secs] 
Heap after GC invocations=190 (full 2):
 par new generation   total 109248K, used 13329K [0x00000000e0000000, 0x00000000e8000000, 0x00000000e8000000)
  eden space 87424K,   0% used [0x00000000e0000000, 0x00000000e0000000, 0x00000000e5560000)
  from space 21824K,  61% used [0x00000000e5560000, 0x00000000e6264600, 0x00000000e6ab0000)
  to   space 21824K,   0% used [0x00000000e6ab0000, 0x00000000e6ab0000, 0x00000000e8000000)
 concurrent mark-sweep generation total 393216K, used 41633K [0x00000000e8000000, 0x0000000100000000, 0x0000000100000000)
 Metaspace       used 39720K, capacity 40820K, committed 41156K, reserved 1085440K
  class space    used 4617K, capacity 4890K, committed 4912K, reserved 1048576K
}
2018-03-21T05:57:04.138-0500: 761.029: Total time for which application threads were stopped: 0.0052283 seconds, Stopping threads took: 0.0000624 seconds
2018-03-21T05:57:04.139-0500: 761.029: Total time for which application threads were stopped: 0.0002809 seconds, Stopping threads took: 0.0000538 seconds
{Heap before GC invocations=190 (full 2):
 par new generation   total 109248K, used 100753K [0x00000000e0000000, 0x00000000e8000000, 0x00000000e8000000)
  eden space 87424K, 100% used [0x00000000e0000000, 0x00000000e5560000, 0x00000000e5560000)
  from space 21824K,  61% used [0x00000000e5560000, 0x00000000e6264600, 0x00000000e6ab0000)
  to   space 21824K,   0% used [0x00000000e6ab0000, 0x00000000e6ab0000, 0x00000000e8000000)
 concurrent mark-sweep generation total 393216K, used 41633K [0x00000000e8000000, 0x0000000100000000, 0x0000000100000000)
 Metaspace       used 39720K, capacity 40820K, committed 41156K, reserved 1085440K
  class space    used 4617K, capacity 4890K, committed 4912K, reserved 1048576K
2018-03-21T05:57:04.353-0500: 761.243: [GC (Allocation Failure) 2018-03-21T05:57:04.353-0500: 761.243: [ParNew
Desired survivor size 20112992 bytes, new threshold 8 (max 8)
- age   1:    4037760 bytes,    4037760 total
- age   2:    5463760 bytes,    9501520 total
- age   3:     643768 bytes,   10145288 total
- age   4:      14560 bytes,   10159848 total
- age   5:     496080 bytes,   10655928 total
- age   6:    1175496 bytes,   11831424 total
- age   7:    1592896 bytes,   13424320 total
- age   8:     518224 bytes,   13942544 total
: 100753K->16741K(109248K), 0.0065306 secs] 142387K->58742K(502464K), 0.0066381 secs] [Times: user=0.02 sys=0.00, real=0.01 secs] 
Heap after GC invocations=191 (full 2):
 par new generation   total 109248K, used 16741K [0x00000000e0000000, 0x00000000e8000000, 0x00000000e8000000)
  eden space 87424K,   0% used [0x00000000e0000000, 0x00000000e0000000, 0x00000000e5560000)
  from space 21824K,  76% used [0x00000000e6ab0000, 0x00000000e7b097e8, 0x00000000e8000000)
  to   space 21824K,   0% used [0x00000000e5560000, 0x00000000e5560000, 0x00000000e6ab0000)
 concurrent mark-sweep generation total 393216K, used 42000K [0x00000000e8000000, 0x0000000100000000, 0x0000000100000000)
 Metaspace       used 39720K, capacity 40820K, committed 41156K, reserved 1085440K
  class space    used 4617K, capacity 4890K, committed 4912K, reserved 1048576K
}
2018-03-21T05:57:04.359-0500: 761.250: Total time for which application threads were stopped: 0.0069567 seconds, Stopping threads took: 0.0001234 seconds
{Heap before GC invocations=191 (full 2):
 par new generation   total 109248K, used 104165K [0x00000000e0000000, 0x00000000e8000000, 0x00000000e8000000)
  eden space 87424K, 100% used [0x00000000e0000000, 0x00000000e5560000, 0x00000000e5560000)
  from space 21824K,  76% used [0x00000000e6ab0000, 0x00000000e7b097e8, 0x00000000e8000000)
  to   space 21824K,   0% used [0x00000000e5560000, 0x00000000e5560000, 0x00000000e6ab0000)
 concurrent mark-sweep generation total 393216K, used 42000K [0x00000000e8000000, 0x0000000100000000, 0x0000000100000000)
 Metaspace       used 39720K, capacity 40820K, committed 41156K, reserved 1085440K
  class space    used 4617K, capacity 4890K, committed 4912K, reserved 1048576K
2018-03-21T05:57:04.717-0500: 761.607: [GC (Allocation Failure) 2018-03-21T05:57:04.717-0500: 761.607: [ParNew
Desired survivor size 20112992 bytes, new threshold 8 (max 8)
- age   1:    4226048 bytes,    4226048 total
- age   2:    2823744 bytes,    7049792 total
- age   3:    5125856 bytes,   12175648 total
- age   4:     643768 bytes,   12819416 total
- age   5:      14560 bytes,   12833976 total
- age   6:     496080 bytes,   13330056 total
- age   7:    1175496 bytes,   14505552 total
- age   8:    1592896 bytes,   16098448 total
: 104165K->21824K(109248K), 0.0080659 secs] 146166K->65130K(502464K), 0.0081412 secs] [Times: user=0.03 sys=0.00, real=0.01 secs] 
Heap after GC invocations=192 (full 2):
 par new generation   total 109248K, used 21824K [0x00000000e0000000, 0x00000000e8000000, 0x00000000e8000000)
  eden space 87424K,   0% used [0x00000000e0000000, 0x00000000e0000000, 0x00000000e5560000)
  from space 21824K, 100% used [0x00000000e5560000, 0x00000000e6ab0000, 0x00000000e6ab0000)
  to   space 21824K,   0% used [0x00000000e6ab0000, 0x00000000e6ab0000, 0x00000000e8000000)
 concurrent mark-sweep generation total 393216K, used 43306K [0x00000000e8000000, 0x0000000100000000, 0x0000000100000000)
 Metaspace       used 39720K, capacity 40820K, committed 41156K, reserved 1085440K
  class space    used 4617K, capacity 4890K, committed 4912K, reserved 1048576K
}
2018-03-21T05:57:04.725-0500: 761.616: Total time for which application threads were stopped: 0.0083396 seconds, Stopping threads took: 0.0000223 seconds
2018-03-21T05:57:04.953-0500: 761.843: Total time for which application threads were stopped: 0.0003879 seconds, Stopping threads took: 0.0000669 seconds
2018-03-21T05:57:04.953-0500: 761.843: Total time for which application threads were stopped: 0.0002294 seconds, Stopping threads took: 0.0000437 seconds
{Heap before GC invocations=192 (full 2):
 par new generation   total 109248K, used 109248K [0x00000000e0000000, 0x00000000e8000000, 0x00000000e8000000)
  eden space 87424K, 100% used [0x00000000e0000000, 0x00000000e5560000, 0x00000000e5560000)
  from space 21824K, 100% used [0x00000000e5560000, 0x00000000e6ab0000, 0x00000000e6ab0000)
  to   space 21824K,   0% used [0x00000000e6ab0000, 0x00000000e6ab0000, 0x00000000e8000000)
 concurrent mark-sweep generation total 393216K, used 43306K [0x00000000e8000000, 0x0000000100000000, 0x0000000100000000)
 Metaspace       used 39720K, capacity 40820K, committed 41156K, reserved 1085440K
  class space    used 4617K, capacity 4890K, committed 4912K, reserved 1048576K
2018-03-21T05:57:05.004-0500: 761.894: [GC (Allocation Failure) 2018-03-21T05:57:05.004-0500: 761.894: [ParNew
Desired survivor size 20112992 bytes, new threshold 8 (max 8)
- age   1:    3948328 bytes,    3948328 total
- age   2:    1922832 bytes,    5871160 total
- age   3:    1451440 bytes,    7322600 total
- age   4:    3436504 bytes,   10759104 total
- age   5:     643768 bytes,   11402872 total
- age   6:      14560 bytes,   11417432 total
- age   7:     496080 bytes,   11913512 total
- age   8:    1175464 bytes,   13088976 total
: 109248K->18079K(109248K), 0.0095742 secs] 152554K->62941K(502464K), 0.0096801 secs] [Times: user=0.04 sys=0.00, real=0.01 secs] 
Heap after GC invocations=193 (full 2):
 par new generation   total 109248K, used 18079K [0x00000000e0000000, 0x00000000e8000000, 0x00000000e8000000)
  eden space 87424K,   0% used [0x00000000e0000000, 0x00000000e0000000, 0x00000000e5560000)
  from space 21824K,  82% used [0x00000000e6ab0000, 0x00000000e7c57ec0, 0x00000000e8000000)
  to   space 21824K,   0% used [0x00000000e5560000, 0x00000000e5560000, 0x00000000e6ab0000)
 concurrent mark-sweep generation total 393216K, used 44862K [0x00000000e8000000, 0x0000000100000000, 0x0000000100000000)
 Metaspace       used 39720K, capacity 40820K, committed 41156K, reserved 1085440K
  class space    used 4617K, capacity 4890K, committed 4912K, reserved 1048576K
}
2018-03-21T05:57:05.013-0500: 761.904: Total time for which application threads were stopped: 0.0099569 seconds, Stopping threads took: 0.0000551 seconds
{Heap before GC invocations=193 (full 2):
 par new generation   total 109248K, used 105503K [0x00000000e0000000, 0x00000000e8000000, 0x00000000e8000000)
  eden space 87424K, 100% used [0x00000000e0000000, 0x00000000e5560000, 0x00000000e5560000)
  from space 21824K,  82% used [0x00000000e6ab0000, 0x00000000e7c57ec0, 0x00000000e8000000)
  to   space 21824K,   0% used [0x00000000e5560000, 0x00000000e5560000, 0x00000000e6ab0000)
 concurrent mark-sweep generation total 393216K, used 44862K [0x00000000e8000000, 0x0000000100000000, 0x0000000100000000)
 Metaspace       used 39720K, capacity 40820K, committed 41156K, reserved 1085440K
  class space    used 4617K, capacity 4890K, committed 4912K, reserved 1048576K
2018-03-21T05:57:05.403-0500: 762.293: [GC (Allocation Failure) 2018-03-21T05:57:05.403-0500: 762.293: [ParNew
Desired survivor size 20112992 bytes, new threshold 8 (max 8)
- age   1:    3663280 bytes,    3663280 total
- age   2:    3512624 bytes,    7175904 total
- age   3:    1445800 bytes,    8621704 total
- age   4:     974448 bytes,    9596152 total
- age   5:    3153536 bytes,   12749688 total
- age   6:     643768 bytes,   13393456 total
- age   7:      14560 bytes,   13408016 total
- age   8:     496080 bytes,   13904096 total
: 105503K->17631K(109248K), 0.0066020 secs] 150365K->63641K(502464K), 0.0067024 secs] [Times: user=0.02 sys=0.00, real=0.00 secs] 
Heap after GC invocations=194 (full 2):
 par new generation   total 109248K, used 17631K [0x00000000e0000000, 0x00000000e8000000, 0x00000000e8000000)
  eden space 87424K,   0% used [0x00000000e0000000, 0x00000000e0000000, 0x00000000e5560000)
  from space 21824K,  80% used [0x00000000e5560000, 0x00000000e6697e40, 0x00000000e6ab0000)
  to   space 21824K,   0% used [0x00000000e6ab0000, 0x00000000e6ab0000, 0x00000000e8000000)
 concurrent mark-sweep generation total 393216K, used 46010K [0x00000000e8000000, 0x0000000100000000, 0x0000000100000000)
 Metaspace       used 39720K, capacity 40820K, committed 41156K, reserved 1085440K
  class space    used 4617K, capacity 4890K, committed 4912K, reserved 1048576K
}
2018-03-21T05:57:05.409-0500: 762.300: Total time for which application threads were stopped: 0.0069178 seconds, Stopping threads took: 0.0000236 seconds
{Heap before GC invocations=194 (full 2):
 par new generation   total 109248K, used 105055K [0x00000000e0000000, 0x00000000e8000000, 0x00000000e8000000)
  eden space 87424K, 100% used [0x00000000e0000000, 0x00000000e5560000, 0x00000000e5560000)
  from space 21824K,  80% used [0x00000000e5560000, 0x00000000e6697e40, 0x00000000e6ab0000)
  to   space 21824K,   0% used [0x00000000e6ab0000, 0x00000000e6ab0000, 0x00000000e8000000)
 concurrent mark-sweep generation total 393216K, used 46010K [0x00000000e8000000, 0x0000000100000000, 0x0000000100000000)
 Metaspace       used 39720K, capacity 40820K, committed 41156K, reserved 1085440K
  class space    used 4617K, capacity 4890K, committed 4912K, reserved 1048576K
2018-03-21T05:57:05.789-0500: 762.679: [GC (Allocation Failure) 2018-03-21T05:57:05.789-0500: 762.679: [ParNew
Desired survivor size 20112992 bytes, new threshold 8 (max 8)
- age   1:    4048120 bytes,    4048120 total
- age   2:    2925896 bytes,    6974016 total
- age   3:    3512568 bytes,   10486584 total
- age   4:    1445800 bytes,   11932384 total
- age   5:     974448 bytes,   12906832 total
- age   6:    3152576 bytes,   16059408 total
- age   7:     643768 bytes,   16703176 total
- age   8:      14560 bytes,   16717736 total
: 105055K->20565K(109248K), 0.0070475 secs] 151065K->67059K(502464K), 0.0071375 secs] [Times: user=0.03 sys=0.00, real=0.01 secs] 
Heap after GC invocations=195 (full 2):
 par new generation   total 109248K, used 20565K [0x00000000e0000000, 0x00000000e8000000, 0x00000000e8000000)
  eden space 87424K,   0% used [0x00000000e0000000, 0x00000000e0000000, 0x00000000e5560000)
  from space 21824K,  94% used [0x00000000e6ab0000, 0x00000000e7ec5400, 0x00000000e8000000)
  to   space 21824K,   0% used [0x00000000e5560000, 0x00000000e5560000, 0x00000000e6ab0000)
 concurrent mark-sweep generation total 393216K, used 46494K [0x00000000e8000000, 0x0000000100000000, 0x0000000100000000)
 Metaspace       used 39720K, capacity 40820K, committed 41156K, reserved 1085440K
  class space    used 4617K, capacity 4890K, committed 4912K, reserved 1048576K
}
2018-03-21T05:57:05.796-0500: 762.686: Total time for which application threads were stopped: 0.0073401 seconds, Stopping threads took: 0.0000280 seconds
2018-03-21T05:57:05.952-0500: 762.843: Total time for which application threads were stopped: 0.0002107 seconds, Stopping threads took: 0.0000767 seconds
2018-03-21T05:57:05.953-0500: 762.843: Total time for which application threads were stopped: 0.0000786 seconds, Stopping threads took: 0.0000314 seconds
{Heap before GC invocations=195 (full 2):
 par new generation   total 109248K, used 107989K [0x00000000e0000000, 0x00000000e8000000, 0x00000000e8000000)
  eden space 87424K, 100% used [0x00000000e0000000, 0x00000000e5560000, 0x00000000e5560000)
  from space 21824K,  94% used [0x00000000e6ab0000, 0x00000000e7ec5400, 0x00000000e8000000)
  to   space 21824K,   0% used [0x00000000e5560000, 0x00000000e5560000, 0x00000000e6ab0000)
 concurrent mark-sweep generation total 393216K, used 46494K [0x00000000e8000000, 0x0000000100000000, 0x0000000100000000)
 Metaspace       used 39720K, capacity 40820K, committed 41156K, reserved 1085440K
  class space    used 4617K, capacity 4890K, committed 4912K, reserved 1048576K
2018-03-21T05:57:06.048-0500: 762.939: [GC (Allocation Failure) 2018-03-21T05:57:06.048-0500: 762.939: [ParNew
Desired survivor size 20112992 bytes, new threshold 8 (max 8)
- age   1:    2140176 bytes,    2140176 total
- age   2:     579328 bytes,    2719504 total
- age   3:     651424 bytes,    3370928 total
- age   4:    2587280 bytes,    5958208 total
- age   5:    1445800 bytes,    7404008 total
- age   6:     974448 bytes,    8378456 total
- age   7:    3134208 bytes,   11512664 total
- age   8:     643768 bytes,   12156432 total
: 107989K->20937K(109248K), 0.0045347 secs] 154483K->67446K(502464K), 0.0046313 secs] [Times: user=0.02 sys=0.00, real=0.01 secs] 
Heap after GC invocations=196 (full 2):
 par new generation   total 109248K, used 20937K [0x00000000e0000000, 0x00000000e8000000, 0x00000000e8000000)
  eden space 87424K,   0% used [0x00000000e0000000, 0x00000000e0000000, 0x00000000e5560000)
  from space 21824K,  95% used [0x00000000e5560000, 0x00000000e69d2550, 0x00000000e6ab0000)
  to   space 21824K,   0% used [0x00000000e6ab0000, 0x00000000e6ab0000, 0x00000000e8000000)
 concurrent mark-sweep generation total 393216K, used 46508K [0x00000000e8000000, 0x0000000100000000, 0x0000000100000000)
 Metaspace       used 39720K, capacity 40820K, committed 41156K, reserved 1085440K
  class space    used 4617K, capacity 4890K, committed 4912K, reserved 1048576K
}
2018-03-21T05:57:06.053-0500: 762.943: Total time for which application threads were stopped: 0.0048625 seconds, Stopping threads took: 0.0000315 seconds
{Heap before GC invocations=196 (full 2):
 par new generation   total 109248K, used 108361K [0x00000000e0000000, 0x00000000e8000000, 0x00000000e8000000)
  eden space 87424K, 100% used [0x00000000e0000000, 0x00000000e5560000, 0x00000000e5560000)
  from space 21824K,  95% used [0x00000000e5560000, 0x00000000e69d2550, 0x00000000e6ab0000)
  to   space 21824K,   0% used [0x00000000e6ab0000, 0x00000000e6ab0000, 0x00000000e8000000)
 concurrent mark-sweep generation total 393216K, used 46508K [0x00000000e8000000, 0x0000000100000000, 0x0000000100000000)
 Metaspace       used 39720K, capacity 40820K, committed 41156K, reserved 1085440K
  class space    used 4617K, capacity 4890K, committed 4912K, reserved 1048576K
2018-03-21T05:57:06.490-0500: 763.381: [GC (Allocation Failure) 2018-03-21T05:57:06.490-0500: 763.381: [ParNew
Desired survivor size 20112992 bytes, new threshold 8 (max 8)
- age   1:    3567592 bytes,    3567592 total
- age   2:    1860680 bytes,    5428272 total
- age   3:     579328 bytes,    6007600 total
- age   4:     650512 bytes,    6658112 total
- age   5:    2587280 bytes,    9245392 total
- age   6:    1445800 bytes,   10691192 total
- age   7:     974448 bytes,   11665640 total
- age   8:    3134208 bytes,   14799848 total
: 108361K->17713K(109248K), 0.0062813 secs] 154870K->64851K(502464K), 0.0063640 secs] [Times: user=0.03 sys=0.00, real=0.00 secs] 
Heap after GC invocations=197 (full 2):
 par new generation   total 109248K, used 17713K [0x00000000e0000000, 0x00000000e8000000, 0x00000000e8000000)
  eden space 87424K,   0% used [0x00000000e0000000, 0x00000000e0000000, 0x00000000e5560000)
  from space 21824K,  81% used [0x00000000e6ab0000, 0x00000000e7bfc778, 0x00000000e8000000)
  to   space 21824K,   0% used [0x00000000e5560000, 0x00000000e5560000, 0x00000000e6ab0000)
 concurrent mark-sweep generation total 393216K, used 47137K [0x00000000e8000000, 0x0000000100000000, 0x0000000100000000)
 Metaspace       used 39720K, capacity 40820K, committed 41156K, reserved 1085440K
  class space    used 4617K, capacity 4890K, committed 4912K, reserved 1048576K
}
2018-03-21T05:57:06.497-0500: 763.387: Total time for which application threads were stopped: 0.0065640 seconds, Stopping threads took: 0.0000247 seconds
2018-03-21T05:57:06.525-0500: 763.415: Total time for which application threads were stopped: 0.0001295 seconds, Stopping threads took: 0.0000258 seconds
2018-03-21T05:57:06.525-0500: 763.415: Total time for which application threads were stopped: 0.0000872 seconds, Stopping threads took: 0.0000353 seconds
2018-03-21T05:57:06.525-0500: 763.416: Total time for which application threads were stopped: 0.0001006 seconds, Stopping threads took: 0.0000248 seconds
2018-03-21T05:57:06.581-0500: 763.471: Total time for which application threads were stopped: 0.0001625 seconds, Stopping threads took: 0.0000421 seconds
2018-03-21T05:57:06.587-0500: 763.478: Total time for which application threads were stopped: 0.0002767 seconds, Stopping threads took: 0.0000597 seconds
2018-03-21T05:57:06.587-0500: 763.478: Total time for which application threads were stopped: 0.0001664 seconds, Stopping threads took: 0.0000597 seconds
2018-03-21T05:57:06.588-0500: 763.478: Total time for which application threads were stopped: 0.0001214 seconds, Stopping threads took: 0.0000356 seconds
2018-03-21T05:57:06.588-0500: 763.478: Total time for which application threads were stopped: 0.0001145 seconds, Stopping threads took: 0.0000206 seconds
2018-03-21T05:57:06.588-0500: 763.478: Total time for which application threads were stopped: 0.0001024 seconds, Stopping threads took: 0.0000330 seconds
2018-03-21T05:57:06.588-0500: 763.479: Total time for which application threads were stopped: 0.0001090 seconds, Stopping threads took: 0.0000424 seconds
2018-03-21T05:57:06.588-0500: 763.479: Total time for which application threads were stopped: 0.0001030 seconds, Stopping threads took: 0.0000366 seconds
2018-03-21T05:57:06.588-0500: 763.479: Total time for which application threads were stopped: 0.0000996 seconds, Stopping threads took: 0.0000340 seconds
2018-03-21T05:57:06.589-0500: 763.480: Total time for which application threads were stopped: 0.0001719 seconds, Stopping threads took: 0.0000434 seconds
2018-03-21T05:57:06.590-0500: 763.481: Total time for which application threads were stopped: 0.0001966 seconds, Stopping threads took: 0.0000668 seconds
2018-03-21T05:57:06.591-0500: 763.481: Total time for which application threads were stopped: 0.0002653 seconds, Stopping threads took: 0.0000402 seconds
2018-03-21T05:57:06.591-0500: 763.482: Total time for which application threads were stopped: 0.0001039 seconds, Stopping threads took: 0.0000280 seconds
{Heap before GC invocations=197 (full 2):
 par new generation   total 109248K, used 105137K [0x00000000e0000000, 0x00000000e8000000, 0x00000000e8000000)
  eden space 87424K, 100% used [0x00000000e0000000, 0x00000000e5560000, 0x00000000e5560000)
  from space 21824K,  81% used [0x00000000e6ab0000, 0x00000000e7bfc778, 0x00000000e8000000)
  to   space 21824K,   0% used [0x00000000e5560000, 0x00000000e5560000, 0x00000000e6ab0000)
 concurrent mark-sweep generation total 393216K, used 47137K [0x00000000e8000000, 0x0000000100000000, 0x0000000100000000)
 Metaspace       used 39721K, capacity 40820K, committed 41156K, reserved 1085440K
  class space    used 4617K, capacity 4890K, committed 4912K, reserved 1048576K
2018-03-21T05:57:06.846-0500: 763.737: [GC (Allocation Failure) 2018-03-21T05:57:06.846-0500: 763.737: [ParNew
Desired survivor size 20112992 bytes, new threshold 8 (max 8)
- age   1:    4884536 bytes,    4884536 total
- age   2:    1132112 bytes,    6016648 total
- age   3:     877856 bytes,    6894504 total
- age   4:     579328 bytes,    7473832 total
- age   5:     649712 bytes,    8123544 total
- age   6:    2587280 bytes,   10710824 total
- age   7:    1445800 bytes,   12156624 total
- age   8:     974448 bytes,   13131072 total
: 105137K->18673K(109248K), 0.0060979 secs] 152275K->68873K(502464K), 0.0061897 secs] [Times: user=0.02 sys=0.00, real=0.01 secs] 
Heap after GC invocations=198 (full 2):
 par new generation   total 109248K, used 18673K [0x00000000e0000000, 0x00000000e8000000, 0x00000000e8000000)
  eden space 87424K,   0% used [0x00000000e0000000, 0x00000000e0000000, 0x00000000e5560000)
  from space 21824K,  85% used [0x00000000e5560000, 0x00000000e679c570, 0x00000000e6ab0000)
  to   space 21824K,   0% used [0x00000000e6ab0000, 0x00000000e6ab0000, 0x00000000e8000000)
 concurrent mark-sweep generation total 393216K, used 50199K [0x00000000e8000000, 0x0000000100000000, 0x0000000100000000)
 Metaspace       used 39721K, capacity 40820K, committed 41156K, reserved 1085440K
  class space    used 4617K, capacity 4890K, committed 4912K, reserved 1048576K
}
2018-03-21T05:57:06.852-0500: 763.743: Total time for which application threads were stopped: 0.0064590 seconds, Stopping threads took: 0.0000694 seconds
{Heap before GC invocations=198 (full 2):
 par new generation   total 109248K, used 106097K [0x00000000e0000000, 0x00000000e8000000, 0x00000000e8000000)
  eden space 87424K, 100% used [0x00000000e0000000, 0x00000000e5560000, 0x00000000e5560000)
  from space 21824K,  85% used [0x00000000e5560000, 0x00000000e679c570, 0x00000000e6ab0000)
  to   space 21824K,   0% used [0x00000000e6ab0000, 0x00000000e6ab0000, 0x00000000e8000000)
 concurrent mark-sweep generation total 393216K, used 50199K [0x00000000e8000000, 0x0000000100000000, 0x0000000100000000)
 Metaspace       used 39721K, capacity 40820K, committed 41156K, reserved 1085440K
  class space    used 4617K, capacity 4890K, committed 4912K, reserved 1048576K
2018-03-21T05:57:07.110-0500: 764.001: [GC (Allocation Failure) 2018-03-21T05:57:07.110-0500: 764.001: [ParNew
Desired survivor size 20112992 bytes, new threshold 8 (max 8)
- age   1:    2960288 bytes,    2960288 total
- age   2:    2003632 bytes,    4963920 total
- age   3:     611792 bytes,    5575712 total
- age   4:     674456 bytes,    6250168 total
- age   5:     579328 bytes,    6829496 total
- age   6:     649680 bytes,    7479176 total
- age   7:    2587280 bytes,   10066456 total
- age   8:    1445800 bytes,   11512256 total
: 106097K->13840K(109248K), 0.0047174 secs] 156297K->64992K(502464K), 0.0048081 secs] [Times: user=0.02 sys=0.00, real=0.00 secs] 
Heap after GC invocations=199 (full 2):
 par new generation   total 109248K, used 13840K [0x00000000e0000000, 0x00000000e8000000, 0x00000000e8000000)
  eden space 87424K,   0% used [0x00000000e0000000, 0x00000000e0000000, 0x00000000e5560000)
  from space 21824K,  63% used [0x00000000e6ab0000, 0x00000000e78342c8, 0x00000000e8000000)
  to   space 21824K,   0% used [0x00000000e5560000, 0x00000000e5560000, 0x00000000e6ab0000)
 concurrent mark-sweep generation total 393216K, used 51151K [0x00000000e8000000, 0x0000000100000000, 0x0000000100000000)
 Metaspace       used 39721K, capacity 40820K, committed 41156K, reserved 1085440K
  class space    used 4617K, capacity 4890K, committed 4912K, reserved 1048576K
}
2018-03-21T05:57:07.115-0500: 764.006: Total time for which application threads were stopped: 0.0050451 seconds, Stopping threads took: 0.0000396 seconds
2018-03-21T05:57:07.352-0500: 764.242: Total time for which application threads were stopped: 0.0003264 seconds, Stopping threads took: 0.0000394 seconds
{Heap before GC invocations=199 (full 2):
 par new generation   total 109248K, used 101264K [0x00000000e0000000, 0x00000000e8000000, 0x00000000e8000000)
  eden space 87424K, 100% used [0x00000000e0000000, 0x00000000e5560000, 0x00000000e5560000)
  from space 21824K,  63% used [0x00000000e6ab0000, 0x00000000e78342c8, 0x00000000e8000000)
  to   space 21824K,   0% used [0x00000000e5560000, 0x00000000e5560000, 0x00000000e6ab0000)
 concurrent mark-sweep generation total 393216K, used 51151K [0x00000000e8000000, 0x0000000100000000, 0x0000000100000000)
 Metaspace       used 39721K, capacity 40820K, committed 41156K, reserved 1085440K
  class space    used 4617K, capacity 4890K, committed 4912K, reserved 1048576K
2018-03-21T05:57:07.382-0500: 764.272: [GC (Allocation Failure) 2018-03-21T05:57:07.382-0500: 764.272: [ParNew
Desired survivor size 20112992 bytes, new threshold 8 (max 8)
- age   1:    2652216 bytes,    2652216 total
- age   2:    2465544 bytes,    5117760 total
- age   3:    1692840 bytes,    6810600 total
- age   4:     611792 bytes,    7422392 total
- age   5:     673544 bytes,    8095936 total
- age   6:     579328 bytes,    8675264 total
- age   7:     649680 bytes,    9324944 total
- age   8:    2587280 bytes,   11912224 total
: 101264K->18215K(109248K), 0.0071158 secs] 152416K->70779K(502464K), 0.0072235 secs] [Times: user=0.02 sys=0.00, real=0.00 secs] 
Heap after GC invocations=200 (full 2):
 par new generation   total 109248K, used 18215K [0x00000000e0000000, 0x00000000e8000000, 0x00000000e8000000)
  eden space 87424K,   0% used [0x00000000e0000000, 0x00000000e0000000, 0x00000000e5560000)
  from space 21824K,  83% used [0x00000000e5560000, 0x00000000e6729fa8, 0x00000000e6ab0000)
  to   space 21824K,   0% used [0x00000000e6ab0000, 0x00000000e6ab0000, 0x00000000e8000000)
 concurrent mark-sweep generation total 393216K, used 52563K [0x00000000e8000000, 0x0000000100000000, 0x0000000100000000)
 Metaspace       used 39721K, capacity 40820K, committed 41156K, reserved 1085440K
  class space    used 4617K, capacity 4890K, committed 4912K, reserved 1048576K
}
2018-03-21T05:57:07.389-0500: 764.279: Total time for which application threads were stopped: 0.0074552 seconds, Stopping threads took: 0.0000295 seconds
{Heap before GC invocations=200 (full 2):
 par new generation   total 109248K, used 105639K [0x00000000e0000000, 0x00000000e8000000, 0x00000000e8000000)
  eden space 87424K, 100% used [0x00000000e0000000, 0x00000000e5560000, 0x00000000e5560000)
  from space 21824K,  83% used [0x00000000e5560000, 0x00000000e6729fa8, 0x00000000e6ab0000)
  to   space 21824K,   0% used [0x00000000e6ab0000, 0x00000000e6ab0000, 0x00000000e8000000)
 concurrent mark-sweep generation total 393216K, used 52563K [0x00000000e8000000, 0x0000000100000000, 0x0000000100000000)
 Metaspace       used 39721K, capacity 40820K, committed 41156K, reserved 1085440K
  class space    used 4617K, capacity 4890K, committed 4912K, reserved 1048576K
2018-03-21T05:57:07.796-0500: 764.687: [GC (Allocation Failure) 2018-03-21T05:57:07.796-0500: 764.687: [ParNew
Desired survivor size 20112992 bytes, new threshold 8 (max 8)
- age   1:    4047640 bytes,    4047640 total
- age   2:    1976264 bytes,    6023904 total
- age   3:    2465560 bytes,    8489464 total
- age   4:    1692704 bytes,   10182168 total
- age   5:     611792 bytes,   10793960 total
- age   6:     673544 bytes,   11467504 total
- age   7:     579328 bytes,   12046832 total
- age   8:     649680 bytes,   12696512 total
: 105639K->15149K(109248K), 0.0069322 secs] 158203K->70240K(502464K), 0.0070129 secs] [Times: user=0.03 sys=0.00, real=0.01 secs] 
Heap after GC invocations=201 (full 2):
 par new generation   total 109248K, used 15149K [0x00000000e0000000, 0x00000000e8000000, 0x00000000e8000000)
  eden space 87424K,   0% used [0x00000000e0000000, 0x00000000e0000000, 0x00000000e5560000)
  from space 21824K,  69% used [0x00000000e6ab0000, 0x00000000e797b7b0, 0x00000000e8000000)
  to   space 21824K,   0% used [0x00000000e5560000, 0x00000000e5560000, 0x00000000e6ab0000)
 concurrent mark-sweep generation total 393216K, used 55090K [0x00000000e8000000, 0x0000000100000000, 0x0000000100000000)
 Metaspace       used 39721K, capacity 40820K, committed 41156K, reserved 1085440K
  class space    used 4617K, capacity 4890K, committed 4912K, reserved 1048576K
}
2018-03-21T05:57:07.803-0500: 764.694: Total time for which application threads were stopped: 0.0071961 seconds, Stopping threads took: 0.0000197 seconds
2018-03-21T05:57:08.001-0500: 764.891: Total time for which application threads were stopped: 0.0001336 seconds, Stopping threads took: 0.0000314 seconds
2018-03-21T05:57:08.004-0500: 764.894: Total time for which application threads were stopped: 0.0001358 seconds, Stopping threads took: 0.0000464 seconds
2018-03-21T05:57:08.004-0500: 764.895: Total time for which application threads were stopped: 0.0000985 seconds, Stopping threads took: 0.0000238 seconds
2018-03-21T05:57:08.004-0500: 764.895: Total time for which application threads were stopped: 0.0001050 seconds, Stopping threads took: 0.0000347 seconds
2018-03-21T05:57:08.004-0500: 764.895: Total time for which application threads were stopped: 0.0001115 seconds, Stopping threads took: 0.0000458 seconds
{Heap before GC invocations=201 (full 2):
 par new generation   total 109248K, used 102573K [0x00000000e0000000, 0x00000000e8000000, 0x00000000e8000000)
  eden space 87424K, 100% used [0x00000000e0000000, 0x00000000e5560000, 0x00000000e5560000)
  from space 21824K,  69% used [0x00000000e6ab0000, 0x00000000e797b7b0, 0x00000000e8000000)
  to   space 21824K,   0% used [0x00000000e5560000, 0x00000000e5560000, 0x00000000e6ab0000)
 concurrent mark-sweep generation total 393216K, used 55090K [0x00000000e8000000, 0x0000000100000000, 0x0000000100000000)
 Metaspace       used 39721K, capacity 40820K, committed 41156K, reserved 1085440K
  class space    used 4617K, capacity 4890K, committed 4912K, reserved 1048576K
2018-03-21T05:57:08.091-0500: 764.982: [GC (Allocation Failure) 2018-03-21T05:57:08.092-0500: 764.982: [ParNew
Desired survivor size 20112992 bytes, new threshold 8 (max 8)
- age   1:    2725984 bytes,    2725984 total
- age   2:     636480 bytes,    3362464 total
- age   3:     435632 bytes,    3798096 total
- age   4:     993224 bytes,    4791320 total
- age   5:     376184 bytes,    5167504 total
- age   6:         80 bytes,    5167584 total
- age   7:     287112 bytes,    5454696 total
- age   8:     579328 bytes,    6034024 total
: 102573K->10665K(109248K), 0.0043739 secs] 157664K->66362K(502464K), 0.0044801 secs] [Times: user=0.02 sys=0.00, real=0.00 secs] 
Heap after GC invocations=202 (full 2):
 par new generation   total 109248K, used 10665K [0x00000000e0000000, 0x00000000e8000000, 0x00000000e8000000)
  eden space 87424K,   0% used [0x00000000e0000000, 0x00000000e0000000, 0x00000000e5560000)
  from space 21824K,  48% used [0x00000000e5560000, 0x00000000e5fca460, 0x00000000e6ab0000)
  to   space 21824K,   0% used [0x00000000e6ab0000, 0x00000000e6ab0000, 0x00000000e8000000)
 concurrent mark-sweep generation total 393216K, used 55697K [0x00000000e8000000, 0x0000000100000000, 0x0000000100000000)
 Metaspace       used 39721K, capacity 40820K, committed 41156K, reserved 1085440K
  class space    used 4617K, capacity 4890K, committed 4912K, reserved 1048576K
}
2018-03-21T05:57:08.096-0500: 764.986: Total time for which application threads were stopped: 0.0047134 seconds, Stopping threads took: 0.0000322 seconds
{Heap before GC invocations=202 (full 2):
 par new generation   total 109248K, used 98089K [0x00000000e0000000, 0x00000000e8000000, 0x00000000e8000000)
  eden space 87424K, 100% used [0x00000000e0000000, 0x00000000e5560000, 0x00000000e5560000)
  from space 21824K,  48% used [0x00000000e5560000, 0x00000000e5fca460, 0x00000000e6ab0000)
  to   space 21824K,   0% used [0x00000000e6ab0000, 0x00000000e6ab0000, 0x00000000e8000000)
 concurrent mark-sweep generation total 393216K, used 55697K [0x00000000e8000000, 0x0000000100000000, 0x0000000100000000)
 Metaspace       used 39721K, capacity 40820K, committed 41156K, reserved 1085440K
  class space    used 4617K, capacity 4890K, committed 4912K, reserved 1048576K
2018-03-21T05:57:08.517-0500: 765.407: [GC (Allocation Failure) 2018-03-21T05:57:08.517-0500: 765.407: [ParNew
Desired survivor size 20112992 bytes, new threshold 8 (max 8)
- age   1:    3829472 bytes,    3829472 total
- age   2:    2250488 bytes,    6079960 total
- age   3:     636480 bytes,    6716440 total
- age   4:     435632 bytes,    7152072 total
- age   5:     992312 bytes,    8144384 total
- age   6:     376184 bytes,    8520568 total
- age   7:         80 bytes,    8520648 total
- age   8:     287112 bytes,    8807760 total
: 98089K->11293K(109248K), 0.0073882 secs] 153786K->67557K(502464K), 0.0074720 secs] [Times: user=0.02 sys=0.00, real=0.01 secs] 
Heap after GC invocations=203 (full 2):
 par new generation   total 109248K, used 11293K [0x00000000e0000000, 0x00000000e8000000, 0x00000000e8000000)
  eden space 87424K,   0% used [0x00000000e0000000, 0x00000000e0000000, 0x00000000e5560000)
  from space 21824K,  51% used [0x00000000e6ab0000, 0x00000000e75b7660, 0x00000000e8000000)
  to   space 21824K,   0% used [0x00000000e5560000, 0x00000000e5560000, 0x00000000e6ab0000)
 concurrent mark-sweep generation total 393216K, used 56263K [0x00000000e8000000, 0x0000000100000000, 0x0000000100000000)
 Metaspace       used 39721K, capacity 40820K, committed 41156K, reserved 1085440K
  class space    used 4617K, capacity 4890K, committed 4912K, reserved 1048576K
}
2018-03-21T05:57:08.524-0500: 765.415: Total time for which application threads were stopped: 0.0076841 seconds, Stopping threads took: 0.0000290 seconds
{Heap before GC invocations=203 (full 2):
 par new generation   total 109248K, used 98717K [0x00000000e0000000, 0x00000000e8000000, 0x00000000e8000000)
  eden space 87424K, 100% used [0x00000000e0000000, 0x00000000e5560000, 0x00000000e5560000)
  from space 21824K,  51% used [0x00000000e6ab0000, 0x00000000e75b7660, 0x00000000e8000000)
  to   space 21824K,   0% used [0x00000000e5560000, 0x00000000e5560000, 0x00000000e6ab0000)
 concurrent mark-sweep generation total 393216K, used 56263K [0x00000000e8000000, 0x0000000100000000, 0x0000000100000000)
 Metaspace       used 39721K, capacity 40820K, committed 41156K, reserved 1085440K
  class space    used 4617K, capacity 4890K, committed 4912K, reserved 1048576K
2018-03-21T05:57:08.914-0500: 765.805: [GC (Allocation Failure) 2018-03-21T05:57:08.914-0500: 765.805: [ParNew
Desired survivor size 20112992 bytes, new threshold 8 (max 8)
- age   1:    4670328 bytes,    4670328 total
- age   2:    2807232 bytes,    7477560 total
- age   3:    2004432 bytes,    9481992 total
- age   4:     636480 bytes,   10118472 total
- age   5:     435632 bytes,   10554104 total
- age   6:     992312 bytes,   11546416 total
- age   7:     376152 bytes,   11922568 total
- age   8:         80 bytes,   11922648 total
: 98717K->12479K(109248K), 0.0153021 secs] 154981K->69023K(502464K), 0.0153824 secs] [Times: user=0.03 sys=0.00, real=0.01 secs] 
Heap after GC invocations=204 (full 2):
 par new generation   total 109248K, used 12479K [0x00000000e0000000, 0x00000000e8000000, 0x00000000e8000000)
  eden space 87424K,   0% used [0x00000000e0000000, 0x00000000e0000000, 0x00000000e5560000)
  from space 21824K,  57% used [0x00000000e5560000, 0x00000000e618fd60, 0x00000000e6ab0000)
  to   space 21824K,   0% used [0x00000000e6ab0000, 0x00000000e6ab0000, 0x00000000e8000000)
 concurrent mark-sweep generation total 393216K, used 56544K [0x00000000e8000000, 0x0000000100000000, 0x0000000100000000)
 Metaspace       used 39721K, capacity 40820K, committed 41156K, reserved 1085440K
  class space    used 4617K, capacity 4890K, committed 4912K, reserved 1048576K
}
2018-03-21T05:57:08.930-0500: 765.820: Total time for which application threads were stopped: 0.0156125 seconds, Stopping threads took: 0.0000485 seconds
{Heap before GC invocations=204 (full 2):
 par new generation   total 109248K, used 99903K [0x00000000e0000000, 0x00000000e8000000, 0x00000000e8000000)
  eden space 87424K, 100% used [0x00000000e0000000, 0x00000000e5560000, 0x00000000e5560000)
  from space 21824K,  57% used [0x00000000e5560000, 0x00000000e618fd60, 0x00000000e6ab0000)
  to   space 21824K,   0% used [0x00000000e6ab0000, 0x00000000e6ab0000, 0x00000000e8000000)
 concurrent mark-sweep generation total 393216K, used 56544K [0x00000000e8000000, 0x0000000100000000, 0x0000000100000000)
 Metaspace       used 39721K, capacity 40820K, committed 41156K, reserved 1085440K
  class space    used 4617K, capacity 4890K, committed 4912K, reserved 1048576K
2018-03-21T05:57:09.198-0500: 766.089: [GC (Allocation Failure) 2018-03-21T05:57:09.198-0500: 766.089: [ParNew
Desired survivor size 20112992 bytes, new threshold 8 (max 8)
- age   1:    2599040 bytes,    2599040 total
- age   2:    1361824 bytes,    3960864 total
- age   3:     627120 bytes,    4587984 total
- age   4:     521736 bytes,    5109720 total
- age   5:     636480 bytes,    5746200 total
- age   6:     435632 bytes,    6181832 total
- age   7:     991960 bytes,    7173792 total
- age   8:     376152 bytes,    7549944 total
: 99903K->12215K(109248K), 0.0061920 secs] 156447K->68759K(502464K), 0.0062980 secs] [Times: user=0.02 sys=0.00, real=0.00 secs] 
Heap after GC invocations=205 (full 2):
 par new generation   total 109248K, used 12215K [0x00000000e0000000, 0x00000000e8000000, 0x00000000e8000000)
  eden space 87424K,   0% used [0x00000000e0000000, 0x00000000e0000000, 0x00000000e5560000)
  from space 21824K,  55% used [0x00000000e6ab0000, 0x00000000e769ddb8, 0x00000000e8000000)
  to   space 21824K,   0% used [0x00000000e5560000, 0x00000000e5560000, 0x00000000e6ab0000)
 concurrent mark-sweep generation total 393216K, used 56544K [0x00000000e8000000, 0x0000000100000000, 0x0000000100000000)
 Metaspace       used 39721K, capacity 40820K, committed 41156K, reserved 1085440K
  class space    used 4617K, capacity 4890K, committed 4912K, reserved 1048576K
}
2018-03-21T05:57:09.205-0500: 766.095: Total time for which application threads were stopped: 0.0065283 seconds, Stopping threads took: 0.0000234 seconds
{Heap before GC invocations=205 (full 2):
 par new generation   total 109248K, used 99639K [0x00000000e0000000, 0x00000000e8000000, 0x00000000e8000000)
  eden space 87424K, 100% used [0x00000000e0000000, 0x00000000e5560000, 0x00000000e5560000)
  from space 21824K,  55% used [0x00000000e6ab0000, 0x00000000e769ddb8, 0x00000000e8000000)
  to   space 21824K,   0% used [0x00000000e5560000, 0x00000000e5560000, 0x00000000e6ab0000)
 concurrent mark-sweep generation total 393216K, used 56544K [0x00000000e8000000, 0x0000000100000000, 0x0000000100000000)
 Metaspace       used 39721K, capacity 40820K, committed 41156K, reserved 1085440K
  class space    used 4617K, capacity 4890K, committed 4912K, reserved 1048576K
2018-03-21T05:57:09.587-0500: 766.478: [GC (Allocation Failure) 2018-03-21T05:57:09.587-0500: 766.478: [ParNew
Desired survivor size 20112992 bytes, new threshold 8 (max 8)
- age   1:    3850776 bytes,    3850776 total
- age   2:    2019320 bytes,    5870096 total
- age   3:    1361840 bytes,    7231936 total
- age   4:     627120 bytes,    7859056 total
- age   5:     520824 bytes,    8379880 total
- age   6:     636480 bytes,    9016360 total
- age   7:     435632 bytes,    9451992 total
- age   8:     991960 bytes,   10443952 total
: 99639K->12858K(109248K), 0.0067965 secs] 156183K->69771K(502464K), 0.0068783 secs] [Times: user=0.03 sys=0.00, real=0.01 secs] 
Heap after GC invocations=206 (full 2):
 par new generation   total 109248K, used 12858K [0x00000000e0000000, 0x00000000e8000000, 0x00000000e8000000)
  eden space 87424K,   0% used [0x00000000e0000000, 0x00000000e0000000, 0x00000000e5560000)
  from space 21824K,  58% used [0x00000000e5560000, 0x00000000e61eebc0, 0x00000000e6ab0000)
  to   space 21824K,   0% used [0x00000000e6ab0000, 0x00000000e6ab0000, 0x00000000e8000000)
 concurrent mark-sweep generation total 393216K, used 56912K [0x00000000e8000000, 0x0000000100000000, 0x0000000100000000)
 Metaspace       used 39721K, capacity 40820K, committed 41156K, reserved 1085440K
  class space    used 4617K, capacity 4890K, committed 4912K, reserved 1048576K
}
2018-03-21T05:57:09.594-0500: 766.485: Total time for which application threads were stopped: 0.0070615 seconds, Stopping threads took: 0.0000228 seconds
{Heap before GC invocations=206 (full 2):
 par new generation   total 109248K, used 100282K [0x00000000e0000000, 0x00000000e8000000, 0x00000000e8000000)
  eden space 87424K, 100% used [0x00000000e0000000, 0x00000000e5560000, 0x00000000e5560000)
  from space 21824K,  58% used [0x00000000e5560000, 0x00000000e61eebc0, 0x00000000e6ab0000)
  to   space 21824K,   0% used [0x00000000e6ab0000, 0x00000000e6ab0000, 0x00000000e8000000)
 concurrent mark-sweep generation total 393216K, used 56912K [0x00000000e8000000, 0x0000000100000000, 0x0000000100000000)
 Metaspace       used 39721K, capacity 40820K, committed 41156K, reserved 1085440K
  class space    used 4617K, capacity 4890K, committed 4912K, reserved 1048576K
2018-03-21T05:57:09.942-0500: 766.832: [GC (Allocation Failure) 2018-03-21T05:57:09.942-0500: 766.832: [ParNew
Desired survivor size 20112992 bytes, new threshold 8 (max 8)
- age   1:    3878120 bytes,    3878120 total
- age   2:    2422656 bytes,    6300776 total
- age   3:    1632408 bytes,    7933184 total
- age   4:     701896 bytes,    8635080 total
- age   5:     627120 bytes,    9262200 total
- age   6:     520792 bytes,    9782992 total
- age   7:     636480 bytes,   10419472 total
- age   8:     435632 bytes,   10855104 total
: 100282K->15235K(109248K), 0.0068852 secs] 157195K->73116K(502464K), 0.0069804 secs] [Times: user=0.03 sys=0.00, real=0.00 secs] 
Heap after GC invocations=207 (full 2):
 par new generation   total 109248K, used 15235K [0x00000000e0000000, 0x00000000e8000000, 0x00000000e8000000)
  eden space 87424K,   0% used [0x00000000e0000000, 0x00000000e0000000, 0x00000000e5560000)
  from space 21824K,  69% used [0x00000000e6ab0000, 0x00000000e7990ea8, 0x00000000e8000000)
  to   space 21824K,   0% used [0x00000000e5560000, 0x00000000e5560000, 0x00000000e6ab0000)
 concurrent mark-sweep generation total 393216K, used 57881K [0x00000000e8000000, 0x0000000100000000, 0x0000000100000000)
 Metaspace       used 39721K, capacity 40820K, committed 41156K, reserved 1085440K
  class space    used 4617K, capacity 4890K, committed 4912K, reserved 1048576K
}
2018-03-21T05:57:09.949-0500: 766.839: Total time for which application threads were stopped: 0.0072138 seconds, Stopping threads took: 0.0000526 seconds
{Heap before GC invocations=207 (full 2):
 par new generation   total 109248K, used 102659K [0x00000000e0000000, 0x00000000e8000000, 0x00000000e8000000)
  eden space 87424K, 100% used [0x00000000e0000000, 0x00000000e5560000, 0x00000000e5560000)
  from space 21824K,  69% used [0x00000000e6ab0000, 0x00000000e7990ea8, 0x00000000e8000000)
  to   space 21824K,   0% used [0x00000000e5560000, 0x00000000e5560000, 0x00000000e6ab0000)
 concurrent mark-sweep generation total 393216K, used 57881K [0x00000000e8000000, 0x0000000100000000, 0x0000000100000000)
 Metaspace       used 39721K, capacity 40820K, committed 41156K, reserved 1085440K
  class space    used 4617K, capacity 4890K, committed 4912K, reserved 1048576K
2018-03-21T05:57:10.246-0500: 767.136: [GC (Allocation Failure) 2018-03-21T05:57:10.246-0500: 767.136: [ParNew
Desired survivor size 20112992 bytes, new threshold 8 (max 8)
- age   1:    2785104 bytes,    2785104 total
- age   2:    1533176 bytes,    4318280 total
- age   3:     640640 bytes,    4958920 total
- age   4:     468328 bytes,    5427248 total
- age   5:     569744 bytes,    5996992 total
- age   6:     627120 bytes,    6624112 total
- age   7:     520288 bytes,    7144400 total
- age   8:     636480 bytes,    7780880 total
: 102659K->12303K(109248K), 0.0073225 secs] 160540K->70610K(502464K), 0.0074041 secs] [Times: user=0.02 sys=0.00, real=0.01 secs] 
Heap after GC invocations=208 (full 2):
 par new generation   total 109248K, used 12303K [0x00000000e0000000, 0x00000000e8000000, 0x00000000e8000000)
  eden space 87424K,   0% used [0x00000000e0000000, 0x00000000e0000000, 0x00000000e5560000)
  from space 21824K,  56% used [0x00000000e5560000, 0x00000000e6163e40, 0x00000000e6ab0000)
  to   space 21824K,   0% used [0x00000000e6ab0000, 0x00000000e6ab0000, 0x00000000e8000000)
 concurrent mark-sweep generation total 393216K, used 58306K [0x00000000e8000000, 0x0000000100000000, 0x0000000100000000)
 Metaspace       used 39721K, capacity 40820K, committed 41156K, reserved 1085440K
  class space    used 4617K, capacity 4890K, committed 4912K, reserved 1048576K
}
2018-03-21T05:57:10.253-0500: 767.144: Total time for which application threads were stopped: 0.0076104 seconds, Stopping threads took: 0.0000225 seconds
{Heap before GC invocations=208 (full 2):
 par new generation   total 109248K, used 99727K [0x00000000e0000000, 0x00000000e8000000, 0x00000000e8000000)
  eden space 87424K, 100% used [0x00000000e0000000, 0x00000000e5560000, 0x00000000e5560000)
  from space 21824K,  56% used [0x00000000e5560000, 0x00000000e6163e40, 0x00000000e6ab0000)
  to   space 21824K,   0% used [0x00000000e6ab0000, 0x00000000e6ab0000, 0x00000000e8000000)
 concurrent mark-sweep generation total 393216K, used 58306K [0x00000000e8000000, 0x0000000100000000, 0x0000000100000000)
 Metaspace       used 39723K, capacity 40820K, committed 41156K, reserved 1085440K
  class space    used 4617K, capacity 4890K, committed 4912K, reserved 1048576K
2018-03-21T05:57:10.685-0500: 767.576: [GC (Allocation Failure) 2018-03-21T05:57:10.686-0500: 767.576: [ParNew
Desired survivor size 20112992 bytes, new threshold 8 (max 8)
- age   1:    3860992 bytes,    3860992 total
- age   2:    2203184 bytes,    6064176 total
- age   3:    1533816 bytes,    7597992 total
- age   4:     640640 bytes,    8238632 total
- age   5:     467416 bytes,    8706048 total
- age   6:     569744 bytes,    9275792 total
- age   7:     627120 bytes,    9902912 total
- age   8:     520288 bytes,   10423200 total
: 99727K->11172K(109248K), 0.0084940 secs] 158034K->70100K(502464K), 0.0085868 secs] [Times: user=0.02 sys=0.01, real=0.01 secs] 
Heap after GC invocations=209 (full 2):
 par new generation   total 109248K, used 11172K [0x00000000e0000000, 0x00000000e8000000, 0x00000000e8000000)
  eden space 87424K,   0% used [0x00000000e0000000, 0x00000000e0000000, 0x00000000e5560000)
  from space 21824K,  51% used [0x00000000e6ab0000, 0x00000000e7599050, 0x00000000e8000000)
  to   space 21824K,   0% used [0x00000000e5560000, 0x00000000e5560000, 0x00000000e6ab0000)
 concurrent mark-sweep generation total 393216K, used 58928K [0x00000000e8000000, 0x0000000100000000, 0x0000000100000000)
 Metaspace       used 39723K, capacity 40820K, committed 41156K, reserved 1085440K
  class space    used 4617K, capacity 4890K, committed 4912K, reserved 1048576K
}
2018-03-21T05:57:10.694-0500: 767.585: Total time for which application threads were stopped: 0.0088124 seconds, Stopping threads took: 0.0000279 seconds
2018-03-21T05:57:10.788-0500: 767.678: Total time for which application threads were stopped: 0.0001602 seconds, Stopping threads took: 0.0000393 seconds
2018-03-21T05:57:10.811-0500: 767.701: Total time for which application threads were stopped: 0.0002082 seconds, Stopping threads took: 0.0000304 seconds
2018-03-21T05:57:10.811-0500: 767.701: Total time for which application threads were stopped: 0.0001140 seconds, Stopping threads took: 0.0000108 seconds
{Heap before GC invocations=209 (full 2):
 par new generation   total 109248K, used 98596K [0x00000000e0000000, 0x00000000e8000000, 0x00000000e8000000)
  eden space 87424K, 100% used [0x00000000e0000000, 0x00000000e5560000, 0x00000000e5560000)
  from space 21824K,  51% used [0x00000000e6ab0000, 0x00000000e7599050, 0x00000000e8000000)
  to   space 21824K,   0% used [0x00000000e5560000, 0x00000000e5560000, 0x00000000e6ab0000)
 concurrent mark-sweep generation total 393216K, used 58928K [0x00000000e8000000, 0x0000000100000000, 0x0000000100000000)
 Metaspace       used 39723K, capacity 40820K, committed 41156K, reserved 1085440K
  class space    used 4617K, capacity 4890K, committed 4912K, reserved 1048576K
2018-03-21T05:57:10.938-0500: 767.829: [GC (Allocation Failure) 2018-03-21T05:57:10.938-0500: 767.829: [ParNew
Desired survivor size 20112992 bytes, new threshold 8 (max 8)
- age   1:    5062160 bytes,    5062160 total
- age   2:    2355960 bytes,    7418120 total
- age   3:    1815096 bytes,    9233216 total
- age   4:    1132768 bytes,   10365984 total
- age   5:     640640 bytes,   11006624 total
- age   6:     467384 bytes,   11474008 total
- age   7:     569720 bytes,   12043728 total
- age   8:     627120 bytes,   12670848 total
: 98596K->14835K(109248K), 0.0064525 secs] 157524K->74272K(502464K), 0.0065310 secs] [Times: user=0.02 sys=0.00, real=0.00 secs] 
Heap after GC invocations=210 (full 2):
 par new generation   total 109248K, used 14835K [0x00000000e0000000, 0x00000000e8000000, 0x00000000e8000000)
  eden space 87424K,   0% used [0x00000000e0000000, 0x00000000e0000000, 0x00000000e5560000)
  from space 21824K,  67% used [0x00000000e5560000, 0x00000000e63dcd30, 0x00000000e6ab0000)
  to   space 21824K,   0% used [0x00000000e6ab0000, 0x00000000e6ab0000, 0x00000000e8000000)
 concurrent mark-sweep generation total 393216K, used 59437K [0x00000000e8000000, 0x0000000100000000, 0x0000000100000000)
 Metaspace       used 39723K, capacity 40820K, committed 41156K, reserved 1085440K
  class space    used 4617K, capacity 4890K, committed 4912K, reserved 1048576K
}
2018-03-21T05:57:10.945-0500: 767.835: Total time for which application threads were stopped: 0.0080147 seconds, Stopping threads took: 0.0012845 seconds
2018-03-21T05:57:10.948-0500: 767.838: Total time for which application threads were stopped: 0.0002138 seconds, Stopping threads took: 0.0000887 seconds
{Heap before GC invocations=210 (full 2):
 par new generation   total 109248K, used 102259K [0x00000000e0000000, 0x00000000e8000000, 0x00000000e8000000)
  eden space 87424K, 100% used [0x00000000e0000000, 0x00000000e5560000, 0x00000000e5560000)
  from space 21824K,  67% used [0x00000000e5560000, 0x00000000e63dcd30, 0x00000000e6ab0000)
  to   space 21824K,   0% used [0x00000000e6ab0000, 0x00000000e6ab0000, 0x00000000e8000000)
 concurrent mark-sweep generation total 393216K, used 59437K [0x00000000e8000000, 0x0000000100000000, 0x0000000100000000)
 Metaspace       used 39725K, capacity 40820K, committed 41156K, reserved 1085440K
  class space    used 4617K, capacity 4890K, committed 4912K, reserved 1048576K
2018-03-21T05:57:11.178-0500: 768.069: [GC (Allocation Failure) 2018-03-21T05:57:11.178-0500: 768.069: [ParNew
Desired survivor size 20112992 bytes, new threshold 8 (max 8)
- age   1:    3952112 bytes,    3952112 total
- age   2:    1901472 bytes,    5853584 total
- age   3:     671208 bytes,    6524792 total
- age   4:     491488 bytes,    7016280 total
- age   5:     574888 bytes,    7591168 total
- age   6:     640640 bytes,    8231808 total
- age   7:     466792 bytes,    8698600 total
- age   8:     569720 bytes,    9268320 total
: 102259K->17099K(109248K), 0.0052026 secs] 161696K->77149K(502464K), 0.0053269 secs] [Times: user=0.02 sys=0.00, real=0.00 secs] 
Heap after GC invocations=211 (full 2):
 par new generation   total 109248K, used 17099K [0x00000000e0000000, 0x00000000e8000000, 0x00000000e8000000)
  eden space 87424K,   0% used [0x00000000e0000000, 0x00000000e0000000, 0x00000000e5560000)
  from space 21824K,  78% used [0x00000000e6ab0000, 0x00000000e7b62eb0, 0x00000000e8000000)
  to   space 21824K,   0% used [0x00000000e5560000, 0x00000000e5560000, 0x00000000e6ab0000)
 concurrent mark-sweep generation total 393216K, used 60049K [0x00000000e8000000, 0x0000000100000000, 0x0000000100000000)
 Metaspace       used 39725K, capacity 40820K, committed 41156K, reserved 1085440K
  class space    used 4617K, capacity 4890K, committed 4912K, reserved 1048576K
}
2018-03-21T05:57:11.183-0500: 768.074: Total time for which application threads were stopped: 0.0056874 seconds, Stopping threads took: 0.0000993 seconds
{Heap before GC invocations=211 (full 2):
 par new generation   total 109248K, used 104523K [0x00000000e0000000, 0x00000000e8000000, 0x00000000e8000000)
  eden space 87424K, 100% used [0x00000000e0000000, 0x00000000e5560000, 0x00000000e5560000)
  from space 21824K,  78% used [0x00000000e6ab0000, 0x00000000e7b62eb0, 0x00000000e8000000)
  to   space 21824K,   0% used [0x00000000e5560000, 0x00000000e5560000, 0x00000000e6ab0000)
 concurrent mark-sweep generation total 393216K, used 60049K [0x00000000e8000000, 0x0000000100000000, 0x0000000100000000)
 Metaspace       used 39725K, capacity 40820K, committed 41156K, reserved 1085440K
  class space    used 4617K, capacity 4890K, committed 4912K, reserved 1048576K
2018-03-21T05:57:11.401-0500: 768.292: [GC (Allocation Failure) 2018-03-21T05:57:11.401-0500: 768.292: [ParNew
Desired survivor size 20112992 bytes, new threshold 8 (max 8)
- age   1:    4622048 bytes,    4622048 total
- age   2:    3045520 bytes,    7667568 total
- age   3:    1868232 bytes,    9535800 total
- age   4:     671208 bytes,   10207008 total
- age   5:     490576 bytes,   10697584 total
- age   6:     574888 bytes,   11272472 total
- age   7:     640640 bytes,   11913112 total
- age   8:     466792 bytes,   12379904 total
: 104523K->14738K(109248K), 0.0061995 secs] 164573K->75344K(502464K), 0.0063161 secs] [Times: user=0.02 sys=0.00, real=0.00 secs] 
Heap after GC invocations=212 (full 2):
 par new generation   total 109248K, used 14738K [0x00000000e0000000, 0x00000000e8000000, 0x00000000e8000000)
  eden space 87424K,   0% used [0x00000000e0000000, 0x00000000e0000000, 0x00000000e5560000)
  from space 21824K,  67% used [0x00000000e5560000, 0x00000000e63c4b68, 0x00000000e6ab0000)
  to   space 21824K,   0% used [0x00000000e6ab0000, 0x00000000e6ab0000, 0x00000000e8000000)
 concurrent mark-sweep generation total 393216K, used 60606K [0x00000000e8000000, 0x0000000100000000, 0x0000000100000000)
 Metaspace       used 39725K, capacity 40820K, committed 41156K, reserved 1085440K
  class space    used 4617K, capacity 4890K, committed 4912K, reserved 1048576K
}
2018-03-21T05:57:11.407-0500: 768.298: Total time for which application threads were stopped: 0.0066015 seconds, Stopping threads took: 0.0000523 seconds
{Heap before GC invocations=212 (full 2):
 par new generation   total 109248K, used 102162K [0x00000000e0000000, 0x00000000e8000000, 0x00000000e8000000)
  eden space 87424K, 100% used [0x00000000e0000000, 0x00000000e5560000, 0x00000000e5560000)
  from space 21824K,  67% used [0x00000000e5560000, 0x00000000e63c4b68, 0x00000000e6ab0000)
  to   space 21824K,   0% used [0x00000000e6ab0000, 0x00000000e6ab0000, 0x00000000e8000000)
 concurrent mark-sweep generation total 393216K, used 60606K [0x00000000e8000000, 0x0000000100000000, 0x0000000100000000)
 Metaspace       used 39725K, capacity 40820K, committed 41156K, reserved 1085440K
  class space    used 4617K, capacity 4890K, committed 4912K, reserved 1048576K
2018-03-21T05:57:11.689-0500: 768.580: [GC (Allocation Failure) 2018-03-21T05:57:11.689-0500: 768.580: [ParNew
Desired survivor size 20112992 bytes, new threshold 8 (max 8)
- age   1:    4632512 bytes,    4632512 total
- age   2:    3452160 bytes,    8084672 total
- age   3:    3022128 bytes,   11106800 total
- age   4:    1868176 bytes,   12974976 total
- age   5:     671208 bytes,   13646184 total
- age   6:     490576 bytes,   14136760 total
- age   7:     574888 bytes,   14711648 total
- age   8:     640640 bytes,   15352288 total
: 102162K->20402K(109248K), 0.0078036 secs] 162768K->81464K(502464K), 0.0078983 secs] [Times: user=0.03 sys=0.00, real=0.01 secs] 
Heap after GC invocations=213 (full 2):
 par new generation   total 109248K, used 20402K [0x00000000e0000000, 0x00000000e8000000, 0x00000000e8000000)
  eden space 87424K,   0% used [0x00000000e0000000, 0x00000000e0000000, 0x00000000e5560000)
  from space 21824K,  93% used [0x00000000e6ab0000, 0x00000000e7e9c800, 0x00000000e8000000)
  to   space 21824K,   0% used [0x00000000e5560000, 0x00000000e5560000, 0x00000000e6ab0000)
 concurrent mark-sweep generation total 393216K, used 61062K [0x00000000e8000000, 0x0000000100000000, 0x0000000100000000)
 Metaspace       used 39725K, capacity 40820K, committed 41156K, reserved 1085440K
  class space    used 4617K, capacity 4890K, committed 4912K, reserved 1048576K
}
2018-03-21T05:57:11.697-0500: 768.588: Total time for which application threads were stopped: 0.0081810 seconds, Stopping threads took: 0.0000357 seconds
{Heap before GC invocations=213 (full 2):
 par new generation   total 109248K, used 107826K [0x00000000e0000000, 0x00000000e8000000, 0x00000000e8000000)
  eden space 87424K, 100% used [0x00000000e0000000, 0x00000000e5560000, 0x00000000e5560000)
  from space 21824K,  93% used [0x00000000e6ab0000, 0x00000000e7e9c800, 0x00000000e8000000)
  to   space 21824K,   0% used [0x00000000e5560000, 0x00000000e5560000, 0x00000000e6ab0000)
 concurrent mark-sweep generation total 393216K, used 61062K [0x00000000e8000000, 0x0000000100000000, 0x0000000100000000)
 Metaspace       used 39725K, capacity 40820K, committed 41156K, reserved 1085440K
  class space    used 4617K, capacity 4890K, committed 4912K, reserved 1048576K
2018-03-21T05:57:11.929-0500: 768.820: [GC (Allocation Failure) 2018-03-21T05:57:11.929-0500: 768.820: [ParNew
Desired survivor size 20112992 bytes, new threshold 8 (max 8)
- age   1:    5360920 bytes,    5360920 total
- age   2:    2968360 bytes,    8329280 total
- age   3:    3055280 bytes,   11384560 total
- age   4:    2619264 bytes,   14003824 total
- age   5:    1588960 bytes,   15592784 total
- age   6:     671208 bytes,   16263992 total
- age   7:     490576 bytes,   16754568 total
- age   8:     574888 bytes,   17329456 total
: 107826K->21824K(109248K), 0.0106491 secs] 168888K->83511K(502464K), 0.0107469 secs] [Times: user=0.03 sys=0.00, real=0.02 secs] 
Heap after GC invocations=214 (full 2):
 par new generation   total 109248K, used 21824K [0x00000000e0000000, 0x00000000e8000000, 0x00000000e8000000)
  eden space 87424K,   0% used [0x00000000e0000000, 0x00000000e0000000, 0x00000000e5560000)
  from space 21824K, 100% used [0x00000000e5560000, 0x00000000e6ab0000, 0x00000000e6ab0000)
  to   space 21824K,   0% used [0x00000000e6ab0000, 0x00000000e6ab0000, 0x00000000e8000000)
 concurrent mark-sweep generation total 393216K, used 61687K [0x00000000e8000000, 0x0000000100000000, 0x0000000100000000)
 Metaspace       used 39725K, capacity 40820K, committed 41156K, reserved 1085440K
  class space    used 4617K, capacity 4890K, committed 4912K, reserved 1048576K
}
2018-03-21T05:57:11.940-0500: 768.830: Total time for which application threads were stopped: 0.0110055 seconds, Stopping threads took: 0.0000540 seconds
2018-03-21T05:57:12.050-0500: 768.940: Total time for which application threads were stopped: 0.0001958 seconds, Stopping threads took: 0.0000635 seconds
{Heap before GC invocations=214 (full 2):
 par new generation   total 109248K, used 109248K [0x00000000e0000000, 0x00000000e8000000, 0x00000000e8000000)
  eden space 87424K, 100% used [0x00000000e0000000, 0x00000000e5560000, 0x00000000e5560000)
  from space 21824K, 100% used [0x00000000e5560000, 0x00000000e6ab0000, 0x00000000e6ab0000)
  to   space 21824K,   0% used [0x00000000e6ab0000, 0x00000000e6ab0000, 0x00000000e8000000)
 concurrent mark-sweep generation total 393216K, used 61687K [0x00000000e8000000, 0x0000000100000000, 0x0000000100000000)
 Metaspace       used 39727K, capacity 40820K, committed 41156K, reserved 1085440K
  class space    used 4617K, capacity 4890K, committed 4912K, reserved 1048576K
2018-03-21T05:57:12.143-0500: 769.033: [GC (Allocation Failure) 2018-03-21T05:57:12.143-0500: 769.033: [ParNew
Desired survivor size 20112992 bytes, new threshold 8 (max 8)
- age   1:    3029528 bytes,    3029528 total
- age   2:    1395824 bytes,    4425352 total
- age   3:     691104 bytes,    5116456 total
- age   4:     709280 bytes,    5825736 total
- age   5:     571472 bytes,    6397208 total
- age   6:     947376 bytes,    7344584 total
- age   7:     671208 bytes,    8015792 total
- age   8:     489936 bytes,    8505728 total
: 109248K->11051K(109248K), 0.0063905 secs] 170935K->73300K(502464K), 0.0064734 secs] [Times: user=0.02 sys=0.00, real=0.00 secs] 
Heap after GC invocations=215 (full 2):
 par new generation   total 109248K, used 11051K [0x00000000e0000000, 0x00000000e8000000, 0x00000000e8000000)
  eden space 87424K,   0% used [0x00000000e0000000, 0x00000000e0000000, 0x00000000e5560000)
  from space 21824K,  50% used [0x00000000e6ab0000, 0x00000000e757aeb0, 0x00000000e8000000)
  to   space 21824K,   0% used [0x00000000e5560000, 0x00000000e5560000, 0x00000000e6ab0000)
 concurrent mark-sweep generation total 393216K, used 62249K [0x00000000e8000000, 0x0000000100000000, 0x0000000100000000)
 Metaspace       used 39727K, capacity 40820K, committed 41156K, reserved 1085440K
  class space    used 4617K, capacity 4890K, committed 4912K, reserved 1048576K
}
2018-03-21T05:57:12.149-0500: 769.040: Total time for which application threads were stopped: 0.0066978 seconds, Stopping threads took: 0.0000446 seconds
{Heap before GC invocations=215 (full 2):
 par new generation   total 109248K, used 98475K [0x00000000e0000000, 0x00000000e8000000, 0x00000000e8000000)
  eden space 87424K, 100% used [0x00000000e0000000, 0x00000000e5560000, 0x00000000e5560000)
  from space 21824K,  50% used [0x00000000e6ab0000, 0x00000000e757aeb0, 0x00000000e8000000)
  to   space 21824K,   0% used [0x00000000e5560000, 0x00000000e5560000, 0x00000000e6ab0000)
 concurrent mark-sweep generation total 393216K, used 62249K [0x00000000e8000000, 0x0000000100000000, 0x0000000100000000)
 Metaspace       used 39727K, capacity 40820K, committed 41156K, reserved 1085440K
  class space    used 4617K, capacity 4890K, committed 4912K, reserved 1048576K
2018-03-21T05:57:12.377-0500: 769.268: [GC (Allocation Failure) 2018-03-21T05:57:12.377-0500: 769.268: [ParNew
Desired survivor size 20112992 bytes, new threshold 8 (max 8)
- age   1:    4088664 bytes,    4088664 total
- age   2:    2385624 bytes,    6474288 total
- age   3:    1428552 bytes,    7902840 total
- age   4:     691104 bytes,    8593944 total
- age   5:     709280 bytes,    9303224 total
- age   6:     570560 bytes,    9873784 total
- age   7:     947376 bytes,   10821160 total
- age   8:     671208 bytes,   11492368 total
: 98475K->13597K(109248K), 0.0066416 secs] 160724K->76325K(502464K), 0.0067339 secs] [Times: user=0.02 sys=0.00, real=0.01 secs] 
Heap after GC invocations=216 (full 2):
 par new generation   total 109248K, used 13597K [0x00000000e0000000, 0x00000000e8000000, 0x00000000e8000000)
  eden space 87424K,   0% used [0x00000000e0000000, 0x00000000e0000000, 0x00000000e5560000)
  from space 21824K,  62% used [0x00000000e5560000, 0x00000000e62a7640, 0x00000000e6ab0000)
  to   space 21824K,   0% used [0x00000000e6ab0000, 0x00000000e6ab0000, 0x00000000e8000000)
 concurrent mark-sweep generation total 393216K, used 62728K [0x00000000e8000000, 0x0000000100000000, 0x0000000100000000)
 Metaspace       used 39727K, capacity 40820K, committed 41156K, reserved 1085440K
  class space    used 4617K, capacity 4890K, committed 4912K, reserved 1048576K
}
2018-03-21T05:57:12.384-0500: 769.275: Total time for which application threads were stopped: 0.0069681 seconds, Stopping threads took: 0.0000545 seconds
{Heap before GC invocations=216 (full 2):
 par new generation   total 109248K, used 101021K [0x00000000e0000000, 0x00000000e8000000, 0x00000000e8000000)
  eden space 87424K, 100% used [0x00000000e0000000, 0x00000000e5560000, 0x00000000e5560000)
  from space 21824K,  62% used [0x00000000e5560000, 0x00000000e62a7640, 0x00000000e6ab0000)
  to   space 21824K,   0% used [0x00000000e6ab0000, 0x00000000e6ab0000, 0x00000000e8000000)
 concurrent mark-sweep generation total 393216K, used 62728K [0x00000000e8000000, 0x0000000100000000, 0x0000000100000000)
 Metaspace       used 39727K, capacity 40820K, committed 41156K, reserved 1085440K
  class space    used 4617K, capacity 4890K, committed 4912K, reserved 1048576K
2018-03-21T05:57:12.610-0500: 769.501: [GC (Allocation Failure) 2018-03-21T05:57:12.610-0500: 769.501: [ParNew
Desired survivor size 20112992 bytes, new threshold 8 (max 8)
- age   1:    4468232 bytes,    4468232 total
- age   2:    3030632 bytes,    7498864 total
- age   3:    2385624 bytes,    9884488 total
- age   4:    1395712 bytes,   11280200 total
- age   5:     691104 bytes,   11971304 total
- age   6:     709280 bytes,   12680584 total
- age   7:     570560 bytes,   13251144 total
- age   8:     947376 bytes,   14198520 total
: 101021K->20185K(109248K), 0.0074142 secs] 163749K->83569K(502464K), 0.0074908 secs] [Times: user=0.03 sys=0.00, real=0.00 secs] 
Heap after GC invocations=217 (full 2):
 par new generation   total 109248K, used 20185K [0x00000000e0000000, 0x00000000e8000000, 0x00000000e8000000)
  eden space 87424K,   0% used [0x00000000e0000000, 0x00000000e0000000, 0x00000000e5560000)
  from space 21824K,  92% used [0x00000000e6ab0000, 0x00000000e7e667c0, 0x00000000e8000000)
  to   space 21824K,   0% used [0x00000000e5560000, 0x00000000e5560000, 0x00000000e6ab0000)
 concurrent mark-sweep generation total 393216K, used 63383K [0x00000000e8000000, 0x0000000100000000, 0x0000000100000000)
 Metaspace       used 39727K, capacity 40820K, committed 41156K, reserved 1085440K
  class space    used 4617K, capacity 4890K, committed 4912K, reserved 1048576K
}
2018-03-21T05:57:12.618-0500: 769.508: Total time for which application threads were stopped: 0.0077168 seconds, Stopping threads took: 0.0000548 seconds
{Heap before GC invocations=217 (full 2):
 par new generation   total 109248K, used 107609K [0x00000000e0000000, 0x00000000e8000000, 0x00000000e8000000)
  eden space 87424K, 100% used [0x00000000e0000000, 0x00000000e5560000, 0x00000000e5560000)
  from space 21824K,  92% used [0x00000000e6ab0000, 0x00000000e7e667c0, 0x00000000e8000000)
  to   space 21824K,   0% used [0x00000000e5560000, 0x00000000e5560000, 0x00000000e6ab0000)
 concurrent mark-sweep generation total 393216K, used 63383K [0x00000000e8000000, 0x0000000100000000, 0x0000000100000000)
 Metaspace       used 39727K, capacity 40820K, committed 41156K, reserved 1085440K
  class space    used 4617K, capacity 4890K, committed 4912K, reserved 1048576K
2018-03-21T05:57:12.863-0500: 769.753: [GC (Allocation Failure) 2018-03-21T05:57:12.863-0500: 769.754: [ParNew
Desired survivor size 20112992 bytes, new threshold 8 (max 8)
- age   1:    4936704 bytes,    4936704 total
- age   2:    3126888 bytes,    8063592 total
- age   3:    2900528 bytes,   10964120 total
- age   4:    2386288 bytes,   13350408 total
- age   5:    1395736 bytes,   14746144 total
- age   6:     691104 bytes,   15437248 total
- age   7:     709280 bytes,   16146528 total
- age   8:     570560 bytes,   16717088 total
: 107609K->21237K(109248K), 0.0094761 secs] 170993K->85546K(502464K), 0.0095737 secs] [Times: user=0.03 sys=0.00, real=0.01 secs] 
Heap after GC invocations=218 (full 2):
 par new generation   total 109248K, used 21237K [0x00000000e0000000, 0x00000000e8000000, 0x00000000e8000000)
  eden space 87424K,   0% used [0x00000000e0000000, 0x00000000e0000000, 0x00000000e5560000)
  from space 21824K,  97% used [0x00000000e5560000, 0x00000000e6a1d7a0, 0x00000000e6ab0000)
  to   space 21824K,   0% used [0x00000000e6ab0000, 0x00000000e6ab0000, 0x00000000e8000000)
 concurrent mark-sweep generation total 393216K, used 64308K [0x00000000e8000000, 0x0000000100000000, 0x0000000100000000)
 Metaspace       used 39727K, capacity 40820K, committed 41156K, reserved 1085440K
  class space    used 4617K, capacity 4890K, committed 4912K, reserved 1048576K
}
2018-03-21T05:57:12.873-0500: 769.763: Total time for which application threads were stopped: 0.0097828 seconds, Stopping threads took: 0.0000383 seconds
2018-03-21T05:57:12.899-0500: 769.790: Total time for which application threads were stopped: 0.0001599 seconds, Stopping threads took: 0.0000474 seconds
{Heap before GC invocations=218 (full 2):
 par new generation   total 109248K, used 108661K [0x00000000e0000000, 0x00000000e8000000, 0x00000000e8000000)
  eden space 87424K, 100% used [0x00000000e0000000, 0x00000000e5560000, 0x00000000e5560000)
  from space 21824K,  97% used [0x00000000e5560000, 0x00000000e6a1d7a0, 0x00000000e6ab0000)
  to   space 21824K,   0% used [0x00000000e6ab0000, 0x00000000e6ab0000, 0x00000000e8000000)
 concurrent mark-sweep generation total 393216K, used 64308K [0x00000000e8000000, 0x0000000100000000, 0x0000000100000000)
 Metaspace       used 39730K, capacity 40820K, committed 41156K, reserved 1085440K
  class space    used 4617K, capacity 4890K, committed 4912K, reserved 1048576K
2018-03-21T05:57:13.069-0500: 769.960: [GC (Allocation Failure) 2018-03-21T05:57:13.069-0500: 769.960: [ParNew
Desired survivor size 20112992 bytes, new threshold 8 (max 8)
- age   1:    3050736 bytes,    3050736 total
- age   2:     623752 bytes,    3674488 total
- age   3:     631032 bytes,    4305520 total
- age   4:     593840 bytes,    4899360 total
- age   5:     423496 bytes,    5322856 total
- age   6:     551240 bytes,    5874096 total
- age   7:     691104 bytes,    6565200 total
- age   8:     709280 bytes,    7274480 total
: 108661K->10063K(109248K), 0.0377723 secs] 172970K->74929K(502464K), 0.0378714 secs] [Times: user=0.03 sys=0.00, real=0.04 secs] 
Heap after GC invocations=219 (full 2):
 par new generation   total 109248K, used 10063K [0x00000000e0000000, 0x00000000e8000000, 0x00000000e8000000)
  eden space 87424K,   0% used [0x00000000e0000000, 0x00000000e0000000, 0x00000000e5560000)
  from space 21824K,  46% used [0x00000000e6ab0000, 0x00000000e7483cf8, 0x00000000e8000000)
  to   space 21824K,   0% used [0x00000000e5560000, 0x00000000e5560000, 0x00000000e6ab0000)
 concurrent mark-sweep generation total 393216K, used 64865K [0x00000000e8000000, 0x0000000100000000, 0x0000000100000000)
 Metaspace       used 39730K, capacity 40820K, committed 41156K, reserved 1085440K
  class space    used 4617K, capacity 4890K, committed 4912K, reserved 1048576K
}
2018-03-21T05:57:13.107-0500: 769.998: Total time for which application threads were stopped: 0.0381730 seconds, Stopping threads took: 0.0000574 seconds
{Heap before GC invocations=219 (full 2):
 par new generation   total 109248K, used 97487K [0x00000000e0000000, 0x00000000e8000000, 0x00000000e8000000)
  eden space 87424K, 100% used [0x00000000e0000000, 0x00000000e5560000, 0x00000000e5560000)
  from space 21824K,  46% used [0x00000000e6ab0000, 0x00000000e7483cf8, 0x00000000e8000000)
  to   space 21824K,   0% used [0x00000000e5560000, 0x00000000e5560000, 0x00000000e6ab0000)
 concurrent mark-sweep generation total 393216K, used 64865K [0x00000000e8000000, 0x0000000100000000, 0x0000000100000000)
 Metaspace       used 39730K, capacity 40820K, committed 41156K, reserved 1085440K
  class space    used 4617K, capacity 4890K, committed 4912K, reserved 1048576K
2018-03-21T05:57:13.447-0500: 770.337: [GC (Allocation Failure) 2018-03-21T05:57:13.447-0500: 770.337: [ParNew
Desired survivor size 20112992 bytes, new threshold 8 (max 8)
- age   1:    3941720 bytes,    3941720 total
- age   2:    2672360 bytes,    6614080 total
- age   3:     623752 bytes,    7237832 total
- age   4:     631032 bytes,    7868864 total
- age   5:     593840 bytes,    8462704 total
- age   6:     422584 bytes,    8885288 total
- age   7:     551240 bytes,    9436528 total
- age   8:     691104 bytes,   10127632 total
: 97487K->11691K(109248K), 0.0131329 secs] 162353K->77250K(502464K), 0.0132327 secs] [Times: user=0.03 sys=0.00, real=0.02 secs] 
Heap after GC invocations=220 (full 2):
 par new generation   total 109248K, used 11691K [0x00000000e0000000, 0x00000000e8000000, 0x00000000e8000000)
  eden space 87424K,   0% used [0x00000000e0000000, 0x00000000e0000000, 0x00000000e5560000)
  from space 21824K,  53% used [0x00000000e5560000, 0x00000000e60cae40, 0x00000000e6ab0000)
  to   space 21824K,   0% used [0x00000000e6ab0000, 0x00000000e6ab0000, 0x00000000e8000000)
 concurrent mark-sweep generation total 393216K, used 65558K [0x00000000e8000000, 0x0000000100000000, 0x0000000100000000)
 Metaspace       used 39730K, capacity 40820K, committed 41156K, reserved 1085440K
  class space    used 4617K, capacity 4890K, committed 4912K, reserved 1048576K
}
2018-03-21T05:57:13.460-0500: 770.350: Total time for which application threads were stopped: 0.0134287 seconds, Stopping threads took: 0.0000253 seconds
2018-03-21T05:57:13.664-0500: 770.554: Total time for which application threads were stopped: 0.0002862 seconds, Stopping threads took: 0.0000744 seconds
2018-03-21T05:57:13.664-0500: 770.554: Total time for which application threads were stopped: 0.0001499 seconds, Stopping threads took: 0.0000202 seconds
2018-03-21T05:57:13.671-0500: 770.562: Total time for which application threads were stopped: 0.0001667 seconds, Stopping threads took: 0.0000567 seconds
2018-03-21T05:57:13.671-0500: 770.562: Total time for which application threads were stopped: 0.0000922 seconds, Stopping threads took: 0.0000409 seconds
{Heap before GC invocations=220 (full 2):
 par new generation   total 109248K, used 99115K [0x00000000e0000000, 0x00000000e8000000, 0x00000000e8000000)
  eden space 87424K, 100% used [0x00000000e0000000, 0x00000000e5560000, 0x00000000e5560000)
  from space 21824K,  53% used [0x00000000e5560000, 0x00000000e60cae40, 0x00000000e6ab0000)
  to   space 21824K,   0% used [0x00000000e6ab0000, 0x00000000e6ab0000, 0x00000000e8000000)
 concurrent mark-sweep generation total 393216K, used 65558K [0x00000000e8000000, 0x0000000100000000, 0x0000000100000000)
 Metaspace       used 39741K, capacity 40820K, committed 41156K, reserved 1085440K
  class space    used 4617K, capacity 4890K, committed 4912K, reserved 1048576K
2018-03-21T05:57:13.800-0500: 770.691: [GC (Allocation Failure) 2018-03-21T05:57:13.801-0500: 770.691: [ParNew
Desired survivor size 20112992 bytes, new threshold 8 (max 8)
- age   1:    4632992 bytes,    4632992 total
- age   2:    2906008 bytes,    7539000 total
- age   3:    2606144 bytes,   10145144 total
- age   4:     623752 bytes,   10768896 total
- age   5:     631032 bytes,   11399928 total
- age   6:     593840 bytes,   11993768 total
- age   7:     422584 bytes,   12416352 total
- age   8:     551240 bytes,   12967592 total
: 99115K->15027K(109248K), 0.0067239 secs] 164674K->81260K(502464K), 0.0068430 secs] [Times: user=0.02 sys=0.00, real=0.00 secs] 
Heap after GC invocations=221 (full 2):
 par new generation   total 109248K, used 15027K [0x00000000e0000000, 0x00000000e8000000, 0x00000000e8000000)
  eden space 87424K,   0% used [0x00000000e0000000, 0x00000000e0000000, 0x00000000e5560000)
  from space 21824K,  68% used [0x00000000e6ab0000, 0x00000000e795cc20, 0x00000000e8000000)
  to   space 21824K,   0% used [0x00000000e5560000, 0x00000000e5560000, 0x00000000e6ab0000)
 concurrent mark-sweep generation total 393216K, used 66233K [0x00000000e8000000, 0x0000000100000000, 0x0000000100000000)
 Metaspace       used 39741K, capacity 40820K, committed 41156K, reserved 1085440K
  class space    used 4617K, capacity 4890K, committed 4912K, reserved 1048576K
}
2018-03-21T05:57:13.807-0500: 770.698: Total time for which application threads were stopped: 0.0071199 seconds, Stopping threads took: 0.0000526 seconds
2018-03-21T05:57:13.966-0500: 770.856: Total time for which application threads were stopped: 0.0002041 seconds, Stopping threads took: 0.0000608 seconds
{Heap before GC invocations=221 (full 2):
 par new generation   total 109248K, used 102451K [0x00000000e0000000, 0x00000000e8000000, 0x00000000e8000000)
  eden space 87424K, 100% used [0x00000000e0000000, 0x00000000e5560000, 0x00000000e5560000)
  from space 21824K,  68% used [0x00000000e6ab0000, 0x00000000e795cc20, 0x00000000e8000000)
  to   space 21824K,   0% used [0x00000000e5560000, 0x00000000e5560000, 0x00000000e6ab0000)
 concurrent mark-sweep generation total 393216K, used 66233K [0x00000000e8000000, 0x0000000100000000, 0x0000000100000000)
 Metaspace       used 39741K, capacity 40820K, committed 41156K, reserved 1085440K
  class space    used 4617K, capacity 4890K, committed 4912K, reserved 1048576K
2018-03-21T05:57:13.976-0500: 770.866: [GC (Allocation Failure) 2018-03-21T05:57:13.976-0500: 770.866: [ParNew
Desired survivor size 20112992 bytes, new threshold 8 (max 8)
- age   1:    3916688 bytes,    3916688 total
- age   2:    2107672 bytes,    6024360 total
- age   3:    1837120 bytes,    7861480 total
- age   4:     992912 bytes,    8854392 total
- age   5:     623752 bytes,    9478144 total
- age   6:     631032 bytes,   10109176 total
- age   7:     593840 bytes,   10703016 total
- age   8:     422584 bytes,   11125600 total
: 102451K->17466K(109248K), 0.0057894 secs] 168684K->84238K(502464K), 0.0058825 secs] [Times: user=0.02 sys=0.00, real=0.01 secs] 
Heap after GC invocations=222 (full 2):
 par new generation   total 109248K, used 17466K [0x00000000e0000000, 0x00000000e8000000, 0x00000000e8000000)
  eden space 87424K,   0% used [0x00000000e0000000, 0x00000000e0000000, 0x00000000e5560000)
  from space 21824K,  80% used [0x00000000e5560000, 0x00000000e666eb00, 0x00000000e6ab0000)
  to   space 21824K,   0% used [0x00000000e6ab0000, 0x00000000e6ab0000, 0x00000000e8000000)
 concurrent mark-sweep generation total 393216K, used 66771K [0x00000000e8000000, 0x0000000100000000, 0x0000000100000000)
 Metaspace       used 39741K, capacity 40820K, committed 41156K, reserved 1085440K
  class space    used 4617K, capacity 4890K, committed 4912K, reserved 1048576K
}
2018-03-21T05:57:13.982-0500: 770.872: Total time for which application threads were stopped: 0.0061629 seconds, Stopping threads took: 0.0000768 seconds
2018-03-21T05:57:14.010-0500: 770.900: Total time for which application threads were stopped: 0.0001646 seconds, Stopping threads took: 0.0000467 seconds
{Heap before GC invocations=222 (full 2):
 par new generation   total 109248K, used 104890K [0x00000000e0000000, 0x00000000e8000000, 0x00000000e8000000)
  eden space 87424K, 100% used [0x00000000e0000000, 0x00000000e5560000, 0x00000000e5560000)
  from space 21824K,  80% used [0x00000000e5560000, 0x00000000e666eb00, 0x00000000e6ab0000)
  to   space 21824K,   0% used [0x00000000e6ab0000, 0x00000000e6ab0000, 0x00000000e8000000)
 concurrent mark-sweep generation total 393216K, used 66771K [0x00000000e8000000, 0x0000000100000000, 0x0000000100000000)
 Metaspace       used 39743K, capacity 40820K, committed 41156K, reserved 1085440K
  class space    used 4617K, capacity 4890K, committed 4912K, reserved 1048576K
2018-03-21T05:57:14.223-0500: 771.113: [GC (Allocation Failure) 2018-03-21T05:57:14.223-0500: 771.113: [ParNew
Desired survivor size 20112992 bytes, new threshold 8 (max 8)
- age   1:    3820656 bytes,    3820656 total
- age   2:    2247448 bytes,    6068104 total
- age   3:     651720 bytes,    6719824 total
- age   4:     645840 bytes,    7365664 total
- age   5:     381192 bytes,    7746856 total
- age   6:     623752 bytes,    8370608 total
- age   7:     631032 bytes,    9001640 total
- age   8:     593840 bytes,    9595480 total
: 104890K->12661K(109248K), 0.0050011 secs] 171662K->79845K(502464K), 0.0050839 secs] [Times: user=0.02 sys=0.00, real=0.00 secs] 
Heap after GC invocations=223 (full 2):
 par new generation   total 109248K, used 12661K [0x00000000e0000000, 0x00000000e8000000, 0x00000000e8000000)
  eden space 87424K,   0% used [0x00000000e0000000, 0x00000000e0000000, 0x00000000e5560000)
  from space 21824K,  58% used [0x00000000e6ab0000, 0x00000000e770d618, 0x00000000e8000000)
  to   space 21824K,   0% used [0x00000000e5560000, 0x00000000e5560000, 0x00000000e6ab0000)
 concurrent mark-sweep generation total 393216K, used 67184K [0x00000000e8000000, 0x0000000100000000, 0x0000000100000000)
 Metaspace       used 39743K, capacity 40820K, committed 41156K, reserved 1085440K
  class space    used 4617K, capacity 4890K, committed 4912K, reserved 1048576K
}
2018-03-21T05:57:14.228-0500: 771.118: Total time for which application threads were stopped: 0.0053352 seconds, Stopping threads took: 0.0000607 seconds
{Heap before GC invocations=223 (full 2):
 par new generation   total 109248K, used 100085K [0x00000000e0000000, 0x00000000e8000000, 0x00000000e8000000)
  eden space 87424K, 100% used [0x00000000e0000000, 0x00000000e5560000, 0x00000000e5560000)
  from space 21824K,  58% used [0x00000000e6ab0000, 0x00000000e770d618, 0x00000000e8000000)
  to   space 21824K,   0% used [0x00000000e5560000, 0x00000000e5560000, 0x00000000e6ab0000)
 concurrent mark-sweep generation total 393216K, used 67184K [0x00000000e8000000, 0x0000000100000000, 0x0000000100000000)
 Metaspace       used 39743K, capacity 40820K, committed 41156K, reserved 1085440K
  class space    used 4617K, capacity 4890K, committed 4912K, reserved 1048576K
2018-03-21T05:57:14.460-0500: 771.351: [GC (Allocation Failure) 2018-03-21T05:57:14.460-0500: 771.351: [ParNew
Desired survivor size 20112992 bytes, new threshold 8 (max 8)
- age   1:    3966624 bytes,    3966624 total
- age   2:    2787144 bytes,    6753768 total
- age   3:    2214608 bytes,    8968376 total
- age   4:     651720 bytes,    9620096 total
- age   5:     645840 bytes,   10265936 total
- age   6:     380280 bytes,   10646216 total
- age   7:     623752 bytes,   11269968 total
- age   8:     631032 bytes,   11901000 total
: 100085K->13499K(109248K), 0.0102936 secs] 167269K->81263K(502464K), 0.0103875 secs] [Times: user=0.03 sys=0.00, real=0.01 secs] 
Heap after GC invocations=224 (full 2):
 par new generation   total 109248K, used 13499K [0x00000000e0000000, 0x00000000e8000000, 0x00000000e8000000)
  eden space 87424K,   0% used [0x00000000e0000000, 0x00000000e0000000, 0x00000000e5560000)
  from space 21824K,  61% used [0x00000000e5560000, 0x00000000e628ecf0, 0x00000000e6ab0000)
  to   space 21824K,   0% used [0x00000000e6ab0000, 0x00000000e6ab0000, 0x00000000e8000000)
 concurrent mark-sweep generation total 393216K, used 67764K [0x00000000e8000000, 0x0000000100000000, 0x0000000100000000)
 Metaspace       used 39743K, capacity 40820K, committed 41156K, reserved 1085440K
  class space    used 4617K, capacity 4890K, committed 4912K, reserved 1048576K
}
2018-03-21T05:57:14.471-0500: 771.361: Total time for which application threads were stopped: 0.0106783 seconds, Stopping threads took: 0.0000777 seconds
{Heap before GC invocations=224 (full 2):
 par new generation   total 109248K, used 100923K [0x00000000e0000000, 0x00000000e8000000, 0x00000000e8000000)
  eden space 87424K, 100% used [0x00000000e0000000, 0x00000000e5560000, 0x00000000e5560000)
  from space 21824K,  61% used [0x00000000e5560000, 0x00000000e628ecf0, 0x00000000e6ab0000)
  to   space 21824K,   0% used [0x00000000e6ab0000, 0x00000000e6ab0000, 0x00000000e8000000)
 concurrent mark-sweep generation total 393216K, used 67764K [0x00000000e8000000, 0x0000000100000000, 0x0000000100000000)
 Metaspace       used 39743K, capacity 40820K, committed 41156K, reserved 1085440K
  class space    used 4617K, capacity 4890K, committed 4912K, reserved 1048576K
2018-03-21T05:57:14.688-0500: 771.578: [GC (Allocation Failure) 2018-03-21T05:57:14.688-0500: 771.578: [ParNew
Desired survivor size 20112992 bytes, new threshold 8 (max 8)
- age   1:    3274008 bytes,    3274008 total
- age   2:    2929592 bytes,    6203600 total
- age   3:    2753784 bytes,    8957384 total
- age   4:    2214552 bytes,   11171936 total
- age   5:     651720 bytes,   11823656 total
- age   6:     645840 bytes,   12469496 total
- age   7:     380280 bytes,   12849776 total
- age   8:     623752 bytes,   13473528 total
: 100923K->17401K(109248K), 0.0090097 secs] 168687K->85782K(502464K), 0.0091057 secs] [Times: user=0.03 sys=0.00, real=0.01 secs] 
Heap after GC invocations=225 (full 2):
 par new generation   total 109248K, used 17401K [0x00000000e0000000, 0x00000000e8000000, 0x00000000e8000000)
  eden space 87424K,   0% used [0x00000000e0000000, 0x00000000e0000000, 0x00000000e5560000)
  from space 21824K,  79% used [0x00000000e6ab0000, 0x00000000e7bae678, 0x00000000e8000000)
  to   space 21824K,   0% used [0x00000000e5560000, 0x00000000e5560000, 0x00000000e6ab0000)
 concurrent mark-sweep generation total 393216K, used 68380K [0x00000000e8000000, 0x0000000100000000, 0x0000000100000000)
 Metaspace       used 39743K, capacity 40820K, committed 41156K, reserved 1085440K
  class space    used 4617K, capacity 4890K, committed 4912K, reserved 1048576K
}
2018-03-21T05:57:14.697-0500: 771.587: Total time for which application threads were stopped: 0.0093780 seconds, Stopping threads took: 0.0000687 seconds
{Heap before GC invocations=225 (full 2):
 par new generation   total 109248K, used 104825K [0x00000000e0000000, 0x00000000e8000000, 0x00000000e8000000)
  eden space 87424K, 100% used [0x00000000e0000000, 0x00000000e5560000, 0x00000000e5560000)
  from space 21824K,  79% used [0x00000000e6ab0000, 0x00000000e7bae678, 0x00000000e8000000)
  to   space 21824K,   0% used [0x00000000e5560000, 0x00000000e5560000, 0x00000000e6ab0000)
 concurrent mark-sweep generation total 393216K, used 68380K [0x00000000e8000000, 0x0000000100000000, 0x0000000100000000)
 Metaspace       used 39743K, capacity 40820K, committed 41156K, reserved 1085440K
  class space    used 4617K, capacity 4890K, committed 4912K, reserved 1048576K
2018-03-21T05:57:14.874-0500: 771.765: [GC (Allocation Failure) 2018-03-21T05:57:14.874-0500: 771.765: [ParNew
Desired survivor size 20112992 bytes, new threshold 8 (max 8)
- age   1:    3672912 bytes,    3672912 total
- age   2:    2007296 bytes,    5680208 total
- age   3:    2668712 bytes,    8348920 total
- age   4:    2755440 bytes,   11104360 total
- age   5:    2214760 bytes,   13319120 total
- age   6:     651720 bytes,   13970840 total
- age   7:     645840 bytes,   14616680 total
- age   8:     380280 bytes,   14996960 total
: 104825K->16695K(109248K), 0.0078947 secs] 173206K->85684K(502464K), 0.0079935 secs] [Times: user=0.02 sys=0.01, real=0.01 secs] 
Heap after GC invocations=226 (full 2):
 par new generation   total 109248K, used 16695K [0x00000000e0000000, 0x00000000e8000000, 0x00000000e8000000)
  eden space 87424K,   0% used [0x00000000e0000000, 0x00000000e0000000, 0x00000000e5560000)
  from space 21824K,  76% used [0x00000000e5560000, 0x00000000e65adcd8, 0x00000000e6ab0000)
  to   space 21824K,   0% used [0x00000000e6ab0000, 0x00000000e6ab0000, 0x00000000e8000000)
 concurrent mark-sweep generation total 393216K, used 68989K [0x00000000e8000000, 0x0000000100000000, 0x0000000100000000)
 Metaspace       used 39743K, capacity 40820K, committed 41156K, reserved 1085440K
  class space    used 4617K, capacity 4890K, committed 4912K, reserved 1048576K
}
2018-03-21T05:57:14.882-0500: 771.773: Total time for which application threads were stopped: 0.0082752 seconds, Stopping threads took: 0.0000904 seconds
2018-03-21T05:57:15.050-0500: 771.940: Total time for which application threads were stopped: 0.0037550 seconds, Stopping threads took: 0.0035431 seconds
{Heap before GC invocations=226 (full 2):
 par new generation   total 109248K, used 104119K [0x00000000e0000000, 0x00000000e8000000, 0x00000000e8000000)
  eden space 87424K, 100% used [0x00000000e0000000, 0x00000000e5560000, 0x00000000e5560000)
  from space 21824K,  76% used [0x00000000e5560000, 0x00000000e65adcd8, 0x00000000e6ab0000)
  to   space 21824K,   0% used [0x00000000e6ab0000, 0x00000000e6ab0000, 0x00000000e8000000)
 concurrent mark-sweep generation total 393216K, used 68989K [0x00000000e8000000, 0x0000000100000000, 0x0000000100000000)
 Metaspace       used 39743K, capacity 40820K, committed 41156K, reserved 1085440K
  class space    used 4617K, capacity 4890K, committed 4912K, reserved 1048576K
2018-03-21T05:57:15.083-0500: 771.974: [GC (Allocation Failure) 2018-03-21T05:57:15.084-0500: 771.974: [ParNew
Desired survivor size 20112992 bytes, new threshold 8 (max 8)
- age   1:    3939328 bytes,    3939328 total
- age   2:    1975000 bytes,    5914328 total
- age   3:    1185984 bytes,    7100312 total
- age   4:    1643544 bytes,    8743856 total
- age   5:    1874336 bytes,   10618192 total
- age   6:     730008 bytes,   11348200 total
- age   7:     651720 bytes,   11999920 total
- age   8:     645840 bytes,   12645760 total
: 104119K->21824K(109248K), 0.0177189 secs] 173108K->91187K(502464K), 0.0178013 secs] [Times: user=0.06 sys=0.00, real=0.02 secs] 
Heap after GC invocations=227 (full 2):
 par new generation   total 109248K, used 21824K [0x00000000e0000000, 0x00000000e8000000, 0x00000000e8000000)
  eden space 87424K,   0% used [0x00000000e0000000, 0x00000000e0000000, 0x00000000e5560000)
  from space 21824K, 100% used [0x00000000e6ab0000, 0x00000000e8000000, 0x00000000e8000000)
  to   space 21824K,   0% used [0x00000000e5560000, 0x00000000e5560000, 0x00000000e6ab0000)
 concurrent mark-sweep generation total 393216K, used 69363K [0x00000000e8000000, 0x0000000100000000, 0x0000000100000000)
 Metaspace       used 39743K, capacity 40820K, committed 41156K, reserved 1085440K
  class space    used 4617K, capacity 4890K, committed 4912K, reserved 1048576K
}
2018-03-21T05:57:15.101-0500: 771.992: Total time for which application threads were stopped: 0.0180645 seconds, Stopping threads took: 0.0000772 seconds
{Heap before GC invocations=227 (full 2):
 par new generation   total 109248K, used 109248K [0x00000000e0000000, 0x00000000e8000000, 0x00000000e8000000)
  eden space 87424K, 100% used [0x00000000e0000000, 0x00000000e5560000, 0x00000000e5560000)
  from space 21824K, 100% used [0x00000000e6ab0000, 0x00000000e8000000, 0x00000000e8000000)
  to   space 21824K,   0% used [0x00000000e5560000, 0x00000000e5560000, 0x00000000e6ab0000)
 concurrent mark-sweep generation total 393216K, used 69363K [0x00000000e8000000, 0x0000000100000000, 0x0000000100000000)
 Metaspace       used 39745K, capacity 40820K, committed 41156K, reserved 1085440K
  class space    used 4617K, capacity 4890K, committed 4912K, reserved 1048576K
2018-03-21T05:57:15.361-0500: 772.251: [GC (Allocation Failure) 2018-03-21T05:57:15.361-0500: 772.251: [ParNew
Desired survivor size 20112992 bytes, new threshold 8 (max 8)
- age   1:    4423976 bytes,    4423976 total
- age   2:    2375360 bytes,    6799336 total
- age   3:     417584 bytes,    7216920 total
- age   4:     388960 bytes,    7605880 total
- age   5:     559064 bytes,    8164944 total
- age   6:     725048 bytes,    8889992 total
- age   7:     410584 bytes,    9300576 total
- age   8:     651720 bytes,    9952296 total
: 109248K->12590K(109248K), 0.0055890 secs] 178611K->82584K(502464K), 0.0056979 secs] [Times: user=0.02 sys=0.00, real=0.00 secs] 
Heap after GC invocations=228 (full 2):
 par new generation   total 109248K, used 12590K [0x00000000e0000000, 0x00000000e8000000, 0x00000000e8000000)
  eden space 87424K,   0% used [0x00000000e0000000, 0x00000000e0000000, 0x00000000e5560000)
  from space 21824K,  57% used [0x00000000e5560000, 0x00000000e61abbc0, 0x00000000e6ab0000)
  to   space 21824K,   0% used [0x00000000e6ab0000, 0x00000000e6ab0000, 0x00000000e8000000)
 concurrent mark-sweep generation total 393216K, used 69993K [0x00000000e8000000, 0x0000000100000000, 0x0000000100000000)
 Metaspace       used 39745K, capacity 40820K, committed 41156K, reserved 1085440K
  class space    used 4617K, capacity 4890K, committed 4912K, reserved 1048576K
}
2018-03-21T05:57:15.366-0500: 772.257: Total time for which application threads were stopped: 0.0060200 seconds, Stopping threads took: 0.0000986 seconds
{Heap before GC invocations=228 (full 2):
 par new generation   total 109248K, used 100014K [0x00000000e0000000, 0x00000000e8000000, 0x00000000e8000000)
  eden space 87424K, 100% used [0x00000000e0000000, 0x00000000e5560000, 0x00000000e5560000)
  from space 21824K,  57% used [0x00000000e5560000, 0x00000000e61abbc0, 0x00000000e6ab0000)
  to   space 21824K,   0% used [0x00000000e6ab0000, 0x00000000e6ab0000, 0x00000000e8000000)
 concurrent mark-sweep generation total 393216K, used 69993K [0x00000000e8000000, 0x0000000100000000, 0x0000000100000000)
 Metaspace       used 39745K, capacity 40820K, committed 41156K, reserved 1085440K
  class space    used 4617K, capacity 4890K, committed 4912K, reserved 1048576K
2018-03-21T05:57:15.594-0500: 772.484: [GC (Allocation Failure) 2018-03-21T05:57:15.594-0500: 772.484: [ParNew
Desired survivor size 20112992 bytes, new threshold 8 (max 8)
- age   1:    4373656 bytes,    4373656 total
- age   2:    2663704 bytes,    7037360 total
- age   3:    2328416 bytes,    9365776 total
- age   4:     417584 bytes,    9783360 total
- age   5:     388960 bytes,   10172320 total
- age   6:     480480 bytes,   10652800 total
- age   7:     651632 bytes,   11304432 total
- age   8:     410584 bytes,   11715016 total
: 100014K->13046K(109248K), 0.0074994 secs] 170008K->83676K(502464K), 0.0075911 secs] [Times: user=0.02 sys=0.01, real=0.01 secs] 
Heap after GC invocations=229 (full 2):
 par new generation   total 109248K, used 13046K [0x00000000e0000000, 0x00000000e8000000, 0x00000000e8000000)
  eden space 87424K,   0% used [0x00000000e0000000, 0x00000000e0000000, 0x00000000e5560000)
  from space 21824K,  59% used [0x00000000e6ab0000, 0x00000000e776d900, 0x00000000e8000000)
  to   space 21824K,   0% used [0x00000000e5560000, 0x00000000e5560000, 0x00000000e6ab0000)
 concurrent mark-sweep generation total 393216K, used 70630K [0x00000000e8000000, 0x0000000100000000, 0x0000000100000000)
 Metaspace       used 39745K, capacity 40820K, committed 41156K, reserved 1085440K
  class space    used 4617K, capacity 4890K, committed 4912K, reserved 1048576K
}
2018-03-21T05:57:15.601-0500: 772.492: Total time for which application threads were stopped: 0.0078722 seconds, Stopping threads took: 0.0000586 seconds
{Heap before GC invocations=229 (full 2):
 par new generation   total 109248K, used 100470K [0x00000000e0000000, 0x00000000e8000000, 0x00000000e8000000)
  eden space 87424K, 100% used [0x00000000e0000000, 0x00000000e5560000, 0x00000000e5560000)
  from space 21824K,  59% used [0x00000000e6ab0000, 0x00000000e776d900, 0x00000000e8000000)
  to   space 21824K,   0% used [0x00000000e5560000, 0x00000000e5560000, 0x00000000e6ab0000)
 concurrent mark-sweep generation total 393216K, used 70630K [0x00000000e8000000, 0x0000000100000000, 0x0000000100000000)
 Metaspace       used 39745K, capacity 40820K, committed 41156K, reserved 1085440K
  class space    used 4617K, capacity 4890K, committed 4912K, reserved 1048576K
2018-03-21T05:57:15.850-0500: 772.741: [GC (Allocation Failure) 2018-03-21T05:57:15.850-0500: 772.741: [ParNew
Desired survivor size 20112992 bytes, new threshold 8 (max 8)
- age   1:    4603728 bytes,    4603728 total
- age   2:    3142344 bytes,    7746072 total
- age   3:    2665408 bytes,   10411480 total
- age   4:    2328424 bytes,   12739904 total
- age   5:     417584 bytes,   13157488 total
- age   6:     388960 bytes,   13546448 total
- age   7:     480480 bytes,   14026928 total
- age   8:     651496 bytes,   14678424 total
: 100470K->19770K(109248K), 0.0073382 secs] 171100K->90801K(502464K), 0.0074664 secs] [Times: user=0.03 sys=0.00, real=0.01 secs] 
Heap after GC invocations=230 (full 2):
 par new generation   total 109248K, used 19770K [0x00000000e0000000, 0x00000000e8000000, 0x00000000e8000000)
  eden space 87424K,   0% used [0x00000000e0000000, 0x00000000e0000000, 0x00000000e5560000)
  from space 21824K,  90% used [0x00000000e5560000, 0x00000000e68ae800, 0x00000000e6ab0000)
  to   space 21824K,   0% used [0x00000000e6ab0000, 0x00000000e6ab0000, 0x00000000e8000000)
 concurrent mark-sweep generation total 393216K, used 71031K [0x00000000e8000000, 0x0000000100000000, 0x0000000100000000)
 Metaspace       used 39745K, capacity 40820K, committed 41156K, reserved 1085440K
  class space    used 4617K, capacity 4890K, committed 4912K, reserved 1048576K
}
2018-03-21T05:57:15.858-0500: 772.748: Total time for which application threads were stopped: 0.0078234 seconds, Stopping threads took: 0.0000993 seconds
2018-03-21T05:57:15.903-0500: 772.793: Total time for which application threads were stopped: 0.0002000 seconds, Stopping threads took: 0.0000819 seconds
{Heap before GC invocations=230 (full 2):
 par new generation   total 109248K, used 107194K [0x00000000e0000000, 0x00000000e8000000, 0x00000000e8000000)
  eden space 87424K, 100% used [0x00000000e0000000, 0x00000000e5560000, 0x00000000e5560000)
  from space 21824K,  90% used [0x00000000e5560000, 0x00000000e68ae800, 0x00000000e6ab0000)
  to   space 21824K,   0% used [0x00000000e6ab0000, 0x00000000e6ab0000, 0x00000000e8000000)
 concurrent mark-sweep generation total 393216K, used 71031K [0x00000000e8000000, 0x0000000100000000, 0x0000000100000000)
 Metaspace       used 39745K, capacity 40820K, committed 41156K, reserved 1085440K
  class space    used 4617K, capacity 4890K, committed 4912K, reserved 1048576K
2018-03-21T05:57:16.010-0500: 772.900: [GC (Allocation Failure) 2018-03-21T05:57:16.010-0500: 772.900: [ParNew
Desired survivor size 20112992 bytes, new threshold 8 (max 8)
- age   1:    3147688 bytes,    3147688 total
- age   2:    1218816 bytes,    4366504 total
- age   3:    1089216 bytes,    5455720 total
- age   4:    1161296 bytes,    6617016 total
- age   5:     383112 bytes,    7000128 total
- age   6:     417584 bytes,    7417712 total
- age   7:     388960 bytes,    7806672 total
- age   8:     480480 bytes,    8287152 total
: 107194K->13726K(109248K), 0.0049495 secs] 178225K->85395K(502464K), 0.0050462 secs] [Times: user=0.02 sys=0.00, real=0.00 secs] 
Heap after GC invocations=231 (full 2):
 par new generation   total 109248K, used 13726K [0x00000000e0000000, 0x00000000e8000000, 0x00000000e8000000)
  eden space 87424K,   0% used [0x00000000e0000000, 0x00000000e0000000, 0x00000000e5560000)
  from space 21824K,  62% used [0x00000000e6ab0000, 0x00000000e7817ae8, 0x00000000e8000000)
  to   space 21824K,   0% used [0x00000000e5560000, 0x00000000e5560000, 0x00000000e6ab0000)
 concurrent mark-sweep generation total 393216K, used 71668K [0x00000000e8000000, 0x0000000100000000, 0x0000000100000000)
 Metaspace       used 39745K, capacity 40820K, committed 41156K, reserved 1085440K
  class space    used 4617K, capacity 4890K, committed 4912K, reserved 1048576K
}
2018-03-21T05:57:16.015-0500: 772.906: Total time for which application threads were stopped: 0.0053466 seconds, Stopping threads took: 0.0000641 seconds
2018-03-21T05:57:16.032-0500: 772.923: Total time for which application threads were stopped: 0.0001186 seconds, Stopping threads took: 0.0000244 seconds
2018-03-21T05:57:16.033-0500: 772.923: Total time for which application threads were stopped: 0.0001293 seconds, Stopping threads took: 0.0000403 seconds
2018-03-21T05:57:16.033-0500: 772.924: Total time for which application threads were stopped: 0.0001098 seconds, Stopping threads took: 0.0000575 seconds
2018-03-21T05:57:16.033-0500: 772.924: Total time for which application threads were stopped: 0.0000797 seconds, Stopping threads took: 0.0000334 seconds
2018-03-21T05:57:16.033-0500: 772.924: Total time for which application threads were stopped: 0.0000745 seconds, Stopping threads took: 0.0000281 seconds
2018-03-21T05:57:16.034-0500: 772.924: Total time for which application threads were stopped: 0.0001089 seconds, Stopping threads took: 0.0000476 seconds
2018-03-21T05:57:16.034-0500: 772.924: Total time for which application threads were stopped: 0.0000952 seconds, Stopping threads took: 0.0000300 seconds
2018-03-21T05:57:16.034-0500: 772.925: Total time for which application threads were stopped: 0.0000769 seconds, Stopping threads took: 0.0000293 seconds
2018-03-21T05:57:16.034-0500: 772.925: Total time for which application threads were stopped: 0.0000894 seconds, Stopping threads took: 0.0000369 seconds
2018-03-21T05:57:16.034-0500: 772.925: Total time for which application threads were stopped: 0.0000651 seconds, Stopping threads took: 0.0000166 seconds
2018-03-21T05:57:16.035-0500: 772.925: Total time for which application threads were stopped: 0.0000757 seconds, Stopping threads took: 0.0000275 seconds
2018-03-21T05:57:16.035-0500: 772.925: Total time for which application threads were stopped: 0.0000744 seconds, Stopping threads took: 0.0000250 seconds
2018-03-21T05:57:16.035-0500: 772.925: Total time for which application threads were stopped: 0.0000646 seconds, Stopping threads took: 0.0000200 seconds
2018-03-21T05:57:16.035-0500: 772.926: Total time for which application threads were stopped: 0.0000777 seconds, Stopping threads took: 0.0000281 seconds
2018-03-21T05:57:16.035-0500: 772.926: Total time for which application threads were stopped: 0.0000723 seconds, Stopping threads took: 0.0000234 seconds
2018-03-21T05:57:16.035-0500: 772.926: Total time for which application threads were stopped: 0.0000664 seconds, Stopping threads took: 0.0000225 seconds
2018-03-21T05:57:16.036-0500: 772.926: Total time for which application threads were stopped: 0.0000562 seconds, Stopping threads took: 0.0000120 seconds
2018-03-21T05:57:16.036-0500: 772.926: Total time for which application threads were stopped: 0.0000670 seconds, Stopping threads took: 0.0000203 seconds
{Heap before GC invocations=231 (full 2):
 par new generation   total 109248K, used 101150K [0x00000000e0000000, 0x00000000e8000000, 0x00000000e8000000)
  eden space 87424K, 100% used [0x00000000e0000000, 0x00000000e5560000, 0x00000000e5560000)
  from space 21824K,  62% used [0x00000000e6ab0000, 0x00000000e7817ae8, 0x00000000e8000000)
  to   space 21824K,   0% used [0x00000000e5560000, 0x00000000e5560000, 0x00000000e6ab0000)
 concurrent mark-sweep generation total 393216K, used 71668K [0x00000000e8000000, 0x0000000100000000, 0x0000000100000000)
 Metaspace       used 39745K, capacity 40820K, committed 41156K, reserved 1085440K
  class space    used 4617K, capacity 4890K, committed 4912K, reserved 1048576K
2018-03-21T05:57:16.250-0500: 773.141: [GC (Allocation Failure) 2018-03-21T05:57:16.250-0500: 773.141: [ParNew
Desired survivor size 20112992 bytes, new threshold 8 (max 8)
- age   1:    4016688 bytes,    4016688 total
- age   2:    2358432 bytes,    6375120 total
- age   3:     627664 bytes,    7002784 total
- age   4:     585216 bytes,    7588000 total
- age   5:     623272 bytes,    8211272 total
- age   6:     229872 bytes,    8441144 total
- age   7:     417584 bytes,    8858728 total
- age   8:     388960 bytes,    9247688 total
: 101150K->10934K(109248K), 0.0054372 secs] 172819K->83072K(502464K), 0.0055251 secs] [Times: user=0.02 sys=0.00, real=0.00 secs] 
Heap after GC invocations=232 (full 2):
 par new generation   total 109248K, used 10934K [0x00000000e0000000, 0x00000000e8000000, 0x00000000e8000000)
  eden space 87424K,   0% used [0x00000000e0000000, 0x00000000e0000000, 0x00000000e5560000)
  from space 21824K,  50% used [0x00000000e5560000, 0x00000000e600da10, 0x00000000e6ab0000)
  to   space 21824K,   0% used [0x00000000e6ab0000, 0x00000000e6ab0000, 0x00000000e8000000)
 concurrent mark-sweep generation total 393216K, used 72137K [0x00000000e8000000, 0x0000000100000000, 0x0000000100000000)
 Metaspace       used 39745K, capacity 40820K, committed 41156K, reserved 1085440K
  class space    used 4617K, capacity 4890K, committed 4912K, reserved 1048576K
}
2018-03-21T05:57:16.256-0500: 773.146: Total time for which application threads were stopped: 0.0058427 seconds, Stopping threads took: 0.0000701 seconds
{Heap before GC invocations=232 (full 2):
 par new generation   total 109248K, used 98358K [0x00000000e0000000, 0x00000000e8000000, 0x00000000e8000000)
  eden space 87424K, 100% used [0x00000000e0000000, 0x00000000e5560000, 0x00000000e5560000)
  from space 21824K,  50% used [0x00000000e5560000, 0x00000000e600da10, 0x00000000e6ab0000)
  to   space 21824K,   0% used [0x00000000e6ab0000, 0x00000000e6ab0000, 0x00000000e8000000)
 concurrent mark-sweep generation total 393216K, used 72137K [0x00000000e8000000, 0x0000000100000000, 0x0000000100000000)
 Metaspace       used 39745K, capacity 40820K, committed 41156K, reserved 1085440K
  class space    used 4617K, capacity 4890K, committed 4912K, reserved 1048576K
2018-03-21T05:57:16.574-0500: 773.465: [GC (Allocation Failure) 2018-03-21T05:57:16.574-0500: 773.465: [ParNew
Desired survivor size 20112992 bytes, new threshold 8 (max 8)
- age   1:    4263024 bytes,    4263024 total
- age   2:    3074936 bytes,    7337960 total
- age   3:    2359760 bytes,    9697720 total
- age   4:     627664 bytes,   10325384 total
- age   5:     585216 bytes,   10910600 total
- age   6:     622360 bytes,   11532960 total
- age   7:     229872 bytes,   11762832 total
- age   8:     417584 bytes,   12180416 total
: 98358K->15534K(109248K), 0.0070303 secs] 170496K->88052K(502464K), 0.0071291 secs] [Times: user=0.02 sys=0.00, real=0.01 secs] 
Heap after GC invocations=233 (full 2):
 par new generation   total 109248K, used 15534K [0x00000000e0000000, 0x00000000e8000000, 0x00000000e8000000)
  eden space 87424K,   0% used [0x00000000e0000000, 0x00000000e0000000, 0x00000000e5560000)
  from space 21824K,  71% used [0x00000000e6ab0000, 0x00000000e79dba40, 0x00000000e8000000)
  to   space 21824K,   0% used [0x00000000e5560000, 0x00000000e5560000, 0x00000000e6ab0000)
 concurrent mark-sweep generation total 393216K, used 72517K [0x00000000e8000000, 0x0000000100000000, 0x0000000100000000)
 Metaspace       used 39745K, capacity 40820K, committed 41156K, reserved 1085440K
  class space    used 4617K, capacity 4890K, committed 4912K, reserved 1048576K
}
2018-03-21T05:57:16.581-0500: 773.472: Total time for which application threads were stopped: 0.0073660 seconds, Stopping threads took: 0.0000318 seconds
{Heap before GC invocations=233 (full 2):
 par new generation   total 109248K, used 102949K [0x00000000e0000000, 0x00000000e8000000, 0x00000000e8000000)
  eden space 87424K,  99% used [0x00000000e0000000, 0x00000000e555dba8, 0x00000000e5560000)
  from space 21824K,  71% used [0x00000000e6ab0000, 0x00000000e79dba40, 0x00000000e8000000)
  to   space 21824K,   0% used [0x00000000e5560000, 0x00000000e5560000, 0x00000000e6ab0000)
 concurrent mark-sweep generation total 393216K, used 72517K [0x00000000e8000000, 0x0000000100000000, 0x0000000100000000)
 Metaspace       used 39745K, capacity 40820K, committed 41156K, reserved 1085440K
  class space    used 4617K, capacity 4890K, committed 4912K, reserved 1048576K
2018-03-21T05:57:16.955-0500: 773.845: [GC (Allocation Failure) 2018-03-21T05:57:16.955-0500: 773.845: [ParNew
Desired survivor size 20112992 bytes, new threshold 8 (max 8)
- age   1:    3891992 bytes,    3891992 total
- age   2:    2679552 bytes,    6571544 total
- age   3:    2451680 bytes,    9023224 total
- age   4:     998968 bytes,   10022192 total
- age   5:     627664 bytes,   10649856 total
- age   6:     585216 bytes,   11235072 total
- age   7:     622360 bytes,   11857432 total
- age   8:     229872 bytes,   12087304 total
: 102949K->15986K(109248K), 0.0069514 secs] 175467K->88912K(502464K), 0.0070799 secs] [Times: user=0.03 sys=0.00, real=0.01 secs] 
Heap after GC invocations=234 (full 2):
 par new generation   total 109248K, used 15986K [0x00000000e0000000, 0x00000000e8000000, 0x00000000e8000000)
  eden space 87424K,   0% used [0x00000000e0000000, 0x00000000e0000000, 0x00000000e5560000)
  from space 21824K,  73% used [0x00000000e5560000, 0x00000000e64fcbd0, 0x00000000e6ab0000)
  to   space 21824K,   0% used [0x00000000e6ab0000, 0x00000000e6ab0000, 0x00000000e8000000)
 concurrent mark-sweep generation total 393216K, used 72925K [0x00000000e8000000, 0x0000000100000000, 0x0000000100000000)
 Metaspace       used 39745K, capacity 40820K, committed 41156K, reserved 1085440K
  class space    used 4617K, capacity 4890K, committed 4912K, reserved 1048576K
}
2018-03-21T05:57:16.962-0500: 773.852: Total time for which application threads were stopped: 0.0073773 seconds, Stopping threads took: 0.0000553 seconds
{Heap before GC invocations=234 (full 2):
 par new generation   total 109248K, used 103410K [0x00000000e0000000, 0x00000000e8000000, 0x00000000e8000000)
  eden space 87424K, 100% used [0x00000000e0000000, 0x00000000e5560000, 0x00000000e5560000)
  from space 21824K,  73% used [0x00000000e5560000, 0x00000000e64fcbd0, 0x00000000e6ab0000)
  to   space 21824K,   0% used [0x00000000e6ab0000, 0x00000000e6ab0000, 0x00000000e8000000)
 concurrent mark-sweep generation total 393216K, used 72925K [0x00000000e8000000, 0x0000000100000000, 0x0000000100000000)
 Metaspace       used 39746K, capacity 40820K, committed 41156K, reserved 1085440K
  class space    used 4617K, capacity 4890K, committed 4912K, reserved 1048576K
2018-03-21T05:57:17.247-0500: 774.138: [GC (Allocation Failure) 2018-03-21T05:57:17.247-0500: 774.138: [ParNew
Desired survivor size 20112992 bytes, new threshold 8 (max 8)
- age   1:    3654376 bytes,    3654376 total
- age   2:    1210672 bytes,    4865048 total
- age   3:     610104 bytes,    5475152 total
- age   4:     675352 bytes,    6150504 total
- age   5:     363896 bytes,    6514400 total
- age   6:     627664 bytes,    7142064 total
- age   7:     585216 bytes,    7727280 total
- age   8:     621688 bytes,    8348968 total
: 103410K->13546K(109248K), 0.0316094 secs] 176336K->86696K(502464K), 0.0317078 secs] [Times: user=0.03 sys=0.00, real=0.04 secs] 
Heap after GC invocations=235 (full 2):
 par new generation   total 109248K, used 13546K [0x00000000e0000000, 0x00000000e8000000, 0x00000000e8000000)
  eden space 87424K,   0% used [0x00000000e0000000, 0x00000000e0000000, 0x00000000e5560000)
  from space 21824K,  62% used [0x00000000e6ab0000, 0x00000000e77eaa78, 0x00000000e8000000)
  to   space 21824K,   0% used [0x00000000e5560000, 0x00000000e5560000, 0x00000000e6ab0000)
 concurrent mark-sweep generation total 393216K, used 73149K [0x00000000e8000000, 0x0000000100000000, 0x0000000100000000)
 Metaspace       used 39746K, capacity 40820K, committed 41156K, reserved 1085440K
  class space    used 4617K, capacity 4890K, committed 4912K, reserved 1048576K
}
2018-03-21T05:57:17.279-0500: 774.169: Total time for which application threads were stopped: 0.0319529 seconds, Stopping threads took: 0.0000440 seconds
2018-03-21T05:57:17.303-0500: 774.194: Total time for which application threads were stopped: 0.0002362 seconds, Stopping threads took: 0.0000642 seconds
2018-03-21T05:57:17.303-0500: 774.194: Total time for which application threads were stopped: 0.0001022 seconds, Stopping threads took: 0.0000151 seconds
2018-03-21T05:57:17.303-0500: 774.194: Total time for which application threads were stopped: 0.0000759 seconds, Stopping threads took: 0.0000158 seconds
2018-03-21T05:57:17.303-0500: 774.194: Total time for which application threads were stopped: 0.0000848 seconds, Stopping threads took: 0.0000278 seconds
2018-03-21T05:57:17.304-0500: 774.194: Total time for which application threads were stopped: 0.0001190 seconds, Stopping threads took: 0.0000501 seconds
2018-03-21T05:57:17.311-0500: 774.202: Total time for which application threads were stopped: 0.0003178 seconds, Stopping threads took: 0.0000745 seconds
2018-03-21T05:57:17.312-0500: 774.202: Total time for which application threads were stopped: 0.0002309 seconds, Stopping threads took: 0.0000125 seconds
2018-03-21T05:57:17.312-0500: 774.203: Total time for which application threads were stopped: 0.0002229 seconds, Stopping threads took: 0.0000421 seconds
{Heap before GC invocations=235 (full 2):
 par new generation   total 109248K, used 100970K [0x00000000e0000000, 0x00000000e8000000, 0x00000000e8000000)
  eden space 87424K, 100% used [0x00000000e0000000, 0x00000000e5560000, 0x00000000e5560000)
  from space 21824K,  62% used [0x00000000e6ab0000, 0x00000000e77eaa78, 0x00000000e8000000)
  to   space 21824K,   0% used [0x00000000e5560000, 0x00000000e5560000, 0x00000000e6ab0000)
 concurrent mark-sweep generation total 393216K, used 73149K [0x00000000e8000000, 0x0000000100000000, 0x0000000100000000)
 Metaspace       used 39749K, capacity 40884K, committed 41156K, reserved 1085440K
  class space    used 4617K, capacity 4890K, committed 4912K, reserved 1048576K
2018-03-21T05:57:17.716-0500: 774.606: [GC (Allocation Failure) 2018-03-21T05:57:17.716-0500: 774.607: [ParNew
Desired survivor size 20112992 bytes, new threshold 8 (max 8)
- age   1:    3759288 bytes,    3759288 total
- age   2:    3143336 bytes,    6902624 total
- age   3:    1210672 bytes,    8113296 total
- age   4:     610032 bytes,    8723328 total
- age   5:     674440 bytes,    9397768 total
- age   6:     363896 bytes,    9761664 total
- age   7:     627664 bytes,   10389328 total
- age   8:     585216 bytes,   10974544 total
: 100970K->13288K(109248K), 0.0055864 secs] 174120K->87045K(502464K), 0.0056955 secs] [Times: user=0.02 sys=0.00, real=0.01 secs] 
Heap after GC invocations=236 (full 2):
 par new generation   total 109248K, used 13288K [0x00000000e0000000, 0x00000000e8000000, 0x00000000e8000000)
  eden space 87424K,   0% used [0x00000000e0000000, 0x00000000e0000000, 0x00000000e5560000)
  from space 21824K,  60% used [0x00000000e5560000, 0x00000000e625a080, 0x00000000e6ab0000)
  to   space 21824K,   0% used [0x00000000e6ab0000, 0x00000000e6ab0000, 0x00000000e8000000)
 concurrent mark-sweep generation total 393216K, used 73757K [0x00000000e8000000, 0x0000000100000000, 0x0000000100000000)
 Metaspace       used 39749K, capacity 40884K, committed 41156K, reserved 1085440K
  class space    used 4617K, capacity 4890K, committed 4912K, reserved 1048576K
}
2018-03-21T05:57:17.722-0500: 774.612: Total time for which application threads were stopped: 0.0059234 seconds, Stopping threads took: 0.0000292 seconds
{Heap before GC invocations=236 (full 2):
 par new generation   total 109248K, used 100712K [0x00000000e0000000, 0x00000000e8000000, 0x00000000e8000000)
  eden space 87424K, 100% used [0x00000000e0000000, 0x00000000e5560000, 0x00000000e5560000)
  from space 21824K,  60% used [0x00000000e5560000, 0x00000000e625a080, 0x00000000e6ab0000)
  to   space 21824K,   0% used [0x00000000e6ab0000, 0x00000000e6ab0000, 0x00000000e8000000)
 concurrent mark-sweep generation total 393216K, used 73757K [0x00000000e8000000, 0x0000000100000000, 0x0000000100000000)
 Metaspace       used 39749K, capacity 40884K, committed 41156K, reserved 1085440K
  class space    used 4617K, capacity 4890K, committed 4912K, reserved 1048576K
2018-03-21T05:57:18.020-0500: 774.911: [GC (Allocation Failure) 2018-03-21T05:57:18.020-0500: 774.911: [ParNew
Desired survivor size 20112992 bytes, new threshold 8 (max 8)
- age   1:    3503680 bytes,    3503680 total
- age   2:    2270896 bytes,    5774576 total
- age   3:    2138744 bytes,    7913320 total
- age   4:    1210512 bytes,    9123832 total
- age   5:     610032 bytes,    9733864 total
- age   6:     674440 bytes,   10408304 total
- age   7:     363896 bytes,   10772200 total
- age   8:     627664 bytes,   11399864 total
: 100712K->15606K(109248K), 0.0069320 secs] 174469K->89935K(502464K), 0.0070298 secs] [Times: user=0.02 sys=0.00, real=0.00 secs] 
Heap after GC invocations=237 (full 2):
 par new generation   total 109248K, used 15606K [0x00000000e0000000, 0x00000000e8000000, 0x00000000e8000000)
  eden space 87424K,   0% used [0x00000000e0000000, 0x00000000e0000000, 0x00000000e5560000)
  from space 21824K,  71% used [0x00000000e6ab0000, 0x00000000e79ed958, 0x00000000e8000000)
  to   space 21824K,   0% used [0x00000000e5560000, 0x00000000e5560000, 0x00000000e6ab0000)
 concurrent mark-sweep generation total 393216K, used 74329K [0x00000000e8000000, 0x0000000100000000, 0x0000000100000000)
 Metaspace       used 39749K, capacity 40884K, committed 41156K, reserved 1085440K
  class space    used 4617K, capacity 4890K, committed 4912K, reserved 1048576K
}
2018-03-21T05:57:18.027-0500: 774.918: Total time for which application threads were stopped: 0.0072275 seconds, Stopping threads took: 0.0000281 seconds
{Heap before GC invocations=237 (full 2):
 par new generation   total 109248K, used 103030K [0x00000000e0000000, 0x00000000e8000000, 0x00000000e8000000)
  eden space 87424K, 100% used [0x00000000e0000000, 0x00000000e5560000, 0x00000000e5560000)
  from space 21824K,  71% used [0x00000000e6ab0000, 0x00000000e79ed958, 0x00000000e8000000)
  to   space 21824K,   0% used [0x00000000e5560000, 0x00000000e5560000, 0x00000000e6ab0000)
 concurrent mark-sweep generation total 393216K, used 74329K [0x00000000e8000000, 0x0000000100000000, 0x0000000100000000)
 Metaspace       used 39757K, capacity 40888K, committed 41156K, reserved 1085440K
  class space    used 4617K, capacity 4890K, committed 4912K, reserved 1048576K
2018-03-21T05:57:18.408-0500: 775.298: [GC (Allocation Failure) 2018-03-21T05:57:18.408-0500: 775.298: [ParNew
Desired survivor size 20112992 bytes, new threshold 8 (max 8)
- age   1:    3678128 bytes,    3678128 total
- age   2:    1507656 bytes,    5185784 total
- age   3:     667936 bytes,    5853720 total
- age   4:     701256 bytes,    6554976 total
- age   5:    1209240 bytes,    7764216 total
- age   6:     610032 bytes,    8374248 total
- age   7:     673528 bytes,    9047776 total
- age   8:     363896 bytes,    9411672 total
: 103030K->12808K(109248K), 0.0049680 secs] 177359K->87750K(502464K), 0.0050520 secs] [Times: user=0.02 sys=0.00, real=0.01 secs] 
Heap after GC invocations=238 (full 2):
 par new generation   total 109248K, used 12808K [0x00000000e0000000, 0x00000000e8000000, 0x00000000e8000000)
  eden space 87424K,   0% used [0x00000000e0000000, 0x00000000e0000000, 0x00000000e5560000)
  from space 21824K,  58% used [0x00000000e5560000, 0x00000000e61e21c0, 0x00000000e6ab0000)
  to   space 21824K,   0% used [0x00000000e6ab0000, 0x00000000e6ab0000, 0x00000000e8000000)
 concurrent mark-sweep generation total 393216K, used 74942K [0x00000000e8000000, 0x0000000100000000, 0x0000000100000000)
 Metaspace       used 39757K, capacity 40888K, committed 41156K, reserved 1085440K
  class space    used 4617K, capacity 4890K, committed 4912K, reserved 1048576K
}
2018-03-21T05:57:18.413-0500: 775.304: Total time for which application threads were stopped: 0.0052509 seconds, Stopping threads took: 0.0000240 seconds
2018-03-21T05:57:18.483-0500: 775.373: Total time for which application threads were stopped: 0.0001885 seconds, Stopping threads took: 0.0000513 seconds
2018-03-21T05:57:18.483-0500: 775.374: Total time for which application threads were stopped: 0.0001128 seconds, Stopping threads took: 0.0000200 seconds
2018-03-21T05:57:18.489-0500: 775.379: Total time for which application threads were stopped: 0.0002070 seconds, Stopping threads took: 0.0000613 seconds
2018-03-21T05:57:18.489-0500: 775.380: Total time for which application threads were stopped: 0.0001181 seconds, Stopping threads took: 0.0000139 seconds
{Heap before GC invocations=238 (full 2):
 par new generation   total 109248K, used 100232K [0x00000000e0000000, 0x00000000e8000000, 0x00000000e8000000)
  eden space 87424K, 100% used [0x00000000e0000000, 0x00000000e5560000, 0x00000000e5560000)
  from space 21824K,  58% used [0x00000000e5560000, 0x00000000e61e21c0, 0x00000000e6ab0000)
  to   space 21824K,   0% used [0x00000000e6ab0000, 0x00000000e6ab0000, 0x00000000e8000000)
 concurrent mark-sweep generation total 393216K, used 74942K [0x00000000e8000000, 0x0000000100000000, 0x0000000100000000)
 Metaspace       used 39761K, capacity 40888K, committed 41156K, reserved 1085440K
  class space    used 4617K, capacity 4890K, committed 4912K, reserved 1048576K
2018-03-21T05:57:18.822-0500: 775.712: [GC (Allocation Failure) 2018-03-21T05:57:18.822-0500: 775.712: [ParNew
Desired survivor size 20112992 bytes, new threshold 8 (max 8)
- age   1:    4123536 bytes,    4123536 total
- age   2:    2912880 bytes,    7036416 total
- age   3:    1507792 bytes,    8544208 total
- age   4:     666832 bytes,    9211040 total
- age   5:     700344 bytes,    9911384 total
- age   6:    1209240 bytes,   11120624 total
- age   7:     610000 bytes,   11730624 total
- age   8:     673528 bytes,   12404152 total
: 100232K->13872K(109248K), 0.0064875 secs] 175174K->89170K(502464K), 0.0066313 secs] [Times: user=0.02 sys=0.00, real=0.00 secs] 
Heap after GC invocations=239 (full 2):
 par new generation   total 109248K, used 13872K [0x00000000e0000000, 0x00000000e8000000, 0x00000000e8000000)
  eden space 87424K,   0% used [0x00000000e0000000, 0x00000000e0000000, 0x00000000e5560000)
  from space 21824K,  63% used [0x00000000e6ab0000, 0x00000000e783c2e0, 0x00000000e8000000)
  to   space 21824K,   0% used [0x00000000e5560000, 0x00000000e5560000, 0x00000000e6ab0000)
 concurrent mark-sweep generation total 393216K, used 75297K [0x00000000e8000000, 0x0000000100000000, 0x0000000100000000)
 Metaspace       used 39761K, capacity 40888K, committed 41156K, reserved 1085440K
  class space    used 4617K, capacity 4890K, committed 4912K, reserved 1048576K
}
2018-03-21T05:57:18.828-0500: 775.719: Total time for which application threads were stopped: 0.0068679 seconds, Stopping threads took: 0.0000287 seconds
{Heap before GC invocations=239 (full 2):
 par new generation   total 109248K, used 101296K [0x00000000e0000000, 0x00000000e8000000, 0x00000000e8000000)
  eden space 87424K, 100% used [0x00000000e0000000, 0x00000000e5560000, 0x00000000e5560000)
  from space 21824K,  63% used [0x00000000e6ab0000, 0x00000000e783c2e0, 0x00000000e8000000)
  to   space 21824K,   0% used [0x00000000e5560000, 0x00000000e5560000, 0x00000000e6ab0000)
 concurrent mark-sweep generation total 393216K, used 75297K [0x00000000e8000000, 0x0000000100000000, 0x0000000100000000)
 Metaspace       used 39765K, capacity 40888K, committed 41156K, reserved 1085440K
  class space    used 4617K, capacity 4890K, committed 4912K, reserved 1048576K
2018-03-21T05:57:19.078-0500: 775.969: [GC (Allocation Failure) 2018-03-21T05:57:19.078-0500: 775.969: [ParNew
Desired survivor size 20112992 bytes, new threshold 8 (max 8)
- age   1:    2755560 bytes,    2755560 total
- age   2:     599872 bytes,    3355432 total
- age   3:     655440 bytes,    4010872 total
- age   4:     415216 bytes,    4426088 total
- age   5:     666832 bytes,    5092920 total
- age   6:     699216 bytes,    5792136 total
- age   7:    1209240 bytes,    7001376 total
- age   8:     610000 bytes,    7611376 total
: 101296K->12917K(109248K), 0.0048705 secs] 176594K->88873K(502464K), 0.0049537 secs] [Times: user=0.01 sys=0.01, real=0.00 secs] 
Heap after GC invocations=240 (full 2):
 par new generation   total 109248K, used 12917K [0x00000000e0000000, 0x00000000e8000000, 0x00000000e8000000)
  eden space 87424K,   0% used [0x00000000e0000000, 0x00000000e0000000, 0x00000000e5560000)
  from space 21824K,  59% used [0x00000000e5560000, 0x00000000e61fd470, 0x00000000e6ab0000)
  to   space 21824K,   0% used [0x00000000e6ab0000, 0x00000000e6ab0000, 0x00000000e8000000)
 concurrent mark-sweep generation total 393216K, used 75956K [0x00000000e8000000, 0x0000000100000000, 0x0000000100000000)
 Metaspace       used 39765K, capacity 40888K, committed 41156K, reserved 1085440K
  class space    used 4617K, capacity 4890K, committed 4912K, reserved 1048576K
}
2018-03-21T05:57:19.083-0500: 775.974: Total time for which application threads were stopped: 0.0051337 seconds, Stopping threads took: 0.0000216 seconds
{Heap before GC invocations=240 (full 2):
 par new generation   total 109248K, used 100341K [0x00000000e0000000, 0x00000000e8000000, 0x00000000e8000000)
  eden space 87424K, 100% used [0x00000000e0000000, 0x00000000e5560000, 0x00000000e5560000)
  from space 21824K,  59% used [0x00000000e5560000, 0x00000000e61fd470, 0x00000000e6ab0000)
  to   space 21824K,   0% used [0x00000000e6ab0000, 0x00000000e6ab0000, 0x00000000e8000000)
 concurrent mark-sweep generation total 393216K, used 75956K [0x00000000e8000000, 0x0000000100000000, 0x0000000100000000)
 Metaspace       used 39765K, capacity 40888K, committed 41156K, reserved 1085440K
  class space    used 4617K, capacity 4890K, committed 4912K, reserved 1048576K
2018-03-21T05:57:19.447-0500: 776.338: [GC (Allocation Failure) 2018-03-21T05:57:19.447-0500: 776.338: [ParNew
Desired survivor size 20112992 bytes, new threshold 8 (max 8)
- age   1:    3884400 bytes,    3884400 total
- age   2:    2203160 bytes,    6087560 total
- age   3:     599872 bytes,    6687432 total
- age   4:     654528 bytes,    7341960 total
- age   5:     415216 bytes,    7757176 total
- age   6:     666832 bytes,    8424008 total
- age   7:     699216 bytes,    9123224 total
- age   8:    1209240 bytes,   10332464 total
: 100341K->12293K(109248K), 0.0056210 secs] 176297K->88845K(502464K), 0.0057190 secs] [Times: user=0.02 sys=0.00, real=0.01 secs] 
Heap after GC invocations=241 (full 2):
 par new generation   total 109248K, used 12293K [0x00000000e0000000, 0x00000000e8000000, 0x00000000e8000000)
  eden space 87424K,   0% used [0x00000000e0000000, 0x00000000e0000000, 0x00000000e5560000)
  from space 21824K,  56% used [0x00000000e6ab0000, 0x00000000e76b16b0, 0x00000000e8000000)
  to   space 21824K,   0% used [0x00000000e5560000, 0x00000000e5560000, 0x00000000e6ab0000)
 concurrent mark-sweep generation total 393216K, used 76551K [0x00000000e8000000, 0x0000000100000000, 0x0000000100000000)
 Metaspace       used 39765K, capacity 40888K, committed 41156K, reserved 1085440K
  class space    used 4617K, capacity 4890K, committed 4912K, reserved 1048576K
}
2018-03-21T05:57:19.453-0500: 776.343: Total time for which application threads were stopped: 0.0059061 seconds, Stopping threads took: 0.0000224 seconds
{Heap before GC invocations=241 (full 2):
 par new generation   total 109248K, used 99717K [0x00000000e0000000, 0x00000000e8000000, 0x00000000e8000000)
  eden space 87424K, 100% used [0x00000000e0000000, 0x00000000e5560000, 0x00000000e5560000)
  from space 21824K,  56% used [0x00000000e6ab0000, 0x00000000e76b16b0, 0x00000000e8000000)
  to   space 21824K,   0% used [0x00000000e5560000, 0x00000000e5560000, 0x00000000e6ab0000)
 concurrent mark-sweep generation total 393216K, used 76551K [0x00000000e8000000, 0x0000000100000000, 0x0000000100000000)
 Metaspace       used 39765K, capacity 40888K, committed 41156K, reserved 1085440K
  class space    used 4617K, capacity 4890K, committed 4912K, reserved 1048576K
2018-03-21T05:57:19.834-0500: 776.725: [GC (Allocation Failure) 2018-03-21T05:57:19.834-0500: 776.725: [ParNew
Desired survivor size 20112992 bytes, new threshold 8 (max 8)
- age   1:    4088880 bytes,    4088880 total
- age   2:    3041648 bytes,    7130528 total
- age   3:    2203232 bytes,    9333760 total
- age   4:     599872 bytes,    9933632 total
- age   5:     654528 bytes,   10588160 total
- age   6:     415216 bytes,   11003376 total
- age   7:     666832 bytes,   11670208 total
- age   8:     699216 bytes,   12369424 total
: 99717K->19296K(109248K), 0.0067842 secs] 176269K->97029K(502464K), 0.0068716 secs] [Times: user=0.03 sys=0.00, real=0.01 secs] 
Heap after GC invocations=242 (full 2):
 par new generation   total 109248K, used 19296K [0x00000000e0000000, 0x00000000e8000000, 0x00000000e8000000)
  eden space 87424K,   0% used [0x00000000e0000000, 0x00000000e0000000, 0x00000000e5560000)
  from space 21824K,  88% used [0x00000000e5560000, 0x00000000e6838288, 0x00000000e6ab0000)
  to   space 21824K,   0% used [0x00000000e6ab0000, 0x00000000e6ab0000, 0x00000000e8000000)
 concurrent mark-sweep generation total 393216K, used 77732K [0x00000000e8000000, 0x0000000100000000, 0x0000000100000000)
 Metaspace       used 39765K, capacity 40888K, committed 41156K, reserved 1085440K
  class space    used 4617K, capacity 4890K, committed 4912K, reserved 1048576K
}
2018-03-21T05:57:19.841-0500: 776.732: Total time for which application threads were stopped: 0.0070515 seconds, Stopping threads took: 0.0000189 seconds
2018-03-21T05:57:20.022-0500: 776.913: Total time for which application threads were stopped: 0.0041865 seconds, Stopping threads took: 0.0040644 seconds
{Heap before GC invocations=242 (full 2):
 par new generation   total 109248K, used 106720K [0x00000000e0000000, 0x00000000e8000000, 0x00000000e8000000)
  eden space 87424K, 100% used [0x00000000e0000000, 0x00000000e5560000, 0x00000000e5560000)
  from space 21824K,  88% used [0x00000000e5560000, 0x00000000e6838288, 0x00000000e6ab0000)
  to   space 21824K,   0% used [0x00000000e6ab0000, 0x00000000e6ab0000, 0x00000000e8000000)
 concurrent mark-sweep generation total 393216K, used 77732K [0x00000000e8000000, 0x0000000100000000, 0x0000000100000000)
 Metaspace       used 39766K, capacity 40888K, committed 41156K, reserved 1085440K
  class space    used 4617K, capacity 4890K, committed 4912K, reserved 1048576K
2018-03-21T05:57:20.081-0500: 776.971: [GC (Allocation Failure) 2018-03-21T05:57:20.081-0500: 776.971: [ParNew
Desired survivor size 20112992 bytes, new threshold 8 (max 8)
- age   1:    2774752 bytes,    2774752 total
- age   2:     655344 bytes,    3430096 total
- age   3:     638560 bytes,    4068656 total
- age   4:     446432 bytes,    4515088 total
- age   5:     599872 bytes,    5114960 total
- age   6:     653376 bytes,    5768336 total
- age   7:     415216 bytes,    6183552 total
- age   8:     666832 bytes,    6850384 total
: 106720K->9035K(109248K), 0.0041600 secs] 184453K->87451K(502464K), 0.0042458 secs] [Times: user=0.01 sys=0.00, real=0.00 secs] 
Heap after GC invocations=243 (full 2):
 par new generation   total 109248K, used 9035K [0x00000000e0000000, 0x00000000e8000000, 0x00000000e8000000)
  eden space 87424K,   0% used [0x00000000e0000000, 0x00000000e0000000, 0x00000000e5560000)
  from space 21824K,  41% used [0x00000000e6ab0000, 0x00000000e7382d70, 0x00000000e8000000)
  to   space 21824K,   0% used [0x00000000e5560000, 0x00000000e5560000, 0x00000000e6ab0000)
 concurrent mark-sweep generation total 393216K, used 78416K [0x00000000e8000000, 0x0000000100000000, 0x0000000100000000)
 Metaspace       used 39766K, capacity 40888K, committed 41156K, reserved 1085440K
  class space    used 4617K, capacity 4890K, committed 4912K, reserved 1048576K
}
2018-03-21T05:57:20.085-0500: 776.976: Total time for which application threads were stopped: 0.0045106 seconds, Stopping threads took: 0.0000530 seconds
{Heap before GC invocations=243 (full 2):
 par new generation   total 109248K, used 96427K [0x00000000e0000000, 0x00000000e8000000, 0x00000000e8000000)
  eden space 87424K,  99% used [0x00000000e0000000, 0x00000000e5558148, 0x00000000e5560000)
  from space 21824K,  41% used [0x00000000e6ab0000, 0x00000000e7382d70, 0x00000000e8000000)
  to   space 21824K,   0% used [0x00000000e5560000, 0x00000000e5560000, 0x00000000e6ab0000)
 concurrent mark-sweep generation total 393216K, used 78416K [0x00000000e8000000, 0x0000000100000000, 0x0000000100000000)
 Metaspace       used 39766K, capacity 40888K, committed 41156K, reserved 1085440K
  class space    used 4617K, capacity 4890K, committed 4912K, reserved 1048576K
2018-03-21T05:57:20.353-0500: 777.244: [GC (Allocation Failure) 2018-03-21T05:57:20.353-0500: 777.244: [ParNew
Desired survivor size 20112992 bytes, new threshold 8 (max 8)
- age   1:    2960960 bytes,    2960960 total
- age   2:    2260896 bytes,    5221856 total
- age   3:     655344 bytes,    5877200 total
- age   4:     638560 bytes,    6515760 total
- age   5:     445520 bytes,    6961280 total
- age   6:     599872 bytes,    7561152 total
- age   7:     653376 bytes,    8214528 total
- age   8:     415216 bytes,    8629744 total
: 96427K->10423K(109248K), 0.0069257 secs] 174844K->89490K(502464K), 0.0070075 secs] [Times: user=0.02 sys=0.00, real=0.01 secs] 
Heap after GC invocations=244 (full 2):
 par new generation   total 109248K, used 10423K [0x00000000e0000000, 0x00000000e8000000, 0x00000000e8000000)
  eden space 87424K,   0% used [0x00000000e0000000, 0x00000000e0000000, 0x00000000e5560000)
  from space 21824K,  47% used [0x00000000e5560000, 0x00000000e5f8dd18, 0x00000000e6ab0000)
  to   space 21824K,   0% used [0x00000000e6ab0000, 0x00000000e6ab0000, 0x00000000e8000000)
 concurrent mark-sweep generation total 393216K, used 79067K [0x00000000e8000000, 0x0000000100000000, 0x0000000100000000)
 Metaspace       used 39766K, capacity 40888K, committed 41156K, reserved 1085440K
  class space    used 4617K, capacity 4890K, committed 4912K, reserved 1048576K
}
2018-03-21T05:57:20.360-0500: 777.251: Total time for which application threads were stopped: 0.0072532 seconds, Stopping threads took: 0.0000622 seconds
{Heap before GC invocations=244 (full 2):
 par new generation   total 109248K, used 97847K [0x00000000e0000000, 0x00000000e8000000, 0x00000000e8000000)
  eden space 87424K, 100% used [0x00000000e0000000, 0x00000000e5560000, 0x00000000e5560000)
  from space 21824K,  47% used [0x00000000e5560000, 0x00000000e5f8dd18, 0x00000000e6ab0000)
  to   space 21824K,   0% used [0x00000000e6ab0000, 0x00000000e6ab0000, 0x00000000e8000000)
 concurrent mark-sweep generation total 393216K, used 79067K [0x00000000e8000000, 0x0000000100000000, 0x0000000100000000)
 Metaspace       used 39766K, capacity 40888K, committed 41156K, reserved 1085440K
  class space    used 4617K, capacity 4890K, committed 4912K, reserved 1048576K
2018-03-21T05:57:20.564-0500: 777.454: [GC (Allocation Failure) 2018-03-21T05:57:20.564-0500: 777.455: [ParNew
Desired survivor size 20112992 bytes, new threshold 8 (max 8)
- age   1:    2070592 bytes,    2070592 total
- age   2:    2122912 bytes,    4193504 total
- age   3:    2227264 bytes,    6420768 total
- age   4:     655344 bytes,    7076112 total
- age   5:     638560 bytes,    7714672 total
- age   6:     445520 bytes,    8160192 total
- age   7:     599872 bytes,    8760064 total
- age   8:     653376 bytes,    9413440 total
: 97847K->14482K(109248K), 0.0049976 secs] 176914K->93955K(502464K), 0.0050696 secs] [Times: user=0.02 sys=0.00, real=0.00 secs] 
Heap after GC invocations=245 (full 2):
 par new generation   total 109248K, used 14482K [0x00000000e0000000, 0x00000000e8000000, 0x00000000e8000000)
  eden space 87424K,   0% used [0x00000000e0000000, 0x00000000e0000000, 0x00000000e5560000)
  from space 21824K,  66% used [0x00000000e6ab0000, 0x00000000e78d4b40, 0x00000000e8000000)
  to   space 21824K,   0% used [0x00000000e5560000, 0x00000000e5560000, 0x00000000e6ab0000)
 concurrent mark-sweep generation total 393216K, used 79473K [0x00000000e8000000, 0x0000000100000000, 0x0000000100000000)
 Metaspace       used 39766K, capacity 40888K, committed 41156K, reserved 1085440K
  class space    used 4617K, capacity 4890K, committed 4912K, reserved 1048576K
}
2018-03-21T05:57:20.569-0500: 777.460: Total time for which application threads were stopped: 0.0053080 seconds, Stopping threads took: 0.0000639 seconds
{Heap before GC invocations=245 (full 2):
 par new generation   total 109248K, used 101906K [0x00000000e0000000, 0x00000000e8000000, 0x00000000e8000000)
  eden space 87424K, 100% used [0x00000000e0000000, 0x00000000e5560000, 0x00000000e5560000)
  from space 21824K,  66% used [0x00000000e6ab0000, 0x00000000e78d4b40, 0x00000000e8000000)
  to   space 21824K,   0% used [0x00000000e5560000, 0x00000000e5560000, 0x00000000e6ab0000)
 concurrent mark-sweep generation total 393216K, used 79473K [0x00000000e8000000, 0x0000000100000000, 0x0000000100000000)
 Metaspace       used 39766K, capacity 40888K, committed 41156K, reserved 1085440K
  class space    used 4617K, capacity 4890K, committed 4912K, reserved 1048576K
2018-03-21T05:57:20.926-0500: 777.817: [GC (Allocation Failure) 2018-03-21T05:57:20.926-0500: 777.817: [ParNew
Desired survivor size 20112992 bytes, new threshold 8 (max 8)
- age   1:    3692312 bytes,    3692312 total
- age   2:    1071264 bytes,    4763576 total
- age   3:    1524320 bytes,    6287896 total
- age   4:    1267688 bytes,    7555584 total
- age   5:     655344 bytes,    8210928 total
- age   6:     638560 bytes,    8849488 total
- age   7:     445280 bytes,    9294768 total
- age   8:     599872 bytes,    9894640 total
: 101906K->11298K(109248K), 0.0077567 secs] 181379K->91409K(502464K), 0.0078525 secs] [Times: user=0.01 sys=0.00, real=0.01 secs] 
Heap after GC invocations=246 (full 2):
 par new generation   total 109248K, used 11298K [0x00000000e0000000, 0x00000000e8000000, 0x00000000e8000000)
  eden space 87424K,   0% used [0x00000000e0000000, 0x00000000e0000000, 0x00000000e5560000)
  from space 21824K,  51% used [0x00000000e5560000, 0x00000000e6068a30, 0x00000000e6ab0000)
  to   space 21824K,   0% used [0x00000000e6ab0000, 0x00000000e6ab0000, 0x00000000e8000000)
 concurrent mark-sweep generation total 393216K, used 80111K [0x00000000e8000000, 0x0000000100000000, 0x0000000100000000)
 Metaspace       used 39766K, capacity 40888K, committed 41156K, reserved 1085440K
  class space    used 4617K, capacity 4890K, committed 4912K, reserved 1048576K
}
2018-03-21T05:57:20.934-0500: 777.825: Total time for which application threads were stopped: 0.0081015 seconds, Stopping threads took: 0.0000565 seconds
2018-03-21T05:57:21.000-0500: 777.891: Total time for which application threads were stopped: 0.0001636 seconds, Stopping threads took: 0.0000626 seconds
2018-03-21T05:57:21.001-0500: 777.891: Total time for which application threads were stopped: 0.0000851 seconds, Stopping threads took: 0.0000292 seconds
2018-03-21T05:57:21.001-0500: 777.891: Total time for which application threads were stopped: 0.0000547 seconds, Stopping threads took: 0.0000107 seconds
2018-03-21T05:57:21.001-0500: 777.892: Total time for which application threads were stopped: 0.0002142 seconds, Stopping threads took: 0.0000220 seconds
2018-03-21T05:57:21.001-0500: 777.892: Total time for which application threads were stopped: 0.0000962 seconds, Stopping threads took: 0.0000316 seconds
2018-03-21T05:57:21.002-0500: 777.892: Total time for which application threads were stopped: 0.0000600 seconds, Stopping threads took: 0.0000120 seconds
2018-03-21T05:57:21.002-0500: 777.892: Total time for which application threads were stopped: 0.0000805 seconds, Stopping threads took: 0.0000334 seconds
2018-03-21T05:57:21.002-0500: 777.893: Total time for which application threads were stopped: 0.0000770 seconds, Stopping threads took: 0.0000292 seconds
2018-03-21T05:57:21.002-0500: 777.893: Total time for which application threads were stopped: 0.0002331 seconds, Stopping threads took: 0.0000332 seconds
{Heap before GC invocations=246 (full 2):
 par new generation   total 109248K, used 98722K [0x00000000e0000000, 0x00000000e8000000, 0x00000000e8000000)
  eden space 87424K, 100% used [0x00000000e0000000, 0x00000000e5560000, 0x00000000e5560000)
  from space 21824K,  51% used [0x00000000e5560000, 0x00000000e6068a30, 0x00000000e6ab0000)
  to   space 21824K,   0% used [0x00000000e6ab0000, 0x00000000e6ab0000, 0x00000000e8000000)
 concurrent mark-sweep generation total 393216K, used 80111K [0x00000000e8000000, 0x0000000100000000, 0x0000000100000000)
 Metaspace       used 39767K, capacity 40888K, committed 41156K, reserved 1085440K
  class space    used 4617K, capacity 4890K, committed 4912K, reserved 1048576K
2018-03-21T05:57:21.248-0500: 778.139: [GC (Allocation Failure) 2018-03-21T05:57:21.248-0500: 778.139: [ParNew
Desired survivor size 20112992 bytes, new threshold 8 (max 8)
- age   1:    3645984 bytes,    3645984 total
- age   2:     169584 bytes,    3815568 total
- age   5:     156208 bytes,    3971776 total
- age   6:     655344 bytes,    4627120 total
- age   7:     638560 bytes,    5265680 total
- age   8:     406608 bytes,    5672288 total
: 98722K->12411K(109248K), 0.0040049 secs] 178833K->93108K(502464K), 0.0041091 secs] [Times: user=0.02 sys=0.00, real=0.01 secs] 
Heap after GC invocations=247 (full 2):
 par new generation   total 109248K, used 12411K [0x00000000e0000000, 0x00000000e8000000, 0x00000000e8000000)
  eden space 87424K,   0% used [0x00000000e0000000, 0x00000000e0000000, 0x00000000e5560000)
  from space 21824K,  56% used [0x00000000e6ab0000, 0x00000000e76ced50, 0x00000000e8000000)
  to   space 21824K,   0% used [0x00000000e5560000, 0x00000000e5560000, 0x00000000e6ab0000)
 concurrent mark-sweep generation total 393216K, used 80697K [0x00000000e8000000, 0x0000000100000000, 0x0000000100000000)
 Metaspace       used 39767K, capacity 40888K, committed 41156K, reserved 1085440K
  class space    used 4617K, capacity 4890K, committed 4912K, reserved 1048576K
}
2018-03-21T05:57:21.253-0500: 778.143: Total time for which application threads were stopped: 0.0043477 seconds, Stopping threads took: 0.0000330 seconds
{Heap before GC invocations=247 (full 2):
 par new generation   total 109248K, used 99835K [0x00000000e0000000, 0x00000000e8000000, 0x00000000e8000000)
  eden space 87424K,  99% used [0x00000000e0000000, 0x00000000e555ffc0, 0x00000000e5560000)
  from space 21824K,  56% used [0x00000000e6ab0000, 0x00000000e76ced50, 0x00000000e8000000)
  to   space 21824K,   0% used [0x00000000e5560000, 0x00000000e5560000, 0x00000000e6ab0000)
 concurrent mark-sweep generation total 393216K, used 80697K [0x00000000e8000000, 0x0000000100000000, 0x0000000100000000)
 Metaspace       used 39767K, capacity 40888K, committed 41156K, reserved 1085440K
  class space    used 4617K, capacity 4890K, committed 4912K, reserved 1048576K
2018-03-21T05:57:21.563-0500: 778.453: [GC (Allocation Failure) 2018-03-21T05:57:21.563-0500: 778.453: [ParNew
Desired survivor size 20112992 bytes, new threshold 8 (max 8)
- age   1:    4733248 bytes,    4733248 total
- age   2:    2082768 bytes,    6816016 total
- age   3:     169560 bytes,    6985576 total
- age   6:     155296 bytes,    7140872 total
- age   7:     655344 bytes,    7796216 total
- age   8:     638560 bytes,    8434776 total
: 99835K->10098K(109248K), 0.0100240 secs] 180532K->91192K(502464K), 0.0101167 secs] [Times: user=0.03 sys=0.00, real=0.01 secs] 
Heap after GC invocations=248 (full 2):
 par new generation   total 109248K, used 10098K [0x00000000e0000000, 0x00000000e8000000, 0x00000000e8000000)
  eden space 87424K,   0% used [0x00000000e0000000, 0x00000000e0000000, 0x00000000e5560000)
  from space 21824K,  46% used [0x00000000e5560000, 0x00000000e5f3c970, 0x00000000e6ab0000)
  to   space 21824K,   0% used [0x00000000e6ab0000, 0x00000000e6ab0000, 0x00000000e8000000)
 concurrent mark-sweep generation total 393216K, used 81094K [0x00000000e8000000, 0x0000000100000000, 0x0000000100000000)
 Metaspace       used 39767K, capacity 40888K, committed 41156K, reserved 1085440K
  class space    used 4617K, capacity 4890K, committed 4912K, reserved 1048576K
}
2018-03-21T05:57:21.573-0500: 778.464: Total time for which application threads were stopped: 0.0103880 seconds, Stopping threads took: 0.0000685 seconds
2018-03-21T05:57:21.584-0500: 778.475: Total time for which application threads were stopped: 0.0001510 seconds, Stopping threads took: 0.0000409 seconds
2018-03-21T05:57:21.584-0500: 778.475: Total time for which application threads were stopped: 0.0000821 seconds, Stopping threads took: 0.0000323 seconds
{Heap before GC invocations=248 (full 2):
 par new generation   total 109248K, used 97522K [0x00000000e0000000, 0x00000000e8000000, 0x00000000e8000000)
  eden space 87424K, 100% used [0x00000000e0000000, 0x00000000e5560000, 0x00000000e5560000)
  from space 21824K,  46% used [0x00000000e5560000, 0x00000000e5f3c970, 0x00000000e6ab0000)
  to   space 21824K,   0% used [0x00000000e6ab0000, 0x00000000e6ab0000, 0x00000000e8000000)
 concurrent mark-sweep generation total 393216K, used 81094K [0x00000000e8000000, 0x0000000100000000, 0x0000000100000000)
 Metaspace       used 39767K, capacity 40888K, committed 41156K, reserved 1085440K
  class space    used 4617K, capacity 4890K, committed 4912K, reserved 1048576K
2018-03-21T05:57:21.910-0500: 778.801: [GC (Allocation Failure) 2018-03-21T05:57:21.910-0500: 778.801: [ParNew
Desired survivor size 20112992 bytes, new threshold 8 (max 8)
- age   1:    4118424 bytes,    4118424 total
- age   2:    2969568 bytes,    7087992 total
- age   3:    1262792 bytes,    8350784 total
- age   4:     169176 bytes,    8519960 total
- age   7:     154752 bytes,    8674712 total
- age   8:     655344 bytes,    9330056 total
: 97522K->12170K(109248K), 0.0050204 secs] 178616K->93888K(502464K), 0.0051275 secs] [Times: user=0.02 sys=0.00, real=0.00 secs] 
Heap after GC invocations=249 (full 2):
 par new generation   total 109248K, used 12170K [0x00000000e0000000, 0x00000000e8000000, 0x00000000e8000000)
  eden space 87424K,   0% used [0x00000000e0000000, 0x00000000e0000000, 0x00000000e5560000)
  from space 21824K,  55% used [0x00000000e6ab0000, 0x00000000e7692a60, 0x00000000e8000000)
  to   space 21824K,   0% used [0x00000000e5560000, 0x00000000e5560000, 0x00000000e6ab0000)
 concurrent mark-sweep generation total 393216K, used 81717K [0x00000000e8000000, 0x0000000100000000, 0x0000000100000000)
 Metaspace       used 39767K, capacity 40888K, committed 41156K, reserved 1085440K
  class space    used 4617K, capacity 4890K, committed 4912K, reserved 1048576K
}
2018-03-21T05:57:21.916-0500: 778.806: Total time for which application threads were stopped: 0.0053836 seconds, Stopping threads took: 0.0000510 seconds
{Heap before GC invocations=249 (full 2):
 par new generation   total 109248K, used 99594K [0x00000000e0000000, 0x00000000e8000000, 0x00000000e8000000)
  eden space 87424K, 100% used [0x00000000e0000000, 0x00000000e5560000, 0x00000000e5560000)
  from space 21824K,  55% used [0x00000000e6ab0000, 0x00000000e7692a60, 0x00000000e8000000)
  to   space 21824K,   0% used [0x00000000e5560000, 0x00000000e5560000, 0x00000000e6ab0000)
 concurrent mark-sweep generation total 393216K, used 81717K [0x00000000e8000000, 0x0000000100000000, 0x0000000100000000)
 Metaspace       used 39780K, capacity 40888K, committed 41156K, reserved 1085440K
  class space    used 4617K, capacity 4890K, committed 4912K, reserved 1048576K
2018-03-21T05:57:22.223-0500: 779.114: [GC (Allocation Failure) 2018-03-21T05:57:22.223-0500: 779.114: [ParNew
Desired survivor size 20112992 bytes, new threshold 8 (max 8)
- age   1:    3896408 bytes,    3896408 total
- age   2:    1348760 bytes,    5245168 total
- age   3:    1750144 bytes,    6995312 total
- age   4:     833960 bytes,    7829272 total
- age   5:     151848 bytes,    7981120 total
- age   8:     154720 bytes,    8135840 total
: 99594K->10310K(109248K), 0.0046055 secs] 181312K->92668K(502464K), 0.0046911 secs] [Times: user=0.02 sys=0.00, real=0.00 secs] 
Heap after GC invocations=250 (full 2):
 par new generation   total 109248K, used 10310K [0x00000000e0000000, 0x00000000e8000000, 0x00000000e8000000)
  eden space 87424K,   0% used [0x00000000e0000000, 0x00000000e0000000, 0x00000000e5560000)
  from space 21824K,  47% used [0x00000000e5560000, 0x00000000e5f71b80, 0x00000000e6ab0000)
  to   space 21824K,   0% used [0x00000000e6ab0000, 0x00000000e6ab0000, 0x00000000e8000000)
 concurrent mark-sweep generation total 393216K, used 82357K [0x00000000e8000000, 0x0000000100000000, 0x0000000100000000)
 Metaspace       used 39780K, capacity 40888K, committed 41156K, reserved 1085440K
  class space    used 4617K, capacity 4890K, committed 4912K, reserved 1048576K
}
2018-03-21T05:57:22.228-0500: 779.119: Total time for which application threads were stopped: 0.0048806 seconds, Stopping threads took: 0.0000227 seconds
{Heap before GC invocations=250 (full 2):
 par new generation   total 109248K, used 97734K [0x00000000e0000000, 0x00000000e8000000, 0x00000000e8000000)
  eden space 87424K, 100% used [0x00000000e0000000, 0x00000000e5560000, 0x00000000e5560000)
  from space 21824K,  47% used [0x00000000e5560000, 0x00000000e5f71b80, 0x00000000e6ab0000)
  to   space 21824K,   0% used [0x00000000e6ab0000, 0x00000000e6ab0000, 0x00000000e8000000)
 concurrent mark-sweep generation total 393216K, used 82357K [0x00000000e8000000, 0x0000000100000000, 0x0000000100000000)
 Metaspace       used 39780K, capacity 40888K, committed 41156K, reserved 1085440K
  class space    used 4617K, capacity 4890K, committed 4912K, reserved 1048576K
2018-03-21T05:57:22.631-0500: 779.522: [GC (Allocation Failure) 2018-03-21T05:57:22.631-0500: 779.522: [ParNew
Desired survivor size 20112992 bytes, new threshold 8 (max 8)
- age   1:    3857016 bytes,    3857016 total
- age   2:    3280008 bytes,    7137024 total
- age   3:    1348704 bytes,    8485728 total
- age   4:    1750144 bytes,   10235872 total
- age   5:     833048 bytes,   11068920 total
- age   6:     151848 bytes,   11220768 total
: 97734K->11737K(109248K), 0.0095022 secs] 180092K->94247K(502464K), 0.0096072 secs] [Times: user=0.02 sys=0.00, real=0.01 secs] 
Heap after GC invocations=251 (full 2):
 par new generation   total 109248K, used 11737K [0x00000000e0000000, 0x00000000e8000000, 0x00000000e8000000)
  eden space 87424K,   0% used [0x00000000e0000000, 0x00000000e0000000, 0x00000000e5560000)
  from space 21824K,  53% used [0x00000000e6ab0000, 0x00000000e7626718, 0x00000000e8000000)
  to   space 21824K,   0% used [0x00000000e5560000, 0x00000000e5560000, 0x00000000e6ab0000)
 concurrent mark-sweep generation total 393216K, used 82509K [0x00000000e8000000, 0x0000000100000000, 0x0000000100000000)
 Metaspace       used 39780K, capacity 40888K, committed 41156K, reserved 1085440K
  class space    used 4617K, capacity 4890K, committed 4912K, reserved 1048576K
}
2018-03-21T05:57:22.641-0500: 779.531: Total time for which application threads were stopped: 0.0098221 seconds, Stopping threads took: 0.0000279 seconds
{Heap before GC invocations=251 (full 2):
 par new generation   total 109248K, used 99161K [0x00000000e0000000, 0x00000000e8000000, 0x00000000e8000000)
  eden space 87424K, 100% used [0x00000000e0000000, 0x00000000e5560000, 0x00000000e5560000)
  from space 21824K,  53% used [0x00000000e6ab0000, 0x00000000e7626718, 0x00000000e8000000)
  to   space 21824K,   0% used [0x00000000e5560000, 0x00000000e5560000, 0x00000000e6ab0000)
 concurrent mark-sweep generation total 393216K, used 82509K [0x00000000e8000000, 0x0000000100000000, 0x0000000100000000)
 Metaspace       used 39780K, capacity 40888K, committed 41156K, reserved 1085440K
  class space    used 4617K, capacity 4890K, committed 4912K, reserved 1048576K
2018-03-21T05:57:22.986-0500: 779.877: [GC (Allocation Failure) 2018-03-21T05:57:22.986-0500: 779.877: [ParNew
Desired survivor size 20112992 bytes, new threshold 8 (max 8)
- age   1:    3935048 bytes,    3935048 total
- age   2:    2405360 bytes,    6340408 total
- age   3:    2778816 bytes,    9119224 total
- age   4:     765632 bytes,    9884856 total
- age   5:    1750144 bytes,   11635000 total
- age   6:     833048 bytes,   12468048 total
- age   7:     151848 bytes,   12619896 total
: 99161K->16249K(109248K), 0.0055183 secs] 181671K->98759K(502464K), 0.0055910 secs] [Times: user=0.02 sys=0.00, real=0.01 secs] 
Heap after GC invocations=252 (full 2):
 par new generation   total 109248K, used 16249K [0x00000000e0000000, 0x00000000e8000000, 0x00000000e8000000)
  eden space 87424K,   0% used [0x00000000e0000000, 0x00000000e0000000, 0x00000000e5560000)
  from space 21824K,  74% used [0x00000000e5560000, 0x00000000e653e5d8, 0x00000000e6ab0000)
  to   space 21824K,   0% used [0x00000000e6ab0000, 0x00000000e6ab0000, 0x00000000e8000000)
 concurrent mark-sweep generation total 393216K, used 82509K [0x00000000e8000000, 0x0000000100000000, 0x0000000100000000)
 Metaspace       used 39780K, capacity 40888K, committed 41156K, reserved 1085440K
  class space    used 4617K, capacity 4890K, committed 4912K, reserved 1048576K
}
2018-03-21T05:57:22.992-0500: 779.882: Total time for which application threads were stopped: 0.0057985 seconds, Stopping threads took: 0.0000414 seconds
{Heap before GC invocations=252 (full 2):
 par new generation   total 109248K, used 103673K [0x00000000e0000000, 0x00000000e8000000, 0x00000000e8000000)
  eden space 87424K, 100% used [0x00000000e0000000, 0x00000000e5560000, 0x00000000e5560000)
  from space 21824K,  74% used [0x00000000e5560000, 0x00000000e653e5d8, 0x00000000e6ab0000)
  to   space 21824K,   0% used [0x00000000e6ab0000, 0x00000000e6ab0000, 0x00000000e8000000)
 concurrent mark-sweep generation total 393216K, used 82509K [0x00000000e8000000, 0x0000000100000000, 0x0000000100000000)
 Metaspace       used 39782K, capacity 40888K, committed 41156K, reserved 1085440K
  class space    used 4617K, capacity 4890K, committed 4912K, reserved 1048576K
2018-03-21T05:57:23.304-0500: 780.195: [GC (Allocation Failure) 2018-03-21T05:57:23.304-0500: 780.195: [ParNew
Desired survivor size 20112992 bytes, new threshold 8 (max 8)
- age   1:    3120832 bytes,    3120832 total
- age   2:    1575104 bytes,    4695936 total
- age   3:     621920 bytes,    5317856 total
- age   4:    1481568 bytes,    6799424 total
- age   5:     646864 bytes,    7446288 total
- age   6:    1750144 bytes,    9196432 total
- age   7:     832200 bytes,   10028632 total
- age   8:     151848 bytes,   10180480 total
: 103673K->13885K(109248K), 0.0069379 secs] 186183K->96395K(502464K), 0.0070333 secs] [Times: user=0.02 sys=0.00, real=0.01 secs] 
Heap after GC invocations=253 (full 2):
 par new generation   total 109248K, used 13885K [0x00000000e0000000, 0x00000000e8000000, 0x00000000e8000000)
  eden space 87424K,   0% used [0x00000000e0000000, 0x00000000e0000000, 0x00000000e5560000)
  from space 21824K,  63% used [0x00000000e6ab0000, 0x00000000e783f740, 0x00000000e8000000)
  to   space 21824K,   0% used [0x00000000e5560000, 0x00000000e5560000, 0x00000000e6ab0000)
 concurrent mark-sweep generation total 393216K, used 82509K [0x00000000e8000000, 0x0000000100000000, 0x0000000100000000)
 Metaspace       used 39782K, capacity 40888K, committed 41156K, reserved 1085440K
  class space    used 4617K, capacity 4890K, committed 4912K, reserved 1048576K
}
2018-03-21T05:57:23.311-0500: 780.202: Total time for which application threads were stopped: 0.0072202 seconds, Stopping threads took: 0.0000210 seconds
{Heap before GC invocations=253 (full 2):
 par new generation   total 109248K, used 101309K [0x00000000e0000000, 0x00000000e8000000, 0x00000000e8000000)
  eden space 87424K, 100% used [0x00000000e0000000, 0x00000000e5560000, 0x00000000e5560000)
  from space 21824K,  63% used [0x00000000e6ab0000, 0x00000000e783f740, 0x00000000e8000000)
  to   space 21824K,   0% used [0x00000000e5560000, 0x00000000e5560000, 0x00000000e6ab0000)
 concurrent mark-sweep generation total 393216K, used 82509K [0x00000000e8000000, 0x0000000100000000, 0x0000000100000000)
 Metaspace       used 39782K, capacity 40888K, committed 41156K, reserved 1085440K
  class space    used 4617K, capacity 4890K, committed 4912K, reserved 1048576K
2018-03-21T05:57:23.704-0500: 780.595: [GC (Allocation Failure) 2018-03-21T05:57:23.705-0500: 780.595: [ParNew
Desired survivor size 20112992 bytes, new threshold 8 (max 8)
- age   1:    4016816 bytes,    4016816 total
- age   2:    2452520 bytes,    6469336 total
- age   3:    1575048 bytes,    8044384 total
- age   4:     621920 bytes,    8666304 total
- age   5:    1480656 bytes,   10146960 total
- age   6:     646864 bytes,   10793824 total
- age   7:    1750144 bytes,   12543968 total
- age   8:     832200 bytes,   13376168 total
: 101309K->15025K(109248K), 0.0148906 secs] 183819K->97683K(502464K), 0.0149891 secs] [Times: user=0.04 sys=0.00, real=0.02 secs] 
Heap after GC invocations=254 (full 2):
 par new generation   total 109248K, used 15025K [0x00000000e0000000, 0x00000000e8000000, 0x00000000e8000000)
  eden space 87424K,   0% used [0x00000000e0000000, 0x00000000e0000000, 0x00000000e5560000)
  from space 21824K,  68% used [0x00000000e5560000, 0x00000000e640c750, 0x00000000e6ab0000)
  to   space 21824K,   0% used [0x00000000e6ab0000, 0x00000000e6ab0000, 0x00000000e8000000)
 concurrent mark-sweep generation total 393216K, used 82658K [0x00000000e8000000, 0x0000000100000000, 0x0000000100000000)
 Metaspace       used 39782K, capacity 40888K, committed 41156K, reserved 1085440K
  class space    used 4617K, capacity 4890K, committed 4912K, reserved 1048576K
}
2018-03-21T05:57:23.720-0500: 780.610: Total time for which application threads were stopped: 0.0152255 seconds, Stopping threads took: 0.0000253 seconds
2018-03-21T05:57:23.791-0500: 780.682: Total time for which application threads were stopped: 0.0002194 seconds, Stopping threads took: 0.0000606 seconds
2018-03-21T05:57:23.791-0500: 780.682: Total time for which application threads were stopped: 0.0001320 seconds, Stopping threads took: 0.0000444 seconds
2018-03-21T05:57:23.796-0500: 780.687: Total time for which application threads were stopped: 0.0002128 seconds, Stopping threads took: 0.0000663 seconds
2018-03-21T05:57:23.796-0500: 780.687: Total time for which application threads were stopped: 0.0001245 seconds, Stopping threads took: 0.0000163 seconds
2018-03-21T05:57:23.812-0500: 780.703: Total time for which application threads were stopped: 0.0001694 seconds, Stopping threads took: 0.0000480 seconds
2018-03-21T05:57:23.813-0500: 780.703: Total time for which application threads were stopped: 0.0001397 seconds, Stopping threads took: 0.0000538 seconds
2018-03-21T05:57:23.818-0500: 780.708: Total time for which application threads were stopped: 0.0001705 seconds, Stopping threads took: 0.0000624 seconds
2018-03-21T05:57:23.818-0500: 780.708: Total time for which application threads were stopped: 0.0000854 seconds, Stopping threads took: 0.0000178 seconds
{Heap before GC invocations=254 (full 2):
 par new generation   total 109248K, used 102449K [0x00000000e0000000, 0x00000000e8000000, 0x00000000e8000000)
  eden space 87424K, 100% used [0x00000000e0000000, 0x00000000e5560000, 0x00000000e5560000)
  from space 21824K,  68% used [0x00000000e5560000, 0x00000000e640c750, 0x00000000e6ab0000)
  to   space 21824K,   0% used [0x00000000e6ab0000, 0x00000000e6ab0000, 0x00000000e8000000)
 concurrent mark-sweep generation total 393216K, used 82658K [0x00000000e8000000, 0x0000000100000000, 0x0000000100000000)
 Metaspace       used 39795K, capacity 40888K, committed 41156K, reserved 1085440K
  class space    used 4617K, capacity 4890K, committed 4912K, reserved 1048576K
2018-03-21T05:57:24.086-0500: 780.976: [GC (Allocation Failure) 2018-03-21T05:57:24.086-0500: 780.976: [ParNew
Desired survivor size 20112992 bytes, new threshold 8 (max 8)
- age   1:    2356232 bytes,    2356232 total
- age   2:     666640 bytes,    3022872 total
- age   3:     559320 bytes,    3582192 total
- age   4:     544728 bytes,    4126920 total
- age   5:     621920 bytes,    4748840 total
- age   6:    1479744 bytes,    6228584 total
- age   7:     646864 bytes,    6875448 total
- age   8:    1750120 bytes,    8625568 total
: 102449K->13953K(109248K), 0.0045555 secs] 185107K->97425K(502464K), 0.0046612 secs] [Times: user=0.02 sys=0.00, real=0.01 secs] 
Heap after GC invocations=255 (full 2):
 par new generation   total 109248K, used 13953K [0x00000000e0000000, 0x00000000e8000000, 0x00000000e8000000)
  eden space 87424K,   0% used [0x00000000e0000000, 0x00000000e0000000, 0x00000000e5560000)
  from space 21824K,  63% used [0x00000000e6ab0000, 0x00000000e7850700, 0x00000000e8000000)
  to   space 21824K,   0% used [0x00000000e5560000, 0x00000000e5560000, 0x00000000e6ab0000)
 concurrent mark-sweep generation total 393216K, used 83471K [0x00000000e8000000, 0x0000000100000000, 0x0000000100000000)
 Metaspace       used 39795K, capacity 40888K, committed 41156K, reserved 1085440K
  class space    used 4617K, capacity 4890K, committed 4912K, reserved 1048576K
}
2018-03-21T05:57:24.090-0500: 780.981: Total time for which application threads were stopped: 0.0048856 seconds, Stopping threads took: 0.0000291 seconds
{Heap before GC invocations=255 (full 2):
 par new generation   total 109248K, used 101377K [0x00000000e0000000, 0x00000000e8000000, 0x00000000e8000000)
  eden space 87424K, 100% used [0x00000000e0000000, 0x00000000e5560000, 0x00000000e5560000)
  from space 21824K,  63% used [0x00000000e6ab0000, 0x00000000e7850700, 0x00000000e8000000)
  to   space 21824K,   0% used [0x00000000e5560000, 0x00000000e5560000, 0x00000000e6ab0000)
 concurrent mark-sweep generation total 393216K, used 83471K [0x00000000e8000000, 0x0000000100000000, 0x0000000100000000)
 Metaspace       used 39795K, capacity 40888K, committed 41156K, reserved 1085440K
  class space    used 4617K, capacity 4890K, committed 4912K, reserved 1048576K
2018-03-21T05:57:24.947-0500: 781.837: [GC (Allocation Failure) 2018-03-21T05:57:24.947-0500: 781.837: [ParNew
Desired survivor size 20112992 bytes, new threshold 8 (max 8)
- age   1:    3522992 bytes,    3522992 total
- age   2:    1202720 bytes,    4725712 total
- age   3:     666640 bytes,    5392352 total
- age   4:     558408 bytes,    5950760 total
- age   5:     544728 bytes,    6495488 total
- age   6:     621920 bytes,    7117408 total
- age   7:    1479744 bytes,    8597152 total
- age   8:     646864 bytes,    9244016 total
: 101377K->11145K(109248K), 0.0054919 secs] 184849K->96326K(502464K), 0.0055986 secs] [Times: user=0.02 sys=0.00, real=0.01 secs] 
Heap after GC invocations=256 (full 2):
 par new generation   total 109248K, used 11145K [0x00000000e0000000, 0x00000000e8000000, 0x00000000e8000000)
  eden space 87424K,   0% used [0x00000000e0000000, 0x00000000e0000000, 0x00000000e5560000)
  from space 21824K,  51% used [0x00000000e5560000, 0x00000000e6042568, 0x00000000e6ab0000)
  to   space 21824K,   0% used [0x00000000e6ab0000, 0x00000000e6ab0000, 0x00000000e8000000)
 concurrent mark-sweep generation total 393216K, used 85181K [0x00000000e8000000, 0x0000000100000000, 0x0000000100000000)
 Metaspace       used 39795K, capacity 40888K, committed 41156K, reserved 1085440K
  class space    used 4617K, capacity 4890K, committed 4912K, reserved 1048576K
}
2018-03-21T05:57:24.953-0500: 781.843: Total time for which application threads were stopped: 0.0057916 seconds, Stopping threads took: 0.0000247 seconds
2018-03-21T05:57:25.953-0500: 782.843: Total time for which application threads were stopped: 0.0002515 seconds, Stopping threads took: 0.0000554 seconds
2018-03-21T05:57:30.137-0500: 787.028: Total time for which application threads were stopped: 0.0003286 seconds, Stopping threads took: 0.0001184 seconds
2018-03-21T05:57:36.139-0500: 793.030: Total time for which application threads were stopped: 0.0001322 seconds, Stopping threads took: 0.0000354 seconds
2018-03-21T05:57:36.139-0500: 793.030: Total time for which application threads were stopped: 0.0000700 seconds, Stopping threads took: 0.0000203 seconds
2018-03-21T05:57:36.139-0500: 793.030: Total time for which application threads were stopped: 0.0000697 seconds, Stopping threads took: 0.0000201 seconds
2018-03-21T05:58:23.818-0500: 840.709: Total time for which application threads were stopped: 0.0001499 seconds, Stopping threads took: 0.0000536 seconds
2018-03-21T05:58:57.102-0500: 873.992: Total time for which application threads were stopped: 0.0001919 seconds, Stopping threads took: 0.0000666 seconds
2018-03-21T05:58:57.102-0500: 873.993: Total time for which application threads were stopped: 0.0002485 seconds, Stopping threads took: 0.0001604 seconds
2018-03-21T05:58:57.106-0500: 873.997: Total time for which application threads were stopped: 0.0001513 seconds, Stopping threads took: 0.0000443 seconds
2018-03-21T05:58:57.106-0500: 873.997: Total time for which application threads were stopped: 0.0000800 seconds, Stopping threads took: 0.0000255 seconds
2018-03-21T05:58:57.167-0500: 874.058: Total time for which application threads were stopped: 0.0002035 seconds, Stopping threads took: 0.0000630 seconds
2018-03-21T05:58:57.168-0500: 874.058: Total time for which application threads were stopped: 0.0000992 seconds, Stopping threads took: 0.0000126 seconds
2018-03-21T05:58:57.172-0500: 874.063: Total time for which application threads were stopped: 0.0002012 seconds, Stopping threads took: 0.0000645 seconds
2018-03-21T05:58:57.172-0500: 874.063: Total time for which application threads were stopped: 0.0001862 seconds, Stopping threads took: 0.0000235 seconds
2018-03-21T05:58:59.820-0500: 876.710: Total time for which application threads were stopped: 0.0001526 seconds, Stopping threads took: 0.0000292 seconds
2018-03-21T05:58:59.820-0500: 876.711: Total time for which application threads were stopped: 0.0000927 seconds, Stopping threads took: 0.0000171 seconds
2018-03-21T05:58:59.823-0500: 876.713: Total time for which application threads were stopped: 0.0010540 seconds, Stopping threads took: 0.0008894 seconds
2018-03-21T05:58:59.823-0500: 876.714: Total time for which application threads were stopped: 0.0001192 seconds, Stopping threads took: 0.0000186 seconds
2018-03-21T05:59:02.559-0500: 879.449: Total time for which application threads were stopped: 0.0001445 seconds, Stopping threads took: 0.0000411 seconds
2018-03-21T05:59:02.564-0500: 879.454: Total time for which application threads were stopped: 0.0001440 seconds, Stopping threads took: 0.0000458 seconds
2018-03-21T05:59:02.622-0500: 879.513: Total time for which application threads were stopped: 0.0001464 seconds, Stopping threads took: 0.0000274 seconds
2018-03-21T05:59:02.623-0500: 879.513: Total time for which application threads were stopped: 0.0000946 seconds, Stopping threads took: 0.0000168 seconds
2018-03-21T05:59:02.626-0500: 879.516: Total time for which application threads were stopped: 0.0001743 seconds, Stopping threads took: 0.0000477 seconds
2018-03-21T05:59:02.626-0500: 879.516: Total time for which application threads were stopped: 0.0001482 seconds, Stopping threads took: 0.0000455 seconds
2018-03-21T05:59:02.689-0500: 879.579: Total time for which application threads were stopped: 0.0001484 seconds, Stopping threads took: 0.0000297 seconds
2018-03-21T05:59:02.689-0500: 879.579: Total time for which application threads were stopped: 0.0000789 seconds, Stopping threads took: 0.0000106 seconds
2018-03-21T05:59:02.693-0500: 879.583: Total time for which application threads were stopped: 0.0001830 seconds, Stopping threads took: 0.0000587 seconds
2018-03-21T05:59:02.693-0500: 879.584: Total time for which application threads were stopped: 0.0001210 seconds, Stopping threads took: 0.0000400 seconds
2018-03-21T05:59:17.695-0500: 894.586: Total time for which application threads were stopped: 0.0002576 seconds, Stopping threads took: 0.0000566 seconds
2018-03-21T05:59:25.938-0500: 902.828: Total time for which application threads were stopped: 0.0001408 seconds, Stopping threads took: 0.0000265 seconds
2018-03-21T05:59:25.938-0500: 902.828: Total time for which application threads were stopped: 0.0000865 seconds, Stopping threads took: 0.0000148 seconds
2018-03-21T05:59:25.942-0500: 902.833: Total time for which application threads were stopped: 0.0001496 seconds, Stopping threads took: 0.0000322 seconds
2018-03-21T05:59:25.942-0500: 902.833: Total time for which application threads were stopped: 0.0000797 seconds, Stopping threads took: 0.0000147 seconds
2018-03-21T05:59:25.961-0500: 902.851: Total time for which application threads were stopped: 0.0001843 seconds, Stopping threads took: 0.0000558 seconds
2018-03-21T05:59:25.961-0500: 902.851: Total time for which application threads were stopped: 0.0000868 seconds, Stopping threads took: 0.0000116 seconds
2018-03-21T05:59:25.970-0500: 902.860: Total time for which application threads were stopped: 0.0012993 seconds, Stopping threads took: 0.0011968 seconds
2018-03-21T05:59:25.970-0500: 902.861: Total time for which application threads were stopped: 0.0001170 seconds, Stopping threads took: 0.0000446 seconds
2018-03-21T05:59:37.984-0500: 914.875: Total time for which application threads were stopped: 0.0001616 seconds, Stopping threads took: 0.0000283 seconds
2018-03-21T05:59:37.984-0500: 914.875: Total time for which application threads were stopped: 0.0001874 seconds, Stopping threads took: 0.0000219 seconds
2018-03-21T05:59:37.987-0500: 914.878: Total time for which application threads were stopped: 0.0002094 seconds, Stopping threads took: 0.0000813 seconds
2018-03-21T05:59:37.988-0500: 914.878: Total time for which application threads were stopped: 0.0001226 seconds, Stopping threads took: 0.0000458 seconds
2018-03-21T05:59:38.019-0500: 914.909: Total time for which application threads were stopped: 0.0001512 seconds, Stopping threads took: 0.0000319 seconds
2018-03-21T05:59:38.019-0500: 914.909: Total time for which application threads were stopped: 0.0001413 seconds, Stopping threads took: 0.0000772 seconds
2018-03-21T05:59:38.025-0500: 914.915: Total time for which application threads were stopped: 0.0001735 seconds, Stopping threads took: 0.0000486 seconds
2018-03-21T05:59:38.025-0500: 914.916: Total time for which application threads were stopped: 0.0001297 seconds, Stopping threads took: 0.0000451 seconds
{Heap before GC invocations=256 (full 2):
 par new generation   total 109248K, used 98557K [0x00000000e0000000, 0x00000000e8000000, 0x00000000e8000000)
  eden space 87424K,  99% used [0x00000000e0000000, 0x00000000e555cef0, 0x00000000e5560000)
  from space 21824K,  51% used [0x00000000e5560000, 0x00000000e6042568, 0x00000000e6ab0000)
  to   space 21824K,   0% used [0x00000000e6ab0000, 0x00000000e6ab0000, 0x00000000e8000000)
 concurrent mark-sweep generation total 393216K, used 85181K [0x00000000e8000000, 0x0000000100000000, 0x0000000100000000)
 Metaspace       used 39900K, capacity 41028K, committed 41156K, reserved 1085440K
  class space    used 4618K, capacity 4892K, committed 4912K, reserved 1048576K
2018-03-21T05:59:38.183-0500: 915.073: [GC (Allocation Failure) 2018-03-21T05:59:38.183-0500: 915.073: [ParNew
Desired survivor size 20112992 bytes, new threshold 8 (max 8)
- age   1:    2251360 bytes,    2251360 total
- age   2:    1379920 bytes,    3631280 total
- age   3:     483584 bytes,    4114864 total
- age   4:     666640 bytes,    4781504 total
- age   5:     541960 bytes,    5323464 total
- age   6:     543392 bytes,    5866856 total
- age   7:     621920 bytes,    6488776 total
- age   8:    1460224 bytes,    7949000 total
: 98557K->13822K(109248K), 0.0046363 secs] 183738K->99622K(502464K), 0.0047087 secs] [Times: user=0.01 sys=0.00, real=0.00 secs] 
Heap after GC invocations=257 (full 2):
 par new generation   total 109248K, used 13822K [0x00000000e0000000, 0x00000000e8000000, 0x00000000e8000000)
  eden space 87424K,   0% used [0x00000000e0000000, 0x00000000e0000000, 0x00000000e5560000)
  from space 21824K,  63% used [0x00000000e6ab0000, 0x00000000e782fad0, 0x00000000e8000000)
  to   space 21824K,   0% used [0x00000000e5560000, 0x00000000e5560000, 0x00000000e6ab0000)
 concurrent mark-sweep generation total 393216K, used 85799K [0x00000000e8000000, 0x0000000100000000, 0x0000000100000000)
 Metaspace       used 39900K, capacity 41028K, committed 41156K, reserved 1085440K
  class space    used 4618K, capacity 4892K, committed 4912K, reserved 1048576K
}
2018-03-21T05:59:38.188-0500: 915.078: Total time for which application threads were stopped: 0.0050563 seconds, Stopping threads took: 0.0000283 seconds
2018-03-21T05:59:38.188-0500: 915.079: Total time for which application threads were stopped: 0.0001705 seconds, Stopping threads took: 0.0000571 seconds
{Heap before GC invocations=257 (full 2):
 par new generation   total 109248K, used 101246K [0x00000000e0000000, 0x00000000e8000000, 0x00000000e8000000)
  eden space 87424K, 100% used [0x00000000e0000000, 0x00000000e5560000, 0x00000000e5560000)
  from space 21824K,  63% used [0x00000000e6ab0000, 0x00000000e782fad0, 0x00000000e8000000)
  to   space 21824K,   0% used [0x00000000e5560000, 0x00000000e5560000, 0x00000000e6ab0000)
 concurrent mark-sweep generation total 393216K, used 85799K [0x00000000e8000000, 0x0000000100000000, 0x0000000100000000)
 Metaspace       used 39906K, capacity 41034K, committed 41156K, reserved 1085440K
  class space    used 4619K, capacity 4893K, committed 4912K, reserved 1048576K
2018-03-21T05:59:38.281-0500: 915.171: [GC (Allocation Failure) 2018-03-21T05:59:38.281-0500: 915.171: [ParNew
Desired survivor size 20112992 bytes, new threshold 8 (max 8)
- age   1:      90568 bytes,      90568 total
- age   2:    1964656 bytes,    2055224 total
- age   3:    1379920 bytes,    3435144 total
- age   4:     482672 bytes,    3917816 total
- age   5:     666640 bytes,    4584456 total
- age   6:     541960 bytes,    5126416 total
- age   7:     543392 bytes,    5669808 total
- age   8:     621920 bytes,    6291728 total
: 101246K->7830K(109248K), 0.0204766 secs] 187046K->95056K(502464K), 0.0205779 secs] [Times: user=0.08 sys=0.00, real=0.02 secs] 
Heap after GC invocations=258 (full 2):
 par new generation   total 109248K, used 7830K [0x00000000e0000000, 0x00000000e8000000, 0x00000000e8000000)
  eden space 87424K,   0% used [0x00000000e0000000, 0x00000000e0000000, 0x00000000e5560000)
  from space 21824K,  35% used [0x00000000e5560000, 0x00000000e5d05a80, 0x00000000e6ab0000)
  to   space 21824K,   0% used [0x00000000e6ab0000, 0x00000000e6ab0000, 0x00000000e8000000)
 concurrent mark-sweep generation total 393216K, used 87225K [0x00000000e8000000, 0x0000000100000000, 0x0000000100000000)
 Metaspace       used 39906K, capacity 41034K, committed 41156K, reserved 1085440K
  class space    used 4619K, capacity 4893K, committed 4912K, reserved 1048576K
}
2018-03-21T05:59:38.301-0500: 915.192: Total time for which application threads were stopped: 0.0207834 seconds, Stopping threads took: 0.0000298 seconds
2018-03-21T05:59:38.349-0500: 915.239: Total time for which application threads were stopped: 0.0002234 seconds, Stopping threads took: 0.0000616 seconds
2018-03-21T05:59:38.384-0500: 915.275: Total time for which application threads were stopped: 0.0003433 seconds, Stopping threads took: 0.0000456 seconds
2018-03-21T05:59:38.386-0500: 915.276: Total time for which application threads were stopped: 0.0001289 seconds, Stopping threads took: 0.0000283 seconds
2018-03-21T05:59:38.389-0500: 915.280: Total time for which application threads were stopped: 0.0002461 seconds, Stopping threads took: 0.0000529 seconds
2018-03-21T05:59:39.390-0500: 916.280: Total time for which application threads were stopped: 0.0002415 seconds, Stopping threads took: 0.0000547 seconds
2018-03-21T05:59:41.970-0500: 918.860: Total time for which application threads were stopped: 0.0001667 seconds, Stopping threads took: 0.0000272 seconds
2018-03-21T05:59:41.970-0500: 918.861: Total time for which application threads were stopped: 0.0000915 seconds, Stopping threads took: 0.0000117 seconds
2018-03-21T05:59:41.978-0500: 918.869: Total time for which application threads were stopped: 0.0003536 seconds, Stopping threads took: 0.0000597 seconds
2018-03-21T05:59:41.985-0500: 918.876: Total time for which application threads were stopped: 0.0071605 seconds, Stopping threads took: 0.0068112 seconds
2018-03-21T05:59:41.991-0500: 918.882: Total time for which application threads were stopped: 0.0002924 seconds, Stopping threads took: 0.0000261 seconds
2018-03-21T05:59:41.993-0500: 918.883: Total time for which application threads were stopped: 0.0001429 seconds, Stopping threads took: 0.0000229 seconds
2018-03-21T05:59:41.993-0500: 918.884: Total time for which application threads were stopped: 0.0000825 seconds, Stopping threads took: 0.0000113 seconds
2018-03-21T05:59:41.998-0500: 918.889: Total time for which application threads were stopped: 0.0002720 seconds, Stopping threads took: 0.0000546 seconds
2018-03-21T05:59:42.000-0500: 918.890: Total time for which application threads were stopped: 0.0002218 seconds, Stopping threads took: 0.0001225 seconds
2018-03-21T05:59:43.002-0500: 919.893: Total time for which application threads were stopped: 0.0003397 seconds, Stopping threads took: 0.0001272 seconds
2018-03-21T05:59:43.182-0500: 920.073: Total time for which application threads were stopped: 0.0001240 seconds, Stopping threads took: 0.0000245 seconds
2018-03-21T05:59:43.185-0500: 920.076: Total time for which application threads were stopped: 0.0010420 seconds, Stopping threads took: 0.0008962 seconds
2018-03-21T05:59:43.187-0500: 920.077: Total time for which application threads were stopped: 0.0001737 seconds, Stopping threads took: 0.0000251 seconds
2018-03-21T05:59:43.188-0500: 920.079: Total time for which application threads were stopped: 0.0001806 seconds, Stopping threads took: 0.0000296 seconds
2018-03-21T05:59:43.189-0500: 920.079: Total time for which application threads were stopped: 0.0001342 seconds, Stopping threads took: 0.0000334 seconds
2018-03-21T05:59:43.189-0500: 920.079: Total time for which application threads were stopped: 0.0001060 seconds, Stopping threads took: 0.0000183 seconds
2018-03-21T05:59:43.193-0500: 920.084: Total time for which application threads were stopped: 0.0001290 seconds, Stopping threads took: 0.0000231 seconds
2018-03-21T05:59:43.198-0500: 920.089: Total time for which application threads were stopped: 0.0001695 seconds, Stopping threads took: 0.0000655 seconds
2018-03-21T05:59:43.201-0500: 920.091: Total time for which application threads were stopped: 0.0001456 seconds, Stopping threads took: 0.0000268 seconds
2018-03-21T05:59:43.201-0500: 920.091: Total time for which application threads were stopped: 0.0000970 seconds, Stopping threads took: 0.0000164 seconds
2018-03-21T05:59:43.203-0500: 920.094: Total time for which application threads were stopped: 0.0002031 seconds, Stopping threads took: 0.0000630 seconds
2018-03-21T05:59:43.203-0500: 920.094: Total time for which application threads were stopped: 0.0001039 seconds, Stopping threads took: 0.0000120 seconds
2018-03-21T05:59:44.855-0500: 921.746: Total time for which application threads were stopped: 0.0001514 seconds, Stopping threads took: 0.0000289 seconds
2018-03-21T05:59:44.855-0500: 921.746: Total time for which application threads were stopped: 0.0000858 seconds, Stopping threads took: 0.0000127 seconds
2018-03-21T05:59:44.858-0500: 921.748: Total time for which application threads were stopped: 0.0001522 seconds, Stopping threads took: 0.0000469 seconds
2018-03-21T05:59:44.861-0500: 921.752: Total time for which application threads were stopped: 0.0001594 seconds, Stopping threads took: 0.0000494 seconds
2018-03-21T05:59:45.862-0500: 922.752: Total time for which application threads were stopped: 0.0003135 seconds, Stopping threads took: 0.0000676 seconds
2018-03-21T05:59:50.994-0500: 927.884: Total time for which application threads were stopped: 0.0002506 seconds, Stopping threads took: 0.0000859 seconds
2018-03-21T05:59:50.994-0500: 927.884: Total time for which application threads were stopped: 0.0001210 seconds, Stopping threads took: 0.0000544 seconds
2018-03-21T05:59:50.994-0500: 927.885: Total time for which application threads were stopped: 0.0000980 seconds, Stopping threads took: 0.0000188 seconds
2018-03-21T05:59:50.994-0500: 927.885: Total time for which application threads were stopped: 0.0001461 seconds, Stopping threads took: 0.0000550 seconds
2018-03-21T05:59:50.995-0500: 927.886: Total time for which application threads were stopped: 0.0001207 seconds, Stopping threads took: 0.0000331 seconds
{Heap before GC invocations=258 (full 2):
 par new generation   total 109248K, used 95254K [0x00000000e0000000, 0x00000000e8000000, 0x00000000e8000000)
  eden space 87424K, 100% used [0x00000000e0000000, 0x00000000e5560000, 0x00000000e5560000)
  from space 21824K,  35% used [0x00000000e5560000, 0x00000000e5d05a80, 0x00000000e6ab0000)
  to   space 21824K,   0% used [0x00000000e6ab0000, 0x00000000e6ab0000, 0x00000000e8000000)
 concurrent mark-sweep generation total 393216K, used 87225K [0x00000000e8000000, 0x0000000100000000, 0x0000000100000000)
 Metaspace       used 39975K, capacity 41056K, committed 41156K, reserved 1085440K
  class space    used 4619K, capacity 4894K, committed 4912K, reserved 1048576K
2018-03-21T05:59:51.108-0500: 927.998: [GC (Allocation Failure) 2018-03-21T05:59:51.108-0500: 927.998: [ParNew
Desired survivor size 20112992 bytes, new threshold 8 (max 8)
- age   1:    4449560 bytes,    4449560 total
- age   2:      80328 bytes,    4529888 total
- age   3:    1253568 bytes,    5783456 total
- age   4:    1379880 bytes,    7163336 total
- age   5:     482168 bytes,    7645504 total
- age   6:     666640 bytes,    8312144 total
- age   7:     541960 bytes,    8854104 total
- age   8:     543392 bytes,    9397496 total
: 95254K->11174K(109248K), 0.0162138 secs] 182480K->99007K(502464K), 0.0163023 secs] [Times: user=0.05 sys=0.00, real=0.02 secs] 
Heap after GC invocations=259 (full 2):
 par new generation   total 109248K, used 11174K [0x00000000e0000000, 0x00000000e8000000, 0x00000000e8000000)
  eden space 87424K,   0% used [0x00000000e0000000, 0x00000000e0000000, 0x00000000e5560000)
  from space 21824K,  51% used [0x00000000e6ab0000, 0x00000000e7599880, 0x00000000e8000000)
  to   space 21824K,   0% used [0x00000000e5560000, 0x00000000e5560000, 0x00000000e6ab0000)
 concurrent mark-sweep generation total 393216K, used 87832K [0x00000000e8000000, 0x0000000100000000, 0x0000000100000000)
 Metaspace       used 39975K, capacity 41056K, committed 41156K, reserved 1085440K
  class space    used 4619K, capacity 4894K, committed 4912K, reserved 1048576K
}
2018-03-21T05:59:51.124-0500: 928.015: Total time for which application threads were stopped: 0.0165126 seconds, Stopping threads took: 0.0000267 seconds
2018-03-21T05:59:51.124-0500: 928.015: Total time for which application threads were stopped: 0.0001769 seconds, Stopping threads took: 0.0000508 seconds
{Heap before GC invocations=259 (full 2):
 par new generation   total 109248K, used 98598K [0x00000000e0000000, 0x00000000e8000000, 0x00000000e8000000)
  eden space 87424K, 100% used [0x00000000e0000000, 0x00000000e5560000, 0x00000000e5560000)
  from space 21824K,  51% used [0x00000000e6ab0000, 0x00000000e7599880, 0x00000000e8000000)
  to   space 21824K,   0% used [0x00000000e5560000, 0x00000000e5560000, 0x00000000e6ab0000)
 concurrent mark-sweep generation total 393216K, used 87832K [0x00000000e8000000, 0x0000000100000000, 0x0000000100000000)
 Metaspace       used 39976K, capacity 41056K, committed 41156K, reserved 1085440K
  class space    used 4619K, capacity 4894K, committed 4912K, reserved 1048576K
2018-03-21T05:59:51.551-0500: 928.441: [GC (Allocation Failure) 2018-03-21T05:59:51.551-0500: 928.441: [ParNew
Desired survivor size 20112992 bytes, new threshold 8 (max 8)
- age   1:    3862624 bytes,    3862624 total
- age   2:    4153304 bytes,    8015928 total
- age   3:      80328 bytes,    8096256 total
- age   4:    1253568 bytes,    9349824 total
- age   5:    1379880 bytes,   10729704 total
- age   6:     482168 bytes,   11211872 total
- age   7:     666640 bytes,   11878512 total
- age   8:     541960 bytes,   12420472 total
: 98598K->16559K(109248K), 0.0085627 secs] 186431K->104923K(502464K), 0.0086662 secs] [Times: user=0.03 sys=0.00, real=0.01 secs] 
Heap after GC invocations=260 (full 2):
 par new generation   total 109248K, used 16559K [0x00000000e0000000, 0x00000000e8000000, 0x00000000e8000000)
  eden space 87424K,   0% used [0x00000000e0000000, 0x00000000e0000000, 0x00000000e5560000)
  from space 21824K,  75% used [0x00000000e5560000, 0x00000000e658bdc0, 0x00000000e6ab0000)
  to   space 21824K,   0% used [0x00000000e6ab0000, 0x00000000e6ab0000, 0x00000000e8000000)
 concurrent mark-sweep generation total 393216K, used 88363K [0x00000000e8000000, 0x0000000100000000, 0x0000000100000000)
 Metaspace       used 39976K, capacity 41056K, committed 41156K, reserved 1085440K
  class space    used 4619K, capacity 4894K, committed 4912K, reserved 1048576K
}
2018-03-21T05:59:51.559-0500: 928.450: Total time for which application threads were stopped: 0.0088974 seconds, Stopping threads took: 0.0000284 seconds
{Heap before GC invocations=260 (full 2):
 par new generation   total 109248K, used 103983K [0x00000000e0000000, 0x00000000e8000000, 0x00000000e8000000)
  eden space 87424K, 100% used [0x00000000e0000000, 0x00000000e5560000, 0x00000000e5560000)
  from space 21824K,  75% used [0x00000000e5560000, 0x00000000e658bdc0, 0x00000000e6ab0000)
  to   space 21824K,   0% used [0x00000000e6ab0000, 0x00000000e6ab0000, 0x00000000e8000000)
 concurrent mark-sweep generation total 393216K, used 88363K [0x00000000e8000000, 0x0000000100000000, 0x0000000100000000)
 Metaspace       used 39976K, capacity 41056K, committed 41156K, reserved 1085440K
  class space    used 4619K, capacity 4894K, committed 4912K, reserved 1048576K
2018-03-21T05:59:51.958-0500: 928.848: [GC (Allocation Failure) 2018-03-21T05:59:51.958-0500: 928.848: [ParNew
Desired survivor size 20112992 bytes, new threshold 8 (max 8)
- age   1:    4329968 bytes,    4329968 total
- age   2:    3080520 bytes,    7410488 total
- age   3:    3973048 bytes,   11383536 total
- age   4:      80328 bytes,   11463864 total
- age   5:    1253480 bytes,   12717344 total
- age   6:    1379880 bytes,   14097224 total
- age   7:     482168 bytes,   14579392 total
- age   8:     666640 bytes,   15246032 total
: 103983K->16546K(109248K), 0.0093681 secs] 192347K->105439K(502464K), 0.0094569 secs] [Times: user=0.04 sys=0.00, real=0.01 secs] 
Heap after GC invocations=261 (full 2):
 par new generation   total 109248K, used 16546K [0x00000000e0000000, 0x00000000e8000000, 0x00000000e8000000)
  eden space 87424K,   0% used [0x00000000e0000000, 0x00000000e0000000, 0x00000000e5560000)
  from space 21824K,  75% used [0x00000000e6ab0000, 0x00000000e7ad8860, 0x00000000e8000000)
  to   space 21824K,   0% used [0x00000000e5560000, 0x00000000e5560000, 0x00000000e6ab0000)
 concurrent mark-sweep generation total 393216K, used 88893K [0x00000000e8000000, 0x0000000100000000, 0x0000000100000000)
 Metaspace       used 39976K, capacity 41056K, committed 41156K, reserved 1085440K
  class space    used 4619K, capacity 4894K, committed 4912K, reserved 1048576K
}
2018-03-21T05:59:51.967-0500: 928.858: Total time for which application threads were stopped: 0.0096660 seconds, Stopping threads took: 0.0000408 seconds
2018-03-21T05:59:51.997-0500: 928.887: Total time for which application threads were stopped: 0.0001614 seconds, Stopping threads took: 0.0000482 seconds
2018-03-21T05:59:51.997-0500: 928.888: Total time for which application threads were stopped: 0.0001466 seconds, Stopping threads took: 0.0000583 seconds
2018-03-21T05:59:51.997-0500: 928.888: Total time for which application threads were stopped: 0.0000969 seconds, Stopping threads took: 0.0000303 seconds
2018-03-21T05:59:52.095-0500: 928.986: Total time for which application threads were stopped: 0.0001771 seconds, Stopping threads took: 0.0000486 seconds
{Heap before GC invocations=261 (full 2):
 par new generation   total 109248K, used 103970K [0x00000000e0000000, 0x00000000e8000000, 0x00000000e8000000)
  eden space 87424K, 100% used [0x00000000e0000000, 0x00000000e5560000, 0x00000000e5560000)
  from space 21824K,  75% used [0x00000000e6ab0000, 0x00000000e7ad8860, 0x00000000e8000000)
  to   space 21824K,   0% used [0x00000000e5560000, 0x00000000e5560000, 0x00000000e6ab0000)
 concurrent mark-sweep generation total 393216K, used 88893K [0x00000000e8000000, 0x0000000100000000, 0x0000000100000000)
 Metaspace       used 39977K, capacity 41056K, committed 41156K, reserved 1085440K
  class space    used 4619K, capacity 4894K, committed 4912K, reserved 1048576K
2018-03-21T05:59:52.235-0500: 929.126: [GC (Allocation Failure) 2018-03-21T05:59:52.235-0500: 929.126: [ParNew
Desired survivor size 20112992 bytes, new threshold 8 (max 8)
- age   1:    3032280 bytes,    3032280 total
- age   2:     709208 bytes,    3741488 total
- age   3:     703040 bytes,    4444528 total
- age   4:    2879216 bytes,    7323744 total
- age   5:      80328 bytes,    7404072 total
- age   6:    1253480 bytes,    8657552 total
- age   7:    1379880 bytes,   10037432 total
- age   8:     482168 bytes,   10519600 total
: 103970K->16026K(109248K), 0.0077087 secs] 192863K->105570K(502464K), 0.0078058 secs] [Times: user=0.02 sys=0.00, real=0.01 secs] 
Heap after GC invocations=262 (full 2):
 par new generation   total 109248K, used 16026K [0x00000000e0000000, 0x00000000e8000000, 0x00000000e8000000)
  eden space 87424K,   0% used [0x00000000e0000000, 0x00000000e0000000, 0x00000000e5560000)
  from space 21824K,  73% used [0x00000000e5560000, 0x00000000e65069c8, 0x00000000e6ab0000)
  to   space 21824K,   0% used [0x00000000e6ab0000, 0x00000000e6ab0000, 0x00000000e8000000)
 concurrent mark-sweep generation total 393216K, used 89544K [0x00000000e8000000, 0x0000000100000000, 0x0000000100000000)
 Metaspace       used 39977K, capacity 41056K, committed 41156K, reserved 1085440K
  class space    used 4619K, capacity 4894K, committed 4912K, reserved 1048576K
}
2018-03-21T05:59:52.243-0500: 929.133: Total time for which application threads were stopped: 0.0080724 seconds, Stopping threads took: 0.0000428 seconds
{Heap before GC invocations=262 (full 2):
 par new generation   total 109248K, used 103450K [0x00000000e0000000, 0x00000000e8000000, 0x00000000e8000000)
  eden space 87424K, 100% used [0x00000000e0000000, 0x00000000e5560000, 0x00000000e5560000)
  from space 21824K,  73% used [0x00000000e5560000, 0x00000000e65069c8, 0x00000000e6ab0000)
  to   space 21824K,   0% used [0x00000000e6ab0000, 0x00000000e6ab0000, 0x00000000e8000000)
 concurrent mark-sweep generation total 393216K, used 89544K [0x00000000e8000000, 0x0000000100000000, 0x0000000100000000)
 Metaspace       used 39977K, capacity 41056K, committed 41156K, reserved 1085440K
  class space    used 4619K, capacity 4894K, committed 4912K, reserved 1048576K
2018-03-21T05:59:52.639-0500: 929.529: [GC (Allocation Failure) 2018-03-21T05:59:52.639-0500: 929.529: [ParNew
Desired survivor size 20112992 bytes, new threshold 8 (max 8)
- age   1:    3954624 bytes,    3954624 total
- age   2:    2504504 bytes,    6459128 total
- age   3:     709208 bytes,    7168336 total
- age   4:     703040 bytes,    7871376 total
- age   5:    2878304 bytes,   10749680 total
- age   6:      80328 bytes,   10830008 total
- age   7:    1253480 bytes,   12083488 total
- age   8:    1379880 bytes,   13463368 total
: 103450K->15877K(109248K), 0.0086819 secs] 192994K->105892K(502464K), 0.0087755 secs] [Times: user=0.03 sys=0.00, real=0.00 secs] 
Heap after GC invocations=263 (full 2):
 par new generation   total 109248K, used 15877K [0x00000000e0000000, 0x00000000e8000000, 0x00000000e8000000)
  eden space 87424K,   0% used [0x00000000e0000000, 0x00000000e0000000, 0x00000000e5560000)
  from space 21824K,  72% used [0x00000000e6ab0000, 0x00000000e7a314d8, 0x00000000e8000000)
  to   space 21824K,   0% used [0x00000000e5560000, 0x00000000e5560000, 0x00000000e6ab0000)
 concurrent mark-sweep generation total 393216K, used 90015K [0x00000000e8000000, 0x0000000100000000, 0x0000000100000000)
 Metaspace       used 39977K, capacity 41056K, committed 41156K, reserved 1085440K
  class space    used 4619K, capacity 4894K, committed 4912K, reserved 1048576K
}
2018-03-21T05:59:52.648-0500: 929.538: Total time for which application threads were stopped: 0.0089613 seconds, Stopping threads took: 0.0000223 seconds
{Heap before GC invocations=263 (full 2):
 par new generation   total 109248K, used 103301K [0x00000000e0000000, 0x00000000e8000000, 0x00000000e8000000)
  eden space 87424K, 100% used [0x00000000e0000000, 0x00000000e5560000, 0x00000000e5560000)
  from space 21824K,  72% used [0x00000000e6ab0000, 0x00000000e7a314d8, 0x00000000e8000000)
  to   space 21824K,   0% used [0x00000000e5560000, 0x00000000e5560000, 0x00000000e6ab0000)
 concurrent mark-sweep generation total 393216K, used 90015K [0x00000000e8000000, 0x0000000100000000, 0x0000000100000000)
 Metaspace       used 39977K, capacity 41056K, committed 41156K, reserved 1085440K
  class space    used 4619K, capacity 4894K, committed 4912K, reserved 1048576K
2018-03-21T05:59:53.023-0500: 929.913: [GC (Allocation Failure) 2018-03-21T05:59:53.023-0500: 929.913: [ParNew
Desired survivor size 20112992 bytes, new threshold 8 (max 8)
- age   1:    4300168 bytes,    4300168 total
- age   2:    2517352 bytes,    6817520 total
- age   3:    1910000 bytes,    8727520 total
- age   4:     709208 bytes,    9436728 total
- age   5:     703040 bytes,   10139768 total
- age   6:    2878272 bytes,   13018040 total
- age   7:      80328 bytes,   13098368 total
- age   8:    1253480 bytes,   14351848 total
: 103301K->16956K(109248K), 0.0108411 secs] 193316K->108319K(502464K), 0.0109448 secs] [Times: user=0.03 sys=0.00, real=0.01 secs] 
Heap after GC invocations=264 (full 2):
 par new generation   total 109248K, used 16956K [0x00000000e0000000, 0x00000000e8000000, 0x00000000e8000000)
  eden space 87424K,   0% used [0x00000000e0000000, 0x00000000e0000000, 0x00000000e5560000)
  from space 21824K,  77% used [0x00000000e5560000, 0x00000000e65ef1b0, 0x00000000e6ab0000)
  to   space 21824K,   0% used [0x00000000e6ab0000, 0x00000000e6ab0000, 0x00000000e8000000)
 concurrent mark-sweep generation total 393216K, used 91362K [0x00000000e8000000, 0x0000000100000000, 0x0000000100000000)
 Metaspace       used 39977K, capacity 41056K, committed 41156K, reserved 1085440K
  class space    used 4619K, capacity 4894K, committed 4912K, reserved 1048576K
}
2018-03-21T05:59:53.034-0500: 929.924: Total time for which application threads were stopped: 0.0111774 seconds, Stopping threads took: 0.0000576 seconds
{Heap before GC invocations=264 (full 2):
 par new generation   total 109248K, used 104380K [0x00000000e0000000, 0x00000000e8000000, 0x00000000e8000000)
  eden space 87424K, 100% used [0x00000000e0000000, 0x00000000e5560000, 0x00000000e5560000)
  from space 21824K,  77% used [0x00000000e5560000, 0x00000000e65ef1b0, 0x00000000e6ab0000)
  to   space 21824K,   0% used [0x00000000e6ab0000, 0x00000000e6ab0000, 0x00000000e8000000)
 concurrent mark-sweep generation total 393216K, used 91362K [0x00000000e8000000, 0x0000000100000000, 0x0000000100000000)
 Metaspace       used 39989K, capacity 41056K, committed 41156K, reserved 1085440K
  class space    used 4619K, capacity 4894K, committed 4912K, reserved 1048576K
2018-03-21T05:59:53.340-0500: 930.230: [GC (Allocation Failure) 2018-03-21T05:59:53.340-0500: 930.230: [ParNew
Desired survivor size 20112992 bytes, new threshold 8 (max 8)
- age   1:    2871296 bytes,    2871296 total
- age   2:    1410256 bytes,    4281552 total
- age   3:     673920 bytes,    4955472 total
- age   4:     458728 bytes,    5414200 total
- age   5:     709208 bytes,    6123408 total
- age   6:     703040 bytes,    6826448 total
- age   7:    2878240 bytes,    9704688 total
- age   8:      80328 bytes,    9785016 total
: 104380K->16672K(109248K), 0.0087041 secs] 195743K->109266K(502464K), 0.0088061 secs] [Times: user=0.03 sys=0.00, real=0.00 secs] 
Heap after GC invocations=265 (full 2):
 par new generation   total 109248K, used 16672K [0x00000000e0000000, 0x00000000e8000000, 0x00000000e8000000)
  eden space 87424K,   0% used [0x00000000e0000000, 0x00000000e0000000, 0x00000000e5560000)
  from space 21824K,  76% used [0x00000000e6ab0000, 0x00000000e7af8098, 0x00000000e8000000)
  to   space 21824K,   0% used [0x00000000e5560000, 0x00000000e5560000, 0x00000000e6ab0000)
 concurrent mark-sweep generation total 393216K, used 92593K [0x00000000e8000000, 0x0000000100000000, 0x0000000100000000)
 Metaspace       used 39989K, capacity 41056K, committed 41156K, reserved 1085440K
  class space    used 4619K, capacity 4894K, committed 4912K, reserved 1048576K
}
2018-03-21T05:59:53.349-0500: 930.239: Total time for which application threads were stopped: 0.0090452 seconds, Stopping threads took: 0.0000295 seconds
{Heap before GC invocations=265 (full 2):
 par new generation   total 109248K, used 104096K [0x00000000e0000000, 0x00000000e8000000, 0x00000000e8000000)
  eden space 87424K, 100% used [0x00000000e0000000, 0x00000000e5560000, 0x00000000e5560000)
  from space 21824K,  76% used [0x00000000e6ab0000, 0x00000000e7af8098, 0x00000000e8000000)
  to   space 21824K,   0% used [0x00000000e5560000, 0x00000000e5560000, 0x00000000e6ab0000)
 concurrent mark-sweep generation total 393216K, used 92593K [0x00000000e8000000, 0x0000000100000000, 0x0000000100000000)
 Metaspace       used 39989K, capacity 41056K, committed 41156K, reserved 1085440K
  class space    used 4619K, capacity 4894K, committed 4912K, reserved 1048576K
2018-03-21T05:59:53.744-0500: 930.635: [GC (Allocation Failure) 2018-03-21T05:59:53.744-0500: 930.635: [ParNew
Desired survivor size 20112992 bytes, new threshold 8 (max 8)
- age   1:    3848960 bytes,    3848960 total
- age   2:    2301192 bytes,    6150152 total
- age   3:    1410200 bytes,    7560352 total
- age   4:     673920 bytes,    8234272 total
- age   5:     457816 bytes,    8692088 total
- age   6:     709208 bytes,    9401296 total
- age   7:     703040 bytes,   10104336 total
- age   8:    2878240 bytes,   12982576 total
: 104096K->15739K(109248K), 0.0078631 secs] 196690K->108413K(502464K), 0.0079482 secs] [Times: user=0.03 sys=0.00, real=0.01 secs] 
Heap after GC invocations=266 (full 2):
 par new generation   total 109248K, used 15739K [0x00000000e0000000, 0x00000000e8000000, 0x00000000e8000000)
  eden space 87424K,   0% used [0x00000000e0000000, 0x00000000e0000000, 0x00000000e5560000)
  from space 21824K,  72% used [0x00000000e5560000, 0x00000000e64becc8, 0x00000000e6ab0000)
  to   space 21824K,   0% used [0x00000000e6ab0000, 0x00000000e6ab0000, 0x00000000e8000000)
 concurrent mark-sweep generation total 393216K, used 92674K [0x00000000e8000000, 0x0000000100000000, 0x0000000100000000)
 Metaspace       used 39989K, capacity 41056K, committed 41156K, reserved 1085440K
  class space    used 4619K, capacity 4894K, committed 4912K, reserved 1048576K
}
2018-03-21T05:59:53.752-0500: 930.643: Total time for which application threads were stopped: 0.0081747 seconds, Stopping threads took: 0.0000226 seconds
{Heap before GC invocations=266 (full 2):
 par new generation   total 109248K, used 103163K [0x00000000e0000000, 0x00000000e8000000, 0x00000000e8000000)
  eden space 87424K, 100% used [0x00000000e0000000, 0x00000000e5560000, 0x00000000e5560000)
  from space 21824K,  72% used [0x00000000e5560000, 0x00000000e64becc8, 0x00000000e6ab0000)
  to   space 21824K,   0% used [0x00000000e6ab0000, 0x00000000e6ab0000, 0x00000000e8000000)
 concurrent mark-sweep generation total 393216K, used 92674K [0x00000000e8000000, 0x0000000100000000, 0x0000000100000000)
 Metaspace       used 39989K, capacity 41056K, committed 41156K, reserved 1085440K
  class space    used 4619K, capacity 4894K, committed 4912K, reserved 1048576K
2018-03-21T05:59:54.100-0500: 930.991: [GC (Allocation Failure) 2018-03-21T05:59:54.100-0500: 930.991: [ParNew
Desired survivor size 20112992 bytes, new threshold 8 (max 8)
- age   1:    3764056 bytes,    3764056 total
- age   2:    2331424 bytes,    6095480 total
- age   3:    1860088 bytes,    7955568 total
- age   4:     807008 bytes,    8762576 total
- age   5:     673920 bytes,    9436496 total
- age   6:     457816 bytes,    9894312 total
- age   7:     709208 bytes,   10603520 total
- age   8:     703040 bytes,   11306560 total
: 103163K->16409K(109248K), 0.0115566 secs] 195837K->111910K(502464K), 0.0116382 secs] [Times: user=0.04 sys=0.00, real=0.01 secs] 
Heap after GC invocations=267 (full 2):
 par new generation   total 109248K, used 16409K [0x00000000e0000000, 0x00000000e8000000, 0x00000000e8000000)
  eden space 87424K,   0% used [0x00000000e0000000, 0x00000000e0000000, 0x00000000e5560000)
  from space 21824K,  75% used [0x00000000e6ab0000, 0x00000000e7ab6590, 0x00000000e8000000)
  to   space 21824K,   0% used [0x00000000e5560000, 0x00000000e5560000, 0x00000000e6ab0000)
 concurrent mark-sweep generation total 393216K, used 95501K [0x00000000e8000000, 0x0000000100000000, 0x0000000100000000)
 Metaspace       used 39989K, capacity 41056K, committed 41156K, reserved 1085440K
  class space    used 4619K, capacity 4894K, committed 4912K, reserved 1048576K
}
2018-03-21T05:59:54.112-0500: 931.003: Total time for which application threads were stopped: 0.0118867 seconds, Stopping threads took: 0.0000436 seconds
{Heap before GC invocations=267 (full 2):
 par new generation   total 109248K, used 103833K [0x00000000e0000000, 0x00000000e8000000, 0x00000000e8000000)
  eden space 87424K, 100% used [0x00000000e0000000, 0x00000000e5560000, 0x00000000e5560000)
  from space 21824K,  75% used [0x00000000e6ab0000, 0x00000000e7ab6590, 0x00000000e8000000)
  to   space 21824K,   0% used [0x00000000e5560000, 0x00000000e5560000, 0x00000000e6ab0000)
 concurrent mark-sweep generation total 393216K, used 95501K [0x00000000e8000000, 0x0000000100000000, 0x0000000100000000)
 Metaspace       used 39989K, capacity 41056K, committed 41156K, reserved 1085440K
  class space    used 4619K, capacity 4894K, committed 4912K, reserved 1048576K
2018-03-21T05:59:54.469-0500: 931.359: [GC (Allocation Failure) 2018-03-21T05:59:54.469-0500: 931.359: [ParNew
Desired survivor size 20112992 bytes, new threshold 8 (max 8)
- age   1:    3191400 bytes,    3191400 total
- age   2:    1520016 bytes,    4711416 total
- age   3:     667680 bytes,    5379096 total
- age   4:     521136 bytes,    5900232 total
- age   5:     626920 bytes,    6527152 total
- age   6:     673920 bytes,    7201072 total
- age   7:     457704 bytes,    7658776 total
- age   8:     709208 bytes,    8367984 total
: 103833K->12032K(109248K), 0.0064107 secs] 199334K->108219K(502464K), 0.0065375 secs] [Times: user=0.01 sys=0.00, real=0.01 secs] 
Heap after GC invocations=268 (full 2):
 par new generation   total 109248K, used 12032K [0x00000000e0000000, 0x00000000e8000000, 0x00000000e8000000)
  eden space 87424K,   0% used [0x00000000e0000000, 0x00000000e0000000, 0x00000000e5560000)
  from space 21824K,  55% used [0x00000000e5560000, 0x00000000e6120080, 0x00000000e6ab0000)
  to   space 21824K,   0% used [0x00000000e6ab0000, 0x00000000e6ab0000, 0x00000000e8000000)
 concurrent mark-sweep generation total 393216K, used 96187K [0x00000000e8000000, 0x0000000100000000, 0x0000000100000000)
 Metaspace       used 39989K, capacity 41056K, committed 41156K, reserved 1085440K
  class space    used 4619K, capacity 4894K, committed 4912K, reserved 1048576K
}
2018-03-21T05:59:54.476-0500: 931.366: Total time for which application threads were stopped: 0.0067826 seconds, Stopping threads took: 0.0000291 seconds
{Heap before GC invocations=268 (full 2):
 par new generation   total 109248K, used 99456K [0x00000000e0000000, 0x00000000e8000000, 0x00000000e8000000)
  eden space 87424K, 100% used [0x00000000e0000000, 0x00000000e5560000, 0x00000000e5560000)
  from space 21824K,  55% used [0x00000000e5560000, 0x00000000e6120080, 0x00000000e6ab0000)
  to   space 21824K,   0% used [0x00000000e6ab0000, 0x00000000e6ab0000, 0x00000000e8000000)
 concurrent mark-sweep generation total 393216K, used 96187K [0x00000000e8000000, 0x0000000100000000, 0x0000000100000000)
 Metaspace       used 39989K, capacity 41056K, committed 41156K, reserved 1085440K
  class space    used 4619K, capacity 4894K, committed 4912K, reserved 1048576K
2018-03-21T05:59:54.871-0500: 931.761: [GC (Allocation Failure) 2018-03-21T05:59:54.871-0500: 931.761: [ParNew
Desired survivor size 20112992 bytes, new threshold 8 (max 8)
- age   1:    3926112 bytes,    3926112 total
- age   2:    2531672 bytes,    6457784 total
- age   3:    1521064 bytes,    7978848 total
- age   4:     667680 bytes,    8646528 total
- age   5:     520224 bytes,    9166752 total
- age   6:     626920 bytes,    9793672 total
- age   7:     673920 bytes,   10467592 total
- age   8:     457704 bytes,   10925296 total
: 99456K->13154K(109248K), 0.0076862 secs] 195643K->110034K(502464K), 0.0077795 secs] [Times: user=0.01 sys=0.01, real=0.01 secs] 
Heap after GC invocations=269 (full 2):
 par new generation   total 109248K, used 13154K [0x00000000e0000000, 0x00000000e8000000, 0x00000000e8000000)
  eden space 87424K,   0% used [0x00000000e0000000, 0x00000000e0000000, 0x00000000e5560000)
  from space 21824K,  60% used [0x00000000e6ab0000, 0x00000000e7788870, 0x00000000e8000000)
  to   space 21824K,   0% used [0x00000000e5560000, 0x00000000e5560000, 0x00000000e6ab0000)
 concurrent mark-sweep generation total 393216K, used 96880K [0x00000000e8000000, 0x0000000100000000, 0x0000000100000000)
 Metaspace       used 39989K, capacity 41056K, committed 41156K, reserved 1085440K
  class space    used 4619K, capacity 4894K, committed 4912K, reserved 1048576K
}
2018-03-21T05:59:54.878-0500: 931.769: Total time for which application threads were stopped: 0.0080001 seconds, Stopping threads took: 0.0000242 seconds
{Heap before GC invocations=269 (full 2):
 par new generation   total 109248K, used 100578K [0x00000000e0000000, 0x00000000e8000000, 0x00000000e8000000)
  eden space 87424K, 100% used [0x00000000e0000000, 0x00000000e5560000, 0x00000000e5560000)
  from space 21824K,  60% used [0x00000000e6ab0000, 0x00000000e7788870, 0x00000000e8000000)
  to   space 21824K,   0% used [0x00000000e5560000, 0x00000000e5560000, 0x00000000e6ab0000)
 concurrent mark-sweep generation total 393216K, used 96880K [0x00000000e8000000, 0x0000000100000000, 0x0000000100000000)
 Metaspace       used 39990K, capacity 41056K, committed 41156K, reserved 1085440K
  class space    used 4619K, capacity 4894K, committed 4912K, reserved 1048576K
2018-03-21T05:59:55.179-0500: 932.070: [GC (Allocation Failure) 2018-03-21T05:59:55.179-0500: 932.070: [ParNew
Desired survivor size 20112992 bytes, new threshold 8 (max 8)
- age   1:    2397640 bytes,    2397640 total
- age   2:     595024 bytes,    2992664 total
- age   3:     525008 bytes,    3517672 total
- age   4:     460632 bytes,    3978304 total
- age   5:     667680 bytes,    4645984 total
- age   6:     519728 bytes,    5165712 total
- age   7:     626920 bytes,    5792632 total
- age   8:     673920 bytes,    6466552 total
: 100578K->9181K(109248K), 0.0041181 secs] 197458K->106509K(502464K), 0.0042148 secs] [Times: user=0.01 sys=0.00, real=0.00 secs] 
Heap after GC invocations=270 (full 2):
 par new generation   total 109248K, used 9181K [0x00000000e0000000, 0x00000000e8000000, 0x00000000e8000000)
  eden space 87424K,   0% used [0x00000000e0000000, 0x00000000e0000000, 0x00000000e5560000)
  from space 21824K,  42% used [0x00000000e5560000, 0x00000000e5e57780, 0x00000000e6ab0000)
  to   space 21824K,   0% used [0x00000000e6ab0000, 0x00000000e6ab0000, 0x00000000e8000000)
 concurrent mark-sweep generation total 393216K, used 97327K [0x00000000e8000000, 0x0000000100000000, 0x0000000100000000)
 Metaspace       used 39990K, capacity 41056K, committed 41156K, reserved 1085440K
  class space    used 4619K, capacity 4894K, committed 4912K, reserved 1048576K
}
2018-03-21T05:59:55.184-0500: 932.074: Total time for which application threads were stopped: 0.0044068 seconds, Stopping threads took: 0.0000220 seconds
{Heap before GC invocations=270 (full 2):
 par new generation   total 109248K, used 96605K [0x00000000e0000000, 0x00000000e8000000, 0x00000000e8000000)
  eden space 87424K, 100% used [0x00000000e0000000, 0x00000000e5560000, 0x00000000e5560000)
  from space 21824K,  42% used [0x00000000e5560000, 0x00000000e5e57780, 0x00000000e6ab0000)
  to   space 21824K,   0% used [0x00000000e6ab0000, 0x00000000e6ab0000, 0x00000000e8000000)
 concurrent mark-sweep generation total 393216K, used 97327K [0x00000000e8000000, 0x0000000100000000, 0x0000000100000000)
 Metaspace       used 39990K, capacity 41056K, committed 41156K, reserved 1085440K
  class space    used 4619K, capacity 4894K, committed 4912K, reserved 1048576K
2018-03-21T05:59:55.584-0500: 932.475: [GC (Allocation Failure) 2018-03-21T05:59:55.584-0500: 932.475: [ParNew
Desired survivor size 20112992 bytes, new threshold 8 (max 8)
- age   1:    3690632 bytes,    3690632 total
- age   2:    2027496 bytes,    5718128 total
- age   3:     595024 bytes,    6313152 total
- age   4:     524096 bytes,    6837248 total
- age   5:     460632 bytes,    7297880 total
- age   6:     667680 bytes,    7965560 total
- age   7:     519728 bytes,    8485288 total
- age   8:     626920 bytes,    9112208 total
: 96605K->10493K(109248K), 0.0051989 secs] 193933K->108478K(502464K), 0.0052762 secs] [Times: user=0.02 sys=0.00, real=0.00 secs] 
Heap after GC invocations=271 (full 2):
 par new generation   total 109248K, used 10493K [0x00000000e0000000, 0x00000000e8000000, 0x00000000e8000000)
  eden space 87424K,   0% used [0x00000000e0000000, 0x00000000e0000000, 0x00000000e5560000)
  from space 21824K,  48% used [0x00000000e6ab0000, 0x00000000e74ef458, 0x00000000e8000000)
  to   space 21824K,   0% used [0x00000000e5560000, 0x00000000e5560000, 0x00000000e6ab0000)
 concurrent mark-sweep generation total 393216K, used 97985K [0x00000000e8000000, 0x0000000100000000, 0x0000000100000000)
 Metaspace       used 39990K, capacity 41056K, committed 41156K, reserved 1085440K
  class space    used 4619K, capacity 4894K, committed 4912K, reserved 1048576K
}
2018-03-21T05:59:55.590-0500: 932.480: Total time for which application threads were stopped: 0.0054558 seconds, Stopping threads took: 0.0000197 seconds
{Heap before GC invocations=271 (full 2):
 par new generation   total 109248K, used 97917K [0x00000000e0000000, 0x00000000e8000000, 0x00000000e8000000)
  eden space 87424K, 100% used [0x00000000e0000000, 0x00000000e5560000, 0x00000000e5560000)
  from space 21824K,  48% used [0x00000000e6ab0000, 0x00000000e74ef458, 0x00000000e8000000)
  to   space 21824K,   0% used [0x00000000e5560000, 0x00000000e5560000, 0x00000000e6ab0000)
 concurrent mark-sweep generation total 393216K, used 97985K [0x00000000e8000000, 0x0000000100000000, 0x0000000100000000)
 Metaspace       used 39990K, capacity 41056K, committed 41156K, reserved 1085440K
  class space    used 4619K, capacity 4894K, committed 4912K, reserved 1048576K
2018-03-21T05:59:55.990-0500: 932.881: [GC (Allocation Failure) 2018-03-21T05:59:55.990-0500: 932.881: [ParNew
Desired survivor size 20112992 bytes, new threshold 8 (max 8)
- age   1:    4296096 bytes,    4296096 total
- age   2:    2858272 bytes,    7154368 total
- age   3:    2005672 bytes,    9160040 total
- age   4:     595024 bytes,    9755064 total
- age   5:     524096 bytes,   10279160 total
- age   6:     460632 bytes,   10739792 total
- age   7:     667680 bytes,   11407472 total
- age   8:     519728 bytes,   11927200 total
: 97917K->15677K(109248K), 0.0067314 secs] 195902K->114276K(502464K), 0.0068342 secs] [Times: user=0.02 sys=0.00, real=0.00 secs] 
Heap after GC invocations=272 (full 2):
 par new generation   total 109248K, used 15677K [0x00000000e0000000, 0x00000000e8000000, 0x00000000e8000000)
  eden space 87424K,   0% used [0x00000000e0000000, 0x00000000e0000000, 0x00000000e5560000)
  from space 21824K,  71% used [0x00000000e5560000, 0x00000000e64af7c0, 0x00000000e6ab0000)
  to   space 21824K,   0% used [0x00000000e6ab0000, 0x00000000e6ab0000, 0x00000000e8000000)
 concurrent mark-sweep generation total 393216K, used 98598K [0x00000000e8000000, 0x0000000100000000, 0x0000000100000000)
 Metaspace       used 39990K, capacity 41056K, committed 41156K, reserved 1085440K
  class space    used 4619K, capacity 4894K, committed 4912K, reserved 1048576K
}
2018-03-21T05:59:55.997-0500: 932.887: Total time for which application threads were stopped: 0.0070258 seconds, Stopping threads took: 0.0000230 seconds
{Heap before GC invocations=272 (full 2):
 par new generation   total 109248K, used 103101K [0x00000000e0000000, 0x00000000e8000000, 0x00000000e8000000)
  eden space 87424K, 100% used [0x00000000e0000000, 0x00000000e5560000, 0x00000000e5560000)
  from space 21824K,  71% used [0x00000000e5560000, 0x00000000e64af7c0, 0x00000000e6ab0000)
  to   space 21824K,   0% used [0x00000000e6ab0000, 0x00000000e6ab0000, 0x00000000e8000000)
 concurrent mark-sweep generation total 393216K, used 98598K [0x00000000e8000000, 0x0000000100000000, 0x0000000100000000)
 Metaspace       used 39990K, capacity 41056K, committed 41156K, reserved 1085440K
  class space    used 4619K, capacity 4894K, committed 4912K, reserved 1048576K
2018-03-21T05:59:56.292-0500: 933.183: [GC (Allocation Failure) 2018-03-21T05:59:56.292-0500: 933.183: [ParNew
Desired survivor size 20112992 bytes, new threshold 8 (max 8)
- age   1:    3193688 bytes,    3193688 total
- age   2:     656384 bytes,    3850072 total
- age   3:     655200 bytes,    4505272 total
- age   4:     462784 bytes,    4968056 total
- age   5:     595024 bytes,    5563080 total
- age   6:     523792 bytes,    6086872 total
- age   7:     460632 bytes,    6547504 total
- age   8:     667680 bytes,    7215184 total
: 103101K->9478K(109248K), 0.0040210 secs] 201700K->108584K(502464K), 0.0041160 secs] [Times: user=0.01 sys=0.00, real=0.00 secs] 
Heap after GC invocations=273 (full 2):
 par new generation   total 109248K, used 9478K [0x00000000e0000000, 0x00000000e8000000, 0x00000000e8000000)
  eden space 87424K,   0% used [0x00000000e0000000, 0x00000000e0000000, 0x00000000e5560000)
  from space 21824K,  43% used [0x00000000e6ab0000, 0x00000000e73f19a0, 0x00000000e8000000)
  to   space 21824K,   0% used [0x00000000e5560000, 0x00000000e5560000, 0x00000000e6ab0000)
 concurrent mark-sweep generation total 393216K, used 99105K [0x00000000e8000000, 0x0000000100000000, 0x0000000100000000)
 Metaspace       used 39990K, capacity 41056K, committed 41156K, reserved 1085440K
  class space    used 4619K, capacity 4894K, committed 4912K, reserved 1048576K
}
2018-03-21T05:59:56.297-0500: 933.187: Total time for which application threads were stopped: 0.0043655 seconds, Stopping threads took: 0.0000347 seconds
{Heap before GC invocations=273 (full 2):
 par new generation   total 109248K, used 96902K [0x00000000e0000000, 0x00000000e8000000, 0x00000000e8000000)
  eden space 87424K, 100% used [0x00000000e0000000, 0x00000000e5560000, 0x00000000e5560000)
  from space 21824K,  43% used [0x00000000e6ab0000, 0x00000000e73f19a0, 0x00000000e8000000)
  to   space 21824K,   0% used [0x00000000e5560000, 0x00000000e5560000, 0x00000000e6ab0000)
 concurrent mark-sweep generation total 393216K, used 99105K [0x00000000e8000000, 0x0000000100000000, 0x0000000100000000)
 Metaspace       used 39990K, capacity 41056K, committed 41156K, reserved 1085440K
  class space    used 4619K, capacity 4894K, committed 4912K, reserved 1048576K
2018-03-21T05:59:56.695-0500: 933.585: [GC (Allocation Failure) 2018-03-21T05:59:56.695-0500: 933.585: [ParNew
Desired survivor size 20112992 bytes, new threshold 8 (max 8)
- age   1:    3812816 bytes,    3812816 total
- age   2:    2648784 bytes,    6461600 total
- age   3:     656384 bytes,    7117984 total
- age   4:     655200 bytes,    7773184 total
- age   5:     461872 bytes,    8235056 total
- age   6:     595024 bytes,    8830080 total
- age   7:     523792 bytes,    9353872 total
- age   8:     460632 bytes,    9814504 total
: 96902K->11610K(109248K), 0.0054924 secs] 196008K->111368K(502464K), 0.0055695 secs] [Times: user=0.02 sys=0.00, real=0.01 secs] 
Heap after GC invocations=274 (full 2):
 par new generation   total 109248K, used 11610K [0x00000000e0000000, 0x00000000e8000000, 0x00000000e8000000)
  eden space 87424K,   0% used [0x00000000e0000000, 0x00000000e0000000, 0x00000000e5560000)
  from space 21824K,  53% used [0x00000000e5560000, 0x00000000e60b6a58, 0x00000000e6ab0000)
  to   space 21824K,   0% used [0x00000000e6ab0000, 0x00000000e6ab0000, 0x00000000e8000000)
 concurrent mark-sweep generation total 393216K, used 99758K [0x00000000e8000000, 0x0000000100000000, 0x0000000100000000)
 Metaspace       used 39990K, capacity 41056K, committed 41156K, reserved 1085440K
  class space    used 4619K, capacity 4894K, committed 4912K, reserved 1048576K
}
2018-03-21T05:59:56.700-0500: 933.591: Total time for which application threads were stopped: 0.0057518 seconds, Stopping threads took: 0.0000215 seconds
{Heap before GC invocations=274 (full 2):
 par new generation   total 109248K, used 99034K [0x00000000e0000000, 0x00000000e8000000, 0x00000000e8000000)
  eden space 87424K, 100% used [0x00000000e0000000, 0x00000000e5560000, 0x00000000e5560000)
  from space 21824K,  53% used [0x00000000e5560000, 0x00000000e60b6a58, 0x00000000e6ab0000)
  to   space 21824K,   0% used [0x00000000e6ab0000, 0x00000000e6ab0000, 0x00000000e8000000)
 concurrent mark-sweep generation total 393216K, used 99758K [0x00000000e8000000, 0x0000000100000000, 0x0000000100000000)
 Metaspace       used 39990K, capacity 41056K, committed 41156K, reserved 1085440K
  class space    used 4619K, capacity 4894K, committed 4912K, reserved 1048576K
2018-03-21T05:59:57.074-0500: 933.965: [GC (Allocation Failure) 2018-03-21T05:59:57.074-0500: 933.965: [ParNew
Desired survivor size 20112992 bytes, new threshold 8 (max 8)
- age   1:    3954040 bytes,    3954040 total
- age   2:    2368040 bytes,    6322080 total
- age   3:    1651704 bytes,    7973784 total
- age   4:     656384 bytes,    8630168 total
- age   5:     655200 bytes,    9285368 total
- age   6:     461816 bytes,    9747184 total
- age   7:     595024 bytes,   10342208 total
- age   8:     523792 bytes,   10866000 total
: 99034K->12362K(109248K), 0.0065801 secs] 198792K->112570K(502464K), 0.0066688 secs] [Times: user=0.02 sys=0.00, real=0.01 secs] 
Heap after GC invocations=275 (full 2):
 par new generation   total 109248K, used 12362K [0x00000000e0000000, 0x00000000e8000000, 0x00000000e8000000)
  eden space 87424K,   0% used [0x00000000e0000000, 0x00000000e0000000, 0x00000000e5560000)
  from space 21824K,  56% used [0x00000000e6ab0000, 0x00000000e76c2960, 0x00000000e8000000)
  to   space 21824K,   0% used [0x00000000e5560000, 0x00000000e5560000, 0x00000000e6ab0000)
 concurrent mark-sweep generation total 393216K, used 100207K [0x00000000e8000000, 0x0000000100000000, 0x0000000100000000)
 Metaspace       used 39990K, capacity 41056K, committed 41156K, reserved 1085440K
  class space    used 4619K, capacity 4894K, committed 4912K, reserved 1048576K
}
2018-03-21T05:59:57.081-0500: 933.971: Total time for which application threads were stopped: 0.0068976 seconds, Stopping threads took: 0.0000550 seconds
{Heap before GC invocations=275 (full 2):
 par new generation   total 109248K, used 99786K [0x00000000e0000000, 0x00000000e8000000, 0x00000000e8000000)
  eden space 87424K, 100% used [0x00000000e0000000, 0x00000000e5560000, 0x00000000e5560000)
  from space 21824K,  56% used [0x00000000e6ab0000, 0x00000000e76c2960, 0x00000000e8000000)
  to   space 21824K,   0% used [0x00000000e5560000, 0x00000000e5560000, 0x00000000e6ab0000)
 concurrent mark-sweep generation total 393216K, used 100207K [0x00000000e8000000, 0x0000000100000000, 0x0000000100000000)
 Metaspace       used 39994K, capacity 41120K, committed 41412K, reserved 1085440K
  class space    used 4619K, capacity 4894K, committed 4912K, reserved 1048576K
2018-03-21T05:59:57.389-0500: 934.280: [GC (Allocation Failure) 2018-03-21T05:59:57.389-0500: 934.280: [ParNew
Desired survivor size 20112992 bytes, new threshold 8 (max 8)
- age   1:    2841248 bytes,    2841248 total
- age   2:    1551456 bytes,    4392704 total
- age   3:     615680 bytes,    5008384 total
- age   4:     465792 bytes,    5474176 total
- age   5:     656384 bytes,    6130560 total
- age   6:     655200 bytes,    6785760 total
- age   7:     461464 bytes,    7247224 total
- age   8:     595024 bytes,    7842248 total
: 99786K->12523K(109248K), 0.0050040 secs] 199994K->113243K(502464K), 0.0050909 secs] [Times: user=0.01 sys=0.00, real=0.01 secs] 
Heap after GC invocations=276 (full 2):
 par new generation   total 109248K, used 12523K [0x00000000e0000000, 0x00000000e8000000, 0x00000000e8000000)
  eden space 87424K,   0% used [0x00000000e0000000, 0x00000000e0000000, 0x00000000e5560000)
  from space 21824K,  57% used [0x00000000e5560000, 0x00000000e619ae88, 0x00000000e6ab0000)
  to   space 21824K,   0% used [0x00000000e6ab0000, 0x00000000e6ab0000, 0x00000000e8000000)
 concurrent mark-sweep generation total 393216K, used 100719K [0x00000000e8000000, 0x0000000100000000, 0x0000000100000000)
 Metaspace       used 39994K, capacity 41120K, committed 41412K, reserved 1085440K
  class space    used 4619K, capacity 4894K, committed 4912K, reserved 1048576K
}
2018-03-21T05:59:57.395-0500: 934.285: Total time for which application threads were stopped: 0.0053028 seconds, Stopping threads took: 0.0000243 seconds
{Heap before GC invocations=276 (full 2):
 par new generation   total 109248K, used 99947K [0x00000000e0000000, 0x00000000e8000000, 0x00000000e8000000)
  eden space 87424K, 100% used [0x00000000e0000000, 0x00000000e5560000, 0x00000000e5560000)
  from space 21824K,  57% used [0x00000000e5560000, 0x00000000e619ae88, 0x00000000e6ab0000)
  to   space 21824K,   0% used [0x00000000e6ab0000, 0x00000000e6ab0000, 0x00000000e8000000)
 concurrent mark-sweep generation total 393216K, used 100719K [0x00000000e8000000, 0x0000000100000000, 0x0000000100000000)
 Metaspace       used 39994K, capacity 41120K, committed 41412K, reserved 1085440K
  class space    used 4619K, capacity 4894K, committed 4912K, reserved 1048576K
2018-03-21T05:59:57.797-0500: 934.688: [GC (Allocation Failure) 2018-03-21T05:59:57.797-0500: 934.688: [ParNew
Desired survivor size 20112992 bytes, new threshold 8 (max 8)
- age   1:    3958248 bytes,    3958248 total
- age   2:    2221048 bytes,    6179296 total
- age   3:    1551712 bytes,    7731008 total
- age   4:     615680 bytes,    8346688 total
- age   5:     464880 bytes,    8811568 total
- age   6:     656384 bytes,    9467952 total
- age   7:     655200 bytes,   10123152 total
- age   8:     461464 bytes,   10584616 total
: 99947K->12153K(109248K), 0.0059836 secs] 200667K->113453K(502464K), 0.0061045 secs] [Times: user=0.02 sys=0.00, real=0.01 secs] 
Heap after GC invocations=277 (full 2):
 par new generation   total 109248K, used 12153K [0x00000000e0000000, 0x00000000e8000000, 0x00000000e8000000)
  eden space 87424K,   0% used [0x00000000e0000000, 0x00000000e0000000, 0x00000000e5560000)
  from space 21824K,  55% used [0x00000000e6ab0000, 0x00000000e768e470, 0x00000000e8000000)
  to   space 21824K,   0% used [0x00000000e5560000, 0x00000000e5560000, 0x00000000e6ab0000)
 concurrent mark-sweep generation total 393216K, used 101300K [0x00000000e8000000, 0x0000000100000000, 0x0000000100000000)
 Metaspace       used 39994K, capacity 41120K, committed 41412K, reserved 1085440K
  class space    used 4619K, capacity 4894K, committed 4912K, reserved 1048576K
}
2018-03-21T05:59:57.803-0500: 934.694: Total time for which application threads were stopped: 0.0063471 seconds, Stopping threads took: 0.0000281 seconds
{Heap before GC invocations=277 (full 2):
 par new generation   total 109248K, used 99577K [0x00000000e0000000, 0x00000000e8000000, 0x00000000e8000000)
  eden space 87424K, 100% used [0x00000000e0000000, 0x00000000e5560000, 0x00000000e5560000)
  from space 21824K,  55% used [0x00000000e6ab0000, 0x00000000e768e470, 0x00000000e8000000)
  to   space 21824K,   0% used [0x00000000e5560000, 0x00000000e5560000, 0x00000000e6ab0000)
 concurrent mark-sweep generation total 393216K, used 101300K [0x00000000e8000000, 0x0000000100000000, 0x0000000100000000)
 Metaspace       used 39995K, capacity 41120K, committed 41412K, reserved 1085440K
  class space    used 4619K, capacity 4894K, committed 4912K, reserved 1048576K
2018-03-21T05:59:58.087-0500: 934.977: [GC (Allocation Failure) 2018-03-21T05:59:58.087-0500: 934.978: [ParNew
Desired survivor size 20112992 bytes, new threshold 8 (max 8)
- age   1:    3589992 bytes,    3589992 total
- age   2:    2352880 bytes,    5942872 total
- age   3:    1820704 bytes,    7763576 total
- age   4:     849704 bytes,    8613280 total
- age   5:     615680 bytes,    9228960 total
- age   6:     464848 bytes,    9693808 total
- age   7:     656384 bytes,   10350192 total
- age   8:     655200 bytes,   11005392 total
: 99577K->15480K(109248K), 0.0055696 secs] 200877K->117231K(502464K), 0.0056434 secs] [Times: user=0.01 sys=0.01, real=0.01 secs] 
Heap after GC invocations=278 (full 2):
 par new generation   total 109248K, used 15480K [0x00000000e0000000, 0x00000000e8000000, 0x00000000e8000000)
  eden space 87424K,   0% used [0x00000000e0000000, 0x00000000e0000000, 0x00000000e5560000)
  from space 21824K,  70% used [0x00000000e5560000, 0x00000000e647e0e8, 0x00000000e6ab0000)
  to   space 21824K,   0% used [0x00000000e6ab0000, 0x00000000e6ab0000, 0x00000000e8000000)
 concurrent mark-sweep generation total 393216K, used 101751K [0x00000000e8000000, 0x0000000100000000, 0x0000000100000000)
 Metaspace       used 39995K, capacity 41120K, committed 41412K, reserved 1085440K
  class space    used 4619K, capacity 4894K, committed 4912K, reserved 1048576K
}
2018-03-21T05:59:58.093-0500: 934.983: Total time for which application threads were stopped: 0.0058671 seconds, Stopping threads took: 0.0000507 seconds
{Heap before GC invocations=278 (full 2):
 par new generation   total 109248K, used 102904K [0x00000000e0000000, 0x00000000e8000000, 0x00000000e8000000)
  eden space 87424K, 100% used [0x00000000e0000000, 0x00000000e5560000, 0x00000000e5560000)
  from space 21824K,  70% used [0x00000000e5560000, 0x00000000e647e0e8, 0x00000000e6ab0000)
  to   space 21824K,   0% used [0x00000000e6ab0000, 0x00000000e6ab0000, 0x00000000e8000000)
 concurrent mark-sweep generation total 393216K, used 101751K [0x00000000e8000000, 0x0000000100000000, 0x0000000100000000)
 Metaspace       used 40000K, capacity 41120K, committed 41412K, reserved 1085440K
  class space    used 4619K, capacity 4894K, committed 4912K, reserved 1048576K
2018-03-21T05:59:58.473-0500: 935.364: [GC (Allocation Failure) 2018-03-21T05:59:58.473-0500: 935.364: [ParNew
Desired survivor size 20112992 bytes, new threshold 8 (max 8)
- age   1:    3630768 bytes,    3630768 total
- age   2:    1628544 bytes,    5259312 total
- age   3:     636480 bytes,    5895792 total
- age   4:     504280 bytes,    6400072 total
- age   5:     542096 bytes,    6942168 total
- age   6:     615680 bytes,    7557848 total
- age   7:     464024 bytes,    8021872 total
- age   8:     656384 bytes,    8678256 total
: 102904K->12483K(109248K), 0.0059967 secs] 204655K->114875K(502464K), 0.0061328 secs] [Times: user=0.02 sys=0.00, real=0.01 secs] 
Heap after GC invocations=279 (full 2):
 par new generation   total 109248K, used 12483K [0x00000000e0000000, 0x00000000e8000000, 0x00000000e8000000)
  eden space 87424K,   0% used [0x00000000e0000000, 0x00000000e0000000, 0x00000000e5560000)
  from space 21824K,  57% used [0x00000000e6ab0000, 0x00000000e76e0e00, 0x00000000e8000000)
  to   space 21824K,   0% used [0x00000000e5560000, 0x00000000e5560000, 0x00000000e6ab0000)
 concurrent mark-sweep generation total 393216K, used 102391K [0x00000000e8000000, 0x0000000100000000, 0x0000000100000000)
 Metaspace       used 40000K, capacity 41120K, committed 41412K, reserved 1085440K
  class space    used 4619K, capacity 4894K, committed 4912K, reserved 1048576K
}
2018-03-21T05:59:58.479-0500: 935.370: Total time for which application threads were stopped: 0.0063760 seconds, Stopping threads took: 0.0000265 seconds
{Heap before GC invocations=279 (full 2):
 par new generation   total 109248K, used 99907K [0x00000000e0000000, 0x00000000e8000000, 0x00000000e8000000)
  eden space 87424K, 100% used [0x00000000e0000000, 0x00000000e5560000, 0x00000000e5560000)
  from space 21824K,  57% used [0x00000000e6ab0000, 0x00000000e76e0e00, 0x00000000e8000000)
  to   space 21824K,   0% used [0x00000000e5560000, 0x00000000e5560000, 0x00000000e6ab0000)
 concurrent mark-sweep generation total 393216K, used 102391K [0x00000000e8000000, 0x0000000100000000, 0x0000000100000000)
 Metaspace       used 40000K, capacity 41120K, committed 41412K, reserved 1085440K
  class space    used 4619K, capacity 4894K, committed 4912K, reserved 1048576K
2018-03-21T05:59:58.884-0500: 935.775: [GC (Allocation Failure) 2018-03-21T05:59:58.884-0500: 935.775: [ParNew
Desired survivor size 20112992 bytes, new threshold 8 (max 8)
- age   1:    4223064 bytes,    4223064 total
- age   2:    2841520 bytes,    7064584 total
- age   3:    1595392 bytes,    8659976 total
- age   4:     636480 bytes,    9296456 total
- age   5:     503368 bytes,    9799824 total
- age   6:     542096 bytes,   10341920 total
- age   7:     615680 bytes,   10957600 total
- age   8:     464024 bytes,   11421624 total
: 99907K->12990K(109248K), 0.0054430 secs] 202299K->116022K(502464K), 0.0055228 secs] [Times: user=0.01 sys=0.01, real=0.00 secs] 
Heap after GC invocations=280 (full 2):
 par new generation   total 109248K, used 12990K [0x00000000e0000000, 0x00000000e8000000, 0x00000000e8000000)
  eden space 87424K,   0% used [0x00000000e0000000, 0x00000000e0000000, 0x00000000e5560000)
  from space 21824K,  59% used [0x00000000e5560000, 0x00000000e620f998, 0x00000000e6ab0000)
  to   space 21824K,   0% used [0x00000000e6ab0000, 0x00000000e6ab0000, 0x00000000e8000000)
 concurrent mark-sweep generation total 393216K, used 103032K [0x00000000e8000000, 0x0000000100000000, 0x0000000100000000)
 Metaspace       used 40000K, capacity 41120K, committed 41412K, reserved 1085440K
  class space    used 4619K, capacity 4894K, committed 4912K, reserved 1048576K
}
2018-03-21T05:59:58.890-0500: 935.780: Total time for which application threads were stopped: 0.0057117 seconds, Stopping threads took: 0.0000206 seconds
{Heap before GC invocations=280 (full 2):
 par new generation   total 109248K, used 100414K [0x00000000e0000000, 0x00000000e8000000, 0x00000000e8000000)
  eden space 87424K, 100% used [0x00000000e0000000, 0x00000000e5560000, 0x00000000e5560000)
  from space 21824K,  59% used [0x00000000e5560000, 0x00000000e620f998, 0x00000000e6ab0000)
  to   space 21824K,   0% used [0x00000000e6ab0000, 0x00000000e6ab0000, 0x00000000e8000000)
 concurrent mark-sweep generation total 393216K, used 103032K [0x00000000e8000000, 0x0000000100000000, 0x0000000100000000)
 Metaspace       used 40000K, capacity 41120K, committed 41412K, reserved 1085440K
  class space    used 4619K, capacity 4894K, committed 4912K, reserved 1048576K
2018-03-21T05:59:59.248-0500: 936.138: [GC (Allocation Failure) 2018-03-21T05:59:59.248-0500: 936.138: [ParNew
Desired survivor size 20112992 bytes, new threshold 8 (max 8)
- age   1:    2520528 bytes,    2520528 total
- age   2:     657424 bytes,    3177952 total
- age   3:     668888 bytes,    3846840 total
- age   4:     432408 bytes,    4279248 total
- age   5:     636480 bytes,    4915728 total
- age   6:     502824 bytes,    5418552 total
- age   7:     542072 bytes,    5960624 total
- age   8:     615680 bytes,    6576304 total
: 100414K->11924K(109248K), 0.0073994 secs] 203446K->115410K(502464K), 0.0075070 secs] [Times: user=0.02 sys=0.01, real=0.01 secs] 
Heap after GC invocations=281 (full 2):
 par new generation   total 109248K, used 11924K [0x00000000e0000000, 0x00000000e8000000, 0x00000000e8000000)
  eden space 87424K,   0% used [0x00000000e0000000, 0x00000000e0000000, 0x00000000e5560000)
  from space 21824K,  54% used [0x00000000e6ab0000, 0x00000000e7655360, 0x00000000e8000000)
  to   space 21824K,   0% used [0x00000000e5560000, 0x00000000e5560000, 0x00000000e6ab0000)
 concurrent mark-sweep generation total 393216K, used 103486K [0x00000000e8000000, 0x0000000100000000, 0x0000000100000000)
 Metaspace       used 40000K, capacity 41120K, committed 41412K, reserved 1085440K
  class space    used 4619K, capacity 4894K, committed 4912K, reserved 1048576K
}
2018-03-21T05:59:59.255-0500: 936.146: Total time for which application threads were stopped: 0.0077719 seconds, Stopping threads took: 0.0000318 seconds
{Heap before GC invocations=281 (full 2):
 par new generation   total 109248K, used 99348K [0x00000000e0000000, 0x00000000e8000000, 0x00000000e8000000)
  eden space 87424K, 100% used [0x00000000e0000000, 0x00000000e5560000, 0x00000000e5560000)
  from space 21824K,  54% used [0x00000000e6ab0000, 0x00000000e7655360, 0x00000000e8000000)
  to   space 21824K,   0% used [0x00000000e5560000, 0x00000000e5560000, 0x00000000e6ab0000)
 concurrent mark-sweep generation total 393216K, used 103486K [0x00000000e8000000, 0x0000000100000000, 0x0000000100000000)
 Metaspace       used 40000K, capacity 41120K, committed 41412K, reserved 1085440K
  class space    used 4619K, capacity 4894K, committed 4912K, reserved 1048576K
2018-03-21T05:59:59.652-0500: 936.543: [GC (Allocation Failure) 2018-03-21T05:59:59.652-0500: 936.543: [ParNew
Desired survivor size 20112992 bytes, new threshold 8 (max 8)
- age   1:    3803560 bytes,    3803560 total
- age   2:    2092304 bytes,    5895864 total
- age   3:     657424 bytes,    6553288 total
- age   4:     667976 bytes,    7221264 total
- age   5:     432408 bytes,    7653672 total
- age   6:     636480 bytes,    8290152 total
- age   7:     502824 bytes,    8792976 total
- age   8:     542072 bytes,    9335048 total
: 99348K->11660K(109248K), 0.0049061 secs] 202834K->115748K(502464K), 0.0049859 secs] [Times: user=0.02 sys=0.00, real=0.00 secs] 
Heap after GC invocations=282 (full 2):
 par new generation   total 109248K, used 11660K [0x00000000e0000000, 0x00000000e8000000, 0x00000000e8000000)
  eden space 87424K,   0% used [0x00000000e0000000, 0x00000000e0000000, 0x00000000e5560000)
  from space 21824K,  53% used [0x00000000e5560000, 0x00000000e60c3398, 0x00000000e6ab0000)
  to   space 21824K,   0% used [0x00000000e6ab0000, 0x00000000e6ab0000, 0x00000000e8000000)
 concurrent mark-sweep generation total 393216K, used 104087K [0x00000000e8000000, 0x0000000100000000, 0x0000000100000000)
 Metaspace       used 40000K, capacity 41120K, committed 41412K, reserved 1085440K
  class space    used 4619K, capacity 4894K, committed 4912K, reserved 1048576K
}
2018-03-21T05:59:59.657-0500: 936.548: Total time for which application threads were stopped: 0.0051678 seconds, Stopping threads took: 0.0000210 seconds
{Heap before GC invocations=282 (full 2):
 par new generation   total 109248K, used 99084K [0x00000000e0000000, 0x00000000e8000000, 0x00000000e8000000)
  eden space 87424K, 100% used [0x00000000e0000000, 0x00000000e5560000, 0x00000000e5560000)
  from space 21824K,  53% used [0x00000000e5560000, 0x00000000e60c3398, 0x00000000e6ab0000)
  to   space 21824K,   0% used [0x00000000e6ab0000, 0x00000000e6ab0000, 0x00000000e8000000)
 concurrent mark-sweep generation total 393216K, used 104087K [0x00000000e8000000, 0x0000000100000000, 0x0000000100000000)
 Metaspace       used 40006K, capacity 41120K, committed 41412K, reserved 1085440K
  class space    used 4619K, capacity 4894K, committed 4912K, reserved 1048576K
2018-03-21T06:00:00.029-0500: 936.920: [GC (Allocation Failure) 2018-03-21T06:00:00.029-0500: 936.920: [ParNew
Desired survivor size 20112992 bytes, new threshold 8 (max 8)
- age   1:    4666320 bytes,    4666320 total
- age   2:    2662696 bytes,    7329016 total
- age   3:    1782224 bytes,    9111240 total
- age   4:     657424 bytes,    9768664 total
- age   5:     667976 bytes,   10436640 total
- age   6:     432408 bytes,   10869048 total
- age   7:     636480 bytes,   11505528 total
- age   8:     502824 bytes,   12008352 total
: 99084K->13530K(109248K), 0.0059804 secs] 203172K->118146K(502464K), 0.0060791 secs] [Times: user=0.02 sys=0.00, real=0.01 secs] 
Heap after GC invocations=283 (full 2):
 par new generation   total 109248K, used 13530K [0x00000000e0000000, 0x00000000e8000000, 0x00000000e8000000)
  eden space 87424K,   0% used [0x00000000e0000000, 0x00000000e0000000, 0x00000000e5560000)
  from space 21824K,  61% used [0x00000000e6ab0000, 0x00000000e77e6960, 0x00000000e8000000)
  to   space 21824K,   0% used [0x00000000e5560000, 0x00000000e5560000, 0x00000000e6ab0000)
 concurrent mark-sweep generation total 393216K, used 104616K [0x00000000e8000000, 0x0000000100000000, 0x0000000100000000)
 Metaspace       used 40006K, capacity 41120K, committed 41412K, reserved 1085440K
  class space    used 4619K, capacity 4894K, committed 4912K, reserved 1048576K
}
2018-03-21T06:00:00.035-0500: 936.926: Total time for which application threads were stopped: 0.0063377 seconds, Stopping threads took: 0.0000421 seconds
{Heap before GC invocations=283 (full 2):
 par new generation   total 109248K, used 100954K [0x00000000e0000000, 0x00000000e8000000, 0x00000000e8000000)
  eden space 87424K, 100% used [0x00000000e0000000, 0x00000000e5560000, 0x00000000e5560000)
  from space 21824K,  61% used [0x00000000e6ab0000, 0x00000000e77e6960, 0x00000000e8000000)
  to   space 21824K,   0% used [0x00000000e5560000, 0x00000000e5560000, 0x00000000e6ab0000)
 concurrent mark-sweep generation total 393216K, used 104616K [0x00000000e8000000, 0x0000000100000000, 0x0000000100000000)
 Metaspace       used 40006K, capacity 41120K, committed 41412K, reserved 1085440K
  class space    used 4619K, capacity 4894K, committed 4912K, reserved 1048576K
2018-03-21T06:00:00.348-0500: 937.238: [GC (Allocation Failure) 2018-03-21T06:00:00.348-0500: 937.238: [ParNew
Desired survivor size 20112992 bytes, new threshold 8 (max 8)
- age   1:    2541352 bytes,    2541352 total
- age   2:    1458584 bytes,    3999936 total
- age   3:     672880 bytes,    4672816 total
- age   4:     468656 bytes,    5141472 total
- age   5:     657424 bytes,    5798896 total
- age   6:     667416 bytes,    6466312 total
- age   7:     432408 bytes,    6898720 total
- age   8:     636480 bytes,    7535200 total
: 100954K->13410K(109248K), 0.0071078 secs] 205570K->118518K(502464K), 0.0072248 secs] [Times: user=0.02 sys=0.01, real=0.01 secs] 
Heap after GC invocations=284 (full 2):
 par new generation   total 109248K, used 13410K [0x00000000e0000000, 0x00000000e8000000, 0x00000000e8000000)
  eden space 87424K,   0% used [0x00000000e0000000, 0x00000000e0000000, 0x00000000e5560000)
  from space 21824K,  61% used [0x00000000e5560000, 0x00000000e62788a0, 0x00000000e6ab0000)
  to   space 21824K,   0% used [0x00000000e6ab0000, 0x00000000e6ab0000, 0x00000000e8000000)
 concurrent mark-sweep generation total 393216K, used 105108K [0x00000000e8000000, 0x0000000100000000, 0x0000000100000000)
 Metaspace       used 40006K, capacity 41120K, committed 41412K, reserved 1085440K
  class space    used 4619K, capacity 4894K, committed 4912K, reserved 1048576K
}
2018-03-21T06:00:00.355-0500: 937.246: Total time for which application threads were stopped: 0.0074354 seconds, Stopping threads took: 0.0000241 seconds
{Heap before GC invocations=284 (full 2):
 par new generation   total 109248K, used 100834K [0x00000000e0000000, 0x00000000e8000000, 0x00000000e8000000)
  eden space 87424K, 100% used [0x00000000e0000000, 0x00000000e5560000, 0x00000000e5560000)
  from space 21824K,  61% used [0x00000000e5560000, 0x00000000e62788a0, 0x00000000e6ab0000)
  to   space 21824K,   0% used [0x00000000e6ab0000, 0x00000000e6ab0000, 0x00000000e8000000)
 concurrent mark-sweep generation total 393216K, used 105108K [0x00000000e8000000, 0x0000000100000000, 0x0000000100000000)
 Metaspace       used 40006K, capacity 41120K, committed 41412K, reserved 1085440K
  class space    used 4619K, capacity 4894K, committed 4912K, reserved 1048576K
2018-03-21T06:00:00.752-0500: 937.643: [GC (Allocation Failure) 2018-03-21T06:00:00.752-0500: 937.643: [ParNew
Desired survivor size 20112992 bytes, new threshold 8 (max 8)
- age   1:    3800264 bytes,    3800264 total
- age   2:    1926048 bytes,    5726312 total
- age   3:    1440280 bytes,    7166592 total
- age   4:     672880 bytes,    7839472 total
- age   5:     467744 bytes,    8307216 total
- age   6:     657424 bytes,    8964640 total
- age   7:     667416 bytes,    9632056 total
- age   8:     432408 bytes,   10064464 total
: 100834K->12182K(109248K), 0.0058093 secs] 205942K->117912K(502464K), 0.0059093 secs] [Times: user=0.02 sys=0.00, real=0.01 secs] 
Heap after GC invocations=285 (full 2):
 par new generation   total 109248K, used 12182K [0x00000000e0000000, 0x00000000e8000000, 0x00000000e8000000)
  eden space 87424K,   0% used [0x00000000e0000000, 0x00000000e0000000, 0x00000000e5560000)
  from space 21824K,  55% used [0x00000000e6ab0000, 0x00000000e7695ae0, 0x00000000e8000000)
  to   space 21824K,   0% used [0x00000000e5560000, 0x00000000e5560000, 0x00000000e6ab0000)
 concurrent mark-sweep generation total 393216K, used 105729K [0x00000000e8000000, 0x0000000100000000, 0x0000000100000000)
 Metaspace       used 40006K, capacity 41120K, committed 41412K, reserved 1085440K
  class space    used 4619K, capacity 4894K, committed 4912K, reserved 1048576K
}
2018-03-21T06:00:00.758-0500: 937.649: Total time for which application threads were stopped: 0.0061459 seconds, Stopping threads took: 0.0000279 seconds
2018-03-21T06:00:00.955-0500: 937.845: Total time for which application threads were stopped: 0.0001940 seconds, Stopping threads took: 0.0000499 seconds
2018-03-21T06:00:00.955-0500: 937.846: Total time for which application threads were stopped: 0.0001308 seconds, Stopping threads took: 0.0000338 seconds
2018-03-21T06:00:00.956-0500: 937.846: Total time for which application threads were stopped: 0.0001529 seconds, Stopping threads took: 0.0000235 seconds
2018-03-21T06:00:00.956-0500: 937.847: Total time for which application threads were stopped: 0.0002521 seconds, Stopping threads took: 0.0001174 seconds
2018-03-21T06:00:00.956-0500: 937.847: Total time for which application threads were stopped: 0.0002135 seconds, Stopping threads took: 0.0001044 seconds
2018-03-21T06:00:00.957-0500: 937.847: Total time for which application threads were stopped: 0.0001286 seconds, Stopping threads took: 0.0000489 seconds
2018-03-21T06:00:00.983-0500: 937.874: Total time for which application threads were stopped: 0.0004352 seconds, Stopping threads took: 0.0000325 seconds
2018-03-21T06:00:00.983-0500: 937.874: Total time for which application threads were stopped: 0.0001536 seconds, Stopping threads took: 0.0000144 seconds
2018-03-21T06:00:01.027-0500: 937.918: Total time for which application threads were stopped: 0.0002228 seconds, Stopping threads took: 0.0000807 seconds
2018-03-21T06:00:01.029-0500: 937.919: Total time for which application threads were stopped: 0.0002663 seconds, Stopping threads took: 0.0000725 seconds
2018-03-21T06:00:01.034-0500: 937.925: Total time for which application threads were stopped: 0.0001876 seconds, Stopping threads took: 0.0000634 seconds
{Heap before GC invocations=285 (full 2):
 par new generation   total 109248K, used 99606K [0x00000000e0000000, 0x00000000e8000000, 0x00000000e8000000)
  eden space 87424K, 100% used [0x00000000e0000000, 0x00000000e5560000, 0x00000000e5560000)
  from space 21824K,  55% used [0x00000000e6ab0000, 0x00000000e7695ae0, 0x00000000e8000000)
  to   space 21824K,   0% used [0x00000000e5560000, 0x00000000e5560000, 0x00000000e6ab0000)
 concurrent mark-sweep generation total 393216K, used 105729K [0x00000000e8000000, 0x0000000100000000, 0x0000000100000000)
 Metaspace       used 40015K, capacity 41120K, committed 41412K, reserved 1085440K
  class space    used 4619K, capacity 4894K, committed 4912K, reserved 1048576K
2018-03-21T06:00:01.083-0500: 937.973: [GC (Allocation Failure) 2018-03-21T06:00:01.083-0500: 937.973: [ParNew
Desired survivor size 20112992 bytes, new threshold 8 (max 8)
- age   1:    4605384 bytes,    4605384 total
- age   2:    2319288 bytes,    6924672 total
- age   3:    1590072 bytes,    8514744 total
- age   4:     753632 bytes,    9268376 total
- age   5:     672880 bytes,    9941256 total
- age   6:     467688 bytes,   10408944 total
- age   7:     657424 bytes,   11066368 total
- age   8:     667384 bytes,   11733752 total
: 99606K->16756K(109248K), 0.0063357 secs] 205336K->122908K(502464K), 0.0064174 secs] [Times: user=0.02 sys=0.00, real=0.00 secs] 
Heap after GC invocations=286 (full 2):
 par new generation   total 109248K, used 16756K [0x00000000e0000000, 0x00000000e8000000, 0x00000000e8000000)
  eden space 87424K,   0% used [0x00000000e0000000, 0x00000000e0000000, 0x00000000e5560000)
  from space 21824K,  76% used [0x00000000e5560000, 0x00000000e65bd2c0, 0x00000000e6ab0000)
  to   space 21824K,   0% used [0x00000000e6ab0000, 0x00000000e6ab0000, 0x00000000e8000000)
 concurrent mark-sweep generation total 393216K, used 106151K [0x00000000e8000000, 0x0000000100000000, 0x0000000100000000)
 Metaspace       used 40015K, capacity 41120K, committed 41412K, reserved 1085440K
  class space    used 4619K, capacity 4894K, committed 4912K, reserved 1048576K
}
2018-03-21T06:00:01.089-0500: 937.980: Total time for which application threads were stopped: 0.0066703 seconds, Stopping threads took: 0.0000782 seconds
{Heap before GC invocations=286 (full 2):
 par new generation   total 109248K, used 104180K [0x00000000e0000000, 0x00000000e8000000, 0x00000000e8000000)
  eden space 87424K, 100% used [0x00000000e0000000, 0x00000000e5560000, 0x00000000e5560000)
  from space 21824K,  76% used [0x00000000e5560000, 0x00000000e65bd2c0, 0x00000000e6ab0000)
  to   space 21824K,   0% used [0x00000000e6ab0000, 0x00000000e6ab0000, 0x00000000e8000000)
 concurrent mark-sweep generation total 393216K, used 106151K [0x00000000e8000000, 0x0000000100000000, 0x0000000100000000)
 Metaspace       used 40016K, capacity 41120K, committed 41412K, reserved 1085440K
  class space    used 4619K, capacity 4894K, committed 4912K, reserved 1048576K
2018-03-21T06:00:01.284-0500: 938.174: [GC (Allocation Failure) 2018-03-21T06:00:01.284-0500: 938.175: [ParNew
Desired survivor size 20112992 bytes, new threshold 8 (max 8)
- age   1:    3634432 bytes,    3634432 total
- age   2:    2567008 bytes,    6201440 total
- age   3:     565760 bytes,    6767200 total
- age   4:     453000 bytes,    7220200 total
- age   5:     569688 bytes,    7789888 total
- age   6:     672880 bytes,    8462768 total
- age   7:     467016 bytes,    8929784 total
- age   8:     657424 bytes,    9587208 total
: 104180K->12783K(109248K), 0.0054511 secs] 210332K->119586K(502464K), 0.0055727 secs] [Times: user=0.02 sys=0.00, real=0.00 secs] 
Heap after GC invocations=287 (full 2):
 par new generation   total 109248K, used 12783K [0x00000000e0000000, 0x00000000e8000000, 0x00000000e8000000)
  eden space 87424K,   0% used [0x00000000e0000000, 0x00000000e0000000, 0x00000000e5560000)
  from space 21824K,  58% used [0x00000000e6ab0000, 0x00000000e772bcc0, 0x00000000e8000000)
  to   space 21824K,   0% used [0x00000000e5560000, 0x00000000e5560000, 0x00000000e6ab0000)
 concurrent mark-sweep generation total 393216K, used 106803K [0x00000000e8000000, 0x0000000100000000, 0x0000000100000000)
 Metaspace       used 40016K, capacity 41120K, committed 41412K, reserved 1085440K
  class space    used 4619K, capacity 4894K, committed 4912K, reserved 1048576K
}
2018-03-21T06:00:01.290-0500: 938.180: Total time for which application threads were stopped: 0.0058412 seconds, Stopping threads took: 0.0000434 seconds
{Heap before GC invocations=287 (full 2):
 par new generation   total 109248K, used 100207K [0x00000000e0000000, 0x00000000e8000000, 0x00000000e8000000)
  eden space 87424K, 100% used [0x00000000e0000000, 0x00000000e5560000, 0x00000000e5560000)
  from space 21824K,  58% used [0x00000000e6ab0000, 0x00000000e772bcc0, 0x00000000e8000000)
  to   space 21824K,   0% used [0x00000000e5560000, 0x00000000e5560000, 0x00000000e6ab0000)
 concurrent mark-sweep generation total 393216K, used 106803K [0x00000000e8000000, 0x0000000100000000, 0x0000000100000000)
 Metaspace       used 40016K, capacity 41120K, committed 41412K, reserved 1085440K
  class space    used 4619K, capacity 4894K, committed 4912K, reserved 1048576K
2018-03-21T06:00:01.506-0500: 938.396: [GC (Allocation Failure) 2018-03-21T06:00:01.506-0500: 938.396: [ParNew
Desired survivor size 20112992 bytes, new threshold 8 (max 8)
- age   1:    4621888 bytes,    4621888 total
- age   2:    2670176 bytes,    7292064 total
- age   3:    2567608 bytes,    9859672 total
- age   4:     565760 bytes,   10425432 total
- age   5:     452088 bytes,   10877520 total
- age   6:     569688 bytes,   11447208 total
- age   7:     672880 bytes,   12120088 total
- age   8:     467016 bytes,   12587104 total
: 100207K->14045K(109248K), 0.0068208 secs] 207010K->121491K(502464K), 0.0069096 secs] [Times: user=0.03 sys=0.00, real=0.01 secs] 
Heap after GC invocations=288 (full 2):
 par new generation   total 109248K, used 14045K [0x00000000e0000000, 0x00000000e8000000, 0x00000000e8000000)
  eden space 87424K,   0% used [0x00000000e0000000, 0x00000000e0000000, 0x00000000e5560000)
  from space 21824K,  64% used [0x00000000e5560000, 0x00000000e6317680, 0x00000000e6ab0000)
  to   space 21824K,   0% used [0x00000000e6ab0000, 0x00000000e6ab0000, 0x00000000e8000000)
 concurrent mark-sweep generation total 393216K, used 107445K [0x00000000e8000000, 0x0000000100000000, 0x0000000100000000)
 Metaspace       used 40016K, capacity 41120K, committed 41412K, reserved 1085440K
  class space    used 4619K, capacity 4894K, committed 4912K, reserved 1048576K
}
2018-03-21T06:00:01.512-0500: 938.403: Total time for which application threads were stopped: 0.0071525 seconds, Stopping threads took: 0.0000395 seconds
{Heap before GC invocations=288 (full 2):
 par new generation   total 109248K, used 101469K [0x00000000e0000000, 0x00000000e8000000, 0x00000000e8000000)
  eden space 87424K, 100% used [0x00000000e0000000, 0x00000000e5560000, 0x00000000e5560000)
  from space 21824K,  64% used [0x00000000e5560000, 0x00000000e6317680, 0x00000000e6ab0000)
  to   space 21824K,   0% used [0x00000000e6ab0000, 0x00000000e6ab0000, 0x00000000e8000000)
 concurrent mark-sweep generation total 393216K, used 107445K [0x00000000e8000000, 0x0000000100000000, 0x0000000100000000)
 Metaspace       used 40016K, capacity 41120K, committed 41412K, reserved 1085440K
  class space    used 4619K, capacity 4894K, committed 4912K, reserved 1048576K
2018-03-21T06:00:01.727-0500: 938.617: [GC (Allocation Failure) 2018-03-21T06:00:01.727-0500: 938.618: [ParNew
Desired survivor size 20112992 bytes, new threshold 8 (max 8)
- age   1:    4748080 bytes,    4748080 total
- age   2:    3413008 bytes,    8161088 total
- age   3:    2672144 bytes,   10833232 total
- age   4:    2567976 bytes,   13401208 total
- age   5:     565760 bytes,   13966968 total
- age   6:     452088 bytes,   14419056 total
- age   7:     569688 bytes,   14988744 total
- age   8:     672880 bytes,   15661624 total
: 101469K->20952K(109248K), 0.0079662 secs] 208915K->128854K(502464K), 0.0080750 secs] [Times: user=0.03 sys=0.00, real=0.01 secs] 
Heap after GC invocations=289 (full 2):
 par new generation   total 109248K, used 20952K [0x00000000e0000000, 0x00000000e8000000, 0x00000000e8000000)
  eden space 87424K,   0% used [0x00000000e0000000, 0x00000000e0000000, 0x00000000e5560000)
  from space 21824K,  96% used [0x00000000e6ab0000, 0x00000000e7f26300, 0x00000000e8000000)
  to   space 21824K,   0% used [0x00000000e5560000, 0x00000000e5560000, 0x00000000e6ab0000)
 concurrent mark-sweep generation total 393216K, used 107901K [0x00000000e8000000, 0x0000000100000000, 0x0000000100000000)
 Metaspace       used 40016K, capacity 41120K, committed 41412K, reserved 1085440K
  class space    used 4619K, capacity 4894K, committed 4912K, reserved 1048576K
}
2018-03-21T06:00:01.735-0500: 938.626: Total time for which application threads were stopped: 0.0083746 seconds, Stopping threads took: 0.0000727 seconds
{Heap before GC invocations=289 (full 2):
 par new generation   total 109248K, used 108376K [0x00000000e0000000, 0x00000000e8000000, 0x00000000e8000000)
  eden space 87424K, 100% used [0x00000000e0000000, 0x00000000e5560000, 0x00000000e5560000)
  from space 21824K,  96% used [0x00000000e6ab0000, 0x00000000e7f26300, 0x00000000e8000000)
  to   space 21824K,   0% used [0x00000000e5560000, 0x00000000e5560000, 0x00000000e6ab0000)
 concurrent mark-sweep generation total 393216K, used 107901K [0x00000000e8000000, 0x0000000100000000, 0x0000000100000000)
 Metaspace       used 40016K, capacity 41120K, committed 41412K, reserved 1085440K
  class space    used 4619K, capacity 4894K, committed 4912K, reserved 1048576K
2018-03-21T06:00:01.989-0500: 938.880: [GC (Allocation Failure) 2018-03-21T06:00:01.989-0500: 938.880: [ParNew
Desired survivor size 20112992 bytes, new threshold 8 (max 8)
- age   1:    5350952 bytes,    5350952 total
- age   2:    3293560 bytes,    8644512 total
- age   3:    3178008 bytes,   11822520 total
- age   4:    2626624 bytes,   14449144 total
- age   5:    2567400 bytes,   17016544 total
- age   6:     565760 bytes,   17582304 total
- age   7:     452088 bytes,   18034392 total
- age   8:     569688 bytes,   18604080 total
: 108376K->21824K(109248K), 0.0086337 secs] 216278K->130382K(502464K), 0.0087161 secs] [Times: user=0.04 sys=0.00, real=0.02 secs] 
Heap after GC invocations=290 (full 2):
 par new generation   total 109248K, used 21824K [0x00000000e0000000, 0x00000000e8000000, 0x00000000e8000000)
  eden space 87424K,   0% used [0x00000000e0000000, 0x00000000e0000000, 0x00000000e5560000)
  from space 21824K, 100% used [0x00000000e5560000, 0x00000000e6ab0000, 0x00000000e6ab0000)
  to   space 21824K,   0% used [0x00000000e6ab0000, 0x00000000e6ab0000, 0x00000000e8000000)
 concurrent mark-sweep generation total 393216K, used 108558K [0x00000000e8000000, 0x0000000100000000, 0x0000000100000000)
 Metaspace       used 40016K, capacity 41120K, committed 41412K, reserved 1085440K
  class space    used 4619K, capacity 4894K, committed 4912K, reserved 1048576K
}
2018-03-21T06:00:01.998-0500: 938.889: Total time for which application threads were stopped: 0.0089597 seconds, Stopping threads took: 0.0000558 seconds
2018-03-21T06:00:02.137-0500: 939.028: Total time for which application threads were stopped: 0.0002293 seconds, Stopping threads took: 0.0000598 seconds
2018-03-21T06:00:02.138-0500: 939.029: Total time for which application threads were stopped: 0.0006304 seconds, Stopping threads took: 0.0005129 seconds
2018-03-21T06:00:02.157-0500: 939.048: Total time for which application threads were stopped: 0.0002100 seconds, Stopping threads took: 0.0000587 seconds
{Heap before GC invocations=290 (full 2):
 par new generation   total 109248K, used 109248K [0x00000000e0000000, 0x00000000e8000000, 0x00000000e8000000)
  eden space 87424K, 100% used [0x00000000e0000000, 0x00000000e5560000, 0x00000000e5560000)
  from space 21824K, 100% used [0x00000000e5560000, 0x00000000e6ab0000, 0x00000000e6ab0000)
  to   space 21824K,   0% used [0x00000000e6ab0000, 0x00000000e6ab0000, 0x00000000e8000000)
 concurrent mark-sweep generation total 393216K, used 108558K [0x00000000e8000000, 0x0000000100000000, 0x0000000100000000)
 Metaspace       used 40023K, capacity 41120K, committed 41412K, reserved 1085440K
  class space    used 4619K, capacity 4894K, committed 4912K, reserved 1048576K
2018-03-21T06:00:02.177-0500: 939.067: [GC (Allocation Failure) 2018-03-21T06:00:02.177-0500: 939.067: [ParNew
Desired survivor size 20112992 bytes, new threshold 8 (max 8)
- age   1:    3123960 bytes,    3123960 total
- age   2:     686792 bytes,    3810752 total
- age   3:     689520 bytes,    4500272 total
- age   4:     690560 bytes,    5190832 total
- age   5:     585072 bytes,    5775904 total
- age   6:     729352 bytes,    6505256 total
- age   7:     565760 bytes,    7071016 total
- age   8:     451368 bytes,    7522384 total
: 109248K->15678K(109248K), 0.0039684 secs] 217806K->124793K(502464K), 0.0040501 secs] [Times: user=0.01 sys=0.00, real=0.01 secs] 
Heap after GC invocations=291 (full 2):
 par new generation   total 109248K, used 15678K [0x00000000e0000000, 0x00000000e8000000, 0x00000000e8000000)
  eden space 87424K,   0% used [0x00000000e0000000, 0x00000000e0000000, 0x00000000e5560000)
  from space 21824K,  71% used [0x00000000e6ab0000, 0x00000000e79ff9a0, 0x00000000e8000000)
  to   space 21824K,   0% used [0x00000000e5560000, 0x00000000e5560000, 0x00000000e6ab0000)
 concurrent mark-sweep generation total 393216K, used 109115K [0x00000000e8000000, 0x0000000100000000, 0x0000000100000000)
 Metaspace       used 40023K, capacity 41120K, committed 41412K, reserved 1085440K
  class space    used 4619K, capacity 4894K, committed 4912K, reserved 1048576K
}
2018-03-21T06:00:02.181-0500: 939.071: Total time for which application threads were stopped: 0.0042864 seconds, Stopping threads took: 0.0000615 seconds
{Heap before GC invocations=291 (full 2):
 par new generation   total 109248K, used 103102K [0x00000000e0000000, 0x00000000e8000000, 0x00000000e8000000)
  eden space 87424K, 100% used [0x00000000e0000000, 0x00000000e5560000, 0x00000000e5560000)
  from space 21824K,  71% used [0x00000000e6ab0000, 0x00000000e79ff9a0, 0x00000000e8000000)
  to   space 21824K,   0% used [0x00000000e5560000, 0x00000000e5560000, 0x00000000e6ab0000)
 concurrent mark-sweep generation total 393216K, used 109115K [0x00000000e8000000, 0x0000000100000000, 0x0000000100000000)
 Metaspace       used 40023K, capacity 41120K, committed 41412K, reserved 1085440K
  class space    used 4619K, capacity 4894K, committed 4912K, reserved 1048576K
2018-03-21T06:00:02.373-0500: 939.263: [GC (Allocation Failure) 2018-03-21T06:00:02.373-0500: 939.263: [ParNew
Desired survivor size 20112992 bytes, new threshold 8 (max 8)
- age   1:    3271384 bytes,    3271384 total
- age   2:    2609184 bytes,    5880568 total
- age   3:     686792 bytes,    6567360 total
- age   4:     689520 bytes,    7256880 total
- age   5:     690560 bytes,    7947440 total
- age   6:     584160 bytes,    8531600 total
- age   7:     729352 bytes,    9260952 total
- age   8:     565760 bytes,    9826712 total
: 103102K->13212K(109248K), 0.0051305 secs] 212217K->122768K(502464K), 0.0052022 secs] [Times: user=0.02 sys=0.01, real=0.01 secs] 
Heap after GC invocations=292 (full 2):
 par new generation   total 109248K, used 13212K [0x00000000e0000000, 0x00000000e8000000, 0x00000000e8000000)
  eden space 87424K,   0% used [0x00000000e0000000, 0x00000000e0000000, 0x00000000e5560000)
  from space 21824K,  60% used [0x00000000e5560000, 0x00000000e62471b0, 0x00000000e6ab0000)
  to   space 21824K,   0% used [0x00000000e6ab0000, 0x00000000e6ab0000, 0x00000000e8000000)
 concurrent mark-sweep generation total 393216K, used 109556K [0x00000000e8000000, 0x0000000100000000, 0x0000000100000000)
 Metaspace       used 40023K, capacity 41120K, committed 41412K, reserved 1085440K
  class space    used 4619K, capacity 4894K, committed 4912K, reserved 1048576K
}
2018-03-21T06:00:02.378-0500: 939.269: Total time for which application threads were stopped: 0.0054612 seconds, Stopping threads took: 0.0000695 seconds
{Heap before GC invocations=292 (full 2):
 par new generation   total 109248K, used 100626K [0x00000000e0000000, 0x00000000e8000000, 0x00000000e8000000)
  eden space 87424K,  99% used [0x00000000e0000000, 0x00000000e555d880, 0x00000000e5560000)
  from space 21824K,  60% used [0x00000000e5560000, 0x00000000e62471b0, 0x00000000e6ab0000)
  to   space 21824K,   0% used [0x00000000e6ab0000, 0x00000000e6ab0000, 0x00000000e8000000)
 concurrent mark-sweep generation total 393216K, used 109556K [0x00000000e8000000, 0x0000000100000000, 0x0000000100000000)
 Metaspace       used 40023K, capacity 41120K, committed 41412K, reserved 1085440K
  class space    used 4619K, capacity 4894K, committed 4912K, reserved 1048576K
2018-03-21T06:00:02.584-0500: 939.474: [GC (Allocation Failure) 2018-03-21T06:00:02.584-0500: 939.474: [ParNew
Desired survivor size 20112992 bytes, new threshold 8 (max 8)
- age   1:    4155952 bytes,    4155952 total
- age   2:    2349056 bytes,    6505008 total
- age   3:    2525344 bytes,    9030352 total
- age   4:     686792 bytes,    9717144 total
- age   5:     689520 bytes,   10406664 total
- age   6:     690560 bytes,   11097224 total
- age   7:     584160 bytes,   11681384 total
- age   8:     729352 bytes,   12410736 total
: 100626K->14759K(109248K), 0.0062397 secs] 210183K->124868K(502464K), 0.0063368 secs] [Times: user=0.02 sys=0.01, real=0.01 secs] 
Heap after GC invocations=293 (full 2):
 par new generation   total 109248K, used 14759K [0x00000000e0000000, 0x00000000e8000000, 0x00000000e8000000)
  eden space 87424K,   0% used [0x00000000e0000000, 0x00000000e0000000, 0x00000000e5560000)
  from space 21824K,  67% used [0x00000000e6ab0000, 0x00000000e7919ee0, 0x00000000e8000000)
  to   space 21824K,   0% used [0x00000000e5560000, 0x00000000e5560000, 0x00000000e6ab0000)
 concurrent mark-sweep generation total 393216K, used 110108K [0x00000000e8000000, 0x0000000100000000, 0x0000000100000000)
 Metaspace       used 40023K, capacity 41120K, committed 41412K, reserved 1085440K
  class space    used 4619K, capacity 4894K, committed 4912K, reserved 1048576K
}
2018-03-21T06:00:02.590-0500: 939.481: Total time for which application threads were stopped: 0.0066291 seconds, Stopping threads took: 0.0000663 seconds
{Heap before GC invocations=293 (full 2):
 par new generation   total 109248K, used 102183K [0x00000000e0000000, 0x00000000e8000000, 0x00000000e8000000)
  eden space 87424K, 100% used [0x00000000e0000000, 0x00000000e5560000, 0x00000000e5560000)
  from space 21824K,  67% used [0x00000000e6ab0000, 0x00000000e7919ee0, 0x00000000e8000000)
  to   space 21824K,   0% used [0x00000000e5560000, 0x00000000e5560000, 0x00000000e6ab0000)
 concurrent mark-sweep generation total 393216K, used 110108K [0x00000000e8000000, 0x0000000100000000, 0x0000000100000000)
 Metaspace       used 40023K, capacity 41120K, committed 41412K, reserved 1085440K
  class space    used 4619K, capacity 4894K, committed 4912K, reserved 1048576K
2018-03-21T06:00:02.800-0500: 939.691: [GC (Allocation Failure) 2018-03-21T06:00:02.800-0500: 939.691: [ParNew
Desired survivor size 20112992 bytes, new threshold 8 (max 8)
- age   1:    3642368 bytes,    3642368 total
- age   2:    2883960 bytes,    6526328 total
- age   3:    2308960 bytes,    8835288 total
- age   4:    2525016 bytes,   11360304 total
- age   5:     686792 bytes,   12047096 total
- age   6:     689520 bytes,   12736616 total
- age   7:     690560 bytes,   13427176 total
- age   8:     584160 bytes,   14011336 total
: 102183K->20631K(109248K), 0.0085728 secs] 212292K->131452K(502464K), 0.0086653 secs] [Times: user=0.03 sys=0.00, real=0.00 secs] 
Heap after GC invocations=294 (full 2):
 par new generation   total 109248K, used 20631K [0x00000000e0000000, 0x00000000e8000000, 0x00000000e8000000)
  eden space 87424K,   0% used [0x00000000e0000000, 0x00000000e0000000, 0x00000000e5560000)
  from space 21824K,  94% used [0x00000000e5560000, 0x00000000e6985c00, 0x00000000e6ab0000)
  to   space 21824K,   0% used [0x00000000e6ab0000, 0x00000000e6ab0000, 0x00000000e8000000)
 concurrent mark-sweep generation total 393216K, used 110821K [0x00000000e8000000, 0x0000000100000000, 0x0000000100000000)
 Metaspace       used 40023K, capacity 41120K, committed 41412K, reserved 1085440K
  class space    used 4619K, capacity 4894K, committed 4912K, reserved 1048576K
}
2018-03-21T06:00:02.809-0500: 939.699: Total time for which application threads were stopped: 0.0089115 seconds, Stopping threads took: 0.0000625 seconds
{Heap before GC invocations=294 (full 2):
 par new generation   total 109248K, used 108055K [0x00000000e0000000, 0x00000000e8000000, 0x00000000e8000000)
  eden space 87424K, 100% used [0x00000000e0000000, 0x00000000e5560000, 0x00000000e5560000)
  from space 21824K,  94% used [0x00000000e5560000, 0x00000000e6985c00, 0x00000000e6ab0000)
  to   space 21824K,   0% used [0x00000000e6ab0000, 0x00000000e6ab0000, 0x00000000e8000000)
 concurrent mark-sweep generation total 393216K, used 110821K [0x00000000e8000000, 0x0000000100000000, 0x0000000100000000)
 Metaspace       used 40023K, capacity 41120K, committed 41412K, reserved 1085440K
  class space    used 4619K, capacity 4894K, committed 4912K, reserved 1048576K
2018-03-21T06:00:02.961-0500: 939.852: [GC (Allocation Failure) 2018-03-21T06:00:02.961-0500: 939.852: [ParNew
Desired survivor size 20112992 bytes, new threshold 8 (max 8)
- age   1:    3446168 bytes,    3446168 total
- age   2:    2405216 bytes,    5851384 total
- age   3:    2676904 bytes,    8528288 total
- age   4:    2154016 bytes,   10682304 total
- age   5:    2529048 bytes,   13211352 total
- age   6:     686792 bytes,   13898144 total
- age   7:     689520 bytes,   14587664 total
- age   8:     690560 bytes,   15278224 total
: 108055K->17998K(109248K), 0.0077431 secs] 218876K->129391K(502464K), 0.0078253 secs] [Times: user=0.03 sys=0.00, real=0.00 secs] 
Heap after GC invocations=295 (full 2):
 par new generation   total 109248K, used 17998K [0x00000000e0000000, 0x00000000e8000000, 0x00000000e8000000)
  eden space 87424K,   0% used [0x00000000e0000000, 0x00000000e0000000, 0x00000000e5560000)
  from space 21824K,  82% used [0x00000000e6ab0000, 0x00000000e7c43b80, 0x00000000e8000000)
  to   space 21824K,   0% used [0x00000000e5560000, 0x00000000e5560000, 0x00000000e6ab0000)
 concurrent mark-sweep generation total 393216K, used 111392K [0x00000000e8000000, 0x0000000100000000, 0x0000000100000000)
 Metaspace       used 40023K, capacity 41120K, committed 41412K, reserved 1085440K
  class space    used 4619K, capacity 4894K, committed 4912K, reserved 1048576K
}
2018-03-21T06:00:02.969-0500: 939.860: Total time for which application threads were stopped: 0.0080743 seconds, Stopping threads took: 0.0000746 seconds
2018-03-21T06:00:03.005-0500: 939.896: Total time for which application threads were stopped: 0.0002435 seconds, Stopping threads took: 0.0000937 seconds
{Heap before GC invocations=295 (full 2):
 par new generation   total 109248K, used 105422K [0x00000000e0000000, 0x00000000e8000000, 0x00000000e8000000)
  eden space 87424K, 100% used [0x00000000e0000000, 0x00000000e5560000, 0x00000000e5560000)
  from space 21824K,  82% used [0x00000000e6ab0000, 0x00000000e7c43b80, 0x00000000e8000000)
  to   space 21824K,   0% used [0x00000000e5560000, 0x00000000e5560000, 0x00000000e6ab0000)
 concurrent mark-sweep generation total 393216K, used 111392K [0x00000000e8000000, 0x0000000100000000, 0x0000000100000000)
 Metaspace       used 40027K, capacity 41120K, committed 41412K, reserved 1085440K
  class space    used 4619K, capacity 4894K, committed 4912K, reserved 1048576K
2018-03-21T06:00:03.243-0500: 940.133: [GC (Allocation Failure) 2018-03-21T06:00:03.243-0500: 940.133: [ParNew
Desired survivor size 20112992 bytes, new threshold 8 (max 8)
- age   1:    3739528 bytes,    3739528 total
- age   2:     771536 bytes,    4511064 total
- age   3:     938232 bytes,    5449296 total
- age   4:     936248 bytes,    6385544 total
- age   5:     851728 bytes,    7237272 total
- age   6:     553944 bytes,    7791216 total
- age   7:     686792 bytes,    8478008 total
- age   8:     689520 bytes,    9167528 total
: 105422K->12649K(109248K), 0.0153692 secs] 216815K->124716K(502464K), 0.0154569 secs] [Times: user=0.06 sys=0.00, real=0.02 secs] 
Heap after GC invocations=296 (full 2):
 par new generation   total 109248K, used 12649K [0x00000000e0000000, 0x00000000e8000000, 0x00000000e8000000)
  eden space 87424K,   0% used [0x00000000e0000000, 0x00000000e0000000, 0x00000000e5560000)
  from space 21824K,  57% used [0x00000000e5560000, 0x00000000e61ba7c0, 0x00000000e6ab0000)
  to   space 21824K,   0% used [0x00000000e6ab0000, 0x00000000e6ab0000, 0x00000000e8000000)
 concurrent mark-sweep generation total 393216K, used 112066K [0x00000000e8000000, 0x0000000100000000, 0x0000000100000000)
 Metaspace       used 40027K, capacity 41120K, committed 41412K, reserved 1085440K
  class space    used 4619K, capacity 4894K, committed 4912K, reserved 1048576K
}
2018-03-21T06:00:03.258-0500: 940.149: Total time for which application threads were stopped: 0.0157339 seconds, Stopping threads took: 0.0000761 seconds
{Heap before GC invocations=296 (full 2):
 par new generation   total 109248K, used 100073K [0x00000000e0000000, 0x00000000e8000000, 0x00000000e8000000)
  eden space 87424K, 100% used [0x00000000e0000000, 0x00000000e5560000, 0x00000000e5560000)
  from space 21824K,  57% used [0x00000000e5560000, 0x00000000e61ba7c0, 0x00000000e6ab0000)
  to   space 21824K,   0% used [0x00000000e6ab0000, 0x00000000e6ab0000, 0x00000000e8000000)
 concurrent mark-sweep generation total 393216K, used 112066K [0x00000000e8000000, 0x0000000100000000, 0x0000000100000000)
 Metaspace       used 40030K, capacity 41120K, committed 41412K, reserved 1085440K
  class space    used 4620K, capacity 4894K, committed 4912K, reserved 1048576K
2018-03-21T06:00:03.588-0500: 940.478: [GC (Allocation Failure) 2018-03-21T06:00:03.588-0500: 940.478: [ParNew
Desired survivor size 20112992 bytes, new threshold 8 (max 8)
- age   1:    4012008 bytes,    4012008 total
- age   2:    2325296 bytes,    6337304 total
- age   3:     369192 bytes,    6706496 total
- age   4:     531192 bytes,    7237688 total
- age   5:     525200 bytes,    7762888 total
- age   6:     468928 bytes,    8231816 total
- age   7:     319800 bytes,    8551616 total
- age   8:     686792 bytes,    9238408 total
: 100073K->13039K(109248K), 0.0075940 secs] 212140K->125779K(502464K), 0.0076736 secs] [Times: user=0.03 sys=0.00, real=0.01 secs] 
Heap after GC invocations=297 (full 2):
 par new generation   total 109248K, used 13039K [0x00000000e0000000, 0x00000000e8000000, 0x00000000e8000000)
  eden space 87424K,   0% used [0x00000000e0000000, 0x00000000e0000000, 0x00000000e5560000)
  from space 21824K,  59% used [0x00000000e6ab0000, 0x00000000e776bdc0, 0x00000000e8000000)
  to   space 21824K,   0% used [0x00000000e5560000, 0x00000000e5560000, 0x00000000e6ab0000)
 concurrent mark-sweep generation total 393216K, used 112740K [0x00000000e8000000, 0x0000000100000000, 0x0000000100000000)
 Metaspace       used 40030K, capacity 41120K, committed 41412K, reserved 1085440K
  class space    used 4620K, capacity 4894K, committed 4912K, reserved 1048576K
}
2018-03-21T06:00:03.596-0500: 940.486: Total time for which application threads were stopped: 0.0079345 seconds, Stopping threads took: 0.0000754 seconds
{Heap before GC invocations=297 (full 2):
 par new generation   total 109248K, used 100463K [0x00000000e0000000, 0x00000000e8000000, 0x00000000e8000000)
  eden space 87424K, 100% used [0x00000000e0000000, 0x00000000e5560000, 0x00000000e5560000)
  from space 21824K,  59% used [0x00000000e6ab0000, 0x00000000e776bdc0, 0x00000000e8000000)
  to   space 21824K,   0% used [0x00000000e5560000, 0x00000000e5560000, 0x00000000e6ab0000)
 concurrent mark-sweep generation total 393216K, used 112740K [0x00000000e8000000, 0x0000000100000000, 0x0000000100000000)
 Metaspace       used 40030K, capacity 41120K, committed 41412K, reserved 1085440K
  class space    used 4620K, capacity 4894K, committed 4912K, reserved 1048576K
2018-03-21T06:00:03.866-0500: 940.756: [GC (Allocation Failure) 2018-03-21T06:00:03.866-0500: 940.756: [ParNew
Desired survivor size 20112992 bytes, new threshold 8 (max 8)
- age   1:    4398760 bytes,    4398760 total
- age   2:    3042608 bytes,    7441368 total
- age   3:    2308192 bytes,    9749560 total
- age   4:     365832 bytes,   10115392 total
- age   5:     531192 bytes,   10646584 total
- age   6:     525200 bytes,   11171784 total
- age   7:     466960 bytes,   11638744 total
- age   8:     295152 bytes,   11933896 total
: 100463K->15027K(109248K), 0.0065708 secs] 213203K->128438K(502464K), 0.0066781 secs] [Times: user=0.03 sys=0.00, real=0.01 secs] 
Heap after GC invocations=298 (full 2):
 par new generation   total 109248K, used 15027K [0x00000000e0000000, 0x00000000e8000000, 0x00000000e8000000)
  eden space 87424K,   0% used [0x00000000e0000000, 0x00000000e0000000, 0x00000000e5560000)
  from space 21824K,  68% used [0x00000000e5560000, 0x00000000e640cea0, 0x00000000e6ab0000)
  to   space 21824K,   0% used [0x00000000e6ab0000, 0x00000000e6ab0000, 0x00000000e8000000)
 concurrent mark-sweep generation total 393216K, used 113410K [0x00000000e8000000, 0x0000000100000000, 0x0000000100000000)
 Metaspace       used 40030K, capacity 41120K, committed 41412K, reserved 1085440K
  class space    used 4620K, capacity 4894K, committed 4912K, reserved 1048576K
}
2018-03-21T06:00:03.872-0500: 940.763: Total time for which application threads were stopped: 0.0069602 seconds, Stopping threads took: 0.0000676 seconds
{Heap before GC invocations=298 (full 2):
 par new generation   total 109248K, used 102451K [0x00000000e0000000, 0x00000000e8000000, 0x00000000e8000000)
  eden space 87424K, 100% used [0x00000000e0000000, 0x00000000e5560000, 0x00000000e5560000)
  from space 21824K,  68% used [0x00000000e5560000, 0x00000000e640cea0, 0x00000000e6ab0000)
  to   space 21824K,   0% used [0x00000000e6ab0000, 0x00000000e6ab0000, 0x00000000e8000000)
 concurrent mark-sweep generation total 393216K, used 113410K [0x00000000e8000000, 0x0000000100000000, 0x0000000100000000)
 Metaspace       used 40032K, capacity 41120K, committed 41412K, reserved 1085440K
  class space    used 4620K, capacity 4894K, committed 4912K, reserved 1048576K
2018-03-21T06:00:04.097-0500: 940.988: [GC (Allocation Failure) 2018-03-21T06:00:04.097-0500: 940.988: [ParNew
Desired survivor size 20112992 bytes, new threshold 8 (max 8)
- age   1:    4066384 bytes,    4066384 total
- age   2:    2583648 bytes,    6650032 total
- age   3:    2466040 bytes,    9116072 total
- age   4:     974656 bytes,   10090728 total
- age   5:     365832 bytes,   10456560 total
- age   6:     531192 bytes,   10987752 total
- age   7:     525200 bytes,   11512952 total
- age   8:     466960 bytes,   11979912 total
: 102451K->15416K(109248K), 0.0077591 secs] 215862K->129117K(502464K), 0.0078406 secs] [Times: user=0.03 sys=0.00, real=0.01 secs] 
Heap after GC invocations=299 (full 2):
 par new generation   total 109248K, used 15416K [0x00000000e0000000, 0x00000000e8000000, 0x00000000e8000000)
  eden space 87424K,   0% used [0x00000000e0000000, 0x00000000e0000000, 0x00000000e5560000)
  from space 21824K,  70% used [0x00000000e6ab0000, 0x00000000e79be3b8, 0x00000000e8000000)
  to   space 21824K,   0% used [0x00000000e5560000, 0x00000000e5560000, 0x00000000e6ab0000)
 concurrent mark-sweep generation total 393216K, used 113700K [0x00000000e8000000, 0x0000000100000000, 0x0000000100000000)
 Metaspace       used 40032K, capacity 41120K, committed 41412K, reserved 1085440K
  class space    used 4620K, capacity 4894K, committed 4912K, reserved 1048576K
}
2018-03-21T06:00:04.105-0500: 940.996: Total time for which application threads were stopped: 0.0082952 seconds, Stopping threads took: 0.0000552 seconds
{Heap before GC invocations=299 (full 2):
 par new generation   total 109248K, used 102840K [0x00000000e0000000, 0x00000000e8000000, 0x00000000e8000000)
  eden space 87424K, 100% used [0x00000000e0000000, 0x00000000e5560000, 0x00000000e5560000)
  from space 21824K,  70% used [0x00000000e6ab0000, 0x00000000e79be3b8, 0x00000000e8000000)
  to   space 21824K,   0% used [0x00000000e5560000, 0x00000000e5560000, 0x00000000e6ab0000)
 concurrent mark-sweep generation total 393216K, used 113700K [0x00000000e8000000, 0x0000000100000000, 0x0000000100000000)
 Metaspace       used 40036K, capacity 41120K, committed 41412K, reserved 1085440K
  class space    used 4620K, capacity 4894K, committed 4912K, reserved 1048576K
2018-03-21T06:00:04.534-0500: 941.424: [GC (Allocation Failure) 2018-03-21T06:00:04.534-0500: 941.424: [ParNew
Desired survivor size 20112992 bytes, new threshold 8 (max 8)
- age   1:    4261536 bytes,    4261536 total
- age   2:    1667224 bytes,    5928760 total
- age   3:     622848 bytes,    6551608 total
- age   4:     666920 bytes,    7218528 total
- age   5:     287768 bytes,    7506296 total
- age   6:     365832 bytes,    7872128 total
- age   7:     531192 bytes,    8403320 total
- age   8:     525200 bytes,    8928520 total
: 102840K->10122K(109248K), 0.0073060 secs] 216541K->124278K(502464K), 0.0074005 secs] [Times: user=0.03 sys=0.00, real=0.01 secs] 
Heap after GC invocations=300 (full 2):
 par new generation   total 109248K, used 10122K [0x00000000e0000000, 0x00000000e8000000, 0x00000000e8000000)
  eden space 87424K,   0% used [0x00000000e0000000, 0x00000000e0000000, 0x00000000e5560000)
  from space 21824K,  46% used [0x00000000e5560000, 0x00000000e5f429f8, 0x00000000e6ab0000)
  to   space 21824K,   0% used [0x00000000e6ab0000, 0x00000000e6ab0000, 0x00000000e8000000)
 concurrent mark-sweep generation total 393216K, used 114156K [0x00000000e8000000, 0x0000000100000000, 0x0000000100000000)
 Metaspace       used 40036K, capacity 41120K, committed 41412K, reserved 1085440K
  class space    used 4620K, capacity 4894K, committed 4912K, reserved 1048576K
}
2018-03-21T06:00:04.541-0500: 941.432: Total time for which application threads were stopped: 0.0076219 seconds, Stopping threads took: 0.0000286 seconds
{Heap before GC invocations=300 (full 2):
 par new generation   total 109248K, used 97546K [0x00000000e0000000, 0x00000000e8000000, 0x00000000e8000000)
  eden space 87424K, 100% used [0x00000000e0000000, 0x00000000e5560000, 0x00000000e5560000)
  from space 21824K,  46% used [0x00000000e5560000, 0x00000000e5f429f8, 0x00000000e6ab0000)
  to   space 21824K,   0% used [0x00000000e6ab0000, 0x00000000e6ab0000, 0x00000000e8000000)
 concurrent mark-sweep generation total 393216K, used 114156K [0x00000000e8000000, 0x0000000100000000, 0x0000000100000000)
 Metaspace       used 40036K, capacity 41120K, committed 41412K, reserved 1085440K
  class space    used 4620K, capacity 4894K, committed 4912K, reserved 1048576K
2018-03-21T06:00:04.940-0500: 941.831: [GC (Allocation Failure) 2018-03-21T06:00:04.940-0500: 941.831: [ParNew
Desired survivor size 20112992 bytes, new threshold 8 (max 8)
- age   1:    3926392 bytes,    3926392 total
- age   2:    3601256 bytes,    7527648 total
- age   3:    1667224 bytes,    9194872 total
- age   4:     622848 bytes,    9817720 total
- age   5:     666008 bytes,   10483728 total
- age   6:     287768 bytes,   10771496 total
- age   7:     365832 bytes,   11137328 total
- age   8:     531192 bytes,   11668520 total
: 97546K->15971K(109248K), 0.0059432 secs] 211702K->130640K(502464K), 0.0060275 secs] [Times: user=0.02 sys=0.00, real=0.00 secs] 
Heap after GC invocations=301 (full 2):
 par new generation   total 109248K, used 15971K [0x00000000e0000000, 0x00000000e8000000, 0x00000000e8000000)
  eden space 87424K,   0% used [0x00000000e0000000, 0x00000000e0000000, 0x00000000e5560000)
  from space 21824K,  73% used [0x00000000e6ab0000, 0x00000000e7a48c40, 0x00000000e8000000)
  to   space 21824K,   0% used [0x00000000e5560000, 0x00000000e5560000, 0x00000000e6ab0000)
 concurrent mark-sweep generation total 393216K, used 114669K [0x00000000e8000000, 0x0000000100000000, 0x0000000100000000)
 Metaspace       used 40036K, capacity 41120K, committed 41412K, reserved 1085440K
  class space    used 4620K, capacity 4894K, committed 4912K, reserved 1048576K
}
2018-03-21T06:00:04.946-0500: 941.837: Total time for which application threads were stopped: 0.0062210 seconds, Stopping threads took: 0.0000207 seconds
{Heap before GC invocations=301 (full 2):
 par new generation   total 109248K, used 103395K [0x00000000e0000000, 0x00000000e8000000, 0x00000000e8000000)
  eden space 87424K, 100% used [0x00000000e0000000, 0x00000000e5560000, 0x00000000e5560000)
  from space 21824K,  73% used [0x00000000e6ab0000, 0x00000000e7a48c40, 0x00000000e8000000)
  to   space 21824K,   0% used [0x00000000e5560000, 0x00000000e5560000, 0x00000000e6ab0000)
 concurrent mark-sweep generation total 393216K, used 114669K [0x00000000e8000000, 0x0000000100000000, 0x0000000100000000)
 Metaspace       used 40038K, capacity 41120K, committed 41412K, reserved 1085440K
  class space    used 4620K, capacity 4894K, committed 4912K, reserved 1048576K
2018-03-21T06:00:05.223-0500: 942.114: [GC (Allocation Failure) 2018-03-21T06:00:05.223-0500: 942.114: [ParNew
Desired survivor size 20112992 bytes, new threshold 8 (max 8)
- age   1:    2906448 bytes,    2906448 total
- age   2:     601120 bytes,    3507568 total
- age   3:     750200 bytes,    4257768 total
- age   4:    1665752 bytes,    5923520 total
- age   5:     622848 bytes,    6546368 total
- age   6:     665544 bytes,    7211912 total
- age   7:     287768 bytes,    7499680 total
- age   8:     365832 bytes,    7865512 total
: 103395K->10965K(109248K), 0.0042199 secs] 218064K->126153K(502464K), 0.0043269 secs] [Times: user=0.02 sys=0.00, real=0.00 secs] 
Heap after GC invocations=302 (full 2):
 par new generation   total 109248K, used 10965K [0x00000000e0000000, 0x00000000e8000000, 0x00000000e8000000)
  eden space 87424K,   0% used [0x00000000e0000000, 0x00000000e0000000, 0x00000000e5560000)
  from space 21824K,  50% used [0x00000000e5560000, 0x00000000e6015520, 0x00000000e6ab0000)
  to   space 21824K,   0% used [0x00000000e6ab0000, 0x00000000e6ab0000, 0x00000000e8000000)
 concurrent mark-sweep generation total 393216K, used 115187K [0x00000000e8000000, 0x0000000100000000, 0x0000000100000000)
 Metaspace       used 40038K, capacity 41120K, committed 41412K, reserved 1085440K
  class space    used 4620K, capacity 4894K, committed 4912K, reserved 1048576K
}
2018-03-21T06:00:05.228-0500: 942.118: Total time for which application threads were stopped: 0.0045120 seconds, Stopping threads took: 0.0000211 seconds
{Heap before GC invocations=302 (full 2):
 par new generation   total 109248K, used 98389K [0x00000000e0000000, 0x00000000e8000000, 0x00000000e8000000)
  eden space 87424K, 100% used [0x00000000e0000000, 0x00000000e5560000, 0x00000000e5560000)
  from space 21824K,  50% used [0x00000000e5560000, 0x00000000e6015520, 0x00000000e6ab0000)
  to   space 21824K,   0% used [0x00000000e6ab0000, 0x00000000e6ab0000, 0x00000000e8000000)
 concurrent mark-sweep generation total 393216K, used 115187K [0x00000000e8000000, 0x0000000100000000, 0x0000000100000000)
 Metaspace       used 40038K, capacity 41120K, committed 41412K, reserved 1085440K
  class space    used 4620K, capacity 4894K, committed 4912K, reserved 1048576K
2018-03-21T06:00:05.622-0500: 942.513: [GC (Allocation Failure) 2018-03-21T06:00:05.622-0500: 942.513: [ParNew
Desired survivor size 20112992 bytes, new threshold 8 (max 8)
- age   1:    3645408 bytes,    3645408 total
- age   2:    2433296 bytes,    6078704 total
- age   3:     601120 bytes,    6679824 total
- age   4:     749288 bytes,    7429112 total
- age   5:    1665752 bytes,    9094864 total
- age   6:     622848 bytes,    9717712 total
- age   7:     665544 bytes,   10383256 total
- age   8:     287768 bytes,   10671024 total
: 98389K->13468K(109248K), 0.0083861 secs] 213577K->129013K(502464K), 0.0085209 secs] [Times: user=0.02 sys=0.00, real=0.01 secs] 
Heap after GC invocations=303 (full 2):
 par new generation   total 109248K, used 13468K [0x00000000e0000000, 0x00000000e8000000, 0x00000000e8000000)
  eden space 87424K,   0% used [0x00000000e0000000, 0x00000000e0000000, 0x00000000e5560000)
  from space 21824K,  61% used [0x00000000e6ab0000, 0x00000000e77d72f0, 0x00000000e8000000)
  to   space 21824K,   0% used [0x00000000e5560000, 0x00000000e5560000, 0x00000000e6ab0000)
 concurrent mark-sweep generation total 393216K, used 115545K [0x00000000e8000000, 0x0000000100000000, 0x0000000100000000)
 Metaspace       used 40038K, capacity 41120K, committed 41412K, reserved 1085440K
  class space    used 4620K, capacity 4894K, committed 4912K, reserved 1048576K
}
2018-03-21T06:00:05.631-0500: 942.521: Total time for which application threads were stopped: 0.0088170 seconds, Stopping threads took: 0.0000262 seconds
{Heap before GC invocations=303 (full 2):
 par new generation   total 109248K, used 100892K [0x00000000e0000000, 0x00000000e8000000, 0x00000000e8000000)
  eden space 87424K, 100% used [0x00000000e0000000, 0x00000000e5560000, 0x00000000e5560000)
  from space 21824K,  61% used [0x00000000e6ab0000, 0x00000000e77d72f0, 0x00000000e8000000)
  to   space 21824K,   0% used [0x00000000e5560000, 0x00000000e5560000, 0x00000000e6ab0000)
 concurrent mark-sweep generation total 393216K, used 115545K [0x00000000e8000000, 0x0000000100000000, 0x0000000100000000)
 Metaspace       used 40038K, capacity 41120K, committed 41412K, reserved 1085440K
  class space    used 4620K, capacity 4894K, committed 4912K, reserved 1048576K
2018-03-21T06:00:06.041-0500: 942.932: [GC (Allocation Failure) 2018-03-21T06:00:06.041-0500: 942.932: [ParNew
Desired survivor size 20112992 bytes, new threshold 8 (max 8)
- age   1:    3919688 bytes,    3919688 total
- age   2:    2252728 bytes,    6172416 total
- age   3:    1475976 bytes,    7648392 total
- age   4:     601120 bytes,    8249512 total
- age   5:     749288 bytes,    8998800 total
- age   6:    1665752 bytes,   10664552 total
- age   7:     622848 bytes,   11287400 total
- age   8:     665544 bytes,   11952944 total
: 100892K->13620K(109248K), 0.0080539 secs] 216437K->129446K(502464K), 0.0081344 secs] [Times: user=0.03 sys=0.00, real=0.00 secs] 
Heap after GC invocations=304 (full 2):
 par new generation   total 109248K, used 13620K [0x00000000e0000000, 0x00000000e8000000, 0x00000000e8000000)
  eden space 87424K,   0% used [0x00000000e0000000, 0x00000000e0000000, 0x00000000e5560000)
  from space 21824K,  62% used [0x00000000e5560000, 0x00000000e62ad250, 0x00000000e6ab0000)
  to   space 21824K,   0% used [0x00000000e6ab0000, 0x00000000e6ab0000, 0x00000000e8000000)
 concurrent mark-sweep generation total 393216K, used 115826K [0x00000000e8000000, 0x0000000100000000, 0x0000000100000000)
 Metaspace       used 40038K, capacity 41120K, committed 41412K, reserved 1085440K
  class space    used 4620K, capacity 4894K, committed 4912K, reserved 1048576K
}
2018-03-21T06:00:06.049-0500: 942.940: Total time for which application threads were stopped: 0.0083605 seconds, Stopping threads took: 0.0000548 seconds
{Heap before GC invocations=304 (full 2):
 par new generation   total 109248K, used 101044K [0x00000000e0000000, 0x00000000e8000000, 0x00000000e8000000)
  eden space 87424K, 100% used [0x00000000e0000000, 0x00000000e5560000, 0x00000000e5560000)
  from space 21824K,  62% used [0x00000000e5560000, 0x00000000e62ad250, 0x00000000e6ab0000)
  to   space 21824K,   0% used [0x00000000e6ab0000, 0x00000000e6ab0000, 0x00000000e8000000)
 concurrent mark-sweep generation total 393216K, used 115826K [0x00000000e8000000, 0x0000000100000000, 0x0000000100000000)
 Metaspace       used 40038K, capacity 41120K, committed 41412K, reserved 1085440K
  class space    used 4620K, capacity 4894K, committed 4912K, reserved 1048576K
2018-03-21T06:00:06.350-0500: 943.240: [GC (Allocation Failure) 2018-03-21T06:00:06.350-0500: 943.240: [ParNew
Desired survivor size 20112992 bytes, new threshold 8 (max 8)
- age   1:    3011184 bytes,    3011184 total
- age   2:     682776 bytes,    3693960 total
- age   3:     558480 bytes,    4252440 total
- age   4:     458200 bytes,    4710640 total
- age   5:     601120 bytes,    5311760 total
- age   6:     746008 bytes,    6057768 total
- age   7:    1665240 bytes,    7723008 total
- age   8:     622848 bytes,    8345856 total
: 101044K->12491K(109248K), 0.0053672 secs] 216870K->128967K(502464K), 0.0054983 secs] [Times: user=0.01 sys=0.01, real=0.01 secs] 
Heap after GC invocations=305 (full 2):
 par new generation   total 109248K, used 12491K [0x00000000e0000000, 0x00000000e8000000, 0x00000000e8000000)
  eden space 87424K,   0% used [0x00000000e0000000, 0x00000000e0000000, 0x00000000e5560000)
  from space 21824K,  57% used [0x00000000e6ab0000, 0x00000000e76e2c38, 0x00000000e8000000)
  to   space 21824K,   0% used [0x00000000e5560000, 0x00000000e5560000, 0x00000000e6ab0000)
 concurrent mark-sweep generation total 393216K, used 116476K [0x00000000e8000000, 0x0000000100000000, 0x0000000100000000)
 Metaspace       used 40038K, capacity 41120K, committed 41412K, reserved 1085440K
  class space    used 4620K, capacity 4894K, committed 4912K, reserved 1048576K
}
2018-03-21T06:00:06.355-0500: 943.246: Total time for which application threads were stopped: 0.0057244 seconds, Stopping threads took: 0.0000216 seconds
2018-03-21T06:00:06.649-0500: 943.540: Total time for which application threads were stopped: 0.0001419 seconds, Stopping threads took: 0.0000550 seconds
2018-03-21T06:00:06.650-0500: 943.540: Total time for which application threads were stopped: 0.0000660 seconds, Stopping threads took: 0.0000226 seconds
2018-03-21T06:00:06.650-0500: 943.540: Total time for which application threads were stopped: 0.0001067 seconds, Stopping threads took: 0.0000304 seconds
{Heap before GC invocations=305 (full 2):
 par new generation   total 109248K, used 99915K [0x00000000e0000000, 0x00000000e8000000, 0x00000000e8000000)
  eden space 87424K, 100% used [0x00000000e0000000, 0x00000000e5560000, 0x00000000e5560000)
  from space 21824K,  57% used [0x00000000e6ab0000, 0x00000000e76e2c38, 0x00000000e8000000)
  to   space 21824K,   0% used [0x00000000e5560000, 0x00000000e5560000, 0x00000000e6ab0000)
 concurrent mark-sweep generation total 393216K, used 116476K [0x00000000e8000000, 0x0000000100000000, 0x0000000100000000)
 Metaspace       used 40038K, capacity 41120K, committed 41412K, reserved 1085440K
  class space    used 4620K, capacity 4894K, committed 4912K, reserved 1048576K
2018-03-21T06:00:06.704-0500: 943.595: [GC (Allocation Failure) 2018-03-21T06:00:06.704-0500: 943.595: [ParNew
Desired survivor size 20112992 bytes, new threshold 8 (max 8)
- age   1:    3278504 bytes,    3278504 total
- age   2:    1064592 bytes,    4343096 total
- age   3:     682776 bytes,    5025872 total
- age   4:     558480 bytes,    5584352 total
- age   5:     457288 bytes,    6041640 total
- age   6:     601120 bytes,    6642760 total
- age   7:     746008 bytes,    7388768 total
- age   8:    1665240 bytes,    9054008 total
: 99915K->11339K(109248K), 0.0051660 secs] 216391K->128424K(502464K), 0.0052626 secs] [Times: user=0.02 sys=0.00, real=0.00 secs] 
Heap after GC invocations=306 (full 2):
 par new generation   total 109248K, used 11339K [0x00000000e0000000, 0x00000000e8000000, 0x00000000e8000000)
  eden space 87424K,   0% used [0x00000000e0000000, 0x00000000e0000000, 0x00000000e5560000)
  from space 21824K,  51% used [0x00000000e5560000, 0x00000000e6072d80, 0x00000000e6ab0000)
  to   space 21824K,   0% used [0x00000000e6ab0000, 0x00000000e6ab0000, 0x00000000e8000000)
 concurrent mark-sweep generation total 393216K, used 117085K [0x00000000e8000000, 0x0000000100000000, 0x0000000100000000)
 Metaspace       used 40038K, capacity 41120K, committed 41412K, reserved 1085440K
  class space    used 4620K, capacity 4894K, committed 4912K, reserved 1048576K
}
2018-03-21T06:00:06.710-0500: 943.600: Total time for which application threads were stopped: 0.0055542 seconds, Stopping threads took: 0.0000521 seconds
2018-03-21T06:00:06.715-0500: 943.605: Total time for which application threads were stopped: 0.0004984 seconds, Stopping threads took: 0.0003334 seconds
2018-03-21T06:00:07.059-0500: 943.949: Total time for which application threads were stopped: 0.0003474 seconds, Stopping threads took: 0.0002454 seconds
{Heap before GC invocations=306 (full 2):
 par new generation   total 109248K, used 98763K [0x00000000e0000000, 0x00000000e8000000, 0x00000000e8000000)
  eden space 87424K, 100% used [0x00000000e0000000, 0x00000000e5560000, 0x00000000e5560000)
  from space 21824K,  51% used [0x00000000e5560000, 0x00000000e6072d80, 0x00000000e6ab0000)
  to   space 21824K,   0% used [0x00000000e6ab0000, 0x00000000e6ab0000, 0x00000000e8000000)
 concurrent mark-sweep generation total 393216K, used 117085K [0x00000000e8000000, 0x0000000100000000, 0x0000000100000000)
 Metaspace       used 40043K, capacity 41120K, committed 41412K, reserved 1085440K
  class space    used 4620K, capacity 4894K, committed 4912K, reserved 1048576K
2018-03-21T06:00:07.293-0500: 944.183: [GC (Allocation Failure) 2018-03-21T06:00:07.293-0500: 944.183: [ParNew
Desired survivor size 20112992 bytes, new threshold 8 (max 8)
- age   1:    3325448 bytes,    3325448 total
- age   2:    1652192 bytes,    4977640 total
- age   3:     702088 bytes,    5679728 total
- age   4:     641680 bytes,    6321408 total
- age   5:     558480 bytes,    6879888 total
- age   6:     456536 bytes,    7336424 total
- age   7:     601120 bytes,    7937544 total
- age   8:     746008 bytes,    8683552 total
: 98763K->11647K(109248K), 0.0229749 secs] 215848K->130359K(502464K), 0.0230857 secs] [Times: user=0.05 sys=0.00, real=0.02 secs] 
Heap after GC invocations=307 (full 2):
 par new generation   total 109248K, used 11647K [0x00000000e0000000, 0x00000000e8000000, 0x00000000e8000000)
  eden space 87424K,   0% used [0x00000000e0000000, 0x00000000e0000000, 0x00000000e5560000)
  from space 21824K,  53% used [0x00000000e6ab0000, 0x00000000e760ffe0, 0x00000000e8000000)
  to   space 21824K,   0% used [0x00000000e5560000, 0x00000000e5560000, 0x00000000e6ab0000)
 concurrent mark-sweep generation total 393216K, used 118711K [0x00000000e8000000, 0x0000000100000000, 0x0000000100000000)
 Metaspace       used 40043K, capacity 41120K, committed 41412K, reserved 1085440K
  class space    used 4620K, capacity 4894K, committed 4912K, reserved 1048576K
}
2018-03-21T06:00:07.316-0500: 944.207: Total time for which application threads were stopped: 0.0233908 seconds, Stopping threads took: 0.0000869 seconds
2018-03-21T06:00:07.403-0500: 944.294: Total time for which application threads were stopped: 0.0132646 seconds, Stopping threads took: 0.0128393 seconds
2018-03-21T06:00:07.418-0500: 944.309: Total time for which application threads were stopped: 0.0012131 seconds, Stopping threads took: 0.0010019 seconds
2018-03-21T06:00:07.418-0500: 944.309: Total time for which application threads were stopped: 0.0001367 seconds, Stopping threads took: 0.0000175 seconds
2018-03-21T06:00:07.443-0500: 944.333: Total time for which application threads were stopped: 0.0048779 seconds, Stopping threads took: 0.0046970 seconds
2018-03-21T06:00:07.443-0500: 944.333: Total time for which application threads were stopped: 0.0001131 seconds, Stopping threads took: 0.0000167 seconds
{Heap before GC invocations=307 (full 2):
 par new generation   total 109248K, used 99071K [0x00000000e0000000, 0x00000000e8000000, 0x00000000e8000000)
  eden space 87424K, 100% used [0x00000000e0000000, 0x00000000e5560000, 0x00000000e5560000)
  from space 21824K,  53% used [0x00000000e6ab0000, 0x00000000e760ffe0, 0x00000000e8000000)
  to   space 21824K,   0% used [0x00000000e5560000, 0x00000000e5560000, 0x00000000e6ab0000)
 concurrent mark-sweep generation total 393216K, used 118711K [0x00000000e8000000, 0x0000000100000000, 0x0000000100000000)
 Metaspace       used 40052K, capacity 41184K, committed 41412K, reserved 1085440K
  class space    used 4620K, capacity 4894K, committed 4912K, reserved 1048576K
2018-03-21T06:00:07.734-0500: 944.624: [GC (Allocation Failure) 2018-03-21T06:00:07.734-0500: 944.624: [ParNew
Desired survivor size 20112992 bytes, new threshold 8 (max 8)
- age   1:    2758232 bytes,    2758232 total
- age   2:    2798320 bytes,    5556552 total
- age   3:    1652192 bytes,    7208744 total
- age   4:     701176 bytes,    7909920 total
- age   5:     641680 bytes,    8551600 total
- age   6:     558480 bytes,    9110080 total
- age   7:     456536 bytes,    9566616 total
- age   8:     601120 bytes,   10167736 total
: 99071K->12803K(109248K), 0.0056175 secs] 217783K->132244K(502464K), 0.0056977 secs] [Times: user=0.02 sys=0.00, real=0.01 secs] 
Heap after GC invocations=308 (full 2):
 par new generation   total 109248K, used 12803K [0x00000000e0000000, 0x00000000e8000000, 0x00000000e8000000)
  eden space 87424K,   0% used [0x00000000e0000000, 0x00000000e0000000, 0x00000000e5560000)
  from space 21824K,  58% used [0x00000000e5560000, 0x00000000e61e0d70, 0x00000000e6ab0000)
  to   space 21824K,   0% used [0x00000000e6ab0000, 0x00000000e6ab0000, 0x00000000e8000000)
 concurrent mark-sweep generation total 393216K, used 119440K [0x00000000e8000000, 0x0000000100000000, 0x0000000100000000)
 Metaspace       used 40052K, capacity 41184K, committed 41412K, reserved 1085440K
  class space    used 4620K, capacity 4894K, committed 4912K, reserved 1048576K
}
2018-03-21T06:00:07.739-0500: 944.630: Total time for which application threads were stopped: 0.0059387 seconds, Stopping threads took: 0.0000536 seconds
{Heap before GC invocations=308 (full 2):
 par new generation   total 109248K, used 100227K [0x00000000e0000000, 0x00000000e8000000, 0x00000000e8000000)
  eden space 87424K, 100% used [0x00000000e0000000, 0x00000000e5560000, 0x00000000e5560000)
  from space 21824K,  58% used [0x00000000e5560000, 0x00000000e61e0d70, 0x00000000e6ab0000)
  to   space 21824K,   0% used [0x00000000e6ab0000, 0x00000000e6ab0000, 0x00000000e8000000)
 concurrent mark-sweep generation total 393216K, used 119440K [0x00000000e8000000, 0x0000000100000000, 0x0000000100000000)
 Metaspace       used 40052K, capacity 41184K, committed 41412K, reserved 1085440K
  class space    used 4620K, capacity 4894K, committed 4912K, reserved 1048576K
2018-03-21T06:00:07.996-0500: 944.887: [GC (Allocation Failure) 2018-03-21T06:00:07.996-0500: 944.887: [ParNew
Desired survivor size 20112992 bytes, new threshold 8 (max 8)
- age   1:    3083456 bytes,    3083456 total
- age   2:    1910856 bytes,    4994312 total
- age   3:    2799416 bytes,    7793728 total
- age   4:    1652192 bytes,    9445920 total
- age   5:     701176 bytes,   10147096 total
- age   6:     641680 bytes,   10788776 total
- age   7:     558480 bytes,   11347256 total
- age   8:     456536 bytes,   11803792 total
: 100227K->13887K(109248K), 0.0078818 secs] 219668K->133915K(502464K), 0.0079652 secs] [Times: user=0.03 sys=0.00, real=0.01 secs] 
Heap after GC invocations=309 (full 2):
 par new generation   total 109248K, used 13887K [0x00000000e0000000, 0x00000000e8000000, 0x00000000e8000000)
  eden space 87424K,   0% used [0x00000000e0000000, 0x00000000e0000000, 0x00000000e5560000)
  from space 21824K,  63% used [0x00000000e6ab0000, 0x00000000e783fd30, 0x00000000e8000000)
  to   space 21824K,   0% used [0x00000000e5560000, 0x00000000e5560000, 0x00000000e6ab0000)
 concurrent mark-sweep generation total 393216K, used 120027K [0x00000000e8000000, 0x0000000100000000, 0x0000000100000000)
 Metaspace       used 40052K, capacity 41184K, committed 41412K, reserved 1085440K
  class space    used 4620K, capacity 4894K, committed 4912K, reserved 1048576K
}
2018-03-21T06:00:08.004-0500: 944.895: Total time for which application threads were stopped: 0.0082212 seconds, Stopping threads took: 0.0000508 seconds
{Heap before GC invocations=309 (full 2):
 par new generation   total 109248K, used 101311K [0x00000000e0000000, 0x00000000e8000000, 0x00000000e8000000)
  eden space 87424K, 100% used [0x00000000e0000000, 0x00000000e5560000, 0x00000000e5560000)
  from space 21824K,  63% used [0x00000000e6ab0000, 0x00000000e783fd30, 0x00000000e8000000)
  to   space 21824K,   0% used [0x00000000e5560000, 0x00000000e5560000, 0x00000000e6ab0000)
 concurrent mark-sweep generation total 393216K, used 120027K [0x00000000e8000000, 0x0000000100000000, 0x0000000100000000)
 Metaspace       used 40056K, capacity 41184K, committed 41412K, reserved 1085440K
  class space    used 4620K, capacity 4894K, committed 4912K, reserved 1048576K
2018-03-21T06:00:08.334-0500: 945.225: [GC (Allocation Failure) 2018-03-21T06:00:08.334-0500: 945.225: [ParNew
Desired survivor size 20112992 bytes, new threshold 8 (max 8)
- age   1:    4718000 bytes,    4718000 total
- age   2:     342952 bytes,    5060952 total
- age   3:     387784 bytes,    5448736 total
- age   4:     246896 bytes,    5695632 total
- age   5:       8952 bytes,    5704584 total
- age   6:     156032 bytes,    5860616 total
- age   7:     599696 bytes,    6460312 total
- age   8:     558480 bytes,    7018792 total
: 101311K->12242K(109248K), 0.0042977 secs] 221339K->132684K(502464K), 0.0044097 secs] [Times: user=0.02 sys=0.00, real=0.01 secs] 
Heap after GC invocations=310 (full 2):
 par new generation   total 109248K, used 12242K [0x00000000e0000000, 0x00000000e8000000, 0x00000000e8000000)
  eden space 87424K,   0% used [0x00000000e0000000, 0x00000000e0000000, 0x00000000e5560000)
  from space 21824K,  56% used [0x00000000e5560000, 0x00000000e61549b0, 0x00000000e6ab0000)
  to   space 21824K,   0% used [0x00000000e6ab0000, 0x00000000e6ab0000, 0x00000000e8000000)
 concurrent mark-sweep generation total 393216K, used 120441K [0x00000000e8000000, 0x0000000100000000, 0x0000000100000000)
 Metaspace       used 40056K, capacity 41184K, committed 41412K, reserved 1085440K
  class space    used 4620K, capacity 4894K, committed 4912K, reserved 1048576K
}
2018-03-21T06:00:08.339-0500: 945.229: Total time for which application threads were stopped: 0.0046857 seconds, Stopping threads took: 0.0000284 seconds
{Heap before GC invocations=310 (full 2):
 par new generation   total 109248K, used 99666K [0x00000000e0000000, 0x00000000e8000000, 0x00000000e8000000)
  eden space 87424K, 100% used [0x00000000e0000000, 0x00000000e5560000, 0x00000000e5560000)
  from space 21824K,  56% used [0x00000000e5560000, 0x00000000e61549b0, 0x00000000e6ab0000)
  to   space 21824K,   0% used [0x00000000e6ab0000, 0x00000000e6ab0000, 0x00000000e8000000)
 concurrent mark-sweep generation total 393216K, used 120441K [0x00000000e8000000, 0x0000000100000000, 0x0000000100000000)
 Metaspace       used 40056K, capacity 41184K, committed 41412K, reserved 1085440K
  class space    used 4620K, capacity 4894K, committed 4912K, reserved 1048576K
2018-03-21T06:00:08.740-0500: 945.630: [GC (Allocation Failure) 2018-03-21T06:00:08.740-0500: 945.630: [ParNew
Desired survivor size 20112992 bytes, new threshold 8 (max 8)
- age   1:    3863816 bytes,    3863816 total
- age   2:    4149496 bytes,    8013312 total
- age   3:     342952 bytes,    8356264 total
- age   4:     387784 bytes,    8744048 total
- age   5:     245848 bytes,    8989896 total
- age   6:       8952 bytes,    8998848 total
- age   7:     156032 bytes,    9154880 total
- age   8:     599696 bytes,    9754576 total
: 99666K->11445K(109248K), 0.0059947 secs] 220108K->132433K(502464K), 0.0060697 secs] [Times: user=0.01 sys=0.01, real=0.00 secs] 
Heap after GC invocations=311 (full 2):
 par new generation   total 109248K, used 11445K [0x00000000e0000000, 0x00000000e8000000, 0x00000000e8000000)
  eden space 87424K,   0% used [0x00000000e0000000, 0x00000000e0000000, 0x00000000e5560000)
  from space 21824K,  52% used [0x00000000e6ab0000, 0x00000000e75dd6b0, 0x00000000e8000000)
  to   space 21824K,   0% used [0x00000000e5560000, 0x00000000e5560000, 0x00000000e6ab0000)
 concurrent mark-sweep generation total 393216K, used 120987K [0x00000000e8000000, 0x0000000100000000, 0x0000000100000000)
 Metaspace       used 40056K, capacity 41184K, committed 41412K, reserved 1085440K
  class space    used 4620K, capacity 4894K, committed 4912K, reserved 1048576K
}
2018-03-21T06:00:08.746-0500: 945.636: Total time for which application threads were stopped: 0.0062511 seconds, Stopping threads took: 0.0000209 seconds
2018-03-21T06:00:08.834-0500: 945.724: Total time for which application threads were stopped: 0.0055283 seconds, Stopping threads took: 0.0053823 seconds
2018-03-21T06:00:08.834-0500: 945.724: Total time for which application threads were stopped: 0.0001615 seconds, Stopping threads took: 0.0000310 seconds
2018-03-21T06:00:08.835-0500: 945.725: Total time for which application threads were stopped: 0.0002104 seconds, Stopping threads took: 0.0000566 seconds
2018-03-21T06:00:08.835-0500: 945.725: Total time for which application threads were stopped: 0.0001332 seconds, Stopping threads took: 0.0000181 seconds
{Heap before GC invocations=311 (full 2):
 par new generation   total 109248K, used 98869K [0x00000000e0000000, 0x00000000e8000000, 0x00000000e8000000)
  eden space 87424K, 100% used [0x00000000e0000000, 0x00000000e5560000, 0x00000000e5560000)
  from space 21824K,  52% used [0x00000000e6ab0000, 0x00000000e75dd6b0, 0x00000000e8000000)
  to   space 21824K,   0% used [0x00000000e5560000, 0x00000000e5560000, 0x00000000e6ab0000)
 concurrent mark-sweep generation total 393216K, used 120987K [0x00000000e8000000, 0x0000000100000000, 0x0000000100000000)
 Metaspace       used 40068K, capacity 41184K, committed 41412K, reserved 1085440K
  class space    used 4620K, capacity 4894K, committed 4912K, reserved 1048576K
2018-03-21T06:00:09.095-0500: 945.986: [GC (Allocation Failure) 2018-03-21T06:00:09.095-0500: 945.986: [ParNew
Desired survivor size 20112992 bytes, new threshold 8 (max 8)
- age   1:    2209840 bytes,    2209840 total
- age   2:    1161344 bytes,    3371184 total
- age   3:    2382144 bytes,    5753328 total
- age   4:     342952 bytes,    6096280 total
- age   5:     386984 bytes,    6483264 total
- age   6:     245752 bytes,    6729016 total
- age   7:       8952 bytes,    6737968 total
- age   8:     156032 bytes,    6894000 total
: 98869K->12254K(109248K), 0.0047072 secs] 219857K->133827K(502464K), 0.0048208 secs] [Times: user=0.01 sys=0.00, real=0.01 secs] 
Heap after GC invocations=312 (full 2):
 par new generation   total 109248K, used 12254K [0x00000000e0000000, 0x00000000e8000000, 0x00000000e8000000)
  eden space 87424K,   0% used [0x00000000e0000000, 0x00000000e0000000, 0x00000000e5560000)
  from space 21824K,  56% used [0x00000000e5560000, 0x00000000e6157840, 0x00000000e6ab0000)
  to   space 21824K,   0% used [0x00000000e6ab0000, 0x00000000e6ab0000, 0x00000000e8000000)
 concurrent mark-sweep generation total 393216K, used 121573K [0x00000000e8000000, 0x0000000100000000, 0x0000000100000000)
 Metaspace       used 40068K, capacity 41184K, committed 41412K, reserved 1085440K
  class space    used 4620K, capacity 4894K, committed 4912K, reserved 1048576K
}
2018-03-21T06:00:09.100-0500: 945.990: Total time for which application threads were stopped: 0.0050912 seconds, Stopping threads took: 0.0000376 seconds
{Heap before GC invocations=312 (full 2):
 par new generation   total 109248K, used 99678K [0x00000000e0000000, 0x00000000e8000000, 0x00000000e8000000)
  eden space 87424K, 100% used [0x00000000e0000000, 0x00000000e5560000, 0x00000000e5560000)
  from space 21824K,  56% used [0x00000000e5560000, 0x00000000e6157840, 0x00000000e6ab0000)
  to   space 21824K,   0% used [0x00000000e6ab0000, 0x00000000e6ab0000, 0x00000000e8000000)
 concurrent mark-sweep generation total 393216K, used 121573K [0x00000000e8000000, 0x0000000100000000, 0x0000000100000000)
 Metaspace       used 40068K, capacity 41184K, committed 41412K, reserved 1085440K
  class space    used 4620K, capacity 4894K, committed 4912K, reserved 1048576K
2018-03-21T06:00:09.478-0500: 946.369: [GC (Allocation Failure) 2018-03-21T06:00:09.478-0500: 946.369: [ParNew
Desired survivor size 20112992 bytes, new threshold 8 (max 8)
- age   1:    3671456 bytes,    3671456 total
- age   2:    1664200 bytes,    5335656 total
- age   3:     603200 bytes,    5938856 total
- age   4:    2001032 bytes,    7939888 total
- age   5:     342952 bytes,    8282840 total
- age   6:     386984 bytes,    8669824 total
- age   7:     245480 bytes,    8915304 total
- age   8:       8952 bytes,    8924256 total
: 99678K->9895K(109248K), 0.0050351 secs] 221251K->131621K(502464K), 0.0051390 secs] [Times: user=0.02 sys=0.00, real=0.00 secs] 
Heap after GC invocations=313 (full 2):
 par new generation   total 109248K, used 9895K [0x00000000e0000000, 0x00000000e8000000, 0x00000000e8000000)
  eden space 87424K,   0% used [0x00000000e0000000, 0x00000000e0000000, 0x00000000e5560000)
  from space 21824K,  45% used [0x00000000e6ab0000, 0x00000000e7459fe0, 0x00000000e8000000)
  to   space 21824K,   0% used [0x00000000e5560000, 0x00000000e5560000, 0x00000000e6ab0000)
 concurrent mark-sweep generation total 393216K, used 121725K [0x00000000e8000000, 0x0000000100000000, 0x0000000100000000)
 Metaspace       used 40068K, capacity 41184K, committed 41412K, reserved 1085440K
  class space    used 4620K, capacity 4894K, committed 4912K, reserved 1048576K
}
2018-03-21T06:00:09.484-0500: 946.374: Total time for which application threads were stopped: 0.0053319 seconds, Stopping threads took: 0.0000227 seconds
{Heap before GC invocations=313 (full 2):
 par new generation   total 109248K, used 97319K [0x00000000e0000000, 0x00000000e8000000, 0x00000000e8000000)
  eden space 87424K, 100% used [0x00000000e0000000, 0x00000000e5560000, 0x00000000e5560000)
  from space 21824K,  45% used [0x00000000e6ab0000, 0x00000000e7459fe0, 0x00000000e8000000)
  to   space 21824K,   0% used [0x00000000e5560000, 0x00000000e5560000, 0x00000000e6ab0000)
 concurrent mark-sweep generation total 393216K, used 121725K [0x00000000e8000000, 0x0000000100000000, 0x0000000100000000)
 Metaspace       used 40068K, capacity 41184K, committed 41412K, reserved 1085440K
  class space    used 4620K, capacity 4894K, committed 4912K, reserved 1048576K
2018-03-21T06:00:09.863-0500: 946.754: [GC (Allocation Failure) 2018-03-21T06:00:09.863-0500: 946.754: [ParNew
Desired survivor size 20112992 bytes, new threshold 8 (max 8)
- age   1:    4164824 bytes,    4164824 total
- age   2:    2877184 bytes,    7042008 total
- age   3:    1643464 bytes,    8685472 total
- age   4:     603200 bytes,    9288672 total
- age   5:    2000120 bytes,   11288792 total
- age   6:     342952 bytes,   11631744 total
- age   7:     386984 bytes,   12018728 total
- age   8:     245480 bytes,   12264208 total
: 97319K->16562K(109248K), 0.0062427 secs] 219045K->138297K(502464K), 0.0063245 secs] [Times: user=0.02 sys=0.00, real=0.00 secs] 
Heap after GC invocations=314 (full 2):
 par new generation   total 109248K, used 16562K [0x00000000e0000000, 0x00000000e8000000, 0x00000000e8000000)
  eden space 87424K,   0% used [0x00000000e0000000, 0x00000000e0000000, 0x00000000e5560000)
  from space 21824K,  75% used [0x00000000e5560000, 0x00000000e658c948, 0x00000000e6ab0000)
  to   space 21824K,   0% used [0x00000000e6ab0000, 0x00000000e6ab0000, 0x00000000e8000000)
 concurrent mark-sweep generation total 393216K, used 121734K [0x00000000e8000000, 0x0000000100000000, 0x0000000100000000)
 Metaspace       used 40068K, capacity 41184K, committed 41412K, reserved 1085440K
  class space    used 4620K, capacity 4894K, committed 4912K, reserved 1048576K
}
2018-03-21T06:00:09.870-0500: 946.760: Total time for which application threads were stopped: 0.0065104 seconds, Stopping threads took: 0.0000206 seconds
{Heap before GC invocations=314 (full 2):
 par new generation   total 109248K, used 103986K [0x00000000e0000000, 0x00000000e8000000, 0x00000000e8000000)
  eden space 87424K, 100% used [0x00000000e0000000, 0x00000000e5560000, 0x00000000e5560000)
  from space 21824K,  75% used [0x00000000e5560000, 0x00000000e658c948, 0x00000000e6ab0000)
  to   space 21824K,   0% used [0x00000000e6ab0000, 0x00000000e6ab0000, 0x00000000e8000000)
 concurrent mark-sweep generation total 393216K, used 121734K [0x00000000e8000000, 0x0000000100000000, 0x0000000100000000)
 Metaspace       used 40068K, capacity 41184K, committed 41412K, reserved 1085440K
  class space    used 4620K, capacity 4894K, committed 4912K, reserved 1048576K
2018-03-21T06:00:10.147-0500: 947.037: [GC (Allocation Failure) 2018-03-21T06:00:10.147-0500: 947.037: [ParNew
Desired survivor size 20112992 bytes, new threshold 8 (max 8)
- age   1:    3405064 bytes,    3405064 total
- age   2:    2725528 bytes,    6130592 total
- age   3:    2332208 bytes,    8462800 total
- age   4:     931920 bytes,    9394720 total
- age   5:     603200 bytes,    9997920 total
- age   6:    2000120 bytes,   11998040 total
- age   7:     342952 bytes,   12340992 total
- age   8:     386984 bytes,   12727976 total
: 103986K->14243K(109248K), 0.0078701 secs] 225721K->136218K(502464K), 0.0079531 secs] [Times: user=0.03 sys=0.00, real=0.01 secs] 
Heap after GC invocations=315 (full 2):
 par new generation   total 109248K, used 14243K [0x00000000e0000000, 0x00000000e8000000, 0x00000000e8000000)
  eden space 87424K,   0% used [0x00000000e0000000, 0x00000000e0000000, 0x00000000e5560000)
  from space 21824K,  65% used [0x00000000e6ab0000, 0x00000000e7898c40, 0x00000000e8000000)
  to   space 21824K,   0% used [0x00000000e5560000, 0x00000000e5560000, 0x00000000e6ab0000)
 concurrent mark-sweep generation total 393216K, used 121975K [0x00000000e8000000, 0x0000000100000000, 0x0000000100000000)
 Metaspace       used 40068K, capacity 41184K, committed 41412K, reserved 1085440K
  class space    used 4620K, capacity 4894K, committed 4912K, reserved 1048576K
}
2018-03-21T06:00:10.155-0500: 947.045: Total time for which application threads were stopped: 0.0081788 seconds, Stopping threads took: 0.0000490 seconds
{Heap before GC invocations=315 (full 2):
 par new generation   total 109248K, used 101667K [0x00000000e0000000, 0x00000000e8000000, 0x00000000e8000000)
  eden space 87424K, 100% used [0x00000000e0000000, 0x00000000e5560000, 0x00000000e5560000)
  from space 21824K,  65% used [0x00000000e6ab0000, 0x00000000e7898c40, 0x00000000e8000000)
  to   space 21824K,   0% used [0x00000000e5560000, 0x00000000e5560000, 0x00000000e6ab0000)
 concurrent mark-sweep generation total 393216K, used 121975K [0x00000000e8000000, 0x0000000100000000, 0x0000000100000000)
 Metaspace       used 40068K, capacity 41184K, committed 41412K, reserved 1085440K
  class space    used 4620K, capacity 4894K, committed 4912K, reserved 1048576K
2018-03-21T06:00:10.552-0500: 947.443: [GC (Allocation Failure) 2018-03-21T06:00:10.552-0500: 947.443: [ParNew
Desired survivor size 20112992 bytes, new threshold 8 (max 8)
- age   1:    3629880 bytes,    3629880 total
- age   2:    1866912 bytes,    5496792 total
- age   3:     623104 bytes,    6119896 total
- age   4:     629136 bytes,    6749032 total
- age   5:     479576 bytes,    7228608 total
- age   6:     603200 bytes,    7831808 total
- age   7:    1999664 bytes,    9831472 total
- age   8:     342952 bytes,   10174424 total
: 101667K->16357K(109248K), 0.0049823 secs] 223642K->138710K(502464K), 0.0050657 secs] [Times: user=0.02 sys=0.00, real=0.00 secs] 
Heap after GC invocations=316 (full 2):
 par new generation   total 109248K, used 16357K [0x00000000e0000000, 0x00000000e8000000, 0x00000000e8000000)
  eden space 87424K,   0% used [0x00000000e0000000, 0x00000000e0000000, 0x00000000e5560000)
  from space 21824K,  74% used [0x00000000e5560000, 0x00000000e65594e0, 0x00000000e6ab0000)
  to   space 21824K,   0% used [0x00000000e6ab0000, 0x00000000e6ab0000, 0x00000000e8000000)
 concurrent mark-sweep generation total 393216K, used 122353K [0x00000000e8000000, 0x0000000100000000, 0x0000000100000000)
 Metaspace       used 40068K, capacity 41184K, committed 41412K, reserved 1085440K
  class space    used 4620K, capacity 4894K, committed 4912K, reserved 1048576K
}
2018-03-21T06:00:10.557-0500: 947.448: Total time for which application threads were stopped: 0.0052584 seconds, Stopping threads took: 0.0000228 seconds
{Heap before GC invocations=316 (full 2):
 par new generation   total 109248K, used 103781K [0x00000000e0000000, 0x00000000e8000000, 0x00000000e8000000)
  eden space 87424K, 100% used [0x00000000e0000000, 0x00000000e5560000, 0x00000000e5560000)
  from space 21824K,  74% used [0x00000000e5560000, 0x00000000e65594e0, 0x00000000e6ab0000)
  to   space 21824K,   0% used [0x00000000e6ab0000, 0x00000000e6ab0000, 0x00000000e8000000)
 concurrent mark-sweep generation total 393216K, used 122353K [0x00000000e8000000, 0x0000000100000000, 0x0000000100000000)
 Metaspace       used 40068K, capacity 41184K, committed 41412K, reserved 1085440K
  class space    used 4620K, capacity 4894K, committed 4912K, reserved 1048576K
2018-03-21T06:00:10.943-0500: 947.834: [GC (Allocation Failure) 2018-03-21T06:00:10.943-0500: 947.834: [ParNew
Desired survivor size 20112992 bytes, new threshold 8 (max 8)
- age   1:    4274664 bytes,    4274664 total
- age   2:    2819832 bytes,    7094496 total
- age   3:    1866912 bytes,    8961408 total
- age   4:     623104 bytes,    9584512 total
- age   5:     628224 bytes,   10212736 total
- age   6:     479576 bytes,   10692312 total
- age   7:     603200 bytes,   11295512 total
- age   8:    1999664 bytes,   13295176 total
: 103781K->14328K(109248K), 0.0067182 secs] 226134K->137016K(502464K), 0.0068167 secs] [Times: user=0.02 sys=0.00, real=0.01 secs] 
Heap after GC invocations=317 (full 2):
 par new generation   total 109248K, used 14328K [0x00000000e0000000, 0x00000000e8000000, 0x00000000e8000000)
  eden space 87424K,   0% used [0x00000000e0000000, 0x00000000e0000000, 0x00000000e5560000)
  from space 21824K,  65% used [0x00000000e6ab0000, 0x00000000e78ae010, 0x00000000e8000000)
  to   space 21824K,   0% used [0x00000000e5560000, 0x00000000e5560000, 0x00000000e6ab0000)
 concurrent mark-sweep generation total 393216K, used 122688K [0x00000000e8000000, 0x0000000100000000, 0x0000000100000000)
 Metaspace       used 40068K, capacity 41184K, committed 41412K, reserved 1085440K
  class space    used 4620K, capacity 4894K, committed 4912K, reserved 1048576K
}
2018-03-21T06:00:10.950-0500: 947.841: Total time for which application threads were stopped: 0.0070179 seconds, Stopping threads took: 0.0000225 seconds
{Heap before GC invocations=317 (full 2):
 par new generation   total 109248K, used 101752K [0x00000000e0000000, 0x00000000e8000000, 0x00000000e8000000)
  eden space 87424K, 100% used [0x00000000e0000000, 0x00000000e5560000, 0x00000000e5560000)
  from space 21824K,  65% used [0x00000000e6ab0000, 0x00000000e78ae010, 0x00000000e8000000)
  to   space 21824K,   0% used [0x00000000e5560000, 0x00000000e5560000, 0x00000000e6ab0000)
 concurrent mark-sweep generation total 393216K, used 122688K [0x00000000e8000000, 0x0000000100000000, 0x0000000100000000)
 Metaspace       used 40069K, capacity 41184K, committed 41412K, reserved 1085440K
  class space    used 4620K, capacity 4894K, committed 4912K, reserved 1048576K
2018-03-21T06:00:11.202-0500: 948.092: [GC (Allocation Failure) 2018-03-21T06:00:11.202-0500: 948.092: [ParNew
Desired survivor size 20112992 bytes, new threshold 8 (max 8)
- age   1:    2764216 bytes,    2764216 total
- age   2:     685504 bytes,    3449720 total
- age   3:     656688 bytes,    4106408 total
- age   4:     452680 bytes,    4559088 total
- age   5:     623104 bytes,    5182192 total
- age   6:     627712 bytes,    5809904 total
- age   7:     479576 bytes,    6289480 total
- age   8:     603200 bytes,    6892680 total
: 101752K->13800K(109248K), 0.0048336 secs] 224440K->138442K(502464K), 0.0049133 secs] [Times: user=0.01 sys=0.00, real=0.00 secs] 
Heap after GC invocations=318 (full 2):
 par new generation   total 109248K, used 13800K [0x00000000e0000000, 0x00000000e8000000, 0x00000000e8000000)
  eden space 87424K,   0% used [0x00000000e0000000, 0x00000000e0000000, 0x00000000e5560000)
  from space 21824K,  63% used [0x00000000e5560000, 0x00000000e62da140, 0x00000000e6ab0000)
  to   space 21824K,   0% used [0x00000000e6ab0000, 0x00000000e6ab0000, 0x00000000e8000000)
 concurrent mark-sweep generation total 393216K, used 124642K [0x00000000e8000000, 0x0000000100000000, 0x0000000100000000)
 Metaspace       used 40069K, capacity 41184K, committed 41412K, reserved 1085440K
  class space    used 4620K, capacity 4894K, committed 4912K, reserved 1048576K
}
2018-03-21T06:00:11.207-0500: 948.097: Total time for which application threads were stopped: 0.0051177 seconds, Stopping threads took: 0.0000232 seconds
{Heap before GC invocations=318 (full 2):
 par new generation   total 109248K, used 101224K [0x00000000e0000000, 0x00000000e8000000, 0x00000000e8000000)
  eden space 87424K, 100% used [0x00000000e0000000, 0x00000000e5560000, 0x00000000e5560000)
  from space 21824K,  63% used [0x00000000e5560000, 0x00000000e62da140, 0x00000000e6ab0000)
  to   space 21824K,   0% used [0x00000000e6ab0000, 0x00000000e6ab0000, 0x00000000e8000000)
 concurrent mark-sweep generation total 393216K, used 124642K [0x00000000e8000000, 0x0000000100000000, 0x0000000100000000)
 Metaspace       used 40069K, capacity 41184K, committed 41412K, reserved 1085440K
  class space    used 4620K, capacity 4894K, committed 4912K, reserved 1048576K
2018-03-21T06:00:11.605-0500: 948.496: [GC (Allocation Failure) 2018-03-21T06:00:11.605-0500: 948.496: [ParNew
Desired survivor size 20112992 bytes, new threshold 8 (max 8)
- age   1:    3777704 bytes,    3777704 total
- age   2:    2279640 bytes,    6057344 total
- age   3:     685504 bytes,    6742848 total
- age   4:     655776 bytes,    7398624 total
- age   5:     452680 bytes,    7851304 total
- age   6:     623104 bytes,    8474408 total
- age   7:     627712 bytes,    9102120 total
- age   8:     479576 bytes,    9581696 total
: 101224K->11060K(109248K), 0.0061310 secs] 225866K->136292K(502464K), 0.0062241 secs] [Times: user=0.02 sys=0.00, real=0.01 secs] 
Heap after GC invocations=319 (full 2):
 par new generation   total 109248K, used 11060K [0x00000000e0000000, 0x00000000e8000000, 0x00000000e8000000)
  eden space 87424K,   0% used [0x00000000e0000000, 0x00000000e0000000, 0x00000000e5560000)
  from space 21824K,  50% used [0x00000000e6ab0000, 0x00000000e757d360, 0x00000000e8000000)
  to   space 21824K,   0% used [0x00000000e5560000, 0x00000000e5560000, 0x00000000e6ab0000)
 concurrent mark-sweep generation total 393216K, used 125231K [0x00000000e8000000, 0x0000000100000000, 0x0000000100000000)
 Metaspace       used 40069K, capacity 41184K, committed 41412K, reserved 1085440K
  class space    used 4620K, capacity 4894K, committed 4912K, reserved 1048576K
}
2018-03-21T06:00:11.612-0500: 948.502: Total time for which application threads were stopped: 0.0064266 seconds, Stopping threads took: 0.0000197 seconds
{Heap before GC invocations=319 (full 2):
 par new generation   total 109248K, used 98484K [0x00000000e0000000, 0x00000000e8000000, 0x00000000e8000000)
  eden space 87424K, 100% used [0x00000000e0000000, 0x00000000e5560000, 0x00000000e5560000)
  from space 21824K,  50% used [0x00000000e6ab0000, 0x00000000e757d360, 0x00000000e8000000)
  to   space 21824K,   0% used [0x00000000e5560000, 0x00000000e5560000, 0x00000000e6ab0000)
 concurrent mark-sweep generation total 393216K, used 125231K [0x00000000e8000000, 0x0000000100000000, 0x0000000100000000)
 Metaspace       used 40069K, capacity 41184K, committed 41412K, reserved 1085440K
  class space    used 4620K, capacity 4894K, committed 4912K, reserved 1048576K
2018-03-21T06:00:11.991-0500: 948.882: [GC (Allocation Failure) 2018-03-21T06:00:11.991-0500: 948.882: [ParNew
Desired survivor size 20112992 bytes, new threshold 8 (max 8)
- age   1:    3960000 bytes,    3960000 total
- age   2:    2943232 bytes,    6903232 total
- age   3:    2279472 bytes,    9182704 total
- age   4:     685504 bytes,    9868208 total
- age   5:     655776 bytes,   10523984 total
- age   6:     452680 bytes,   10976664 total
- age   7:     623104 bytes,   11599768 total
- age   8:     627712 bytes,   12227480 total
: 98484K->17991K(109248K), 0.0059786 secs] 223716K->143692K(502464K), 0.0060623 secs] [Times: user=0.02 sys=0.00, real=0.00 secs] 
Heap after GC invocations=320 (full 2):
 par new generation   total 109248K, used 17991K [0x00000000e0000000, 0x00000000e8000000, 0x00000000e8000000)
  eden space 87424K,   0% used [0x00000000e0000000, 0x00000000e0000000, 0x00000000e5560000)
  from space 21824K,  82% used [0x00000000e5560000, 0x00000000e66f1ff0, 0x00000000e6ab0000)
  to   space 21824K,   0% used [0x00000000e6ab0000, 0x00000000e6ab0000, 0x00000000e8000000)
 concurrent mark-sweep generation total 393216K, used 125700K [0x00000000e8000000, 0x0000000100000000, 0x0000000100000000)
 Metaspace       used 40069K, capacity 41184K, committed 41412K, reserved 1085440K
  class space    used 4620K, capacity 4894K, committed 4912K, reserved 1048576K
}
2018-03-21T06:00:11.997-0500: 948.888: Total time for which application threads were stopped: 0.0062550 seconds, Stopping threads took: 0.0000221 seconds
{Heap before GC invocations=320 (full 2):
 par new generation   total 109248K, used 105415K [0x00000000e0000000, 0x00000000e8000000, 0x00000000e8000000)
  eden space 87424K, 100% used [0x00000000e0000000, 0x00000000e5560000, 0x00000000e5560000)
  from space 21824K,  82% used [0x00000000e5560000, 0x00000000e66f1ff0, 0x00000000e6ab0000)
  to   space 21824K,   0% used [0x00000000e6ab0000, 0x00000000e6ab0000, 0x00000000e8000000)
 concurrent mark-sweep generation total 393216K, used 125700K [0x00000000e8000000, 0x0000000100000000, 0x0000000100000000)
 Metaspace       used 40071K, capacity 41184K, committed 41412K, reserved 1085440K
  class space    used 4620K, capacity 4894K, committed 4912K, reserved 1048576K
2018-03-21T06:00:12.244-0500: 949.135: [GC (Allocation Failure) 2018-03-21T06:00:12.244-0500: 949.135: [ParNew
Desired survivor size 20112992 bytes, new threshold 8 (max 8)
- age   1:    3041720 bytes,    3041720 total
- age   2:     567984 bytes,    3609704 total
- age   3:     611520 bytes,    4221224 total
- age   4:     461240 bytes,    4682464 total
- age   5:     685504 bytes,    5367968 total
- age   6:     655160 bytes,    6023128 total
- age   7:     452680 bytes,    6475808 total
- age   8:     623104 bytes,    7098912 total
: 105415K->9965K(109248K), 0.0048462 secs] 231116K->136278K(502464K), 0.0049395 secs] [Times: user=0.02 sys=0.00, real=0.00 secs] 
Heap after GC invocations=321 (full 2):
 par new generation   total 109248K, used 9965K [0x00000000e0000000, 0x00000000e8000000, 0x00000000e8000000)
  eden space 87424K,   0% used [0x00000000e0000000, 0x00000000e0000000, 0x00000000e5560000)
  from space 21824K,  45% used [0x00000000e6ab0000, 0x00000000e746b440, 0x00000000e8000000)
  to   space 21824K,   0% used [0x00000000e5560000, 0x00000000e5560000, 0x00000000e6ab0000)
 concurrent mark-sweep generation total 393216K, used 126313K [0x00000000e8000000, 0x0000000100000000, 0x0000000100000000)
 Metaspace       used 40071K, capacity 41184K, committed 41412K, reserved 1085440K
  class space    used 4620K, capacity 4894K, committed 4912K, reserved 1048576K
}
2018-03-21T06:00:12.249-0500: 949.140: Total time for which application threads were stopped: 0.0051332 seconds, Stopping threads took: 0.0000226 seconds
{Heap before GC invocations=321 (full 2):
 par new generation   total 109248K, used 97389K [0x00000000e0000000, 0x00000000e8000000, 0x00000000e8000000)
  eden space 87424K, 100% used [0x00000000e0000000, 0x00000000e5560000, 0x00000000e5560000)
  from space 21824K,  45% used [0x00000000e6ab0000, 0x00000000e746b440, 0x00000000e8000000)
  to   space 21824K,   0% used [0x00000000e5560000, 0x00000000e5560000, 0x00000000e6ab0000)
 concurrent mark-sweep generation total 393216K, used 126313K [0x00000000e8000000, 0x0000000100000000, 0x0000000100000000)
 Metaspace       used 40071K, capacity 41184K, committed 41412K, reserved 1085440K
  class space    used 4620K, capacity 4894K, committed 4912K, reserved 1048576K
2018-03-21T06:00:12.630-0500: 949.520: [GC (Allocation Failure) 2018-03-21T06:00:12.630-0500: 949.520: [ParNew
Desired survivor size 20112992 bytes, new threshold 8 (max 8)
- age   1:    3875328 bytes,    3875328 total
- age   2:    2505664 bytes,    6380992 total
- age   3:     567984 bytes,    6948976 total
- age   4:     611520 bytes,    7560496 total
- age   5:     460328 bytes,    8020824 total
- age   6:     685504 bytes,    8706328 total
- age   7:     655160 bytes,    9361488 total
- age   8:     452680 bytes,    9814168 total
: 97389K->11533K(109248K), 0.0055816 secs] 223702K->138455K(502464K), 0.0057131 secs] [Times: user=0.02 sys=0.00, real=0.01 secs] 
Heap after GC invocations=322 (full 2):
 par new generation   total 109248K, used 11533K [0x00000000e0000000, 0x00000000e8000000, 0x00000000e8000000)
  eden space 87424K,   0% used [0x00000000e0000000, 0x00000000e0000000, 0x00000000e5560000)
  from space 21824K,  52% used [0x00000000e5560000, 0x00000000e60a3720, 0x00000000e6ab0000)
  to   space 21824K,   0% used [0x00000000e6ab0000, 0x00000000e6ab0000, 0x00000000e8000000)
 concurrent mark-sweep generation total 393216K, used 126921K [0x00000000e8000000, 0x0000000100000000, 0x0000000100000000)
 Metaspace       used 40071K, capacity 41184K, committed 41412K, reserved 1085440K
  class space    used 4620K, capacity 4894K, committed 4912K, reserved 1048576K
}
2018-03-21T06:00:12.636-0500: 949.526: Total time for which application threads were stopped: 0.0059093 seconds, Stopping threads took: 0.0000231 seconds
{Heap before GC invocations=322 (full 2):
 par new generation   total 109248K, used 98957K [0x00000000e0000000, 0x00000000e8000000, 0x00000000e8000000)
  eden space 87424K, 100% used [0x00000000e0000000, 0x00000000e5560000, 0x00000000e5560000)
  from space 21824K,  52% used [0x00000000e5560000, 0x00000000e60a3720, 0x00000000e6ab0000)
  to   space 21824K,   0% used [0x00000000e6ab0000, 0x00000000e6ab0000, 0x00000000e8000000)
 concurrent mark-sweep generation total 393216K, used 126921K [0x00000000e8000000, 0x0000000100000000, 0x0000000100000000)
 Metaspace       used 40071K, capacity 41184K, committed 41412K, reserved 1085440K
  class space    used 4620K, capacity 4894K, committed 4912K, reserved 1048576K
2018-03-21T06:00:13.015-0500: 949.905: [GC (Allocation Failure) 2018-03-21T06:00:13.015-0500: 949.905: [ParNew
Desired survivor size 20112992 bytes, new threshold 8 (max 8)
- age   1:    4840240 bytes,    4840240 total
- age   2:    3016608 bytes,    7856848 total
- age   3:    2538080 bytes,   10394928 total
- age   4:     567984 bytes,   10962912 total
- age   5:     611520 bytes,   11574432 total
- age   6:     460328 bytes,   12034760 total
- age   7:     685504 bytes,   12720264 total
- age   8:     655160 bytes,   13375424 total
: 98957K->18335K(109248K), 0.0063755 secs] 225879K->145699K(502464K), 0.0064623 secs] [Times: user=0.02 sys=0.00, real=0.01 secs] 
Heap after GC invocations=323 (full 2):
 par new generation   total 109248K, used 18335K [0x00000000e0000000, 0x00000000e8000000, 0x00000000e8000000)
  eden space 87424K,   0% used [0x00000000e0000000, 0x00000000e0000000, 0x00000000e5560000)
  from space 21824K,  84% used [0x00000000e6ab0000, 0x00000000e7c97f88, 0x00000000e8000000)
  to   space 21824K,   0% used [0x00000000e5560000, 0x00000000e5560000, 0x00000000e6ab0000)
 concurrent mark-sweep generation total 393216K, used 127363K [0x00000000e8000000, 0x0000000100000000, 0x0000000100000000)
 Metaspace       used 40071K, capacity 41184K, committed 41412K, reserved 1085440K
  class space    used 4620K, capacity 4894K, committed 4912K, reserved 1048576K
}
2018-03-21T06:00:13.021-0500: 949.912: Total time for which application threads were stopped: 0.0066847 seconds, Stopping threads took: 0.0000516 seconds
{Heap before GC invocations=323 (full 2):
 par new generation   total 109248K, used 105759K [0x00000000e0000000, 0x00000000e8000000, 0x00000000e8000000)
  eden space 87424K, 100% used [0x00000000e0000000, 0x00000000e5560000, 0x00000000e5560000)
  from space 21824K,  84% used [0x00000000e6ab0000, 0x00000000e7c97f88, 0x00000000e8000000)
  to   space 21824K,   0% used [0x00000000e5560000, 0x00000000e5560000, 0x00000000e6ab0000)
 concurrent mark-sweep generation total 393216K, used 127363K [0x00000000e8000000, 0x0000000100000000, 0x0000000100000000)
 Metaspace       used 40071K, capacity 41184K, committed 41412K, reserved 1085440K
  class space    used 4620K, capacity 4894K, committed 4912K, reserved 1048576K
2018-03-21T06:00:13.287-0500: 950.178: [GC (Allocation Failure) 2018-03-21T06:00:13.287-0500: 950.178: [ParNew
Desired survivor size 20112992 bytes, new threshold 8 (max 8)
- age   1:    2508968 bytes,    2508968 total
- age   2:    1345208 bytes,    3854176 total
- age   3:     619840 bytes,    4474016 total
- age   4:     422072 bytes,    4896088 total
- age   5:     567984 bytes,    5464072 total
- age   6:     611520 bytes,    6075592 total
- age   7:     459656 bytes,    6535248 total
- age   8:     685504 bytes,    7220752 total
: 105759K->12112K(109248K), 0.0071117 secs] 233123K->140116K(502464K), 0.0072151 secs] [Times: user=0.02 sys=0.00, real=0.01 secs] 
Heap after GC invocations=324 (full 2):
 par new generation   total 109248K, used 12112K [0x00000000e0000000, 0x00000000e8000000, 0x00000000e8000000)
  eden space 87424K,   0% used [0x00000000e0000000, 0x00000000e0000000, 0x00000000e5560000)
  from space 21824K,  55% used [0x00000000e5560000, 0x00000000e6134280, 0x00000000e6ab0000)
  to   space 21824K,   0% used [0x00000000e6ab0000, 0x00000000e6ab0000, 0x00000000e8000000)
 concurrent mark-sweep generation total 393216K, used 128003K [0x00000000e8000000, 0x0000000100000000, 0x0000000100000000)
 Metaspace       used 40071K, capacity 41184K, committed 41412K, reserved 1085440K
  class space    used 4620K, capacity 4894K, committed 4912K, reserved 1048576K
}
2018-03-21T06:00:13.295-0500: 950.185: Total time for which application threads were stopped: 0.0074238 seconds, Stopping threads took: 0.0000248 seconds
{Heap before GC invocations=324 (full 2):
 par new generation   total 109248K, used 99536K [0x00000000e0000000, 0x00000000e8000000, 0x00000000e8000000)
  eden space 87424K, 100% used [0x00000000e0000000, 0x00000000e5560000, 0x00000000e5560000)
  from space 21824K,  55% used [0x00000000e5560000, 0x00000000e6134280, 0x00000000e6ab0000)
  to   space 21824K,   0% used [0x00000000e6ab0000, 0x00000000e6ab0000, 0x00000000e8000000)
 concurrent mark-sweep generation total 393216K, used 128003K [0x00000000e8000000, 0x0000000100000000, 0x0000000100000000)
 Metaspace       used 40071K, capacity 41184K, committed 41412K, reserved 1085440K
  class space    used 4620K, capacity 4894K, committed 4912K, reserved 1048576K
2018-03-21T06:00:13.704-0500: 950.595: [GC (Allocation Failure) 2018-03-21T06:00:13.704-0500: 950.595: [ParNew
Desired survivor size 20112992 bytes, new threshold 8 (max 8)
- age   1:    3910968 bytes,    3910968 total
- age   2:    1944632 bytes,    5855600 total
- age   3:    1345176 bytes,    7200776 total
- age   4:     619840 bytes,    7820616 total
- age   5:     421160 bytes,    8241776 total
- age   6:     567984 bytes,    8809760 total
- age   7:     611520 bytes,    9421280 total
- age   8:     459656 bytes,    9880936 total
: 99536K->12226K(109248K), 0.0052291 secs] 227540K->140899K(502464K), 0.0053280 secs] [Times: user=0.02 sys=0.00, real=0.00 secs] 
Heap after GC invocations=325 (full 2):
 par new generation   total 109248K, used 12226K [0x00000000e0000000, 0x00000000e8000000, 0x00000000e8000000)
  eden space 87424K,   0% used [0x00000000e0000000, 0x00000000e0000000, 0x00000000e5560000)
  from space 21824K,  56% used [0x00000000e6ab0000, 0x00000000e76a0980, 0x00000000e8000000)
  to   space 21824K,   0% used [0x00000000e5560000, 0x00000000e5560000, 0x00000000e6ab0000)
 concurrent mark-sweep generation total 393216K, used 128673K [0x00000000e8000000, 0x0000000100000000, 0x0000000100000000)
 Metaspace       used 40071K, capacity 41184K, committed 41412K, reserved 1085440K
  class space    used 4620K, capacity 4894K, committed 4912K, reserved 1048576K
}
2018-03-21T06:00:13.710-0500: 950.600: Total time for which application threads were stopped: 0.0055613 seconds, Stopping threads took: 0.0000285 seconds
2018-03-21T06:00:13.978-0500: 950.869: Total time for which application threads were stopped: 0.0001729 seconds, Stopping threads took: 0.0000340 seconds
2018-03-21T06:00:13.984-0500: 950.875: Total time for which application threads were stopped: 0.0059738 seconds, Stopping threads took: 0.0058069 seconds
2018-03-21T06:00:13.988-0500: 950.878: Total time for which application threads were stopped: 0.0001566 seconds, Stopping threads took: 0.0000504 seconds
2018-03-21T06:00:13.988-0500: 950.878: Total time for which application threads were stopped: 0.0000717 seconds, Stopping threads took: 0.0000108 seconds
2018-03-21T06:00:14.144-0500: 951.035: Total time for which application threads were stopped: 0.0005371 seconds, Stopping threads took: 0.0001509 seconds
2018-03-21T06:00:14.145-0500: 951.035: Total time for which application threads were stopped: 0.0002674 seconds, Stopping threads took: 0.0000281 seconds
2018-03-21T06:00:14.145-0500: 951.035: Total time for which application threads were stopped: 0.0002397 seconds, Stopping threads took: 0.0000651 seconds
2018-03-21T06:00:14.145-0500: 951.036: Total time for which application threads were stopped: 0.0001007 seconds, Stopping threads took: 0.0000124 seconds
2018-03-21T06:00:14.151-0500: 951.041: Total time for which application threads were stopped: 0.0002667 seconds, Stopping threads took: 0.0000880 seconds
2018-03-21T06:00:14.151-0500: 951.042: Total time for which application threads were stopped: 0.0004450 seconds, Stopping threads took: 0.0000168 seconds
2018-03-21T06:00:14.158-0500: 951.048: Total time for which application threads were stopped: 0.0002515 seconds, Stopping threads took: 0.0001017 seconds
2018-03-21T06:00:14.162-0500: 951.053: Total time for which application threads were stopped: 0.0001597 seconds, Stopping threads took: 0.0000612 seconds
{Heap before GC invocations=325 (full 2):
 par new generation   total 109248K, used 99650K [0x00000000e0000000, 0x00000000e8000000, 0x00000000e8000000)
  eden space 87424K, 100% used [0x00000000e0000000, 0x00000000e5560000, 0x00000000e5560000)
  from space 21824K,  56% used [0x00000000e6ab0000, 0x00000000e76a0980, 0x00000000e8000000)
  to   space 21824K,   0% used [0x00000000e5560000, 0x00000000e5560000, 0x00000000e6ab0000)
 concurrent mark-sweep generation total 393216K, used 128673K [0x00000000e8000000, 0x0000000100000000, 0x0000000100000000)
 Metaspace       used 40092K, capacity 41184K, committed 41412K, reserved 1085440K
  class space    used 4620K, capacity 4894K, committed 4912K, reserved 1048576K
2018-03-21T06:00:14.201-0500: 951.092: [GC (Allocation Failure) 2018-03-21T06:00:14.201-0500: 951.092: [ParNew
Desired survivor size 20112992 bytes, new threshold 8 (max 8)
- age   1:    1643688 bytes,    1643688 total
- age   2:     655200 bytes,    2298888 total
- age   3:     458336 bytes,    2757224 total
- age   4:     642544 bytes,    3399768 total
- age   5:     619840 bytes,    4019608 total
- age   6:     420352 bytes,    4439960 total
- age   7:     567984 bytes,    5007944 total
- age   8:     611520 bytes,    5619464 total
: 99650K->10137K(109248K), 0.0036633 secs] 228323K->139260K(502464K), 0.0037765 secs] [Times: user=0.01 sys=0.00, real=0.00 secs] 
Heap after GC invocations=326 (full 2):
 par new generation   total 109248K, used 10137K [0x00000000e0000000, 0x00000000e8000000, 0x00000000e8000000)
  eden space 87424K,   0% used [0x00000000e0000000, 0x00000000e0000000, 0x00000000e5560000)
  from space 21824K,  46% used [0x00000000e5560000, 0x00000000e5f466f0, 0x00000000e6ab0000)
  to   space 21824K,   0% used [0x00000000e6ab0000, 0x00000000e6ab0000, 0x00000000e8000000)
 concurrent mark-sweep generation total 393216K, used 129122K [0x00000000e8000000, 0x0000000100000000, 0x0000000100000000)
 Metaspace       used 40092K, capacity 41184K, committed 41412K, reserved 1085440K
  class space    used 4620K, capacity 4894K, committed 4912K, reserved 1048576K
}
2018-03-21T06:00:14.205-0500: 951.096: Total time for which application threads were stopped: 0.0040174 seconds, Stopping threads took: 0.0000387 seconds
{Heap before GC invocations=326 (full 2):
 par new generation   total 109248K, used 97561K [0x00000000e0000000, 0x00000000e8000000, 0x00000000e8000000)
  eden space 87424K, 100% used [0x00000000e0000000, 0x00000000e5560000, 0x00000000e5560000)
  from space 21824K,  46% used [0x00000000e5560000, 0x00000000e5f466f0, 0x00000000e6ab0000)
  to   space 21824K,   0% used [0x00000000e6ab0000, 0x00000000e6ab0000, 0x00000000e8000000)
 concurrent mark-sweep generation total 393216K, used 129122K [0x00000000e8000000, 0x0000000100000000, 0x0000000100000000)
 Metaspace       used 40092K, capacity 41184K, committed 41412K, reserved 1085440K
  class space    used 4620K, capacity 4894K, committed 4912K, reserved 1048576K
2018-03-21T06:00:14.602-0500: 951.493: [GC (Allocation Failure) 2018-03-21T06:00:14.602-0500: 951.493: [ParNew
Desired survivor size 20112992 bytes, new threshold 8 (max 8)
- age   1:    3560464 bytes,    3560464 total
- age   2:    1474776 bytes,    5035240 total
- age   3:     655200 bytes,    5690440 total
- age   4:     457424 bytes,    6147864 total
- age   5:     642544 bytes,    6790408 total
- age   6:     619840 bytes,    7410248 total
- age   7:     420352 bytes,    7830600 total
- age   8:     567984 bytes,    8398584 total
: 97561K->10060K(109248K), 0.0068854 secs] 226684K->139780K(502464K), 0.0069736 secs] [Times: user=0.02 sys=0.00, real=0.00 secs] 
Heap after GC invocations=327 (full 2):
 par new generation   total 109248K, used 10060K [0x00000000e0000000, 0x00000000e8000000, 0x00000000e8000000)
  eden space 87424K,   0% used [0x00000000e0000000, 0x00000000e0000000, 0x00000000e5560000)
  from space 21824K,  46% used [0x00000000e6ab0000, 0x00000000e74833b8, 0x00000000e8000000)
  to   space 21824K,   0% used [0x00000000e5560000, 0x00000000e5560000, 0x00000000e6ab0000)
 concurrent mark-sweep generation total 393216K, used 129719K [0x00000000e8000000, 0x0000000100000000, 0x0000000100000000)
 Metaspace       used 40092K, capacity 41184K, committed 41412K, reserved 1085440K
  class space    used 4620K, capacity 4894K, committed 4912K, reserved 1048576K
}
2018-03-21T06:00:14.609-0500: 951.500: Total time for which application threads were stopped: 0.0071540 seconds, Stopping threads took: 0.0000193 seconds
2018-03-21T06:00:15.263-0500: 952.154: Total time for which application threads were stopped: 0.0001726 seconds, Stopping threads took: 0.0000326 seconds
2018-03-21T06:00:15.263-0500: 952.154: Total time for which application threads were stopped: 0.0000942 seconds, Stopping threads took: 0.0000132 seconds
2018-03-21T06:00:15.275-0500: 952.166: Total time for which application threads were stopped: 0.0001525 seconds, Stopping threads took: 0.0000454 seconds
2018-03-21T06:00:15.275-0500: 952.166: Total time for which application threads were stopped: 0.0000643 seconds, Stopping threads took: 0.0000111 seconds
2018-03-21T06:00:20.606-0500: 957.497: Total time for which application threads were stopped: 0.0013486 seconds, Stopping threads took: 0.0012142 seconds
2018-03-21T06:00:20.606-0500: 957.497: Total time for which application threads were stopped: 0.0001300 seconds, Stopping threads took: 0.0000358 seconds
2018-03-21T06:00:20.609-0500: 957.499: Total time for which application threads were stopped: 0.0001892 seconds, Stopping threads took: 0.0000350 seconds
2018-03-21T06:00:20.609-0500: 957.499: Total time for which application threads were stopped: 0.0000906 seconds, Stopping threads took: 0.0000160 seconds
2018-03-21T06:00:20.624-0500: 957.515: Total time for which application threads were stopped: 0.0001872 seconds, Stopping threads took: 0.0000320 seconds
2018-03-21T06:00:20.624-0500: 957.515: Total time for which application threads were stopped: 0.0002162 seconds, Stopping threads took: 0.0001189 seconds
2018-03-21T06:00:20.633-0500: 957.523: Total time for which application threads were stopped: 0.0001986 seconds, Stopping threads took: 0.0000533 seconds
2018-03-21T06:00:20.633-0500: 957.523: Total time for which application threads were stopped: 0.0001375 seconds, Stopping threads took: 0.0000383 seconds
2018-03-21T06:00:21.510-0500: 958.401: Total time for which application threads were stopped: 0.0002963 seconds, Stopping threads took: 0.0000532 seconds
2018-03-21T06:00:21.510-0500: 958.401: Total time for which application threads were stopped: 0.0001601 seconds, Stopping threads took: 0.0000285 seconds
2018-03-21T06:00:22.410-0500: 959.301: Total time for which application threads were stopped: 0.0001500 seconds, Stopping threads took: 0.0000307 seconds
2018-03-21T06:00:22.410-0500: 959.301: Total time for which application threads were stopped: 0.0000924 seconds, Stopping threads took: 0.0000302 seconds
2018-03-21T06:00:22.414-0500: 959.305: Total time for which application threads were stopped: 0.0001294 seconds, Stopping threads took: 0.0000269 seconds
2018-03-21T06:00:22.414-0500: 959.305: Total time for which application threads were stopped: 0.0000840 seconds, Stopping threads took: 0.0000172 seconds
2018-03-21T06:00:38.416-0500: 975.307: Total time for which application threads were stopped: 0.0001429 seconds, Stopping threads took: 0.0000272 seconds
2018-03-21T06:00:55.903-0500: 992.793: Total time for which application threads were stopped: 0.0001854 seconds, Stopping threads took: 0.0000343 seconds
2018-03-21T06:00:56.903-0500: 993.794: Total time for which application threads were stopped: 0.0003351 seconds, Stopping threads took: 0.0000544 seconds
2018-03-21T06:02:20.207-0500: 1077.097: Total time for which application threads were stopped: 0.0002044 seconds, Stopping threads took: 0.0000514 seconds
2018-03-21T06:02:20.212-0500: 1077.103: Total time for which application threads were stopped: 0.0001834 seconds, Stopping threads took: 0.0000495 seconds
2018-03-21T06:02:20.214-0500: 1077.105: Total time for which application threads were stopped: 0.0001785 seconds, Stopping threads took: 0.0000439 seconds
2018-03-21T06:02:20.214-0500: 1077.105: Total time for which application threads were stopped: 0.0001159 seconds, Stopping threads took: 0.0000316 seconds
2018-03-21T06:02:20.262-0500: 1077.152: Total time for which application threads were stopped: 0.0001490 seconds, Stopping threads took: 0.0000329 seconds
2018-03-21T06:02:21.262-0500: 1078.153: Total time for which application threads were stopped: 0.0002822 seconds, Stopping threads took: 0.0000601 seconds
2018-03-21T06:02:24.269-0500: 1081.159: Total time for which application threads were stopped: 0.0002861 seconds, Stopping threads took: 0.0000778 seconds
2018-03-21T06:02:24.269-0500: 1081.159: Total time for which application threads were stopped: 0.0001744 seconds, Stopping threads took: 0.0000326 seconds
2018-03-21T06:02:24.273-0500: 1081.163: Total time for which application threads were stopped: 0.0004366 seconds, Stopping threads took: 0.0000705 seconds
2018-03-21T06:02:24.278-0500: 1081.169: Total time for which application threads were stopped: 0.0004617 seconds, Stopping threads took: 0.0000904 seconds
2018-03-21T06:02:24.278-0500: 1081.169: Total time for which application threads were stopped: 0.0003035 seconds, Stopping threads took: 0.0000351 seconds
2018-03-21T06:02:25.279-0500: 1082.169: Total time for which application threads were stopped: 0.0002612 seconds, Stopping threads took: 0.0000579 seconds
2018-03-21T06:02:35.548-0500: 1092.438: Total time for which application threads were stopped: 0.0001698 seconds, Stopping threads took: 0.0000228 seconds
2018-03-21T06:02:35.548-0500: 1092.439: Total time for which application threads were stopped: 0.0001212 seconds, Stopping threads took: 0.0000209 seconds
2018-03-21T06:02:35.550-0500: 1092.441: Total time for which application threads were stopped: 0.0001640 seconds, Stopping threads took: 0.0000510 seconds
2018-03-21T06:02:35.550-0500: 1092.441: Total time for which application threads were stopped: 0.0001014 seconds, Stopping threads took: 0.0000319 seconds
2018-03-21T06:03:03.897-0500: 1120.787: Total time for which application threads were stopped: 0.0001869 seconds, Stopping threads took: 0.0000281 seconds
2018-03-21T06:03:03.897-0500: 1120.788: Total time for which application threads were stopped: 0.0000881 seconds, Stopping threads took: 0.0000142 seconds
2018-03-21T06:03:03.899-0500: 1120.790: Total time for which application threads were stopped: 0.0001711 seconds, Stopping threads took: 0.0000457 seconds
2018-03-21T06:03:03.899-0500: 1120.790: Total time for which application threads were stopped: 0.0001100 seconds, Stopping threads took: 0.0000329 seconds
2018-03-21T06:03:14.687-0500: 1131.578: Total time for which application threads were stopped: 0.0002194 seconds, Stopping threads took: 0.0000497 seconds
2018-03-21T06:03:15.690-0500: 1132.581: Total time for which application threads were stopped: 0.0001729 seconds, Stopping threads took: 0.0000378 seconds
2018-03-21T06:03:24.278-0500: 1141.169: Total time for which application threads were stopped: 0.0001456 seconds, Stopping threads took: 0.0000332 seconds
2018-03-21T06:03:42.292-0500: 1159.183: Total time for which application threads were stopped: 0.0001897 seconds, Stopping threads took: 0.0000293 seconds
2018-03-21T06:03:42.292-0500: 1159.183: Total time for which application threads were stopped: 0.0000965 seconds, Stopping threads took: 0.0000140 seconds
2018-03-21T06:03:42.296-0500: 1159.187: Total time for which application threads were stopped: 0.0001308 seconds, Stopping threads took: 0.0000237 seconds
2018-03-21T06:03:42.296-0500: 1159.187: Total time for which application threads were stopped: 0.0000803 seconds, Stopping threads took: 0.0000134 seconds
2018-03-21T06:03:42.308-0500: 1159.199: Total time for which application threads were stopped: 0.0001601 seconds, Stopping threads took: 0.0000259 seconds
2018-03-21T06:03:42.308-0500: 1159.199: Total time for which application threads were stopped: 0.0000942 seconds, Stopping threads took: 0.0000121 seconds
2018-03-21T06:03:42.312-0500: 1159.202: Total time for which application threads were stopped: 0.0001137 seconds, Stopping threads took: 0.0000224 seconds
2018-03-21T06:03:42.312-0500: 1159.202: Total time for which application threads were stopped: 0.0000643 seconds, Stopping threads took: 0.0000114 seconds
2018-03-21T06:03:44.778-0500: 1161.669: Total time for which application threads were stopped: 0.0001782 seconds, Stopping threads took: 0.0000310 seconds
2018-03-21T06:03:44.779-0500: 1161.669: Total time for which application threads were stopped: 0.0000911 seconds, Stopping threads took: 0.0000113 seconds
2018-03-21T06:03:44.781-0500: 1161.672: Total time for which application threads were stopped: 0.0002232 seconds, Stopping threads took: 0.0000569 seconds
2018-03-21T06:03:44.782-0500: 1161.672: Total time for which application threads were stopped: 0.0001322 seconds, Stopping threads took: 0.0000310 seconds
2018-03-21T06:03:50.782-0500: 1167.673: Total time for which application threads were stopped: 0.0001436 seconds, Stopping threads took: 0.0000232 seconds
2018-03-21T06:04:44.782-0500: 1221.673: Total time for which application threads were stopped: 0.0003171 seconds, Stopping threads took: 0.0001113 seconds
2018-03-21T06:07:57.804-0500: 1414.695: Total time for which application threads were stopped: 0.0001350 seconds, Stopping threads took: 0.0000359 seconds
2018-03-21T06:07:58.149-0500: 1415.039: Total time for which application threads were stopped: 0.0001350 seconds, Stopping threads took: 0.0000235 seconds
2018-03-21T06:07:58.149-0500: 1415.040: Total time for which application threads were stopped: 0.0000697 seconds, Stopping threads took: 0.0000126 seconds
2018-03-21T06:07:58.152-0500: 1415.042: Total time for which application threads were stopped: 0.0002175 seconds, Stopping threads took: 0.0000644 seconds
2018-03-21T06:07:58.152-0500: 1415.043: Total time for which application threads were stopped: 0.0001036 seconds, Stopping threads took: 0.0000312 seconds
2018-03-21T06:08:00.212-0500: 1417.103: Total time for which application threads were stopped: 0.0001692 seconds, Stopping threads took: 0.0000276 seconds
2018-03-21T06:08:00.212-0500: 1417.103: Total time for which application threads were stopped: 0.0001045 seconds, Stopping threads took: 0.0000159 seconds
2018-03-21T06:08:00.215-0500: 1417.105: Total time for which application threads were stopped: 0.0002177 seconds, Stopping threads took: 0.0000667 seconds
2018-03-21T06:08:00.216-0500: 1417.106: Total time for which application threads were stopped: 0.0001326 seconds, Stopping threads took: 0.0000370 seconds
2018-03-21T06:08:00.234-0500: 1417.125: Total time for which application threads were stopped: 0.0001644 seconds, Stopping threads took: 0.0000236 seconds
2018-03-21T06:08:00.235-0500: 1417.125: Total time for which application threads were stopped: 0.0001001 seconds, Stopping threads took: 0.0000119 seconds
2018-03-21T06:08:00.239-0500: 1417.130: Total time for which application threads were stopped: 0.0001324 seconds, Stopping threads took: 0.0000251 seconds
2018-03-21T06:08:00.240-0500: 1417.130: Total time for which application threads were stopped: 0.0000688 seconds, Stopping threads took: 0.0000120 seconds
2018-03-21T06:09:00.240-0500: 1477.131: Total time for which application threads were stopped: 0.0002503 seconds, Stopping threads took: 0.0000884 seconds
2018-03-21T06:12:48.304-0500: 1705.195: Total time for which application threads were stopped: 0.0002303 seconds, Stopping threads took: 0.0000674 seconds
2018-03-21T06:12:48.305-0500: 1705.195: Total time for which application threads were stopped: 0.0001386 seconds, Stopping threads took: 0.0000345 seconds
2018-03-21T06:12:48.310-0500: 1705.200: Total time for which application threads were stopped: 0.0005965 seconds, Stopping threads took: 0.0005082 seconds
2018-03-21T06:12:48.310-0500: 1705.201: Total time for which application threads were stopped: 0.0000931 seconds, Stopping threads took: 0.0000323 seconds
2018-03-21T06:12:48.331-0500: 1705.222: Total time for which application threads were stopped: 0.0001783 seconds, Stopping threads took: 0.0000231 seconds
2018-03-21T06:12:48.331-0500: 1705.222: Total time for which application threads were stopped: 0.0001095 seconds, Stopping threads took: 0.0000143 seconds
2018-03-21T06:12:48.338-0500: 1705.229: Total time for which application threads were stopped: 0.0003145 seconds, Stopping threads took: 0.0000517 seconds
2018-03-21T06:12:48.339-0500: 1705.229: Total time for which application threads were stopped: 0.0002428 seconds, Stopping threads took: 0.0000436 seconds
2018-03-21T06:12:58.040-0500: 1714.931: Total time for which application threads were stopped: 0.0001843 seconds, Stopping threads took: 0.0000282 seconds
2018-03-21T06:12:58.041-0500: 1714.931: Total time for which application threads were stopped: 0.0001144 seconds, Stopping threads took: 0.0000187 seconds
2018-03-21T06:12:58.044-0500: 1714.935: Total time for which application threads were stopped: 0.0004142 seconds, Stopping threads took: 0.0000550 seconds
2018-03-21T06:12:58.048-0500: 1714.939: Total time for which application threads were stopped: 0.0003233 seconds, Stopping threads took: 0.0000281 seconds
2018-03-21T06:12:58.049-0500: 1714.939: Total time for which application threads were stopped: 0.0001847 seconds, Stopping threads took: 0.0000243 seconds
2018-03-21T06:12:58.050-0500: 1714.940: Total time for which application threads were stopped: 0.0001461 seconds, Stopping threads took: 0.0000249 seconds
2018-03-21T06:12:58.050-0500: 1714.940: Total time for which application threads were stopped: 0.0000892 seconds, Stopping threads took: 0.0000132 seconds
2018-03-21T06:12:58.053-0500: 1714.943: Total time for which application threads were stopped: 0.0001253 seconds, Stopping threads took: 0.0000239 seconds
2018-03-21T06:12:58.053-0500: 1714.944: Total time for which application threads were stopped: 0.0000684 seconds, Stopping threads took: 0.0000118 seconds
2018-03-21T06:13:05.329-0500: 1722.219: Total time for which application threads were stopped: 0.0002241 seconds, Stopping threads took: 0.0000607 seconds
2018-03-21T06:13:05.329-0500: 1722.220: Total time for which application threads were stopped: 0.0001455 seconds, Stopping threads took: 0.0000479 seconds
2018-03-21T06:13:05.331-0500: 1722.222: Total time for which application threads were stopped: 0.0001845 seconds, Stopping threads took: 0.0000618 seconds
2018-03-21T06:13:05.332-0500: 1722.222: Total time for which application threads were stopped: 0.0001685 seconds, Stopping threads took: 0.0000487 seconds
2018-03-21T06:13:06.332-0500: 1723.222: Total time for which application threads were stopped: 0.0002351 seconds, Stopping threads took: 0.0000535 seconds
2018-03-21T06:13:07.037-0500: 1723.928: Total time for which application threads were stopped: 0.0002063 seconds, Stopping threads took: 0.0000361 seconds
2018-03-21T06:13:07.037-0500: 1723.928: Total time for which application threads were stopped: 0.0001134 seconds, Stopping threads took: 0.0000173 seconds
2018-03-21T06:13:07.051-0500: 1723.941: Total time for which application threads were stopped: 0.0001243 seconds, Stopping threads took: 0.0000241 seconds
2018-03-21T06:13:07.051-0500: 1723.941: Total time for which application threads were stopped: 0.0000664 seconds, Stopping threads took: 0.0000109 seconds
2018-03-21T06:13:07.085-0500: 1723.975: Total time for which application threads were stopped: 0.0002202 seconds, Stopping threads took: 0.0000463 seconds
2018-03-21T06:13:07.085-0500: 1723.975: Total time for which application threads were stopped: 0.0001153 seconds, Stopping threads took: 0.0000156 seconds
2018-03-21T06:13:07.085-0500: 1723.976: Total time for which application threads were stopped: 0.0001600 seconds, Stopping threads took: 0.0000143 seconds
2018-03-21T06:13:07.085-0500: 1723.976: Total time for which application threads were stopped: 0.0001143 seconds, Stopping threads took: 0.0000305 seconds
2018-03-21T06:13:07.085-0500: 1723.976: Total time for which application threads were stopped: 0.0000914 seconds, Stopping threads took: 0.0000258 seconds
2018-03-21T06:13:07.092-0500: 1723.983: Total time for which application threads were stopped: 0.0002043 seconds, Stopping threads took: 0.0000501 seconds
2018-03-21T06:13:07.092-0500: 1723.983: Total time for which application threads were stopped: 0.0001278 seconds, Stopping threads took: 0.0000336 seconds
2018-03-21T06:13:08.093-0500: 1724.983: Total time for which application threads were stopped: 0.0001307 seconds, Stopping threads took: 0.0000279 seconds
2018-03-21T06:13:08.924-0500: 1725.814: Total time for which application threads were stopped: 0.0001809 seconds, Stopping threads took: 0.0000240 seconds
2018-03-21T06:13:08.924-0500: 1725.814: Total time for which application threads were stopped: 0.0001037 seconds, Stopping threads took: 0.0000115 seconds
2018-03-21T06:13:08.931-0500: 1725.821: Total time for which application threads were stopped: 0.0001229 seconds, Stopping threads took: 0.0000237 seconds
2018-03-21T06:13:08.931-0500: 1725.821: Total time for which application threads were stopped: 0.0000628 seconds, Stopping threads took: 0.0000112 seconds
2018-03-21T06:13:08.940-0500: 1725.830: Total time for which application threads were stopped: 0.0001657 seconds, Stopping threads took: 0.0000292 seconds
2018-03-21T06:13:08.940-0500: 1725.831: Total time for which application threads were stopped: 0.0000954 seconds, Stopping threads took: 0.0000152 seconds
2018-03-21T06:13:08.944-0500: 1725.835: Total time for which application threads were stopped: 0.0001473 seconds, Stopping threads took: 0.0000243 seconds
2018-03-21T06:13:08.944-0500: 1725.835: Total time for which application threads were stopped: 0.0000601 seconds, Stopping threads took: 0.0000112 seconds
2018-03-21T06:14:08.945-0500: 1785.835: Total time for which application threads were stopped: 0.0003375 seconds, Stopping threads took: 0.0001221 seconds
2018-03-21T06:14:28.948-0500: 1805.838: Total time for which application threads were stopped: 0.0001349 seconds, Stopping threads took: 0.0000399 seconds
2018-03-21T06:14:29.247-0500: 1806.137: Total time for which application threads were stopped: 0.0002091 seconds, Stopping threads took: 0.0000469 seconds
2018-03-21T06:14:29.248-0500: 1806.139: Total time for which application threads were stopped: 0.0001996 seconds, Stopping threads took: 0.0000414 seconds
2018-03-21T06:14:29.256-0500: 1806.147: Total time for which application threads were stopped: 0.0002033 seconds, Stopping threads took: 0.0000806 seconds
2018-03-21T06:14:29.263-0500: 1806.154: Total time for which application threads were stopped: 0.0001668 seconds, Stopping threads took: 0.0000447 seconds
2018-03-21T06:14:29.264-0500: 1806.155: Total time for which application threads were stopped: 0.0001905 seconds, Stopping threads took: 0.0000495 seconds
2018-03-21T06:14:29.265-0500: 1806.155: Total time for which application threads were stopped: 0.0001175 seconds, Stopping threads took: 0.0000317 seconds
2018-03-21T06:14:29.269-0500: 1806.160: Total time for which application threads were stopped: 0.0001578 seconds, Stopping threads took: 0.0000501 seconds
2018-03-21T06:14:29.269-0500: 1806.160: Total time for which application threads were stopped: 0.0000909 seconds, Stopping threads took: 0.0000309 seconds
2018-03-21T06:14:35.749-0500: 1812.640: Total time for which application threads were stopped: 0.0001954 seconds, Stopping threads took: 0.0000371 seconds
2018-03-21T06:14:35.749-0500: 1812.640: Total time for which application threads were stopped: 0.0000971 seconds, Stopping threads took: 0.0000108 seconds
2018-03-21T06:14:35.752-0500: 1812.643: Total time for which application threads were stopped: 0.0001635 seconds, Stopping threads took: 0.0000453 seconds
2018-03-21T06:14:35.752-0500: 1812.643: Total time for which application threads were stopped: 0.0001107 seconds, Stopping threads took: 0.0000324 seconds
2018-03-21T06:14:35.825-0500: 1812.715: Total time for which application threads were stopped: 0.0002384 seconds, Stopping threads took: 0.0000390 seconds
2018-03-21T06:14:35.825-0500: 1812.715: Total time for which application threads were stopped: 0.0001853 seconds, Stopping threads took: 0.0000229 seconds
2018-03-21T06:14:35.834-0500: 1812.724: Total time for which application threads were stopped: 0.0001327 seconds, Stopping threads took: 0.0000244 seconds
2018-03-21T06:14:35.834-0500: 1812.724: Total time for which application threads were stopped: 0.0000656 seconds, Stopping threads took: 0.0000098 seconds
2018-03-21T06:14:37.231-0500: 1814.121: Total time for which application threads were stopped: 0.0001833 seconds, Stopping threads took: 0.0000242 seconds
2018-03-21T06:14:37.234-0500: 1814.125: Total time for which application threads were stopped: 0.0029546 seconds, Stopping threads took: 0.0027592 seconds
2018-03-21T06:14:37.234-0500: 1814.125: Total time for which application threads were stopped: 0.0001336 seconds, Stopping threads took: 0.0000143 seconds
2018-03-21T06:14:37.235-0500: 1814.125: Total time for which application threads were stopped: 0.0001234 seconds, Stopping threads took: 0.0000114 seconds
2018-03-21T06:14:37.246-0500: 1814.137: Total time for which application threads were stopped: 0.0002229 seconds, Stopping threads took: 0.0000803 seconds
2018-03-21T06:14:37.250-0500: 1814.140: Total time for which application threads were stopped: 0.0002150 seconds, Stopping threads took: 0.0000479 seconds
2018-03-21T06:14:37.250-0500: 1814.140: Total time for which application threads were stopped: 0.0001382 seconds, Stopping threads took: 0.0000384 seconds
{Heap before GC invocations=327 (full 2):
 par new generation   total 109248K, used 97484K [0x00000000e0000000, 0x00000000e8000000, 0x00000000e8000000)
  eden space 87424K, 100% used [0x00000000e0000000, 0x00000000e5560000, 0x00000000e5560000)
  from space 21824K,  46% used [0x00000000e6ab0000, 0x00000000e74833b8, 0x00000000e8000000)
  to   space 21824K,   0% used [0x00000000e5560000, 0x00000000e5560000, 0x00000000e6ab0000)
 concurrent mark-sweep generation total 393216K, used 129719K [0x00000000e8000000, 0x0000000100000000, 0x0000000100000000)
 Metaspace       used 40363K, capacity 41504K, committed 41668K, reserved 1085440K
  class space    used 4630K, capacity 4894K, committed 4912K, reserved 1048576K
2018-03-21T06:14:39.250-0500: 1816.141: [GC (Allocation Failure) 2018-03-21T06:14:39.250-0500: 1816.141: [ParNew
Desired survivor size 20112992 bytes, new threshold 8 (max 8)
- age   1:    3251856 bytes,    3251856 total
- age   2:     598192 bytes,    3850048 total
- age   3:     512352 bytes,    4362400 total
- age   4:     655200 bytes,    5017600 total
- age   5:     453024 bytes,    5470624 total
- age   6:     641208 bytes,    6111832 total
- age   7:     619840 bytes,    6731672 total
- age   8:     415480 bytes,    7147152 total
: 97484K->10188K(109248K), 0.0070807 secs] 227204K->140463K(502464K), 0.0071790 secs] [Times: user=0.02 sys=0.00, real=0.00 secs] 
Heap after GC invocations=328 (full 2):
 par new generation   total 109248K, used 10188K [0x00000000e0000000, 0x00000000e8000000, 0x00000000e8000000)
  eden space 87424K,   0% used [0x00000000e0000000, 0x00000000e0000000, 0x00000000e5560000)
  from space 21824K,  46% used [0x00000000e5560000, 0x00000000e5f53300, 0x00000000e6ab0000)
  to   space 21824K,   0% used [0x00000000e6ab0000, 0x00000000e6ab0000, 0x00000000e8000000)
 concurrent mark-sweep generation total 393216K, used 130274K [0x00000000e8000000, 0x0000000100000000, 0x0000000100000000)
 Metaspace       used 40363K, capacity 41504K, committed 41668K, reserved 1085440K
  class space    used 4630K, capacity 4894K, committed 4912K, reserved 1048576K
}
2018-03-21T06:14:39.257-0500: 1816.148: Total time for which application threads were stopped: 0.0074482 seconds, Stopping threads took: 0.0000634 seconds
2018-03-21T06:14:39.258-0500: 1816.148: Total time for which application threads were stopped: 0.0001792 seconds, Stopping threads took: 0.0000485 seconds
{Heap before GC invocations=328 (full 2):
 par new generation   total 109248K, used 97612K [0x00000000e0000000, 0x00000000e8000000, 0x00000000e8000000)
  eden space 87424K, 100% used [0x00000000e0000000, 0x00000000e5560000, 0x00000000e5560000)
  from space 21824K,  46% used [0x00000000e5560000, 0x00000000e5f53300, 0x00000000e6ab0000)
  to   space 21824K,   0% used [0x00000000e6ab0000, 0x00000000e6ab0000, 0x00000000e8000000)
 concurrent mark-sweep generation total 393216K, used 130274K [0x00000000e8000000, 0x0000000100000000, 0x0000000100000000)
 Metaspace       used 40377K, capacity 41504K, committed 41668K, reserved 1085440K
  class space    used 4630K, capacity 4894K, committed 4912K, reserved 1048576K
2018-03-21T06:14:39.330-0500: 1816.221: [GC (Allocation Failure) 2018-03-21T06:14:39.330-0500: 1816.221: [ParNew
Desired survivor size 20112992 bytes, new threshold 8 (max 8)
- age   1:     154792 bytes,     154792 total
- age   2:    2882064 bytes,    3036856 total
- age   3:     598192 bytes,    3635048 total
- age   4:     511440 bytes,    4146488 total
- age   5:     655200 bytes,    4801688 total
- age   6:     453024 bytes,    5254712 total
- age   7:     641208 bytes,    5895920 total
- age   8:     619840 bytes,    6515760 total
: 97612K->7552K(109248K), 0.0068764 secs] 227887K->138232K(502464K), 0.0069670 secs] [Times: user=0.03 sys=0.00, real=0.00 secs] 
Heap after GC invocations=329 (full 2):
 par new generation   total 109248K, used 7552K [0x00000000e0000000, 0x00000000e8000000, 0x00000000e8000000)
  eden space 87424K,   0% used [0x00000000e0000000, 0x00000000e0000000, 0x00000000e5560000)
  from space 21824K,  34% used [0x00000000e6ab0000, 0x00000000e7210080, 0x00000000e8000000)
  to   space 21824K,   0% used [0x00000000e5560000, 0x00000000e5560000, 0x00000000e6ab0000)
 concurrent mark-sweep generation total 393216K, used 130680K [0x00000000e8000000, 0x0000000100000000, 0x0000000100000000)
 Metaspace       used 40377K, capacity 41504K, committed 41668K, reserved 1085440K
  class space    used 4630K, capacity 4894K, committed 4912K, reserved 1048576K
}
2018-03-21T06:14:39.337-0500: 1816.228: Total time for which application threads were stopped: 0.0072195 seconds, Stopping threads took: 0.0000303 seconds
2018-03-21T06:14:39.393-0500: 1816.284: Total time for which application threads were stopped: 0.0001619 seconds, Stopping threads took: 0.0000454 seconds
2018-03-21T06:14:39.436-0500: 1816.326: Total time for which application threads were stopped: 0.0002478 seconds, Stopping threads took: 0.0000478 seconds
2018-03-21T06:14:39.463-0500: 1816.354: Total time for which application threads were stopped: 0.0002136 seconds, Stopping threads took: 0.0000520 seconds
2018-03-21T06:14:39.489-0500: 1816.380: Total time for which application threads were stopped: 0.0002535 seconds, Stopping threads took: 0.0000714 seconds
2018-03-21T06:14:39.490-0500: 1816.380: Total time for which application threads were stopped: 0.0001545 seconds, Stopping threads took: 0.0000477 seconds
2018-03-21T06:14:39.492-0500: 1816.383: Total time for which application threads were stopped: 0.0001537 seconds, Stopping threads took: 0.0000288 seconds
2018-03-21T06:14:40.540-0500: 1817.430: Total time for which application threads were stopped: 0.0001990 seconds, Stopping threads took: 0.0000691 seconds
2018-03-21T06:14:40.540-0500: 1817.431: Total time for which application threads were stopped: 0.0000881 seconds, Stopping threads took: 0.0000149 seconds
2018-03-21T06:14:40.551-0500: 1817.441: Total time for which application threads were stopped: 0.0001814 seconds, Stopping threads took: 0.0000297 seconds
2018-03-21T06:14:40.551-0500: 1817.442: Total time for which application threads were stopped: 0.0001224 seconds, Stopping threads took: 0.0000169 seconds
2018-03-21T06:14:40.555-0500: 1817.446: Total time for which application threads were stopped: 0.0001372 seconds, Stopping threads took: 0.0000302 seconds
2018-03-21T06:14:40.556-0500: 1817.446: Total time for which application threads were stopped: 0.0000757 seconds, Stopping threads took: 0.0000155 seconds
2018-03-21T06:14:45.139-0500: 1822.029: Total time for which application threads were stopped: 0.0002151 seconds, Stopping threads took: 0.0000699 seconds
2018-03-21T06:14:45.145-0500: 1822.035: Total time for which application threads were stopped: 0.0002308 seconds, Stopping threads took: 0.0000355 seconds
2018-03-21T06:14:45.145-0500: 1822.035: Total time for which application threads were stopped: 0.0001225 seconds, Stopping threads took: 0.0000178 seconds
2018-03-21T06:14:48.442-0500: 1825.332: Total time for which application threads were stopped: 0.0001939 seconds, Stopping threads took: 0.0000282 seconds
2018-03-21T06:14:48.442-0500: 1825.333: Total time for which application threads were stopped: 0.0001053 seconds, Stopping threads took: 0.0000153 seconds
2018-03-21T06:14:48.445-0500: 1825.335: Total time for which application threads were stopped: 0.0002086 seconds, Stopping threads took: 0.0000484 seconds
2018-03-21T06:14:48.445-0500: 1825.336: Total time for which application threads were stopped: 0.0001048 seconds, Stopping threads took: 0.0000157 seconds
2018-03-21T06:14:48.448-0500: 1825.339: Total time for which application threads were stopped: 0.0001484 seconds, Stopping threads took: 0.0000281 seconds
2018-03-21T06:14:48.448-0500: 1825.339: Total time for which application threads were stopped: 0.0000743 seconds, Stopping threads took: 0.0000128 seconds
2018-03-21T06:14:48.452-0500: 1825.342: Total time for which application threads were stopped: 0.0001279 seconds, Stopping threads took: 0.0000425 seconds
2018-03-21T06:14:48.452-0500: 1825.342: Total time for which application threads were stopped: 0.0002141 seconds, Stopping threads took: 0.0001497 seconds
2018-03-21T06:14:49.452-0500: 1826.343: Total time for which application threads were stopped: 0.0002259 seconds, Stopping threads took: 0.0000623 seconds
2018-03-21T06:14:52.510-0500: 1829.400: Total time for which application threads were stopped: 0.0001977 seconds, Stopping threads took: 0.0000257 seconds
2018-03-21T06:14:52.510-0500: 1829.401: Total time for which application threads were stopped: 0.0000948 seconds, Stopping threads took: 0.0000132 seconds
2018-03-21T06:14:52.513-0500: 1829.404: Total time for which application threads were stopped: 0.0004825 seconds, Stopping threads took: 0.0000701 seconds
2018-03-21T06:14:52.514-0500: 1829.404: Total time for which application threads were stopped: 0.0002932 seconds, Stopping threads took: 0.0000490 seconds
2018-03-21T06:14:52.514-0500: 1829.404: Total time for which application threads were stopped: 0.0002608 seconds, Stopping threads took: 0.0000445 seconds
2018-03-21T06:14:52.524-0500: 1829.414: Total time for which application threads were stopped: 0.0002296 seconds, Stopping threads took: 0.0000348 seconds
2018-03-21T06:14:52.524-0500: 1829.414: Total time for which application threads were stopped: 0.0001185 seconds, Stopping threads took: 0.0000163 seconds
2018-03-21T06:14:52.526-0500: 1829.416: Total time for which application threads were stopped: 0.0002135 seconds, Stopping threads took: 0.0000550 seconds
2018-03-21T06:14:52.526-0500: 1829.416: Total time for which application threads were stopped: 0.0001067 seconds, Stopping threads took: 0.0000116 seconds
2018-03-21T06:15:10.094-0500: 1846.985: Total time for which application threads were stopped: 0.0002671 seconds, Stopping threads took: 0.0000333 seconds
2018-03-21T06:15:10.094-0500: 1846.985: Total time for which application threads were stopped: 0.0001098 seconds, Stopping threads took: 0.0000171 seconds
2018-03-21T06:15:10.104-0500: 1846.995: Total time for which application threads were stopped: 0.0001501 seconds, Stopping threads took: 0.0000467 seconds
2018-03-21T06:15:10.105-0500: 1846.995: Total time for which application threads were stopped: 0.0000678 seconds, Stopping threads took: 0.0000152 seconds
2018-03-21T06:15:10.186-0500: 1847.076: Total time for which application threads were stopped: 0.0002493 seconds, Stopping threads took: 0.0000573 seconds
2018-03-21T06:15:10.188-0500: 1847.078: Total time for which application threads were stopped: 0.0001973 seconds, Stopping threads took: 0.0000287 seconds
2018-03-21T06:15:10.188-0500: 1847.078: Total time for which application threads were stopped: 0.0001206 seconds, Stopping threads took: 0.0000150 seconds
2018-03-21T06:15:10.202-0500: 1847.093: Total time for which application threads were stopped: 0.0001530 seconds, Stopping threads took: 0.0000287 seconds
2018-03-21T06:15:10.203-0500: 1847.093: Total time for which application threads were stopped: 0.0000774 seconds, Stopping threads took: 0.0000188 seconds
2018-03-21T06:15:12.235-0500: 1849.126: Total time for which application threads were stopped: 0.0001997 seconds, Stopping threads took: 0.0000357 seconds
2018-03-21T06:15:12.236-0500: 1849.126: Total time for which application threads were stopped: 0.0001014 seconds, Stopping threads took: 0.0000149 seconds
2018-03-21T06:15:12.239-0500: 1849.129: Total time for which application threads were stopped: 0.0001289 seconds, Stopping threads took: 0.0000230 seconds
2018-03-21T06:15:12.239-0500: 1849.130: Total time for which application threads were stopped: 0.0000672 seconds, Stopping threads took: 0.0000108 seconds
2018-03-21T06:15:16.309-0500: 1853.200: Total time for which application threads were stopped: 0.0002850 seconds, Stopping threads took: 0.0001000 seconds
2018-03-21T06:15:16.320-0500: 1853.210: Total time for which application threads were stopped: 0.0104648 seconds, Stopping threads took: 0.0102611 seconds
2018-03-21T06:15:16.322-0500: 1853.212: Total time for which application threads were stopped: 0.0001416 seconds, Stopping threads took: 0.0000314 seconds
2018-03-21T06:15:16.323-0500: 1853.213: Total time for which application threads were stopped: 0.0001350 seconds, Stopping threads took: 0.0000289 seconds
2018-03-21T06:15:16.339-0500: 1853.230: Total time for which application threads were stopped: 0.0002108 seconds, Stopping threads took: 0.0000303 seconds
2018-03-21T06:15:16.339-0500: 1853.230: Total time for which application threads were stopped: 0.0001186 seconds, Stopping threads took: 0.0000169 seconds
2018-03-21T06:15:16.345-0500: 1853.236: Total time for which application threads were stopped: 0.0001535 seconds, Stopping threads took: 0.0000500 seconds
2018-03-21T06:15:16.345-0500: 1853.236: Total time for which application threads were stopped: 0.0000697 seconds, Stopping threads took: 0.0000148 seconds
2018-03-21T06:15:23.786-0500: 1860.676: Total time for which application threads were stopped: 0.0001985 seconds, Stopping threads took: 0.0000305 seconds
2018-03-21T06:15:23.786-0500: 1860.676: Total time for which application threads were stopped: 0.0001099 seconds, Stopping threads took: 0.0000157 seconds
2018-03-21T06:15:23.794-0500: 1860.685: Total time for which application threads were stopped: 0.0001309 seconds, Stopping threads took: 0.0000234 seconds
2018-03-21T06:15:23.794-0500: 1860.685: Total time for which application threads were stopped: 0.0000777 seconds, Stopping threads took: 0.0000110 seconds
2018-03-21T06:15:23.800-0500: 1860.691: Total time for which application threads were stopped: 0.0001669 seconds, Stopping threads took: 0.0000282 seconds
2018-03-21T06:15:23.806-0500: 1860.696: Total time for which application threads were stopped: 0.0002722 seconds, Stopping threads took: 0.0000507 seconds
2018-03-21T06:15:23.814-0500: 1860.705: Total time for which application threads were stopped: 0.0054914 seconds, Stopping threads took: 0.0051902 seconds
2018-03-21T06:15:23.816-0500: 1860.706: Total time for which application threads were stopped: 0.0001844 seconds, Stopping threads took: 0.0000545 seconds
2018-03-21T06:15:23.816-0500: 1860.706: Total time for which application threads were stopped: 0.0000860 seconds, Stopping threads took: 0.0000191 seconds
2018-03-21T06:15:30.265-0500: 1867.155: Total time for which application threads were stopped: 0.0002970 seconds, Stopping threads took: 0.0000633 seconds
2018-03-21T06:15:30.265-0500: 1867.156: Total time for which application threads were stopped: 0.0002105 seconds, Stopping threads took: 0.0000335 seconds
2018-03-21T06:15:30.266-0500: 1867.156: Total time for which application threads were stopped: 0.0001735 seconds, Stopping threads took: 0.0000149 seconds
2018-03-21T06:15:30.266-0500: 1867.156: Total time for which application threads were stopped: 0.0002155 seconds, Stopping threads took: 0.0000376 seconds
2018-03-21T06:15:30.267-0500: 1867.158: Total time for which application threads were stopped: 0.0002007 seconds, Stopping threads took: 0.0000614 seconds
2018-03-21T06:15:30.272-0500: 1867.163: Total time for which application threads were stopped: 0.0001246 seconds, Stopping threads took: 0.0000225 seconds
2018-03-21T06:15:30.272-0500: 1867.163: Total time for which application threads were stopped: 0.0000668 seconds, Stopping threads took: 0.0000116 seconds
2018-03-21T06:15:30.291-0500: 1867.181: Total time for which application threads were stopped: 0.0002060 seconds, Stopping threads took: 0.0000281 seconds
2018-03-21T06:15:30.291-0500: 1867.182: Total time for which application threads were stopped: 0.0001087 seconds, Stopping threads took: 0.0000117 seconds
2018-03-21T06:15:30.295-0500: 1867.185: Total time for which application threads were stopped: 0.0001348 seconds, Stopping threads took: 0.0000221 seconds
2018-03-21T06:15:30.295-0500: 1867.185: Total time for which application threads were stopped: 0.0000757 seconds, Stopping threads took: 0.0000130 seconds
2018-03-21T06:15:33.255-0500: 1870.145: Total time for which application threads were stopped: 0.0001960 seconds, Stopping threads took: 0.0000237 seconds
2018-03-21T06:15:33.255-0500: 1870.145: Total time for which application threads were stopped: 0.0001086 seconds, Stopping threads took: 0.0000107 seconds
2018-03-21T06:15:33.259-0500: 1870.150: Total time for which application threads were stopped: 0.0001221 seconds, Stopping threads took: 0.0000228 seconds
2018-03-21T06:15:33.259-0500: 1870.150: Total time for which application threads were stopped: 0.0000599 seconds, Stopping threads took: 0.0000093 seconds
2018-03-21T06:15:53.858-0500: 1890.748: Total time for which application threads were stopped: 0.0001618 seconds, Stopping threads took: 0.0000644 seconds
2018-03-21T06:15:53.858-0500: 1890.749: Total time for which application threads were stopped: 0.0001069 seconds, Stopping threads took: 0.0000290 seconds
2018-03-21T06:16:08.827-0500: 1905.717: Total time for which application threads were stopped: 0.0001998 seconds, Stopping threads took: 0.0000286 seconds
2018-03-21T06:16:08.827-0500: 1905.717: Total time for which application threads were stopped: 0.0001049 seconds, Stopping threads took: 0.0000150 seconds
2018-03-21T06:16:08.831-0500: 1905.721: Total time for which application threads were stopped: 0.0002668 seconds, Stopping threads took: 0.0000801 seconds
2018-03-21T06:16:08.831-0500: 1905.721: Total time for which application threads were stopped: 0.0001385 seconds, Stopping threads took: 0.0000283 seconds
2018-03-21T06:16:08.844-0500: 1905.734: Total time for which application threads were stopped: 0.0002051 seconds, Stopping threads took: 0.0000512 seconds
2018-03-21T06:16:08.844-0500: 1905.734: Total time for which application threads were stopped: 0.0000972 seconds, Stopping threads took: 0.0000135 seconds
2018-03-21T06:16:08.848-0500: 1905.738: Total time for which application threads were stopped: 0.0002551 seconds, Stopping threads took: 0.0000726 seconds
2018-03-21T06:16:08.848-0500: 1905.738: Total time for which application threads were stopped: 0.0001808 seconds, Stopping threads took: 0.0000463 seconds
2018-03-21T06:16:11.426-0500: 1908.316: Total time for which application threads were stopped: 0.0001866 seconds, Stopping threads took: 0.0000276 seconds
2018-03-21T06:16:11.426-0500: 1908.316: Total time for which application threads were stopped: 0.0001081 seconds, Stopping threads took: 0.0000157 seconds
2018-03-21T06:16:11.428-0500: 1908.318: Total time for which application threads were stopped: 0.0002201 seconds, Stopping threads took: 0.0000596 seconds
2018-03-21T06:16:11.428-0500: 1908.319: Total time for which application threads were stopped: 0.0001172 seconds, Stopping threads took: 0.0000376 seconds
2018-03-21T06:16:22.429-0500: 1919.320: Total time for which application threads were stopped: 0.0001170 seconds, Stopping threads took: 0.0000237 seconds
2018-03-21T06:16:23.816-0500: 1920.707: Total time for which application threads were stopped: 0.0001669 seconds, Stopping threads took: 0.0000531 seconds
2018-03-21T06:17:11.429-0500: 1968.319: Total time for which application threads were stopped: 0.0003307 seconds, Stopping threads took: 0.0001000 seconds
2018-03-21T06:17:19.430-0500: 1976.321: Total time for which application threads were stopped: 0.0002083 seconds, Stopping threads took: 0.0000463 seconds
2018-03-21T06:18:23.656-0500: 2040.547: Total time for which application threads were stopped: 0.0001904 seconds, Stopping threads took: 0.0000499 seconds
2018-03-21T06:18:46.660-0500: 2063.551: Total time for which application threads were stopped: 0.0002762 seconds, Stopping threads took: 0.0000614 seconds
2018-03-21T06:20:12.323-0500: 2149.213: Total time for which application threads were stopped: 0.0001863 seconds, Stopping threads took: 0.0000399 seconds
2018-03-21T06:20:12.323-0500: 2149.214: Total time for which application threads were stopped: 0.0001461 seconds, Stopping threads took: 0.0000774 seconds
2018-03-21T06:20:13.323-0500: 2150.214: Total time for which application threads were stopped: 0.0001560 seconds, Stopping threads took: 0.0000236 seconds
2018-03-21T06:20:16.572-0500: 2153.462: Total time for which application threads were stopped: 0.0001960 seconds, Stopping threads took: 0.0000346 seconds
2018-03-21T06:20:16.572-0500: 2153.463: Total time for which application threads were stopped: 0.0001362 seconds, Stopping threads took: 0.0000297 seconds
2018-03-21T06:20:16.576-0500: 2153.467: Total time for which application threads were stopped: 0.0006568 seconds, Stopping threads took: 0.0005453 seconds
2018-03-21T06:20:16.585-0500: 2153.475: Total time for which application threads were stopped: 0.0003240 seconds, Stopping threads took: 0.0000904 seconds
2018-03-21T06:20:16.590-0500: 2153.481: Total time for which application threads were stopped: 0.0022687 seconds, Stopping threads took: 0.0021277 seconds
2018-03-21T06:20:16.598-0500: 2153.488: Total time for which application threads were stopped: 0.0038247 seconds, Stopping threads took: 0.0036767 seconds
2018-03-21T06:20:16.599-0500: 2153.489: Total time for which application threads were stopped: 0.0005700 seconds, Stopping threads took: 0.0002199 seconds
2018-03-21T06:20:16.600-0500: 2153.490: Total time for which application threads were stopped: 0.0009232 seconds, Stopping threads took: 0.0005248 seconds
2018-03-21T06:20:16.601-0500: 2153.492: Total time for which application threads were stopped: 0.0003027 seconds, Stopping threads took: 0.0000251 seconds
2018-03-21T06:20:20.094-0500: 2156.985: Total time for which application threads were stopped: 0.0002142 seconds, Stopping threads took: 0.0000316 seconds
2018-03-21T06:20:20.094-0500: 2156.985: Total time for which application threads were stopped: 0.0001130 seconds, Stopping threads took: 0.0000179 seconds
2018-03-21T06:20:20.096-0500: 2156.987: Total time for which application threads were stopped: 0.0001587 seconds, Stopping threads took: 0.0000551 seconds
2018-03-21T06:20:20.096-0500: 2156.987: Total time for which application threads were stopped: 0.0001167 seconds, Stopping threads took: 0.0000394 seconds
2018-03-21T06:20:28.134-0500: 2165.025: Total time for which application threads were stopped: 0.0001741 seconds, Stopping threads took: 0.0000459 seconds
2018-03-21T06:20:29.135-0500: 2166.025: Total time for which application threads were stopped: 0.0002792 seconds, Stopping threads took: 0.0000570 seconds
2018-03-21T06:20:39.655-0500: 2176.546: Total time for which application threads were stopped: 0.0002065 seconds, Stopping threads took: 0.0000427 seconds
2018-03-21T06:20:39.656-0500: 2176.546: Total time for which application threads were stopped: 0.0001372 seconds, Stopping threads took: 0.0000318 seconds
2018-03-21T06:20:39.659-0500: 2176.549: Total time for which application threads were stopped: 0.0001321 seconds, Stopping threads took: 0.0000238 seconds
2018-03-21T06:20:39.660-0500: 2176.550: Total time for which application threads were stopped: 0.0001423 seconds, Stopping threads took: 0.0000260 seconds
2018-03-21T06:20:39.669-0500: 2176.560: Total time for which application threads were stopped: 0.0002474 seconds, Stopping threads took: 0.0000284 seconds
2018-03-21T06:20:39.670-0500: 2176.560: Total time for which application threads were stopped: 0.0001636 seconds, Stopping threads took: 0.0000152 seconds
2018-03-21T06:20:39.671-0500: 2176.562: Total time for which application threads were stopped: 0.0001897 seconds, Stopping threads took: 0.0000468 seconds
2018-03-21T06:20:39.671-0500: 2176.562: Total time for which application threads were stopped: 0.0000925 seconds, Stopping threads took: 0.0000302 seconds
2018-03-21T06:21:16.588-0500: 2213.478: Total time for which application threads were stopped: 0.0003642 seconds, Stopping threads took: 0.0001130 seconds
2018-03-21T06:21:18.267-0500: 2215.158: Total time for which application threads were stopped: 0.0002096 seconds, Stopping threads took: 0.0000443 seconds
2018-03-21T06:21:18.267-0500: 2215.158: Total time for which application threads were stopped: 0.0001168 seconds, Stopping threads took: 0.0000115 seconds
2018-03-21T06:21:18.272-0500: 2215.163: Total time for which application threads were stopped: 0.0001984 seconds, Stopping threads took: 0.0000302 seconds
2018-03-21T06:21:18.272-0500: 2215.163: Total time for which application threads were stopped: 0.0001159 seconds, Stopping threads took: 0.0000124 seconds
2018-03-21T06:21:18.273-0500: 2215.163: Total time for which application threads were stopped: 0.0001852 seconds, Stopping threads took: 0.0000206 seconds
2018-03-21T06:21:18.274-0500: 2215.165: Total time for which application threads were stopped: 0.0001715 seconds, Stopping threads took: 0.0000447 seconds
2018-03-21T06:21:18.278-0500: 2215.169: Total time for which application threads were stopped: 0.0001265 seconds, Stopping threads took: 0.0000222 seconds
2018-03-21T06:21:18.278-0500: 2215.169: Total time for which application threads were stopped: 0.0000795 seconds, Stopping threads took: 0.0000139 seconds
2018-03-21T06:21:20.968-0500: 2217.859: Total time for which application threads were stopped: 0.0001863 seconds, Stopping threads took: 0.0000279 seconds
2018-03-21T06:21:20.968-0500: 2217.859: Total time for which application threads were stopped: 0.0001345 seconds, Stopping threads took: 0.0000181 seconds
2018-03-21T06:21:20.971-0500: 2217.861: Total time for which application threads were stopped: 0.0001719 seconds, Stopping threads took: 0.0000448 seconds
2018-03-21T06:21:20.971-0500: 2217.861: Total time for which application threads were stopped: 0.0001228 seconds, Stopping threads took: 0.0000366 seconds
2018-03-21T06:22:18.273-0500: 2275.164: Total time for which application threads were stopped: 0.0003082 seconds, Stopping threads took: 0.0001059 seconds
2018-03-21T06:22:20.971-0500: 2277.862: Total time for which application threads were stopped: 0.0002550 seconds, Stopping threads took: 0.0000566 seconds
2018-03-21T06:22:32.172-0500: 2289.063: Total time for which application threads were stopped: 0.0003183 seconds, Stopping threads took: 0.0000726 seconds
2018-03-21T06:22:32.172-0500: 2289.063: Total time for which application threads were stopped: 0.0001503 seconds, Stopping threads took: 0.0000327 seconds
2018-03-21T06:22:32.177-0500: 2289.067: Total time for which application threads were stopped: 0.0001515 seconds, Stopping threads took: 0.0000411 seconds
2018-03-21T06:22:32.177-0500: 2289.067: Total time for which application threads were stopped: 0.0001310 seconds, Stopping threads took: 0.0000309 seconds
2018-03-21T06:22:32.188-0500: 2289.079: Total time for which application threads were stopped: 0.0002304 seconds, Stopping threads took: 0.0000364 seconds
2018-03-21T06:22:32.189-0500: 2289.079: Total time for which application threads were stopped: 0.0001785 seconds, Stopping threads took: 0.0000376 seconds
2018-03-21T06:22:32.191-0500: 2289.081: Total time for which application threads were stopped: 0.0001919 seconds, Stopping threads took: 0.0000508 seconds
2018-03-21T06:22:32.191-0500: 2289.081: Total time for which application threads were stopped: 0.0001138 seconds, Stopping threads took: 0.0000293 seconds
2018-03-21T06:22:53.073-0500: 2309.963: Total time for which application threads were stopped: 0.0004636 seconds, Stopping threads took: 0.0002453 seconds
2018-03-21T06:22:53.077-0500: 2309.968: Total time for which application threads were stopped: 0.0002238 seconds, Stopping threads took: 0.0000490 seconds
2018-03-21T06:22:53.080-0500: 2309.971: Total time for which application threads were stopped: 0.0002231 seconds, Stopping threads took: 0.0000542 seconds
2018-03-21T06:22:53.081-0500: 2309.971: Total time for which application threads were stopped: 0.0001376 seconds, Stopping threads took: 0.0000350 seconds
2018-03-21T06:22:53.143-0500: 2310.034: Total time for which application threads were stopped: 0.0001885 seconds, Stopping threads took: 0.0000292 seconds
2018-03-21T06:22:53.144-0500: 2310.034: Total time for which application threads were stopped: 0.0001044 seconds, Stopping threads took: 0.0000158 seconds
2018-03-21T06:22:53.146-0500: 2310.037: Total time for which application threads were stopped: 0.0002060 seconds, Stopping threads took: 0.0000486 seconds
2018-03-21T06:22:53.147-0500: 2310.037: Total time for which application threads were stopped: 0.0001382 seconds, Stopping threads took: 0.0000367 seconds
2018-03-21T06:22:56.146-0500: 2313.037: Total time for which application threads were stopped: 0.0001926 seconds, Stopping threads took: 0.0000297 seconds
2018-03-21T06:22:56.147-0500: 2313.037: Total time for which application threads were stopped: 0.0001043 seconds, Stopping threads took: 0.0000124 seconds
2018-03-21T06:22:56.150-0500: 2313.041: Total time for which application threads were stopped: 0.0001924 seconds, Stopping threads took: 0.0000339 seconds
2018-03-21T06:22:56.150-0500: 2313.041: Total time for which application threads were stopped: 0.0001355 seconds, Stopping threads took: 0.0000200 seconds
2018-03-21T06:22:58.477-0500: 2315.367: Total time for which application threads were stopped: 0.0001887 seconds, Stopping threads took: 0.0000288 seconds
2018-03-21T06:22:58.477-0500: 2315.367: Total time for which application threads were stopped: 0.0001045 seconds, Stopping threads took: 0.0000152 seconds
2018-03-21T06:22:58.482-0500: 2315.372: Total time for which application threads were stopped: 0.0004430 seconds, Stopping threads took: 0.0003333 seconds
2018-03-21T06:22:58.482-0500: 2315.373: Total time for which application threads were stopped: 0.0000649 seconds, Stopping threads took: 0.0000126 seconds
2018-03-21T06:22:58.495-0500: 2315.385: Total time for which application threads were stopped: 0.0001640 seconds, Stopping threads took: 0.0000267 seconds
2018-03-21T06:22:58.495-0500: 2315.386: Total time for which application threads were stopped: 0.0000748 seconds, Stopping threads took: 0.0000149 seconds
2018-03-21T06:22:58.498-0500: 2315.388: Total time for which application threads were stopped: 0.0003316 seconds, Stopping threads took: 0.0000499 seconds
2018-03-21T06:22:58.498-0500: 2315.389: Total time for which application threads were stopped: 0.0002513 seconds, Stopping threads took: 0.0000332 seconds
2018-03-21T06:22:58.498-0500: 2315.389: Total time for which application threads were stopped: 0.0001855 seconds, Stopping threads took: 0.0000397 seconds
2018-03-21T06:23:05.783-0500: 2322.673: Total time for which application threads were stopped: 0.0002008 seconds, Stopping threads took: 0.0000328 seconds
2018-03-21T06:23:05.783-0500: 2322.673: Total time for which application threads were stopped: 0.0001085 seconds, Stopping threads took: 0.0000149 seconds
2018-03-21T06:23:05.787-0500: 2322.677: Total time for which application threads were stopped: 0.0001414 seconds, Stopping threads took: 0.0000298 seconds
2018-03-21T06:23:05.787-0500: 2322.677: Total time for which application threads were stopped: 0.0000777 seconds, Stopping threads took: 0.0000130 seconds
2018-03-21T06:23:05.820-0500: 2322.710: Total time for which application threads were stopped: 0.0033701 seconds, Stopping threads took: 0.0031454 seconds
2018-03-21T06:23:05.820-0500: 2322.711: Total time for which application threads were stopped: 0.0002356 seconds, Stopping threads took: 0.0000311 seconds
2018-03-21T06:23:05.829-0500: 2322.720: Total time for which application threads were stopped: 0.0001619 seconds, Stopping threads took: 0.0000537 seconds
2018-03-21T06:23:05.829-0500: 2322.720: Total time for which application threads were stopped: 0.0000708 seconds, Stopping threads took: 0.0000153 seconds
2018-03-21T06:23:16.730-0500: 2333.621: Total time for which application threads were stopped: 0.0002187 seconds, Stopping threads took: 0.0000310 seconds
2018-03-21T06:23:16.731-0500: 2333.622: Total time for which application threads were stopped: 0.0006970 seconds, Stopping threads took: 0.0005263 seconds
2018-03-21T06:23:16.733-0500: 2333.623: Total time for which application threads were stopped: 0.0002326 seconds, Stopping threads took: 0.0000624 seconds
2018-03-21T06:23:16.733-0500: 2333.624: Total time for which application threads were stopped: 0.0001477 seconds, Stopping threads took: 0.0000389 seconds
{Heap before GC invocations=329 (full 2):
 par new generation   total 109248K, used 94976K [0x00000000e0000000, 0x00000000e8000000, 0x00000000e8000000)
  eden space 87424K, 100% used [0x00000000e0000000, 0x00000000e5560000, 0x00000000e5560000)
  from space 21824K,  34% used [0x00000000e6ab0000, 0x00000000e7210080, 0x00000000e8000000)
  to   space 21824K,   0% used [0x00000000e5560000, 0x00000000e5560000, 0x00000000e6ab0000)
 concurrent mark-sweep generation total 393216K, used 130680K [0x00000000e8000000, 0x0000000100000000, 0x0000000100000000)
 Metaspace       used 40620K, capacity 41806K, committed 42160K, reserved 1087488K
  class space    used 4637K, capacity 4927K, committed 5040K, reserved 1048576K
2018-03-21T06:23:16.750-0500: 2333.640: [GC (Allocation Failure) 2018-03-21T06:23:16.750-0500: 2333.640: [ParNew
Desired survivor size 20112992 bytes, new threshold 8 (max 8)
- age   1:    1925360 bytes,    1925360 total
- age   2:      84816 bytes,    2010176 total
- age   3:    2206848 bytes,    4217024 total
- age   4:     598192 bytes,    4815216 total
- age   5:     506768 bytes,    5321984 total
- age   6:     655200 bytes,    5977184 total
- age   7:     449208 bytes,    6426392 total
- age   8:     641208 bytes,    7067600 total
: 94976K->10239K(109248K), 0.0283712 secs] 225656K->141525K(502464K), 0.0284809 secs] [Times: user=0.03 sys=0.01, real=0.04 secs] 
Heap after GC invocations=330 (full 2):
 par new generation   total 109248K, used 10239K [0x00000000e0000000, 0x00000000e8000000, 0x00000000e8000000)
  eden space 87424K,   0% used [0x00000000e0000000, 0x00000000e0000000, 0x00000000e5560000)
  from space 21824K,  46% used [0x00000000e5560000, 0x00000000e5f5fde0, 0x00000000e6ab0000)
  to   space 21824K,   0% used [0x00000000e6ab0000, 0x00000000e6ab0000, 0x00000000e8000000)
 concurrent mark-sweep generation total 393216K, used 131285K [0x00000000e8000000, 0x0000000100000000, 0x0000000100000000)
 Metaspace       used 40620K, capacity 41806K, committed 42160K, reserved 1087488K
  class space    used 4637K, capacity 4927K, committed 5040K, reserved 1048576K
}
2018-03-21T06:23:16.778-0500: 2333.669: Total time for which application threads were stopped: 0.0287481 seconds, Stopping threads took: 0.0000465 seconds
2018-03-21T06:23:16.778-0500: 2333.669: Total time for which application threads were stopped: 0.0001325 seconds, Stopping threads took: 0.0000370 seconds
2018-03-21T06:23:16.780-0500: 2333.671: Total time for which application threads were stopped: 0.0001281 seconds, Stopping threads took: 0.0000214 seconds
2018-03-21T06:23:16.780-0500: 2333.671: Total time for which application threads were stopped: 0.0000673 seconds, Stopping threads took: 0.0000110 seconds
2018-03-21T06:23:16.782-0500: 2333.673: Total time for which application threads were stopped: 0.0002541 seconds, Stopping threads took: 0.0000826 seconds
2018-03-21T06:23:16.782-0500: 2333.673: Total time for which application threads were stopped: 0.0001107 seconds, Stopping threads took: 0.0000371 seconds
2018-03-21T06:23:17.926-0500: 2334.816: Total time for which application threads were stopped: 0.0003598 seconds, Stopping threads took: 0.0000683 seconds
2018-03-21T06:23:17.926-0500: 2334.816: Total time for which application threads were stopped: 0.0001364 seconds, Stopping threads took: 0.0000155 seconds
2018-03-21T06:23:17.929-0500: 2334.820: Total time for which application threads were stopped: 0.0001416 seconds, Stopping threads took: 0.0000228 seconds
2018-03-21T06:23:17.929-0500: 2334.820: Total time for which application threads were stopped: 0.0000684 seconds, Stopping threads took: 0.0000112 seconds
2018-03-21T06:23:21.930-0500: 2338.821: Total time for which application threads were stopped: 0.0002365 seconds, Stopping threads took: 0.0000530 seconds
2018-03-21T06:23:24.931-0500: 2341.821: Total time for which application threads were stopped: 0.0002194 seconds, Stopping threads took: 0.0000521 seconds
2018-03-21T06:23:37.549-0500: 2354.440: Total time for which application threads were stopped: 0.0002232 seconds, Stopping threads took: 0.0000510 seconds
2018-03-21T06:23:37.549-0500: 2354.440: Total time for which application threads were stopped: 0.0001136 seconds, Stopping threads took: 0.0000143 seconds
2018-03-21T06:23:37.553-0500: 2354.444: Total time for which application threads were stopped: 0.0002447 seconds, Stopping threads took: 0.0000713 seconds
2018-03-21T06:23:37.554-0500: 2354.444: Total time for which application threads were stopped: 0.0001093 seconds, Stopping threads took: 0.0000120 seconds
2018-03-21T06:23:37.568-0500: 2354.459: Total time for which application threads were stopped: 0.0002179 seconds, Stopping threads took: 0.0000486 seconds
2018-03-21T06:23:37.569-0500: 2354.459: Total time for which application threads were stopped: 0.0001272 seconds, Stopping threads took: 0.0000169 seconds
2018-03-21T06:23:37.585-0500: 2354.476: Total time for which application threads were stopped: 0.0001320 seconds, Stopping threads took: 0.0000294 seconds
2018-03-21T06:23:37.585-0500: 2354.476: Total time for which application threads were stopped: 0.0001173 seconds, Stopping threads took: 0.0000484 seconds
2018-03-21T06:23:40.321-0500: 2357.212: Total time for which application threads were stopped: 0.0001615 seconds, Stopping threads took: 0.0000453 seconds
2018-03-21T06:23:40.321-0500: 2357.212: Total time for which application threads were stopped: 0.0001019 seconds, Stopping threads took: 0.0000116 seconds
2018-03-21T06:23:40.323-0500: 2357.214: Total time for which application threads were stopped: 0.0001763 seconds, Stopping threads took: 0.0000519 seconds
2018-03-21T06:23:40.323-0500: 2357.214: Total time for which application threads were stopped: 0.0001045 seconds, Stopping threads took: 0.0000328 seconds
2018-03-21T06:24:17.200-0500: 2394.091: Total time for which application threads were stopped: 0.0002025 seconds, Stopping threads took: 0.0000274 seconds
2018-03-21T06:24:17.200-0500: 2394.091: Total time for which application threads were stopped: 0.0001123 seconds, Stopping threads took: 0.0000180 seconds
2018-03-21T06:24:17.204-0500: 2394.095: Total time for which application threads were stopped: 0.0001252 seconds, Stopping threads took: 0.0000232 seconds
2018-03-21T06:24:17.204-0500: 2394.095: Total time for which application threads were stopped: 0.0000780 seconds, Stopping threads took: 0.0000131 seconds
2018-03-21T06:24:17.239-0500: 2394.130: Total time for which application threads were stopped: 0.0002011 seconds, Stopping threads took: 0.0000299 seconds
2018-03-21T06:24:17.239-0500: 2394.130: Total time for which application threads were stopped: 0.0001190 seconds, Stopping threads took: 0.0000181 seconds
2018-03-21T06:24:17.242-0500: 2394.132: Total time for which application threads were stopped: 0.0002178 seconds, Stopping threads took: 0.0000470 seconds
2018-03-21T06:24:17.242-0500: 2394.133: Total time for which application threads were stopped: 0.0001416 seconds, Stopping threads took: 0.0000353 seconds
2018-03-21T06:24:20.337-0500: 2397.227: Total time for which application threads were stopped: 0.0002033 seconds, Stopping threads took: 0.0000281 seconds
2018-03-21T06:24:20.337-0500: 2397.228: Total time for which application threads were stopped: 0.0001268 seconds, Stopping threads took: 0.0000194 seconds
2018-03-21T06:24:20.339-0500: 2397.229: Total time for which application threads were stopped: 0.0001691 seconds, Stopping threads took: 0.0000450 seconds
2018-03-21T06:24:20.339-0500: 2397.230: Total time for which application threads were stopped: 0.0001153 seconds, Stopping threads took: 0.0000367 seconds
2018-03-21T06:24:38.834-0500: 2415.724: Total time for which application threads were stopped: 0.0002283 seconds, Stopping threads took: 0.0000295 seconds
2018-03-21T06:24:38.834-0500: 2415.724: Total time for which application threads were stopped: 0.0001058 seconds, Stopping threads took: 0.0000111 seconds
2018-03-21T06:24:38.840-0500: 2415.731: Total time for which application threads were stopped: 0.0001396 seconds, Stopping threads took: 0.0000247 seconds
2018-03-21T06:24:38.840-0500: 2415.731: Total time for which application threads were stopped: 0.0000770 seconds, Stopping threads took: 0.0000137 seconds
2018-03-21T06:24:38.862-0500: 2415.753: Total time for which application threads were stopped: 0.0001485 seconds, Stopping threads took: 0.0000245 seconds
2018-03-21T06:24:38.862-0500: 2415.753: Total time for which application threads were stopped: 0.0000779 seconds, Stopping threads took: 0.0000126 seconds
2018-03-21T06:24:38.866-0500: 2415.756: Total time for which application threads were stopped: 0.0001360 seconds, Stopping threads took: 0.0000228 seconds
2018-03-21T06:24:38.866-0500: 2415.756: Total time for which application threads were stopped: 0.0000650 seconds, Stopping threads took: 0.0000109 seconds
2018-03-21T06:24:40.322-0500: 2417.212: Total time for which application threads were stopped: 0.0002435 seconds, Stopping threads took: 0.0000401 seconds
2018-03-21T06:24:42.452-0500: 2419.343: Total time for which application threads were stopped: 0.0001738 seconds, Stopping threads took: 0.0000250 seconds
2018-03-21T06:24:42.452-0500: 2419.343: Total time for which application threads were stopped: 0.0001063 seconds, Stopping threads took: 0.0000150 seconds
2018-03-21T06:24:42.456-0500: 2419.347: Total time for which application threads were stopped: 0.0001982 seconds, Stopping threads took: 0.0000530 seconds
2018-03-21T06:24:42.457-0500: 2419.347: Total time for which application threads were stopped: 0.0001273 seconds, Stopping threads took: 0.0000139 seconds
2018-03-21T06:24:53.458-0500: 2430.348: Total time for which application threads were stopped: 0.0001560 seconds, Stopping threads took: 0.0000301 seconds
2018-03-21T06:25:42.457-0500: 2479.348: Total time for which application threads were stopped: 0.0002546 seconds, Stopping threads took: 0.0000795 seconds
2018-03-21T06:39:16.800-0500: 3293.690: Total time for which application threads were stopped: 0.0002210 seconds, Stopping threads took: 0.0000536 seconds
2018-03-21T06:39:16.800-0500: 3293.690: Total time for which application threads were stopped: 0.0000905 seconds, Stopping threads took: 0.0000169 seconds
2018-03-21T06:39:16.802-0500: 3293.693: Total time for which application threads were stopped: 0.0003937 seconds, Stopping threads took: 0.0000608 seconds
2018-03-21T06:39:16.803-0500: 3293.694: Total time for which application threads were stopped: 0.0002837 seconds, Stopping threads took: 0.0000405 seconds
2018-03-21T06:39:16.803-0500: 3293.694: Total time for which application threads were stopped: 0.0002122 seconds, Stopping threads took: 0.0000273 seconds
2018-03-21T06:39:16.814-0500: 3293.704: Total time for which application threads were stopped: 0.0002306 seconds, Stopping threads took: 0.0000542 seconds
2018-03-21T06:39:16.814-0500: 3293.704: Total time for which application threads were stopped: 0.0000906 seconds, Stopping threads took: 0.0000142 seconds
2018-03-21T06:39:16.816-0500: 3293.706: Total time for which application threads were stopped: 0.0001792 seconds, Stopping threads took: 0.0000570 seconds
2018-03-21T06:39:16.816-0500: 3293.706: Total time for which application threads were stopped: 0.0001275 seconds, Stopping threads took: 0.0000353 seconds
2018-03-21T06:40:16.817-0500: 3353.707: Total time for which application threads were stopped: 0.0003185 seconds, Stopping threads took: 0.0001121 seconds
2018-03-21T06:43:13.974-0500: 3530.865: Total time for which application threads were stopped: 0.0002229 seconds, Stopping threads took: 0.0000511 seconds
2018-03-21T06:43:13.974-0500: 3530.865: Total time for which application threads were stopped: 0.0001178 seconds, Stopping threads took: 0.0000273 seconds
2018-03-21T06:43:13.982-0500: 3530.873: Total time for which application threads were stopped: 0.0001406 seconds, Stopping threads took: 0.0000386 seconds
2018-03-21T06:43:13.982-0500: 3530.873: Total time for which application threads were stopped: 0.0000779 seconds, Stopping threads took: 0.0000239 seconds
2018-03-21T06:43:14.041-0500: 3530.932: Total time for which application threads were stopped: 0.0002194 seconds, Stopping threads took: 0.0000494 seconds
2018-03-21T06:43:14.059-0500: 3530.949: Total time for which application threads were stopped: 0.0089045 seconds, Stopping threads took: 0.0087650 seconds
2018-03-21T06:43:14.062-0500: 3530.953: Total time for which application threads were stopped: 0.0001417 seconds, Stopping threads took: 0.0000301 seconds
2018-03-21T06:43:14.062-0500: 3530.953: Total time for which application threads were stopped: 0.0000764 seconds, Stopping threads took: 0.0000148 seconds
2018-03-21T06:43:18.687-0500: 3535.577: Total time for which application threads were stopped: 0.0001875 seconds, Stopping threads took: 0.0000281 seconds
2018-03-21T06:43:18.687-0500: 3535.577: Total time for which application threads were stopped: 0.0001025 seconds, Stopping threads took: 0.0000147 seconds
2018-03-21T06:43:18.695-0500: 3535.585: Total time for which application threads were stopped: 0.0001354 seconds, Stopping threads took: 0.0000235 seconds
2018-03-21T06:43:18.695-0500: 3535.585: Total time for which application threads were stopped: 0.0000665 seconds, Stopping threads took: 0.0000120 seconds
2018-03-21T06:43:23.223-0500: 3540.114: Total time for which application threads were stopped: 0.0001932 seconds, Stopping threads took: 0.0000300 seconds
2018-03-21T06:43:23.224-0500: 3540.114: Total time for which application threads were stopped: 0.0001048 seconds, Stopping threads took: 0.0000151 seconds
2018-03-21T06:43:23.230-0500: 3540.121: Total time for which application threads were stopped: 0.0042233 seconds, Stopping threads took: 0.0040674 seconds
2018-03-21T06:43:23.235-0500: 3540.125: Total time for which application threads were stopped: 0.0002671 seconds, Stopping threads took: 0.0000871 seconds
2018-03-21T06:43:23.250-0500: 3540.141: Total time for which application threads were stopped: 0.0001848 seconds, Stopping threads took: 0.0000304 seconds
2018-03-21T06:43:23.250-0500: 3540.141: Total time for which application threads were stopped: 0.0000879 seconds, Stopping threads took: 0.0000136 seconds
2018-03-21T06:43:23.258-0500: 3540.148: Total time for which application threads were stopped: 0.0001391 seconds, Stopping threads took: 0.0000395 seconds
2018-03-21T06:43:23.259-0500: 3540.149: Total time for which application threads were stopped: 0.0002144 seconds, Stopping threads took: 0.0000388 seconds
2018-03-21T06:43:27.715-0500: 3544.605: Total time for which application threads were stopped: 0.0002589 seconds, Stopping threads took: 0.0000319 seconds
2018-03-21T06:43:27.715-0500: 3544.605: Total time for which application threads were stopped: 0.0001163 seconds, Stopping threads took: 0.0000192 seconds
2018-03-21T06:43:27.718-0500: 3544.608: Total time for which application threads were stopped: 0.0003435 seconds, Stopping threads took: 0.0000814 seconds
2018-03-21T06:43:27.718-0500: 3544.608: Total time for which application threads were stopped: 0.0001966 seconds, Stopping threads took: 0.0000522 seconds
2018-03-21T06:43:40.719-0500: 3557.610: Total time for which application threads were stopped: 0.0001420 seconds, Stopping threads took: 0.0000472 seconds
2018-03-21T06:43:48.757-0500: 3565.648: Total time for which application threads were stopped: 0.0001992 seconds, Stopping threads took: 0.0000304 seconds
2018-03-21T06:43:48.757-0500: 3565.648: Total time for which application threads were stopped: 0.0001099 seconds, Stopping threads took: 0.0000143 seconds
2018-03-21T06:43:48.760-0500: 3565.651: Total time for which application threads were stopped: 0.0002284 seconds, Stopping threads took: 0.0000568 seconds
2018-03-21T06:43:48.760-0500: 3565.651: Total time for which application threads were stopped: 0.0001505 seconds, Stopping threads took: 0.0000383 seconds
2018-03-21T06:43:48.800-0500: 3565.691: Total time for which application threads were stopped: 0.0001937 seconds, Stopping threads took: 0.0000228 seconds
2018-03-21T06:43:48.800-0500: 3565.691: Total time for which application threads were stopped: 0.0001227 seconds, Stopping threads took: 0.0000243 seconds
2018-03-21T06:43:48.803-0500: 3565.693: Total time for which application threads were stopped: 0.0001799 seconds, Stopping threads took: 0.0000484 seconds
2018-03-21T06:43:48.803-0500: 3565.694: Total time for which application threads were stopped: 0.0001249 seconds, Stopping threads took: 0.0000342 seconds
2018-03-21T06:43:51.726-0500: 3568.617: Total time for which application threads were stopped: 0.0001961 seconds, Stopping threads took: 0.0000268 seconds
2018-03-21T06:43:51.726-0500: 3568.617: Total time for which application threads were stopped: 0.0001233 seconds, Stopping threads took: 0.0000207 seconds
2018-03-21T06:43:51.729-0500: 3568.619: Total time for which application threads were stopped: 0.0002483 seconds, Stopping threads took: 0.0000500 seconds
2018-03-21T06:43:51.729-0500: 3568.619: Total time for which application threads were stopped: 0.0001176 seconds, Stopping threads took: 0.0000347 seconds
2018-03-21T06:44:14.756-0500: 3591.646: Total time for which application threads were stopped: 0.0002252 seconds, Stopping threads took: 0.0000293 seconds
2018-03-21T06:44:14.756-0500: 3591.646: Total time for which application threads were stopped: 0.0001117 seconds, Stopping threads took: 0.0000180 seconds
2018-03-21T06:44:14.759-0500: 3591.649: Total time for which application threads were stopped: 0.0003944 seconds, Stopping threads took: 0.0000688 seconds
2018-03-21T06:4